Component: ARM Compiler 5.05 update 2 (build 169) Tool: armlink [4d0f33]

==============================================================================

Section Cross References

    socket.o(.text) refers to w5500.o(.text) for WIZCHIP_WRITE
    socket.o(.text) refers to socket.o(.data) for .data
    socket.o(.text) refers to socket.o(.bss) for .bss
    wizchip_conf.o(.text) refers to w5500.o(.text) for WIZCHIP_READ
    wizchip_conf.o(.text) refers to wizchip_conf.o(.data) for .data
    wizchip_conf.o(.data) refers to wizchip_conf.o(.text) for wizchip_cris_enter
    w5500.o(.text) refers to wizchip_conf.o(.data) for WIZCHIP
    dhcp.o(.text) refers to w5500.o(.text) for WIZCHIP_WRITE_BUF
    dhcp.o(.text) refers to socket.o(.text) for sendto
    dhcp.o(.text) refers to dhcp.o(.data) for .data
    dhcp.o(.data) refers to dhcp.o(.text) for default_ip_assign
    24c08.o(.text) refers to stm32f10x_gpio.o(.text) for GPIO_Init
    24c08.o(.text) refers to delay.o(.text) for delay_nus
    startup_stm32f10x_md.o(RESET) refers to startup_stm32f10x_md.o(STACK) for __initial_sp
    startup_stm32f10x_md.o(RESET) refers to startup_stm32f10x_md.o(.text) for Reset_Handler
    startup_stm32f10x_md.o(RESET) refers to stm32f10x_it.o(.text) for NMI_Handler
    startup_stm32f10x_md.o(.text) refers to system_stm32f10x.o(.text) for SystemInit
    startup_stm32f10x_md.o(.text) refers to entry.o(.ARM.Collect$$$$00000000) for __main
    misc.o(.text) refers to main.o(.text) for assert_failed
    system_stm32f10x.o(.text) refers to system_stm32f10x.o(.data) for .data
    stm32f10x_gpio.o(.text) refers to main.o(.text) for assert_failed
    stm32f10x_gpio.o(.text) refers to stm32f10x_rcc.o(.text) for RCC_APB2PeriphResetCmd
    stm32f10x_i2c.o(.text) refers to main.o(.text) for assert_failed
    stm32f10x_i2c.o(.text) refers to stm32f10x_rcc.o(.text) for RCC_APB1PeriphResetCmd
    stm32f10x_rcc.o(.text) refers to main.o(.text) for assert_failed
    stm32f10x_rcc.o(.text) refers to stm32f10x_rcc.o(.data) for .data
    stm32f10x_spi.o(.text) refers to main.o(.text) for assert_failed
    stm32f10x_spi.o(.text) refers to stm32f10x_rcc.o(.text) for RCC_APB2PeriphResetCmd
    stm32f10x_tim.o(.text) refers to main.o(.text) for assert_failed
    stm32f10x_tim.o(.text) refers to stm32f10x_rcc.o(.text) for RCC_APB1PeriphResetCmd
    stm32f10x_usart.o(.text) refers to main.o(.text) for assert_failed
    stm32f10x_usart.o(.text) refers to stm32f10x_rcc.o(.text) for RCC_APB2PeriphResetCmd
    main.o(.text) refers to bsp_led.o(.text) for led_init
    main.o(.text) refers to stm32f10x_rcc.o(.text) for RCC_APB2PeriphClockCmd
    main.o(.text) refers to misc.o(.text) for NVIC_PriorityGroupConfig
    w5500_port_1.o(.text) refers to stm32f10x_rcc.o(.text) for RCC_APB1PeriphClockCmd
    w5500_port_1.o(.text) refers to stm32f10x_gpio.o(.text) for GPIO_Init
    w5500_port_1.o(.text) refers to stm32f10x_spi.o(.text) for SPI_Init
    w5500_port_1.o(.text) refers to wizchip_conf.o(.text) for reg_wizchip_cs_cbfunc
    w5500_port_1.o(.text) refers to dhcp.o(.text) for getIPfromDHCP
    w5500_port_1.o(.text) refers to w5500.o(.text) for WIZCHIP_WRITE_BUF
    w5500_port_1.o(.text) refers to w5500_port_1.o(.data) for .data
    w5500_port_1.o(.text) refers to w5500_port_1.o(.constdata) for .constdata
    w5500_port_1.o(.text) refers to w5500_port_1.o(.bss) for .bss
    bsp_led.o(.text) refers to stm32f10x_gpio.o(.text) for GPIO_Init
    task_w5500.o(.text) refers to w5500_port_1.o(.text) for w5500_init
    task_w5500.o(.text) refers to dhcp.o(.text) for DHCP_run
    task_w5500.o(.text) refers to w5500.o(.text) for WIZCHIP_READ
    task_w5500.o(.text) refers to socket.o(.text) for close
    task_w5500.o(.text) refers to w5500_port_1.o(.bss) for w5500_buffer
    entry.o(.ARM.Collect$$$$00000000) refers (Special) to entry10a.o(.ARM.Collect$$$$0000000D) for __rt_final_cpp
    entry.o(.ARM.Collect$$$$00000000) refers (Special) to entry11a.o(.ARM.Collect$$$$0000000F) for __rt_final_exit
    entry.o(.ARM.Collect$$$$00000000) refers (Special) to entry7b.o(.ARM.Collect$$$$00000008) for _main_clock
    entry.o(.ARM.Collect$$$$00000000) refers (Special) to entry8b.o(.ARM.Collect$$$$0000000A) for _main_cpp_init
    entry.o(.ARM.Collect$$$$00000000) refers (Special) to entry9a.o(.ARM.Collect$$$$0000000B) for _main_init
    entry.o(.ARM.Collect$$$$00000000) refers (Special) to entry5.o(.ARM.Collect$$$$00000004) for _main_scatterload
    entry.o(.ARM.Collect$$$$00000000) refers (Special) to entry2.o(.ARM.Collect$$$$00000001) for _main_stk
    entry2.o(.ARM.Collect$$$$00000001) refers to entry2.o(.ARM.Collect$$$$00002712) for __lit__00000000
    entry2.o(.ARM.Collect$$$$00002712) refers to startup_stm32f10x_md.o(STACK) for __initial_sp
    entry2.o(__vectab_stack_and_reset_area) refers to startup_stm32f10x_md.o(STACK) for __initial_sp
    entry2.o(__vectab_stack_and_reset_area) refers to entry.o(.ARM.Collect$$$$00000000) for __main
    entry5.o(.ARM.Collect$$$$00000004) refers to init.o(.text) for __scatterload
    entry9a.o(.ARM.Collect$$$$0000000B) refers to main.o(.text) for main
    entry9b.o(.ARM.Collect$$$$0000000C) refers to main.o(.text) for main
    init.o(.text) refers to entry5.o(.ARM.Collect$$$$00000004) for __main_after_scatterload


==============================================================================

Removing Unused input sections from the image.

    Removing socket.o(.text), (2908 bytes).
    Removing socket.o(.bss), (16 bytes).
    Removing socket.o(.data), (14 bytes).
    Removing wizchip_conf.o(.text), (1464 bytes).
    Removing wizchip_conf.o(.data), (48 bytes).
    Removing w5500.o(.text), (800 bytes).
    Removing dhcp.o(.text), (2612 bytes).
    Removing dhcp.o(.data), (74 bytes).
    Removing 24c08.o(.text), (616 bytes).
    Removing startup_stm32f10x_md.o(HEAP), (512 bytes).
    Removing core_cm3.o(.emb_text), (32 bytes).
    Removing stm32f10x_i2c.o(.text), (2744 bytes).
    Removing stm32f10x_spi.o(.text), (2060 bytes).
    Removing stm32f10x_tim.o(.text), (12820 bytes).
    Removing stm32f10x_usart.o(.text), (3072 bytes).
    Removing delay.o(.text), (64 bytes).
    Removing w5500_port_1.o(.text), (424 bytes).
    Removing w5500_port_1.o(.bss), (2048 bytes).
    Removing w5500_port_1.o(.constdata), (16 bytes).
    Removing w5500_port_1.o(.data), (23 bytes).
    Removing task_modbus.o(.text), (2 bytes).
    Removing task_w5500.o(.text), (208 bytes).

22 unused section(s) (total 32577 bytes) removed from the image.

==============================================================================

Image Symbol Table

    Local Symbols

    Symbol Name                              Value     Ov Type        Size  Object(Section)

    ../clib/microlib/init/entry.s            0x00000000   Number         0  entry7b.o ABSOLUTE
    ../clib/microlib/init/entry.s            0x00000000   Number         0  entry7a.o ABSOLUTE
    ../clib/microlib/init/entry.s            0x00000000   Number         0  entry11a.o ABSOLUTE
    ../clib/microlib/init/entry.s            0x00000000   Number         0  entry5.o ABSOLUTE
    ../clib/microlib/init/entry.s            0x00000000   Number         0  entry2.o ABSOLUTE
    ../clib/microlib/init/entry.s            0x00000000   Number         0  entry.o ABSOLUTE
    ../clib/microlib/init/entry.s            0x00000000   Number         0  entry11b.o ABSOLUTE
    ../clib/microlib/init/entry.s            0x00000000   Number         0  entry10b.o ABSOLUTE
    ../clib/microlib/init/entry.s            0x00000000   Number         0  entry10a.o ABSOLUTE
    ../clib/microlib/init/entry.s            0x00000000   Number         0  entry9b.o ABSOLUTE
    ../clib/microlib/init/entry.s            0x00000000   Number         0  entry9a.o ABSOLUTE
    ../clib/microlib/init/entry.s            0x00000000   Number         0  entry8b.o ABSOLUTE
    ../clib/microlib/init/entry.s            0x00000000   Number         0  entry8a.o ABSOLUTE
    ..\\lib\\st_lib\\cmsis\\core_cm3.c       0x00000000   Number         0  core_cm3.o ABSOLUTE
    ..\lib\ioLibrary_Driver-master\Ethernet\W5500\w5500.c 0x00000000   Number         0  w5500.o ABSOLUTE
    ..\lib\ioLibrary_Driver-master\Ethernet\socket.c 0x00000000   Number         0  socket.o ABSOLUTE
    ..\lib\ioLibrary_Driver-master\Ethernet\wizchip_conf.c 0x00000000   Number         0  wizchip_conf.o ABSOLUTE
    ..\lib\ioLibrary_Driver-master\Internet\DHCP\dhcp.c 0x00000000   Number         0  dhcp.o ABSOLUTE
    ..\lib\st_lib\cmsis\core_cm3.c           0x00000000   Number         0  core_cm3.o ABSOLUTE
    ..\lib\st_lib\cmsis\startup\startup_stm32f10x_md.s 0x00000000   Number         0  startup_stm32f10x_md.o ABSOLUTE
    ..\lib\st_lib\cmsis\system_stm32f10x.c   0x00000000   Number         0  system_stm32f10x.o ABSOLUTE
    ..\lib\st_lib\fwlib\src\misc.c           0x00000000   Number         0  misc.o ABSOLUTE
    ..\lib\st_lib\fwlib\src\stm32f10x_gpio.c 0x00000000   Number         0  stm32f10x_gpio.o ABSOLUTE
    ..\lib\st_lib\fwlib\src\stm32f10x_i2c.c  0x00000000   Number         0  stm32f10x_i2c.o ABSOLUTE
    ..\lib\st_lib\fwlib\src\stm32f10x_rcc.c  0x00000000   Number         0  stm32f10x_rcc.o ABSOLUTE
    ..\lib\st_lib\fwlib\src\stm32f10x_spi.c  0x00000000   Number         0  stm32f10x_spi.o ABSOLUTE
    ..\lib\st_lib\fwlib\src\stm32f10x_tim.c  0x00000000   Number         0  stm32f10x_tim.o ABSOLUTE
    ..\lib\st_lib\fwlib\src\stm32f10x_usart.c 0x00000000   Number         0  stm32f10x_usart.o ABSOLUTE
    ..\src\BSP\24c08.c                       0x00000000   Number         0  24c08.o ABSOLUTE
    ..\src\BSP\bsp_led.c                     0x00000000   Number         0  bsp_led.o ABSOLUTE
    ..\src\BSP\delay.c                       0x00000000   Number         0  delay.o ABSOLUTE
    ..\src\BSP\w5500_port.c                  0x00000000   Number         0  w5500_port_1.o ABSOLUTE
    ..\src\main.c                            0x00000000   Number         0  main.o ABSOLUTE
    ..\src\stm32f10x_it.c                    0x00000000   Number         0  stm32f10x_it.o ABSOLUTE
    ..\src\task\task_modbus.c                0x00000000   Number         0  task_modbus.o ABSOLUTE
    ..\src\task\task_w5500.c                 0x00000000   Number         0  task_w5500.o ABSOLUTE
    dc.s                                     0x00000000   Number         0  dc.o ABSOLUTE
    handlers.s                               0x00000000   Number         0  handlers.o ABSOLUTE
    init.s                                   0x00000000   Number         0  init.o ABSOLUTE
    RESET                                    0x08000000   Section      236  startup_stm32f10x_md.o(RESET)
    .ARM.Collect$$$$00000000                 0x080000ec   Section        0  entry.o(.ARM.Collect$$$$00000000)
    .ARM.Collect$$$$00000001                 0x080000ec   Section        4  entry2.o(.ARM.Collect$$$$00000001)
    .ARM.Collect$$$$00000004                 0x080000f0   Section        4  entry5.o(.ARM.Collect$$$$00000004)
    .ARM.Collect$$$$00000008                 0x080000f4   Section        0  entry7b.o(.ARM.Collect$$$$00000008)
    .ARM.Collect$$$$0000000A                 0x080000f4   Section        0  entry8b.o(.ARM.Collect$$$$0000000A)
    .ARM.Collect$$$$0000000B                 0x080000f4   Section        8  entry9a.o(.ARM.Collect$$$$0000000B)
    .ARM.Collect$$$$0000000D                 0x080000fc   Section        0  entry10a.o(.ARM.Collect$$$$0000000D)
    .ARM.Collect$$$$0000000F                 0x080000fc   Section        0  entry11a.o(.ARM.Collect$$$$0000000F)
    .ARM.Collect$$$$00002712                 0x080000fc   Section        4  entry2.o(.ARM.Collect$$$$00002712)
    __lit__00000000                          0x080000fc   Data           4  entry2.o(.ARM.Collect$$$$00002712)
    .text                                    0x08000100   Section       36  startup_stm32f10x_md.o(.text)
    .text                                    0x08000124   Section        0  misc.o(.text)
    .text                                    0x080002b0   Section        0  system_stm32f10x.o(.text)
    SetSysClockTo72                          0x080002b1   Thumb Code   160  system_stm32f10x.o(.text)
    .text                                    0x08000408   Section        0  stm32f10x_gpio.o(.text)
    .text                                    0x08000d4c   Section        0  stm32f10x_rcc.o(.text)
    .text                                    0x08001408   Section        0  main.o(.text)
    .text                                    0x0800142e   Section        0  stm32f10x_it.o(.text)
    .text                                    0x0800143c   Section        0  bsp_led.o(.text)
    .text                                    0x08001460   Section       36  init.o(.text)
    i.__scatterload_copy                     0x08001484   Section       14  handlers.o(i.__scatterload_copy)
    i.__scatterload_null                     0x08001492   Section        2  handlers.o(i.__scatterload_null)
    i.__scatterload_zeroinit                 0x08001494   Section       14  handlers.o(i.__scatterload_zeroinit)
    .data                                    0x20000000   Section       20  system_stm32f10x.o(.data)
    .data                                    0x20000014   Section       20  stm32f10x_rcc.o(.data)
    ADCPrescTable                            0x20000014   Data           4  stm32f10x_rcc.o(.data)
    APBAHBPrescTable                         0x20000018   Data          16  stm32f10x_rcc.o(.data)
    STACK                                    0x20000028   Section     1024  startup_stm32f10x_md.o(STACK)

    Global Symbols

    Symbol Name                              Value     Ov Type        Size  Object(Section)

    BuildAttributes$$THM_ISAv4$P$D$K$B$S$PE$A:L22UL41UL21$X:L11$S22US41US21$IEEE1$IW$USESV6$~STKCKD$USESV7$~SHL$OSPACE$EBA8$MICROLIB$REQ8$PRES8$EABIv2 0x00000000   Number         0  anon$$obj.o ABSOLUTE
    __ARM_use_no_argv                        0x00000000   Number         0  main.o ABSOLUTE
    __cpp_initialize__aeabi_                  - Undefined Weak Reference
    __cxa_finalize                            - Undefined Weak Reference
    __decompress                              - Undefined Weak Reference
    _clock_init                               - Undefined Weak Reference
    _microlib_exit                            - Undefined Weak Reference
    __Vectors_Size                           0x000000ec   Number         0  startup_stm32f10x_md.o ABSOLUTE
    __Vectors                                0x08000000   Data           4  startup_stm32f10x_md.o(RESET)
    __Vectors_End                            0x080000ec   Data           0  startup_stm32f10x_md.o(RESET)
    __main                                   0x080000ed   Thumb Code     0  entry.o(.ARM.Collect$$$$00000000)
    _main_stk                                0x080000ed   Thumb Code     0  entry2.o(.ARM.Collect$$$$00000001)
    _main_scatterload                        0x080000f1   Thumb Code     0  entry5.o(.ARM.Collect$$$$00000004)
    __main_after_scatterload                 0x080000f5   Thumb Code     0  entry5.o(.ARM.Collect$$$$00000004)
    _main_clock                              0x080000f5   Thumb Code     0  entry7b.o(.ARM.Collect$$$$00000008)
    _main_cpp_init                           0x080000f5   Thumb Code     0  entry8b.o(.ARM.Collect$$$$0000000A)
    _main_init                               0x080000f5   Thumb Code     0  entry9a.o(.ARM.Collect$$$$0000000B)
    __rt_final_cpp                           0x080000fd   Thumb Code     0  entry10a.o(.ARM.Collect$$$$0000000D)
    __rt_final_exit                          0x080000fd   Thumb Code     0  entry11a.o(.ARM.Collect$$$$0000000F)
    Reset_Handler                            0x08000101   Thumb Code     8  startup_stm32f10x_md.o(.text)
    SVC_Handler                              0x08000113   Thumb Code     2  startup_stm32f10x_md.o(.text)
    PendSV_Handler                           0x08000117   Thumb Code     2  startup_stm32f10x_md.o(.text)
    SysTick_Handler                          0x08000119   Thumb Code     2  startup_stm32f10x_md.o(.text)
    ADC1_2_IRQHandler                        0x0800011b   Thumb Code     0  startup_stm32f10x_md.o(.text)
    CAN1_RX1_IRQHandler                      0x0800011b   Thumb Code     0  startup_stm32f10x_md.o(.text)
    CAN1_SCE_IRQHandler                      0x0800011b   Thumb Code     0  startup_stm32f10x_md.o(.text)
    DMA1_Channel1_IRQHandler                 0x0800011b   Thumb Code     0  startup_stm32f10x_md.o(.text)
    DMA1_Channel2_IRQHandler                 0x0800011b   Thumb Code     0  startup_stm32f10x_md.o(.text)
    DMA1_Channel3_IRQHandler                 0x0800011b   Thumb Code     0  startup_stm32f10x_md.o(.text)
    DMA1_Channel4_IRQHandler                 0x0800011b   Thumb Code     0  startup_stm32f10x_md.o(.text)
    DMA1_Channel5_IRQHandler                 0x0800011b   Thumb Code     0  startup_stm32f10x_md.o(.text)
    DMA1_Channel6_IRQHandler                 0x0800011b   Thumb Code     0  startup_stm32f10x_md.o(.text)
    DMA1_Channel7_IRQHandler                 0x0800011b   Thumb Code     0  startup_stm32f10x_md.o(.text)
    EXTI0_IRQHandler                         0x0800011b   Thumb Code     0  startup_stm32f10x_md.o(.text)
    EXTI15_10_IRQHandler                     0x0800011b   Thumb Code     0  startup_stm32f10x_md.o(.text)
    EXTI1_IRQHandler                         0x0800011b   Thumb Code     0  startup_stm32f10x_md.o(.text)
    EXTI2_IRQHandler                         0x0800011b   Thumb Code     0  startup_stm32f10x_md.o(.text)
    EXTI3_IRQHandler                         0x0800011b   Thumb Code     0  startup_stm32f10x_md.o(.text)
    EXTI4_IRQHandler                         0x0800011b   Thumb Code     0  startup_stm32f10x_md.o(.text)
    EXTI9_5_IRQHandler                       0x0800011b   Thumb Code     0  startup_stm32f10x_md.o(.text)
    FLASH_IRQHandler                         0x0800011b   Thumb Code     0  startup_stm32f10x_md.o(.text)
    I2C1_ER_IRQHandler                       0x0800011b   Thumb Code     0  startup_stm32f10x_md.o(.text)
    I2C1_EV_IRQHandler                       0x0800011b   Thumb Code     0  startup_stm32f10x_md.o(.text)
    I2C2_ER_IRQHandler                       0x0800011b   Thumb Code     0  startup_stm32f10x_md.o(.text)
    I2C2_EV_IRQHandler                       0x0800011b   Thumb Code     0  startup_stm32f10x_md.o(.text)
    PVD_IRQHandler                           0x0800011b   Thumb Code     0  startup_stm32f10x_md.o(.text)
    RCC_IRQHandler                           0x0800011b   Thumb Code     0  startup_stm32f10x_md.o(.text)
    RTCAlarm_IRQHandler                      0x0800011b   Thumb Code     0  startup_stm32f10x_md.o(.text)
    RTC_IRQHandler                           0x0800011b   Thumb Code     0  startup_stm32f10x_md.o(.text)
    SPI1_IRQHandler                          0x0800011b   Thumb Code     0  startup_stm32f10x_md.o(.text)
    SPI2_IRQHandler                          0x0800011b   Thumb Code     0  startup_stm32f10x_md.o(.text)
    TAMPER_IRQHandler                        0x0800011b   Thumb Code     0  startup_stm32f10x_md.o(.text)
    TIM1_BRK_IRQHandler                      0x0800011b   Thumb Code     0  startup_stm32f10x_md.o(.text)
    TIM1_CC_IRQHandler                       0x0800011b   Thumb Code     0  startup_stm32f10x_md.o(.text)
    TIM1_TRG_COM_IRQHandler                  0x0800011b   Thumb Code     0  startup_stm32f10x_md.o(.text)
    TIM1_UP_IRQHandler                       0x0800011b   Thumb Code     0  startup_stm32f10x_md.o(.text)
    TIM2_IRQHandler                          0x0800011b   Thumb Code     0  startup_stm32f10x_md.o(.text)
    TIM3_IRQHandler                          0x0800011b   Thumb Code     0  startup_stm32f10x_md.o(.text)
    TIM4_IRQHandler                          0x0800011b   Thumb Code     0  startup_stm32f10x_md.o(.text)
    USART1_IRQHandler                        0x0800011b   Thumb Code     0  startup_stm32f10x_md.o(.text)
    USART2_IRQHandler                        0x0800011b   Thumb Code     0  startup_stm32f10x_md.o(.text)
    USART3_IRQHandler                        0x0800011b   Thumb Code     0  startup_stm32f10x_md.o(.text)
    USBWakeUp_IRQHandler                     0x0800011b   Thumb Code     0  startup_stm32f10x_md.o(.text)
    USB_HP_CAN1_TX_IRQHandler                0x0800011b   Thumb Code     0  startup_stm32f10x_md.o(.text)
    USB_LP_CAN1_RX0_IRQHandler               0x0800011b   Thumb Code     0  startup_stm32f10x_md.o(.text)
    WWDG_IRQHandler                          0x0800011b   Thumb Code     0  startup_stm32f10x_md.o(.text)
    NVIC_PriorityGroupConfig                 0x08000125   Thumb Code    52  misc.o(.text)
    NVIC_Init                                0x08000159   Thumb Code   142  misc.o(.text)
    NVIC_SetVectorTable                      0x080001e7   Thumb Code    54  misc.o(.text)
    NVIC_SystemLPConfig                      0x0800021d   Thumb Code    58  misc.o(.text)
    SysTick_CLKSourceConfig                  0x08000257   Thumb Code    40  misc.o(.text)
    SystemInit                               0x08000351   Thumb Code    64  system_stm32f10x.o(.text)
    SystemCoreClockUpdate                    0x08000391   Thumb Code    86  system_stm32f10x.o(.text)
    GPIO_DeInit                              0x08000409   Thumb Code   202  stm32f10x_gpio.o(.text)
    GPIO_AFIODeInit                          0x080004d3   Thumb Code    22  stm32f10x_gpio.o(.text)
    GPIO_Init                                0x080004e9   Thumb Code   288  stm32f10x_gpio.o(.text)
    GPIO_StructInit                          0x08000609   Thumb Code    16  stm32f10x_gpio.o(.text)
    GPIO_ReadInputDataBit                    0x08000619   Thumb Code   162  stm32f10x_gpio.o(.text)
    GPIO_ReadInputData                       0x080006bb   Thumb Code    62  stm32f10x_gpio.o(.text)
    GPIO_ReadOutputDataBit                   0x080006f9   Thumb Code   162  stm32f10x_gpio.o(.text)
    GPIO_ReadOutputData                      0x0800079b   Thumb Code    62  stm32f10x_gpio.o(.text)
    GPIO_SetBits                             0x080007d9   Thumb Code   152  stm32f10x_gpio.o(.text)
    GPIO_ResetBits                           0x08000871   Thumb Code    78  stm32f10x_gpio.o(.text)
    GPIO_WriteBit                            0x080008bf   Thumb Code   180  stm32f10x_gpio.o(.text)
    GPIO_Write                               0x08000973   Thumb Code    64  stm32f10x_gpio.o(.text)
    GPIO_PinLockConfig                       0x080009b3   Thumb Code    90  stm32f10x_gpio.o(.text)
    GPIO_EventOutputConfig                   0x08000a0d   Thumb Code   130  stm32f10x_gpio.o(.text)
    GPIO_EventOutputCmd                      0x08000a8f   Thumb Code    28  stm32f10x_gpio.o(.text)
    GPIO_PinRemapConfig                      0x08000aab   Thumb Code   486  stm32f10x_gpio.o(.text)
    GPIO_EXTILineConfig                      0x08000c91   Thumb Code   150  stm32f10x_gpio.o(.text)
    GPIO_ETH_MediaInterfaceConfig            0x08000d27   Thumb Code    30  stm32f10x_gpio.o(.text)
    RCC_DeInit                               0x08000d4d   Thumb Code    50  stm32f10x_rcc.o(.text)
    RCC_HSEConfig                            0x08000d7f   Thumb Code    76  stm32f10x_rcc.o(.text)
    RCC_GetFlagStatus                        0x08000dcb   Thumb Code   100  stm32f10x_rcc.o(.text)
    RCC_WaitForHSEStartUp                    0x08000e2f   Thumb Code    44  stm32f10x_rcc.o(.text)
    RCC_AdjustHSICalibrationValue            0x08000e5b   Thumb Code    34  stm32f10x_rcc.o(.text)
    RCC_HSICmd                               0x08000e7d   Thumb Code    26  stm32f10x_rcc.o(.text)
    RCC_PLLConfig                            0x08000e97   Thumb Code   142  stm32f10x_rcc.o(.text)
    RCC_PLLCmd                               0x08000f25   Thumb Code    26  stm32f10x_rcc.o(.text)
    RCC_SYSCLKConfig                         0x08000f3f   Thumb Code    38  stm32f10x_rcc.o(.text)
    RCC_GetSYSCLKSource                      0x08000f65   Thumb Code    10  stm32f10x_rcc.o(.text)
    RCC_HCLKConfig                           0x08000f6f   Thumb Code    62  stm32f10x_rcc.o(.text)
    RCC_PCLK1Config                          0x08000fad   Thumb Code    54  stm32f10x_rcc.o(.text)
    RCC_PCLK2Config                          0x08000fe3   Thumb Code    56  stm32f10x_rcc.o(.text)
    RCC_ITConfig                             0x0800101b   Thumb Code    54  stm32f10x_rcc.o(.text)
    RCC_USBCLKConfig                         0x08001051   Thumb Code    28  stm32f10x_rcc.o(.text)
    RCC_ADCCLKConfig                         0x0800106d   Thumb Code    48  stm32f10x_rcc.o(.text)
    RCC_LSEConfig                            0x0800109d   Thumb Code    56  stm32f10x_rcc.o(.text)
    RCC_LSICmd                               0x080010d5   Thumb Code    26  stm32f10x_rcc.o(.text)
    RCC_RTCCLKConfig                         0x080010ef   Thumb Code    42  stm32f10x_rcc.o(.text)
    RCC_RTCCLKCmd                            0x08001119   Thumb Code    88  stm32f10x_rcc.o(.text)
    RCC_GetClocksFreq                        0x08001171   Thumb Code   132  stm32f10x_rcc.o(.text)
    RCC_AHBPeriphClockCmd                    0x080011f5   Thumb Code    64  stm32f10x_rcc.o(.text)
    RCC_APB2PeriphClockCmd                   0x08001235   Thumb Code    60  stm32f10x_rcc.o(.text)
    RCC_APB1PeriphClockCmd                   0x08001271   Thumb Code    60  stm32f10x_rcc.o(.text)
    RCC_APB2PeriphResetCmd                   0x080012ad   Thumb Code    60  stm32f10x_rcc.o(.text)
    RCC_APB1PeriphResetCmd                   0x080012e9   Thumb Code    60  stm32f10x_rcc.o(.text)
    RCC_BackupResetCmd                       0x08001325   Thumb Code    28  stm32f10x_rcc.o(.text)
    RCC_ClockSecuritySystemCmd               0x08001341   Thumb Code    28  stm32f10x_rcc.o(.text)
    RCC_MCOConfig                            0x0800135d   Thumb Code    40  stm32f10x_rcc.o(.text)
    RCC_ClearFlag                            0x08001385   Thumb Code    12  stm32f10x_rcc.o(.text)
    RCC_GetITStatus                          0x08001391   Thumb Code    56  stm32f10x_rcc.o(.text)
    RCC_ClearITPendingBit                    0x080013c9   Thumb Code    30  stm32f10x_rcc.o(.text)
    assert_failed                            0x08001409   Thumb Code     2  main.o(.text)
    bsp_init                                 0x0800140b   Thumb Code     4  main.o(.text)
    main                                     0x0800140f   Thumb Code    32  main.o(.text)
    NMI_Handler                              0x0800142f   Thumb Code     2  stm32f10x_it.o(.text)
    HardFault_Handler                        0x08001431   Thumb Code     2  stm32f10x_it.o(.text)
    MemManage_Handler                        0x08001433   Thumb Code     2  stm32f10x_it.o(.text)
    BusFault_Handler                         0x08001435   Thumb Code     2  stm32f10x_it.o(.text)
    UsageFault_Handler                       0x08001437   Thumb Code     2  stm32f10x_it.o(.text)
    DebugMon_Handler                         0x08001439   Thumb Code     2  stm32f10x_it.o(.text)
    led_init                                 0x0800143d   Thumb Code    32  bsp_led.o(.text)
    __scatterload                            0x08001461   Thumb Code    28  init.o(.text)
    __scatterload_rt2                        0x08001461   Thumb Code     0  init.o(.text)
    __scatterload_copy                       0x08001485   Thumb Code    14  handlers.o(i.__scatterload_copy)
    __scatterload_null                       0x08001493   Thumb Code     2  handlers.o(i.__scatterload_null)
    __scatterload_zeroinit                   0x08001495   Thumb Code    14  handlers.o(i.__scatterload_zeroinit)
    Region$$Table$$Base                      0x080014a4   Number         0  anon$$obj.o(Region$$Table)
    Region$$Table$$Limit                     0x080014c4   Number         0  anon$$obj.o(Region$$Table)
    SystemCoreClock                          0x20000000   Data           4  system_stm32f10x.o(.data)
    AHBPrescTable                            0x20000004   Data          16  system_stm32f10x.o(.data)
    __initial_sp                             0x20000428   Data           0  startup_stm32f10x_md.o(STACK)



==============================================================================

Memory Map of the image

  Image Entry point : 0x080000ed

  Load Region LR_IROM1 (Base: 0x08000000, Size: 0x000014ec, Max: 0x00020000, ABSOLUTE)

    Execution Region ER_IROM1 (Base: 0x08000000, Size: 0x000014c4, Max: 0x00020000, ABSOLUTE)

    Base Addr    Size         Type   Attr      Idx    E Section Name        Object

    0x08000000   0x000000ec   Data   RO          192    RESET               startup_stm32f10x_md.o
    0x080000ec   0x00000000   Code   RO          422  * .ARM.Collect$$$$00000000  mc_w.l(entry.o)
    0x080000ec   0x00000004   Code   RO          425    .ARM.Collect$$$$00000001  mc_w.l(entry2.o)
    0x080000f0   0x00000004   Code   RO          428    .ARM.Collect$$$$00000004  mc_w.l(entry5.o)
    0x080000f4   0x00000000   Code   RO          430    .ARM.Collect$$$$00000008  mc_w.l(entry7b.o)
    0x080000f4   0x00000000   Code   RO          432    .ARM.Collect$$$$0000000A  mc_w.l(entry8b.o)
    0x080000f4   0x00000008   Code   RO          433    .ARM.Collect$$$$0000000B  mc_w.l(entry9a.o)
    0x080000fc   0x00000000   Code   RO          435    .ARM.Collect$$$$0000000D  mc_w.l(entry10a.o)
    0x080000fc   0x00000000   Code   RO          437    .ARM.Collect$$$$0000000F  mc_w.l(entry11a.o)
    0x080000fc   0x00000004   Code   RO          426    .ARM.Collect$$$$00002712  mc_w.l(entry2.o)
    0x08000100   0x00000024   Code   RO          193    .text               startup_stm32f10x_md.o
    0x08000124   0x0000018c   Code   RO          198    .text               misc.o
    0x080002b0   0x00000158   Code   RO          220    .text               system_stm32f10x.o
    0x08000408   0x00000944   Code   RO          238    .text               stm32f10x_gpio.o
    0x08000d4c   0x000006bc   Code   RO          262    .text               stm32f10x_rcc.o
    0x08001408   0x00000026   Code   RO          312    .text               main.o
    0x0800142e   0x0000000c   Code   RO          334    .text               stm32f10x_it.o
    0x0800143a   0x00000002   PAD
    0x0800143c   0x00000024   Code   RO          382    .text               bsp_led.o
    0x08001460   0x00000024   Code   RO          439    .text               mc_w.l(init.o)
    0x08001484   0x0000000e   Code   RO          443    i.__scatterload_copy  mc_w.l(handlers.o)
    0x08001492   0x00000002   Code   RO          444    i.__scatterload_null  mc_w.l(handlers.o)
    0x08001494   0x0000000e   Code   RO          445    i.__scatterload_zeroinit  mc_w.l(handlers.o)
    0x080014a2   0x00000002   PAD
    0x080014a4   0x00000020   Data   RO          441    Region$$Table       anon$$obj.o


    Execution Region RW_IRAM1 (Base: 0x20000000, Size: 0x00000428, Max: 0x00005000, ABSOLUTE)

    Base Addr    Size         Type   Attr      Idx    E Section Name        Object

    0x20000000   0x00000014   Data   RW          221    .data               system_stm32f10x.o
    0x20000014   0x00000014   Data   RW          263    .data               stm32f10x_rcc.o
    0x20000028   0x00000400   Zero   RW          190    STACK               startup_stm32f10x_md.o


==============================================================================

Image component sizes


      Code (inc. data)   RO Data    RW Data    ZI Data      Debug   Object Name

         0          0          0          0          0     220540   24c08.o
        36          4          0          0          0        467   bsp_led.o
        38          0          0          0          0       1296   main.o
       396         50          0          0          0       2041   misc.o
         0          0          0          0          0       4504   socket.o
        36          8        236          0       1024        864   startup_stm32f10x_md.o
      2372        182          0          0          0       7189   stm32f10x_gpio.o
        12          0          0          0          0        907   stm32f10x_it.o
      1724         94          0         20          0      10372   stm32f10x_rcc.o
       344         34          0         20          0       1931   system_stm32f10x.o

    ----------------------------------------------------------------------
      4960        372        268         40       1024     250111   Object Totals
         0          0         32          0          0          0   (incl. Generated)
         2          0          0          0          0          0   (incl. Padding)

    ----------------------------------------------------------------------

      Code (inc. data)   RO Data    RW Data    ZI Data      Debug   Library Member Name

         0          0          0          0          0          0   entry.o
         0          0          0          0          0          0   entry10a.o
         0          0          0          0          0          0   entry11a.o
         8          4          0          0          0          0   entry2.o
         4          0          0          0          0          0   entry5.o
         0          0          0          0          0          0   entry7b.o
         0          0          0          0          0          0   entry8b.o
         8          4          0          0          0          0   entry9a.o
        30          0          0          0          0          0   handlers.o
        36          8          0          0          0         68   init.o

    ----------------------------------------------------------------------
        88         16          0          0          0         68   Library Totals
         2          0          0          0          0          0   (incl. Padding)

    ----------------------------------------------------------------------

      Code (inc. data)   RO Data    RW Data    ZI Data      Debug   Library Name

        86         16          0          0          0         68   mc_w.l

    ----------------------------------------------------------------------
        88         16          0          0          0         68   Library Totals

    ----------------------------------------------------------------------

==============================================================================


      Code (inc. data)   RO Data    RW Data    ZI Data      Debug   

      5048        388        268         40       1024     249915   Grand Totals
      5048        388        268         40       1024     249915   ELF Image Totals
      5048        388        268         40          0          0   ROM Totals

==============================================================================

    Total RO  Size (Code + RO Data)                 5316 (   5.19kB)
    Total RW  Size (RW Data + ZI Data)              1064 (   1.04kB)
    Total ROM Size (Code + RO Data + RW Data)       5356 (   5.23kB)

==============================================================================

