Component: ARM Compiler 5.05 update 2 (build 169) Tool: armlink [4d0f33]

==============================================================================

Section Cross References

    eeprom_mem.o(.text) refers to bsp_eeprom_24xx.o(.text) for ee_write_byts
    bsp_eeprom_24xx.o(.text) refers to bsp_i2c_gpio.o(.text) for i2c_check_connect
    bsp_i2c_gpio.o(.text) refers to bsp_delay.o(.text) for delay_nus
    bsp_i2c_gpio.o(.text) refers to stm32f10x_rcc.o(.text) for RCC_APB2PeriphClockCmd
    bsp_i2c_gpio.o(.text) refers to stm32f10x_gpio.o(.text) for GPIO_Init
    startup_stm32f10x_hd.o(RESET) refers to startup_stm32f10x_hd.o(STACK) for __initial_sp
    startup_stm32f10x_hd.o(RESET) refers to startup_stm32f10x_hd.o(.text) for Reset_Handler
    startup_stm32f10x_hd.o(RESET) refers to stm32f10x_it.o(.text) for NMI_Handler
    startup_stm32f10x_hd.o(RESET) refers to bsp_timer.o(.text) for TIM2_IRQHandler
    startup_stm32f10x_hd.o(.text) refers to system_stm32f10x.o(.text) for SystemInit
    startup_stm32f10x_hd.o(.text) refers to entry.o(.ARM.Collect$$$$00000000) for __main
    system_stm32f10x.o(.text) refers to system_stm32f10x.o(.data) for .data
    stm32f10x_gpio.o(.text) refers to stm32f10x_rcc.o(.text) for RCC_APB2PeriphResetCmd
    stm32f10x_rcc.o(.text) refers to stm32f10x_rcc.o(.data) for .data
    stm32f10x_tim.o(.text) refers to stm32f10x_rcc.o(.text) for RCC_APB1PeriphResetCmd
    main.o(.text) refers to bsp_timer.o(.text) for sys_timer_init
    main.o(.text) refers to misc.o(.text) for NVIC_SetVectorTable
    main.o(.text) refers to core_cm3.o(.emb_text) for __set_MSP
    main.o(.text) refers to stm32f10x_rcc.o(.text) for RCC_APB2PeriphClockCmd
    main.o(.text) refers to bsp_led_display.o(.text) for led_display_init
    main.o(.text) refers to eeprom_mem.o(.text) for ee_recevor_usr_app
    bsp_led.o(.text) refers to stm32f10x_gpio.o(.text) for GPIO_Init
    bsp_timer.o(.text) refers to misc.o(.text) for NVIC_Init
    bsp_timer.o(.text) refers to stm32f10x_rcc.o(.text) for RCC_APB1PeriphClockCmd
    bsp_timer.o(.text) refers to stm32f10x_tim.o(.text) for TIM_TimeBaseInit
    bsp_timer.o(.text) refers to bsp_led_display.o(.text) for led_display
    bsp_led_display.o(.text) refers to stm32f10x_gpio.o(.text) for GPIO_Init
    bsp_led_display.o(.text) refers to bsp_delay.o(.text) for delay_nms
    bsp_led_display.o(.text) refers to bsp_led_display.o(.data) for .data
    entry.o(.ARM.Collect$$$$00000000) refers (Special) to entry10a.o(.ARM.Collect$$$$0000000D) for __rt_final_cpp
    entry.o(.ARM.Collect$$$$00000000) refers (Special) to entry11a.o(.ARM.Collect$$$$0000000F) for __rt_final_exit
    entry.o(.ARM.Collect$$$$00000000) refers (Special) to entry7b.o(.ARM.Collect$$$$00000008) for _main_clock
    entry.o(.ARM.Collect$$$$00000000) refers (Special) to entry8b.o(.ARM.Collect$$$$0000000A) for _main_cpp_init
    entry.o(.ARM.Collect$$$$00000000) refers (Special) to entry9a.o(.ARM.Collect$$$$0000000B) for _main_init
    entry.o(.ARM.Collect$$$$00000000) refers (Special) to entry5.o(.ARM.Collect$$$$00000004) for _main_scatterload
    entry.o(.ARM.Collect$$$$00000000) refers (Special) to entry2.o(.ARM.Collect$$$$00000001) for _main_stk
    entry2.o(.ARM.Collect$$$$00000001) refers to entry2.o(.ARM.Collect$$$$00002712) for __lit__00000000
    entry2.o(.ARM.Collect$$$$00002712) refers to startup_stm32f10x_hd.o(STACK) for __initial_sp
    entry2.o(__vectab_stack_and_reset_area) refers to startup_stm32f10x_hd.o(STACK) for __initial_sp
    entry2.o(__vectab_stack_and_reset_area) refers to entry.o(.ARM.Collect$$$$00000000) for __main
    entry5.o(.ARM.Collect$$$$00000004) refers to init.o(.text) for __scatterload
    entry9a.o(.ARM.Collect$$$$0000000B) refers to main.o(.text) for main
    entry9b.o(.ARM.Collect$$$$0000000C) refers to main.o(.text) for main
    init.o(.text) refers to entry5.o(.ARM.Collect$$$$00000004) for __main_after_scatterload


==============================================================================

Removing Unused input sections from the image.

    Removing startup_stm32f10x_hd.o(HEAP), (512 bytes).
    Removing bsp_led.o(.text), (36 bytes).

2 unused section(s) (total 548 bytes) removed from the image.

==============================================================================

Image Symbol Table

    Local Symbols

    Symbol Name                              Value     Ov Type        Size  Object(Section)

    ../clib/microlib/init/entry.s            0x00000000   Number         0  entry8a.o ABSOLUTE
    ../clib/microlib/init/entry.s            0x00000000   Number         0  entry5.o ABSOLUTE
    ../clib/microlib/init/entry.s            0x00000000   Number         0  entry7a.o ABSOLUTE
    ../clib/microlib/init/entry.s            0x00000000   Number         0  entry7b.o ABSOLUTE
    ../clib/microlib/init/entry.s            0x00000000   Number         0  entry11b.o ABSOLUTE
    ../clib/microlib/init/entry.s            0x00000000   Number         0  entry11a.o ABSOLUTE
    ../clib/microlib/init/entry.s            0x00000000   Number         0  entry10b.o ABSOLUTE
    ../clib/microlib/init/entry.s            0x00000000   Number         0  entry10a.o ABSOLUTE
    ../clib/microlib/init/entry.s            0x00000000   Number         0  entry9b.o ABSOLUTE
    ../clib/microlib/init/entry.s            0x00000000   Number         0  entry9a.o ABSOLUTE
    ../clib/microlib/init/entry.s            0x00000000   Number         0  entry8b.o ABSOLUTE
    ../clib/microlib/init/entry.s            0x00000000   Number         0  entry2.o ABSOLUTE
    ../clib/microlib/init/entry.s            0x00000000   Number         0  entry.o ABSOLUTE
    ..\\lib\\st_lib\\cmsis\\core_cm3.c       0x00000000   Number         0  core_cm3.o ABSOLUTE
    ..\lib\st_lib\cmsis\core_cm3.c           0x00000000   Number         0  core_cm3.o ABSOLUTE
    ..\lib\st_lib\cmsis\startup\startup_stm32f10x_hd.s 0x00000000   Number         0  startup_stm32f10x_hd.o ABSOLUTE
    ..\lib\st_lib\cmsis\system_stm32f10x.c   0x00000000   Number         0  system_stm32f10x.o ABSOLUTE
    ..\lib\st_lib\fwlib\src\misc.c           0x00000000   Number         0  misc.o ABSOLUTE
    ..\lib\st_lib\fwlib\src\stm32f10x_gpio.c 0x00000000   Number         0  stm32f10x_gpio.o ABSOLUTE
    ..\lib\st_lib\fwlib\src\stm32f10x_rcc.c  0x00000000   Number         0  stm32f10x_rcc.o ABSOLUTE
    ..\lib\st_lib\fwlib\src\stm32f10x_tim.c  0x00000000   Number         0  stm32f10x_tim.o ABSOLUTE
    ..\src\APP\eeprom_mem.c                  0x00000000   Number         0  eeprom_mem.o ABSOLUTE
    ..\src\BSP\bsp_delay.c                   0x00000000   Number         0  bsp_delay.o ABSOLUTE
    ..\src\BSP\bsp_eeprom_24xx.c             0x00000000   Number         0  bsp_eeprom_24xx.o ABSOLUTE
    ..\src\BSP\bsp_i2c_gpio.c                0x00000000   Number         0  bsp_i2c_gpio.o ABSOLUTE
    ..\src\BSP\bsp_led.c                     0x00000000   Number         0  bsp_led.o ABSOLUTE
    ..\src\BSP\bsp_led_display.c             0x00000000   Number         0  bsp_led_display.o ABSOLUTE
    ..\src\BSP\bsp_timer.c                   0x00000000   Number         0  bsp_timer.o ABSOLUTE
    ..\src\main.c                            0x00000000   Number         0  main.o ABSOLUTE
    ..\src\stm32f10x_it.c                    0x00000000   Number         0  stm32f10x_it.o ABSOLUTE
    dc.s                                     0x00000000   Number         0  dc.o ABSOLUTE
    handlers.s                               0x00000000   Number         0  handlers.o ABSOLUTE
    init.s                                   0x00000000   Number         0  init.o ABSOLUTE
    RESET                                    0x08000000   Section      304  startup_stm32f10x_hd.o(RESET)
    .ARM.Collect$$$$00000000                 0x08000130   Section        0  entry.o(.ARM.Collect$$$$00000000)
    .ARM.Collect$$$$00000001                 0x08000130   Section        4  entry2.o(.ARM.Collect$$$$00000001)
    .ARM.Collect$$$$00000004                 0x08000134   Section        4  entry5.o(.ARM.Collect$$$$00000004)
    .ARM.Collect$$$$00000008                 0x08000138   Section        0  entry7b.o(.ARM.Collect$$$$00000008)
    .ARM.Collect$$$$0000000A                 0x08000138   Section        0  entry8b.o(.ARM.Collect$$$$0000000A)
    .ARM.Collect$$$$0000000B                 0x08000138   Section        8  entry9a.o(.ARM.Collect$$$$0000000B)
    .ARM.Collect$$$$0000000D                 0x08000140   Section        0  entry10a.o(.ARM.Collect$$$$0000000D)
    .ARM.Collect$$$$0000000F                 0x08000140   Section        0  entry11a.o(.ARM.Collect$$$$0000000F)
    .ARM.Collect$$$$00002712                 0x08000140   Section        4  entry2.o(.ARM.Collect$$$$00002712)
    __lit__00000000                          0x08000140   Data           4  entry2.o(.ARM.Collect$$$$00002712)
    .emb_text                                0x08000144   Section       32  core_cm3.o(.emb_text)
    .text                                    0x08000164   Section        0  eeprom_mem.o(.text)
    .text                                    0x080001a8   Section        0  bsp_eeprom_24xx.o(.text)
    .text                                    0x080002b4   Section        0  bsp_i2c_gpio.o(.text)
    .text                                    0x080004a0   Section       36  startup_stm32f10x_hd.o(.text)
    .text                                    0x080004c4   Section        0  misc.o(.text)
    .text                                    0x08000574   Section        0  system_stm32f10x.o(.text)
    SetSysClockTo72                          0x08000575   Thumb Code   160  system_stm32f10x.o(.text)
    .text                                    0x080006c8   Section        0  stm32f10x_gpio.o(.text)
    .text                                    0x08000934   Section        0  stm32f10x_rcc.o(.text)
    .text                                    0x08000be8   Section        0  stm32f10x_tim.o(.text)
    TI2_Config                               0x08000f7b   Thumb Code   166  stm32f10x_tim.o(.text)
    TI1_Config                               0x08001031   Thumb Code    88  stm32f10x_tim.o(.text)
    .text                                    0x080016dc   Section        0  main.o(.text)
    .text                                    0x0800176c   Section        0  stm32f10x_it.o(.text)
    .text                                    0x0800176e   Section        0  bsp_delay.o(.text)
    .text                                    0x080017ae   Section        0  bsp_timer.o(.text)
    .text                                    0x08001834   Section        0  bsp_led_display.o(.text)
    .text                                    0x08001c18   Section       36  init.o(.text)
    i.__scatterload_copy                     0x08001c3c   Section       14  handlers.o(i.__scatterload_copy)
    i.__scatterload_null                     0x08001c4a   Section        2  handlers.o(i.__scatterload_null)
    i.__scatterload_zeroinit                 0x08001c4c   Section       14  handlers.o(i.__scatterload_zeroinit)
    .data                                    0x20000000   Section       20  system_stm32f10x.o(.data)
    .data                                    0x20000014   Section       20  stm32f10x_rcc.o(.data)
    ADCPrescTable                            0x20000014   Data           4  stm32f10x_rcc.o(.data)
    APBAHBPrescTable                         0x20000018   Data          16  stm32f10x_rcc.o(.data)
    .data                                    0x20000028   Section        4  bsp_led_display.o(.data)
    lsb                                      0x20000028   Data           1  bsp_led_display.o(.data)
    msb                                      0x20000029   Data           1  bsp_led_display.o(.data)
    time_ms_cnt                              0x2000002a   Data           2  bsp_led_display.o(.data)
    STACK                                    0x20000030   Section     1024  startup_stm32f10x_hd.o(STACK)

    Global Symbols

    Symbol Name                              Value     Ov Type        Size  Object(Section)

    BuildAttributes$$THM_ISAv4$P$D$K$B$S$PE$A:L22UL41UL21$X:L11$S22US41US21$IEEE1$IW$USESV6$~STKCKD$USESV7$~SHL$OSPACE$EBA8$MICROLIB$REQ8$PRES8$EABIv2 0x00000000   Number         0  anon$$obj.o ABSOLUTE
    __ARM_use_no_argv                        0x00000000   Number         0  main.o ABSOLUTE
    __cpp_initialize__aeabi_                  - Undefined Weak Reference
    __cxa_finalize                            - Undefined Weak Reference
    __decompress                              - Undefined Weak Reference
    _clock_init                               - Undefined Weak Reference
    _microlib_exit                            - Undefined Weak Reference
    __Vectors_Size                           0x00000130   Number         0  startup_stm32f10x_hd.o ABSOLUTE
    __Vectors                                0x08000000   Data           4  startup_stm32f10x_hd.o(RESET)
    __Vectors_End                            0x08000130   Data           0  startup_stm32f10x_hd.o(RESET)
    __main                                   0x08000131   Thumb Code     0  entry.o(.ARM.Collect$$$$00000000)
    _main_stk                                0x08000131   Thumb Code     0  entry2.o(.ARM.Collect$$$$00000001)
    _main_scatterload                        0x08000135   Thumb Code     0  entry5.o(.ARM.Collect$$$$00000004)
    __main_after_scatterload                 0x08000139   Thumb Code     0  entry5.o(.ARM.Collect$$$$00000004)
    _main_clock                              0x08000139   Thumb Code     0  entry7b.o(.ARM.Collect$$$$00000008)
    _main_cpp_init                           0x08000139   Thumb Code     0  entry8b.o(.ARM.Collect$$$$0000000A)
    _main_init                               0x08000139   Thumb Code     0  entry9a.o(.ARM.Collect$$$$0000000B)
    __rt_final_cpp                           0x08000141   Thumb Code     0  entry10a.o(.ARM.Collect$$$$0000000D)
    __rt_final_exit                          0x08000141   Thumb Code     0  entry11a.o(.ARM.Collect$$$$0000000F)
    __get_PSP                                0x08000145   Thumb Code     6  core_cm3.o(.emb_text)
    __set_PSP                                0x0800014b   Thumb Code     6  core_cm3.o(.emb_text)
    __get_MSP                                0x08000151   Thumb Code     6  core_cm3.o(.emb_text)
    __set_MSP                                0x08000157   Thumb Code     6  core_cm3.o(.emb_text)
    __REV16                                  0x0800015d   Thumb Code     4  core_cm3.o(.emb_text)
    __REVSH                                  0x08000161   Thumb Code     4  core_cm3.o(.emb_text)
    ee_write_bytes_os                        0x08000165   Thumb Code     4  eeprom_mem.o(.text)
    ee_read_bytes_os                         0x08000169   Thumb Code     4  eeprom_mem.o(.text)
    ee_recevor_usr_app                       0x0800016d   Thumb Code    56  eeprom_mem.o(.text)
    ee_check_connect                         0x080001a9   Thumb Code    22  bsp_eeprom_24xx.o(.text)
    ee_read_byts                             0x080001bf   Thumb Code   118  bsp_eeprom_24xx.o(.text)
    ee_write_byts                            0x08000235   Thumb Code   128  bsp_eeprom_24xx.o(.text)
    i2c_stop                                 0x080002b5   Thumb Code    34  bsp_i2c_gpio.o(.text)
    i2c_gpio_init                            0x080002d7   Thumb Code    60  bsp_i2c_gpio.o(.text)
    i2c_start                                0x08000313   Thumb Code    42  bsp_i2c_gpio.o(.text)
    i2c_send_byte                            0x0800033d   Thumb Code    84  bsp_i2c_gpio.o(.text)
    i2c_read_byte                            0x08000391   Thumb Code    72  bsp_i2c_gpio.o(.text)
    i2c_wait_ack                             0x080003d9   Thumb Code    56  bsp_i2c_gpio.o(.text)
    i2c_ack                                  0x08000411   Thumb Code    42  bsp_i2c_gpio.o(.text)
    i2c_nack                                 0x0800043b   Thumb Code    40  bsp_i2c_gpio.o(.text)
    i2c_check_connect                        0x08000463   Thumb Code    58  bsp_i2c_gpio.o(.text)
    Reset_Handler                            0x080004a1   Thumb Code     8  startup_stm32f10x_hd.o(.text)
    HardFault_Handler                        0x080004ab   Thumb Code     2  startup_stm32f10x_hd.o(.text)
    MemManage_Handler                        0x080004ad   Thumb Code     2  startup_stm32f10x_hd.o(.text)
    BusFault_Handler                         0x080004af   Thumb Code     2  startup_stm32f10x_hd.o(.text)
    UsageFault_Handler                       0x080004b1   Thumb Code     2  startup_stm32f10x_hd.o(.text)
    SVC_Handler                              0x080004b3   Thumb Code     2  startup_stm32f10x_hd.o(.text)
    DebugMon_Handler                         0x080004b5   Thumb Code     2  startup_stm32f10x_hd.o(.text)
    PendSV_Handler                           0x080004b7   Thumb Code     2  startup_stm32f10x_hd.o(.text)
    SysTick_Handler                          0x080004b9   Thumb Code     2  startup_stm32f10x_hd.o(.text)
    ADC1_2_IRQHandler                        0x080004bb   Thumb Code     0  startup_stm32f10x_hd.o(.text)
    ADC3_IRQHandler                          0x080004bb   Thumb Code     0  startup_stm32f10x_hd.o(.text)
    CAN1_RX1_IRQHandler                      0x080004bb   Thumb Code     0  startup_stm32f10x_hd.o(.text)
    CAN1_SCE_IRQHandler                      0x080004bb   Thumb Code     0  startup_stm32f10x_hd.o(.text)
    DMA1_Channel1_IRQHandler                 0x080004bb   Thumb Code     0  startup_stm32f10x_hd.o(.text)
    DMA1_Channel2_IRQHandler                 0x080004bb   Thumb Code     0  startup_stm32f10x_hd.o(.text)
    DMA1_Channel3_IRQHandler                 0x080004bb   Thumb Code     0  startup_stm32f10x_hd.o(.text)
    DMA1_Channel4_IRQHandler                 0x080004bb   Thumb Code     0  startup_stm32f10x_hd.o(.text)
    DMA1_Channel5_IRQHandler                 0x080004bb   Thumb Code     0  startup_stm32f10x_hd.o(.text)
    DMA1_Channel6_IRQHandler                 0x080004bb   Thumb Code     0  startup_stm32f10x_hd.o(.text)
    DMA1_Channel7_IRQHandler                 0x080004bb   Thumb Code     0  startup_stm32f10x_hd.o(.text)
    DMA2_Channel1_IRQHandler                 0x080004bb   Thumb Code     0  startup_stm32f10x_hd.o(.text)
    DMA2_Channel2_IRQHandler                 0x080004bb   Thumb Code     0  startup_stm32f10x_hd.o(.text)
    DMA2_Channel3_IRQHandler                 0x080004bb   Thumb Code     0  startup_stm32f10x_hd.o(.text)
    DMA2_Channel4_5_IRQHandler               0x080004bb   Thumb Code     0  startup_stm32f10x_hd.o(.text)
    EXTI0_IRQHandler                         0x080004bb   Thumb Code     0  startup_stm32f10x_hd.o(.text)
    EXTI15_10_IRQHandler                     0x080004bb   Thumb Code     0  startup_stm32f10x_hd.o(.text)
    EXTI1_IRQHandler                         0x080004bb   Thumb Code     0  startup_stm32f10x_hd.o(.text)
    EXTI2_IRQHandler                         0x080004bb   Thumb Code     0  startup_stm32f10x_hd.o(.text)
    EXTI3_IRQHandler                         0x080004bb   Thumb Code     0  startup_stm32f10x_hd.o(.text)
    EXTI4_IRQHandler                         0x080004bb   Thumb Code     0  startup_stm32f10x_hd.o(.text)
    EXTI9_5_IRQHandler                       0x080004bb   Thumb Code     0  startup_stm32f10x_hd.o(.text)
    FLASH_IRQHandler                         0x080004bb   Thumb Code     0  startup_stm32f10x_hd.o(.text)
    FSMC_IRQHandler                          0x080004bb   Thumb Code     0  startup_stm32f10x_hd.o(.text)
    I2C1_ER_IRQHandler                       0x080004bb   Thumb Code     0  startup_stm32f10x_hd.o(.text)
    I2C1_EV_IRQHandler                       0x080004bb   Thumb Code     0  startup_stm32f10x_hd.o(.text)
    I2C2_ER_IRQHandler                       0x080004bb   Thumb Code     0  startup_stm32f10x_hd.o(.text)
    I2C2_EV_IRQHandler                       0x080004bb   Thumb Code     0  startup_stm32f10x_hd.o(.text)
    PVD_IRQHandler                           0x080004bb   Thumb Code     0  startup_stm32f10x_hd.o(.text)
    RCC_IRQHandler                           0x080004bb   Thumb Code     0  startup_stm32f10x_hd.o(.text)
    RTCAlarm_IRQHandler                      0x080004bb   Thumb Code     0  startup_stm32f10x_hd.o(.text)
    RTC_IRQHandler                           0x080004bb   Thumb Code     0  startup_stm32f10x_hd.o(.text)
    SDIO_IRQHandler                          0x080004bb   Thumb Code     0  startup_stm32f10x_hd.o(.text)
    SPI1_IRQHandler                          0x080004bb   Thumb Code     0  startup_stm32f10x_hd.o(.text)
    SPI2_IRQHandler                          0x080004bb   Thumb Code     0  startup_stm32f10x_hd.o(.text)
    SPI3_IRQHandler                          0x080004bb   Thumb Code     0  startup_stm32f10x_hd.o(.text)
    TAMPER_IRQHandler                        0x080004bb   Thumb Code     0  startup_stm32f10x_hd.o(.text)
    TIM1_BRK_IRQHandler                      0x080004bb   Thumb Code     0  startup_stm32f10x_hd.o(.text)
    TIM1_CC_IRQHandler                       0x080004bb   Thumb Code     0  startup_stm32f10x_hd.o(.text)
    TIM1_TRG_COM_IRQHandler                  0x080004bb   Thumb Code     0  startup_stm32f10x_hd.o(.text)
    TIM1_UP_IRQHandler                       0x080004bb   Thumb Code     0  startup_stm32f10x_hd.o(.text)
    TIM3_IRQHandler                          0x080004bb   Thumb Code     0  startup_stm32f10x_hd.o(.text)
    TIM4_IRQHandler                          0x080004bb   Thumb Code     0  startup_stm32f10x_hd.o(.text)
    TIM5_IRQHandler                          0x080004bb   Thumb Code     0  startup_stm32f10x_hd.o(.text)
    TIM6_IRQHandler                          0x080004bb   Thumb Code     0  startup_stm32f10x_hd.o(.text)
    TIM7_IRQHandler                          0x080004bb   Thumb Code     0  startup_stm32f10x_hd.o(.text)
    TIM8_BRK_IRQHandler                      0x080004bb   Thumb Code     0  startup_stm32f10x_hd.o(.text)
    TIM8_CC_IRQHandler                       0x080004bb   Thumb Code     0  startup_stm32f10x_hd.o(.text)
    TIM8_TRG_COM_IRQHandler                  0x080004bb   Thumb Code     0  startup_stm32f10x_hd.o(.text)
    TIM8_UP_IRQHandler                       0x080004bb   Thumb Code     0  startup_stm32f10x_hd.o(.text)
    UART4_IRQHandler                         0x080004bb   Thumb Code     0  startup_stm32f10x_hd.o(.text)
    UART5_IRQHandler                         0x080004bb   Thumb Code     0  startup_stm32f10x_hd.o(.text)
    USART1_IRQHandler                        0x080004bb   Thumb Code     0  startup_stm32f10x_hd.o(.text)
    USART2_IRQHandler                        0x080004bb   Thumb Code     0  startup_stm32f10x_hd.o(.text)
    USART3_IRQHandler                        0x080004bb   Thumb Code     0  startup_stm32f10x_hd.o(.text)
    USBWakeUp_IRQHandler                     0x080004bb   Thumb Code     0  startup_stm32f10x_hd.o(.text)
    USB_HP_CAN1_TX_IRQHandler                0x080004bb   Thumb Code     0  startup_stm32f10x_hd.o(.text)
    USB_LP_CAN1_RX0_IRQHandler               0x080004bb   Thumb Code     0  startup_stm32f10x_hd.o(.text)
    WWDG_IRQHandler                          0x080004bb   Thumb Code     0  startup_stm32f10x_hd.o(.text)
    NVIC_PriorityGroupConfig                 0x080004c5   Thumb Code    10  misc.o(.text)
    NVIC_Init                                0x080004cf   Thumb Code    94  misc.o(.text)
    NVIC_SetVectorTable                      0x0800052d   Thumb Code    14  misc.o(.text)
    NVIC_SystemLPConfig                      0x0800053b   Thumb Code    20  misc.o(.text)
    SysTick_CLKSourceConfig                  0x0800054f   Thumb Code    24  misc.o(.text)
    SystemInit                               0x08000615   Thumb Code    64  system_stm32f10x.o(.text)
    SystemCoreClockUpdate                    0x08000655   Thumb Code    84  system_stm32f10x.o(.text)
    GPIO_DeInit                              0x080006c9   Thumb Code   152  stm32f10x_gpio.o(.text)
    GPIO_AFIODeInit                          0x08000761   Thumb Code    22  stm32f10x_gpio.o(.text)
    GPIO_Init                                0x08000777   Thumb Code   164  stm32f10x_gpio.o(.text)
    GPIO_StructInit                          0x0800081b   Thumb Code    16  stm32f10x_gpio.o(.text)
    GPIO_ReadInputDataBit                    0x0800082b   Thumb Code    14  stm32f10x_gpio.o(.text)
    GPIO_ReadInputData                       0x08000839   Thumb Code     6  stm32f10x_gpio.o(.text)
    GPIO_ReadOutputDataBit                   0x0800083f   Thumb Code    14  stm32f10x_gpio.o(.text)
    GPIO_ReadOutputData                      0x0800084d   Thumb Code     6  stm32f10x_gpio.o(.text)
    GPIO_SetBits                             0x08000853   Thumb Code     4  stm32f10x_gpio.o(.text)
    GPIO_ResetBits                           0x08000857   Thumb Code     4  stm32f10x_gpio.o(.text)
    GPIO_WriteBit                            0x0800085b   Thumb Code    10  stm32f10x_gpio.o(.text)
    GPIO_Write                               0x08000865   Thumb Code     4  stm32f10x_gpio.o(.text)
    GPIO_PinLockConfig                       0x08000869   Thumb Code    16  stm32f10x_gpio.o(.text)
    GPIO_EventOutputConfig                   0x08000879   Thumb Code    22  stm32f10x_gpio.o(.text)
    GPIO_EventOutputCmd                      0x0800088f   Thumb Code     6  stm32f10x_gpio.o(.text)
    GPIO_PinRemapConfig                      0x08000895   Thumb Code    82  stm32f10x_gpio.o(.text)
    GPIO_EXTILineConfig                      0x080008e7   Thumb Code    34  stm32f10x_gpio.o(.text)
    GPIO_ETH_MediaInterfaceConfig            0x08000909   Thumb Code     8  stm32f10x_gpio.o(.text)
    RCC_DeInit                               0x08000935   Thumb Code    50  stm32f10x_rcc.o(.text)
    RCC_HSEConfig                            0x08000967   Thumb Code    48  stm32f10x_rcc.o(.text)
    RCC_GetFlagStatus                        0x08000997   Thumb Code    42  stm32f10x_rcc.o(.text)
    RCC_WaitForHSEStartUp                    0x080009c1   Thumb Code    44  stm32f10x_rcc.o(.text)
    RCC_AdjustHSICalibrationValue            0x080009ed   Thumb Code    16  stm32f10x_rcc.o(.text)
    RCC_HSICmd                               0x080009fd   Thumb Code     6  stm32f10x_rcc.o(.text)
    RCC_PLLConfig                            0x08000a03   Thumb Code    16  stm32f10x_rcc.o(.text)
    RCC_PLLCmd                               0x08000a13   Thumb Code     6  stm32f10x_rcc.o(.text)
    RCC_SYSCLKConfig                         0x08000a19   Thumb Code    14  stm32f10x_rcc.o(.text)
    RCC_GetSYSCLKSource                      0x08000a27   Thumb Code    10  stm32f10x_rcc.o(.text)
    RCC_HCLKConfig                           0x08000a31   Thumb Code    14  stm32f10x_rcc.o(.text)
    RCC_PCLK1Config                          0x08000a3f   Thumb Code    14  stm32f10x_rcc.o(.text)
    RCC_PCLK2Config                          0x08000a4d   Thumb Code    16  stm32f10x_rcc.o(.text)
    RCC_ITConfig                             0x08000a5d   Thumb Code    18  stm32f10x_rcc.o(.text)
    RCC_USBCLKConfig                         0x08000a6f   Thumb Code     8  stm32f10x_rcc.o(.text)
    RCC_ADCCLKConfig                         0x08000a77   Thumb Code    14  stm32f10x_rcc.o(.text)
    RCC_LSEConfig                            0x08000a85   Thumb Code    28  stm32f10x_rcc.o(.text)
    RCC_LSICmd                               0x08000aa1   Thumb Code     6  stm32f10x_rcc.o(.text)
    RCC_RTCCLKConfig                         0x08000aa7   Thumb Code    10  stm32f10x_rcc.o(.text)
    RCC_RTCCLKCmd                            0x08000ab1   Thumb Code     8  stm32f10x_rcc.o(.text)
    RCC_GetClocksFreq                        0x08000ab9   Thumb Code   128  stm32f10x_rcc.o(.text)
    RCC_AHBPeriphClockCmd                    0x08000b39   Thumb Code    18  stm32f10x_rcc.o(.text)
    RCC_APB2PeriphClockCmd                   0x08000b4b   Thumb Code    18  stm32f10x_rcc.o(.text)
    RCC_APB1PeriphClockCmd                   0x08000b5d   Thumb Code    18  stm32f10x_rcc.o(.text)
    RCC_APB2PeriphResetCmd                   0x08000b6f   Thumb Code    18  stm32f10x_rcc.o(.text)
    RCC_APB1PeriphResetCmd                   0x08000b81   Thumb Code    18  stm32f10x_rcc.o(.text)
    RCC_BackupResetCmd                       0x08000b93   Thumb Code     8  stm32f10x_rcc.o(.text)
    RCC_ClockSecuritySystemCmd               0x08000b9b   Thumb Code     6  stm32f10x_rcc.o(.text)
    RCC_MCOConfig                            0x08000ba1   Thumb Code     6  stm32f10x_rcc.o(.text)
    RCC_ClearFlag                            0x08000ba7   Thumb Code    12  stm32f10x_rcc.o(.text)
    RCC_GetITStatus                          0x08000bb3   Thumb Code    16  stm32f10x_rcc.o(.text)
    RCC_ClearITPendingBit                    0x08000bc3   Thumb Code     6  stm32f10x_rcc.o(.text)
    TIM_DeInit                               0x08000be9   Thumb Code   304  stm32f10x_tim.o(.text)
    TIM_TimeBaseInit                         0x08000d19   Thumb Code   114  stm32f10x_tim.o(.text)
    TIM_OC1Init                              0x08000d8b   Thumb Code   106  stm32f10x_tim.o(.text)
    TIM_OC2Init                              0x08000df5   Thumb Code   120  stm32f10x_tim.o(.text)
    TIM_OC3Init                              0x08000e6d   Thumb Code   116  stm32f10x_tim.o(.text)
    TIM_OC4Init                              0x08000ee1   Thumb Code    90  stm32f10x_tim.o(.text)
    TIM_SetIC4Prescaler                      0x08000f3b   Thumb Code    24  stm32f10x_tim.o(.text)
    TIM_SetIC3Prescaler                      0x08000f53   Thumb Code    16  stm32f10x_tim.o(.text)
    TIM_SetIC2Prescaler                      0x08000f63   Thumb Code    24  stm32f10x_tim.o(.text)
    TIM_SetIC1Prescaler                      0x08001021   Thumb Code    16  stm32f10x_tim.o(.text)
    TIM_ICInit                               0x08001089   Thumb Code   272  stm32f10x_tim.o(.text)
    TIM_PWMIConfig                           0x08001199   Thumb Code   104  stm32f10x_tim.o(.text)
    TIM_BDTRConfig                           0x08001201   Thumb Code    34  stm32f10x_tim.o(.text)
    TIM_TimeBaseStructInit                   0x08001223   Thumb Code    18  stm32f10x_tim.o(.text)
    TIM_OCStructInit                         0x08001235   Thumb Code    20  stm32f10x_tim.o(.text)
    TIM_ICStructInit                         0x08001249   Thumb Code    16  stm32f10x_tim.o(.text)
    TIM_BDTRStructInit                       0x08001259   Thumb Code    18  stm32f10x_tim.o(.text)
    TIM_Cmd                                  0x0800126b   Thumb Code    20  stm32f10x_tim.o(.text)
    TIM_CtrlPWMOutputs                       0x0800127f   Thumb Code    22  stm32f10x_tim.o(.text)
    TIM_ITConfig                             0x08001295   Thumb Code    16  stm32f10x_tim.o(.text)
    TIM_GenerateEvent                        0x080012a5   Thumb Code     4  stm32f10x_tim.o(.text)
    TIM_DMAConfig                            0x080012a9   Thumb Code     8  stm32f10x_tim.o(.text)
    TIM_DMACmd                               0x080012b1   Thumb Code    16  stm32f10x_tim.o(.text)
    TIM_InternalClockConfig                  0x080012c1   Thumb Code    10  stm32f10x_tim.o(.text)
    TIM_SelectInputTrigger                   0x080012cb   Thumb Code    12  stm32f10x_tim.o(.text)
    TIM_ITRxExternalClockConfig              0x080012d7   Thumb Code    18  stm32f10x_tim.o(.text)
    TIM_TIxExternalClockConfig               0x080012e9   Thumb Code    46  stm32f10x_tim.o(.text)
    TIM_ETRConfig                            0x08001317   Thumb Code    24  stm32f10x_tim.o(.text)
    TIM_ETRClockMode1Config                  0x0800132f   Thumb Code    18  stm32f10x_tim.o(.text)
    TIM_ETRClockMode2Config                  0x08001341   Thumb Code    18  stm32f10x_tim.o(.text)
    TIM_PrescalerConfig                      0x08001353   Thumb Code     6  stm32f10x_tim.o(.text)
    TIM_CounterModeConfig                    0x08001359   Thumb Code    12  stm32f10x_tim.o(.text)
    TIM_EncoderInterfaceConfig               0x08001365   Thumb Code    50  stm32f10x_tim.o(.text)
    TIM_ForcedOC1Config                      0x08001397   Thumb Code    12  stm32f10x_tim.o(.text)
    TIM_ForcedOC2Config                      0x080013a3   Thumb Code    20  stm32f10x_tim.o(.text)
    TIM_ForcedOC3Config                      0x080013b7   Thumb Code    12  stm32f10x_tim.o(.text)
    TIM_ForcedOC4Config                      0x080013c3   Thumb Code    20  stm32f10x_tim.o(.text)
    TIM_ARRPreloadConfig                     0x080013d7   Thumb Code    20  stm32f10x_tim.o(.text)
    TIM_SelectCOM                            0x080013eb   Thumb Code    20  stm32f10x_tim.o(.text)
    TIM_SelectCCDMA                          0x080013ff   Thumb Code    20  stm32f10x_tim.o(.text)
    TIM_CCPreloadControl                     0x08001413   Thumb Code    20  stm32f10x_tim.o(.text)
    TIM_OC1PreloadConfig                     0x08001427   Thumb Code    34  stm32f10x_tim.o(.text)
    TIM_OC2PreloadConfig                     0x08001449   Thumb Code    20  stm32f10x_tim.o(.text)
    TIM_OC3PreloadConfig                     0x0800145d   Thumb Code    12  stm32f10x_tim.o(.text)
    TIM_OC4PreloadConfig                     0x08001469   Thumb Code    20  stm32f10x_tim.o(.text)
    TIM_OC1FastConfig                        0x0800147d   Thumb Code    12  stm32f10x_tim.o(.text)
    TIM_OC2FastConfig                        0x08001489   Thumb Code    20  stm32f10x_tim.o(.text)
    TIM_OC3FastConfig                        0x0800149d   Thumb Code    12  stm32f10x_tim.o(.text)
    TIM_OC4FastConfig                        0x080014a9   Thumb Code    20  stm32f10x_tim.o(.text)
    TIM_ClearOC1Ref                          0x080014bd   Thumb Code    12  stm32f10x_tim.o(.text)
    TIM_ClearOC2Ref                          0x080014c9   Thumb Code    20  stm32f10x_tim.o(.text)
    TIM_ClearOC3Ref                          0x080014dd   Thumb Code    12  stm32f10x_tim.o(.text)
    TIM_ClearOC4Ref                          0x080014e9   Thumb Code    20  stm32f10x_tim.o(.text)
    TIM_OC1PolarityConfig                    0x080014fd   Thumb Code    12  stm32f10x_tim.o(.text)
    TIM_OC1NPolarityConfig                   0x08001509   Thumb Code    12  stm32f10x_tim.o(.text)
    TIM_OC2PolarityConfig                    0x08001515   Thumb Code    20  stm32f10x_tim.o(.text)
    TIM_OC2NPolarityConfig                   0x08001529   Thumb Code    20  stm32f10x_tim.o(.text)
    TIM_OC3PolarityConfig                    0x0800153d   Thumb Code    20  stm32f10x_tim.o(.text)
    TIM_OC3NPolarityConfig                   0x08001551   Thumb Code    20  stm32f10x_tim.o(.text)
    TIM_OC4PolarityConfig                    0x08001565   Thumb Code    20  stm32f10x_tim.o(.text)
    TIM_CCxCmd                               0x08001579   Thumb Code    22  stm32f10x_tim.o(.text)
    TIM_CCxNCmd                              0x0800158f   Thumb Code    22  stm32f10x_tim.o(.text)
    TIM_SelectOCxM                           0x080015a5   Thumb Code    70  stm32f10x_tim.o(.text)
    TIM_UpdateDisableConfig                  0x080015eb   Thumb Code    20  stm32f10x_tim.o(.text)
    TIM_UpdateRequestConfig                  0x080015ff   Thumb Code    20  stm32f10x_tim.o(.text)
    TIM_SelectHallSensor                     0x08001613   Thumb Code    20  stm32f10x_tim.o(.text)
    TIM_SelectOnePulseMode                   0x08001627   Thumb Code    16  stm32f10x_tim.o(.text)
    TIM_SelectOutputTrigger                  0x08001637   Thumb Code    16  stm32f10x_tim.o(.text)
    TIM_SelectSlaveMode                      0x08001647   Thumb Code    16  stm32f10x_tim.o(.text)
    TIM_SelectMasterSlaveMode                0x08001657   Thumb Code    16  stm32f10x_tim.o(.text)
    TIM_SetCounter                           0x08001667   Thumb Code     4  stm32f10x_tim.o(.text)
    TIM_SetAutoreload                        0x0800166b   Thumb Code     4  stm32f10x_tim.o(.text)
    TIM_SetCompare1                          0x0800166f   Thumb Code     4  stm32f10x_tim.o(.text)
    TIM_SetCompare2                          0x08001673   Thumb Code     4  stm32f10x_tim.o(.text)
    TIM_SetCompare3                          0x08001677   Thumb Code     4  stm32f10x_tim.o(.text)
    TIM_SetCompare4                          0x0800167b   Thumb Code     6  stm32f10x_tim.o(.text)
    TIM_SetClockDivision                     0x08001681   Thumb Code    16  stm32f10x_tim.o(.text)
    TIM_GetCapture1                          0x08001691   Thumb Code     4  stm32f10x_tim.o(.text)
    TIM_GetCapture2                          0x08001695   Thumb Code     4  stm32f10x_tim.o(.text)
    TIM_GetCapture3                          0x08001699   Thumb Code     4  stm32f10x_tim.o(.text)
    TIM_GetCapture4                          0x0800169d   Thumb Code     6  stm32f10x_tim.o(.text)
    TIM_GetCounter                           0x080016a3   Thumb Code     4  stm32f10x_tim.o(.text)
    TIM_GetPrescaler                         0x080016a7   Thumb Code     4  stm32f10x_tim.o(.text)
    TIM_GetFlagStatus                        0x080016ab   Thumb Code    14  stm32f10x_tim.o(.text)
    TIM_ClearFlag                            0x080016b9   Thumb Code     6  stm32f10x_tim.o(.text)
    TIM_GetITStatus                          0x080016bf   Thumb Code    24  stm32f10x_tim.o(.text)
    TIM_ClearITPendingBit                    0x080016d7   Thumb Code     6  stm32f10x_tim.o(.text)
    assert_failed                            0x080016dd   Thumb Code     2  main.o(.text)
    start_user_app                           0x080016df   Thumb Code    58  main.o(.text)
    main                                     0x08001719   Thumb Code    74  main.o(.text)
    NMI_Handler                              0x0800176d   Thumb Code     2  stm32f10x_it.o(.text)
    delay_nus                                0x0800176f   Thumb Code    18  bsp_delay.o(.text)
    delay_20us                               0x08001781   Thumb Code    12  bsp_delay.o(.text)
    delay_5us                                0x0800178d   Thumb Code    12  bsp_delay.o(.text)
    delay_nms                                0x08001799   Thumb Code    22  bsp_delay.o(.text)
    sys_timer_init                           0x080017af   Thumb Code   100  bsp_timer.o(.text)
    TIM2_IRQHandler                          0x08001813   Thumb Code    34  bsp_timer.o(.text)
    led_display_init                         0x08001835   Thumb Code   140  bsp_led_display.o(.text)
    led_display_test                         0x080018c1   Thumb Code   308  bsp_led_display.o(.text)
    time_cnt_down                            0x080019f5   Thumb Code   138  bsp_led_display.o(.text)
    led_set_number                           0x08001a7f   Thumb Code   224  bsp_led_display.o(.text)
    set_led_content                          0x08001b5f   Thumb Code    90  bsp_led_display.o(.text)
    led_display                              0x08001bb9   Thumb Code    82  bsp_led_display.o(.text)
    __scatterload                            0x08001c19   Thumb Code    28  init.o(.text)
    __scatterload_rt2                        0x08001c19   Thumb Code     0  init.o(.text)
    __scatterload_copy                       0x08001c3d   Thumb Code    14  handlers.o(i.__scatterload_copy)
    __scatterload_null                       0x08001c4b   Thumb Code     2  handlers.o(i.__scatterload_null)
    __scatterload_zeroinit                   0x08001c4d   Thumb Code    14  handlers.o(i.__scatterload_zeroinit)
    Region$$Table$$Base                      0x08001c5c   Number         0  anon$$obj.o(Region$$Table)
    Region$$Table$$Limit                     0x08001c7c   Number         0  anon$$obj.o(Region$$Table)
    SystemCoreClock                          0x20000000   Data           4  system_stm32f10x.o(.data)
    AHBPrescTable                            0x20000004   Data          16  system_stm32f10x.o(.data)
    __initial_sp                             0x20000430   Data           0  startup_stm32f10x_hd.o(STACK)



==============================================================================

Memory Map of the image

  Image Entry point : 0x08000131

  Load Region LR_IROM1 (Base: 0x08000000, Size: 0x00001ca8, Max: 0x00002800, ABSOLUTE)

    Execution Region ER_IROM1 (Base: 0x08000000, Size: 0x00001c7c, Max: 0x00002800, ABSOLUTE)

    Base Addr    Size         Type   Attr      Idx    E Section Name        Object

    0x08000000   0x00000130   Data   RO          138    RESET               startup_stm32f10x_hd.o
    0x08000130   0x00000000   Code   RO          319  * .ARM.Collect$$$$00000000  mc_w.l(entry.o)
    0x08000130   0x00000004   Code   RO          322    .ARM.Collect$$$$00000001  mc_w.l(entry2.o)
    0x08000134   0x00000004   Code   RO          325    .ARM.Collect$$$$00000004  mc_w.l(entry5.o)
    0x08000138   0x00000000   Code   RO          327    .ARM.Collect$$$$00000008  mc_w.l(entry7b.o)
    0x08000138   0x00000000   Code   RO          329    .ARM.Collect$$$$0000000A  mc_w.l(entry8b.o)
    0x08000138   0x00000008   Code   RO          330    .ARM.Collect$$$$0000000B  mc_w.l(entry9a.o)
    0x08000140   0x00000000   Code   RO          332    .ARM.Collect$$$$0000000D  mc_w.l(entry10a.o)
    0x08000140   0x00000000   Code   RO          334    .ARM.Collect$$$$0000000F  mc_w.l(entry11a.o)
    0x08000140   0x00000004   Code   RO          323    .ARM.Collect$$$$00002712  mc_w.l(entry2.o)
    0x08000144   0x00000020   Code   RO          156    .emb_text           core_cm3.o
    0x08000164   0x00000044   Code   RO            1    .text               eeprom_mem.o
    0x080001a8   0x0000010c   Code   RO          105    .text               bsp_eeprom_24xx.o
    0x080002b4   0x000001ec   Code   RO          120    .text               bsp_i2c_gpio.o
    0x080004a0   0x00000024   Code   RO          139    .text               startup_stm32f10x_hd.o
    0x080004c4   0x000000b0   Code   RO          144    .text               misc.o
    0x08000574   0x00000154   Code   RO          166    .text               system_stm32f10x.o
    0x080006c8   0x0000026c   Code   RO          184    .text               stm32f10x_gpio.o
    0x08000934   0x000002b4   Code   RO          196    .text               stm32f10x_rcc.o
    0x08000be8   0x00000af4   Code   RO          210    .text               stm32f10x_tim.o
    0x080016dc   0x00000090   Code   RO          223    .text               main.o
    0x0800176c   0x00000002   Code   RO          254    .text               stm32f10x_it.o
    0x0800176e   0x00000040   Code   RO          281    .text               bsp_delay.o
    0x080017ae   0x00000086   Code   RO          293    .text               bsp_timer.o
    0x08001834   0x000003e4   Code   RO          305    .text               bsp_led_display.o
    0x08001c18   0x00000024   Code   RO          336    .text               mc_w.l(init.o)
    0x08001c3c   0x0000000e   Code   RO          340    i.__scatterload_copy  mc_w.l(handlers.o)
    0x08001c4a   0x00000002   Code   RO          341    i.__scatterload_null  mc_w.l(handlers.o)
    0x08001c4c   0x0000000e   Code   RO          342    i.__scatterload_zeroinit  mc_w.l(handlers.o)
    0x08001c5a   0x00000002   PAD
    0x08001c5c   0x00000020   Data   RO          338    Region$$Table       anon$$obj.o


    Execution Region RW_IRAM1 (Base: 0x20000000, Size: 0x00000430, Max: 0x0000c000, ABSOLUTE)

    Base Addr    Size         Type   Attr      Idx    E Section Name        Object

    0x20000000   0x00000014   Data   RW          167    .data               system_stm32f10x.o
    0x20000014   0x00000014   Data   RW          197    .data               stm32f10x_rcc.o
    0x20000028   0x00000004   Data   RW          306    .data               bsp_led_display.o
    0x2000002c   0x00000004   PAD
    0x20000030   0x00000400   Zero   RW          136    STACK               startup_stm32f10x_hd.o


==============================================================================

Image component sizes


      Code (inc. data)   RO Data    RW Data    ZI Data      Debug   Object Name

        64          0          0          0          0        939   bsp_delay.o
       268          0          0          0          0       1854   bsp_eeprom_24xx.o
       492          4          0          0          0       3541   bsp_i2c_gpio.o
       996         22          0          4          0       4925   bsp_led_display.o
       134          0          0          0          0        825   bsp_timer.o
        32          0          0          0          0        532   core_cm3.o
        68          4          0          0          0     248814   eeprom_mem.o
       144         10          0          0          0       1472   main.o
       176         14          0          0          0       1725   misc.o
        36          8        304          0       1024        840   startup_stm32f10x_hd.o
       620         36          0          0          0       5505   stm32f10x_gpio.o
         2          0          0          0          0        390   stm32f10x_it.o
       692         32          0         20          0       8520   stm32f10x_rcc.o
      2804         86          0          0          0      21766   stm32f10x_tim.o
       340         32          0         20          0       1831   system_stm32f10x.o

    ----------------------------------------------------------------------
      6868        248        336         44       1028     303479   Object Totals
         0          0         32          0          0          0   (incl. Generated)
         0          0          0          0          4          0   (incl. Padding)

    ----------------------------------------------------------------------

      Code (inc. data)   RO Data    RW Data    ZI Data      Debug   Library Member Name

         0          0          0          0          0          0   entry.o
         0          0          0          0          0          0   entry10a.o
         0          0          0          0          0          0   entry11a.o
         8          4          0          0          0          0   entry2.o
         4          0          0          0          0          0   entry5.o
         0          0          0          0          0          0   entry7b.o
         0          0          0          0          0          0   entry8b.o
         8          4          0          0          0          0   entry9a.o
        30          0          0          0          0          0   handlers.o
        36          8          0          0          0         68   init.o

    ----------------------------------------------------------------------
        88         16          0          0          0         68   Library Totals
         2          0          0          0          0          0   (incl. Padding)

    ----------------------------------------------------------------------

      Code (inc. data)   RO Data    RW Data    ZI Data      Debug   Library Name

        86         16          0          0          0         68   mc_w.l

    ----------------------------------------------------------------------
        88         16          0          0          0         68   Library Totals

    ----------------------------------------------------------------------

==============================================================================


      Code (inc. data)   RO Data    RW Data    ZI Data      Debug   

      6956        264        336         44       1028     302347   Grand Totals
      6956        264        336         44       1028     302347   ELF Image Totals
      6956        264        336         44          0          0   ROM Totals

==============================================================================

    Total RO  Size (Code + RO Data)                 7292 (   7.12kB)
    Total RW  Size (RW Data + ZI Data)              1072 (   1.05kB)
    Total ROM Size (Code + RO Data + RW Data)       7336 (   7.16kB)

==============================================================================

