Component: ARM Compiler 5.05 update 2 (build 169) Tool: armlink [4d0f33]

==============================================================================

Section Cross References

    socket.o(.text) refers to w5500.o(.text) for WIZCHIP_WRITE
    socket.o(.text) refers to socket.o(.data) for sock_io_mode
    socket.o(.text) refers to socket.o(.bss) for sock_remained_size
    wizchip_conf.o(.text) refers to w5500.o(.text) for WIZCHIP_READ
    wizchip_conf.o(.text) refers to wizchip_conf.o(.data) for WIZCHIP
    wizchip_conf.o(.data) refers to wizchip_conf.o(.text) for wizchip_cris_enter
    w5500.o(.text) refers to wizchip_conf.o(.data) for WIZCHIP
    dhcp.o(.text) refers to w5500.o(.text) for WIZCHIP_WRITE_BUF
    dhcp.o(.text) refers to dhcp.o(.data) for DHCP_allocated_ip
    dhcp.o(.text) refers to socket.o(.text) for sendto
    dhcp.o(.data) refers to dhcp.o(.text) for default_ip_assign
    portevent.o(.text) refers to queue.o(.text) for xQueueGenericCreate
    portevent.o(.text) refers to tasks.o(.text) for xTaskGetTickCount
    portevent.o(.text) refers to portevent.o(.data) for eMailBoxEvent
    porttcp.o(.text) refers to portevent.o(.text) for vMBPortEventClose
    porttcp.o(.text) refers to task_w5500.o(.text) for get_tcp_rev_data
    porttcp.o(.text) refers to socket.o(.text) for send
    port_reg.o(.text) refers to tes on-chip ram.o(.text) for vPortEnterCritical
    port_reg.o(.text) refers to iap.o(.text) for iap_write_app_data
    port_reg.o(.text) refers to eeprom_mem.o(.text) for eeprom_write_update_done
    port_reg.o(.text) refers to tasks.o(.text) for vTaskDelay
    port_reg.o(.text) refers to port_reg.o(.data) for write_unlock
    mb.o(.text) refers to portevent.o(.text) for xMBPortEventInit
    mb.o(.text) refers to mbtcp.o(.text) for eMBTCPDoInit
    mb.o(.text) refers to tes on-chip ram.o(.text) for vPortEnterCritical
    mb.o(.text) refers to mb.o(.data) for ucMBAddress
    mb.o(.data) refers to mbfuncother.o(.text) for eMBFuncReportSlaveID
    mb.o(.data) refers to mbfuncinput.o(.text) for eMBFuncReadInputRegister
    mb.o(.data) refers to mbfuncholding.o(.text) for eMBFuncReadHoldingRegister
    mb.o(.data) refers to mbfunccoils.o(.text) for eMBFuncReadCoils
    mb.o(.data) refers to mbfuncdisc.o(.text) for eMBFuncReadDiscreteInputs
    mb.o(.data) refers to port_reg.o(.text) for eMBFuncUserDefine
    mbtcp.o(.text) refers to porttcp.o(.text) for xMBTCPPortInit
    mbfunccoils.o(.text) refers to port_reg.o(.text) for eMBRegCoilsCB
    mbfunccoils.o(.text) refers to mbutils.o(.text) for prveMBError2Exception
    mbfuncdisc.o(.text) refers to port_reg.o(.text) for eMBRegDiscreteCB
    mbfuncdisc.o(.text) refers to mbutils.o(.text) for prveMBError2Exception
    mbfuncholding.o(.text) refers to port_reg.o(.text) for eMBRegHoldingCB
    mbfuncholding.o(.text) refers to mbutils.o(.text) for prveMBError2Exception
    mbfuncinput.o(.text) refers to port_reg.o(.text) for eMBRegInputCB
    mbfuncinput.o(.text) refers to mbutils.o(.text) for prveMBError2Exception
    mbfuncother.o(.text) refers to memcpya.o(.text) for __aeabi_memcpy
    mbfuncother.o(.text) refers to mbfuncother.o(.data) for usMBSlaveIDLen
    mbfuncother.o(.text) refers to mbfuncother.o(.bss) for ucMBSlaveID
    queue.o(.text) refers to tes on-chip ram.o(.text) for vPortEnterCritical
    queue.o(.text) refers to tasks.o(.text) for xTaskRemoveFromEventList
    queue.o(.text) refers to list.o(.text) for vListInitialise
    queue.o(.text) refers to heap_2.o(.text) for pvPortMalloc
    queue.o(.text) refers to memcpya.o(.text) for __aeabi_memcpy
    tasks.o(.text) refers to list.o(.text) for vListInitialise
    tasks.o(.text) refers to tes on-chip ram.o(.text) for vPortEnterCritical
    tasks.o(.text) refers to heap_2.o(.text) for pvPortMalloc
    tasks.o(.text) refers to main.o(.text) for vApplicationTickHook
    tasks.o(.text) refers to tasks.o(.bss) for pxReadyTasksLists
    tasks.o(.text) refers to tasks.o(.data) for pxDelayedTaskList
    tes on-chip ram.o(.emb_text) refers to tasks.o(.text) for vTaskSwitchContext
    tes on-chip ram.o(.emb_text) refers to tasks.o(.data) for pxCurrentTCB
    tes on-chip ram.o(.text) refers to tes on-chip ram.o(.emb_text) for __asm___6_port_c_39a90d8d__prvStartFirstTask
    tes on-chip ram.o(.text) refers to tasks.o(.text) for xTaskIncrementTick
    tes on-chip ram.o(.text) refers to system_stm32f10x.o(.data) for SystemCoreClock
    tes on-chip ram.o(.text) refers to tes on-chip ram.o(.data) for uxCriticalNesting
    heap_2.o(.text) refers to tasks.o(.text) for vTaskSuspendAll
    heap_2.o(.text) refers to heap_2.o(.bss) for ucHeap
    heap_2.o(.text) refers to heap_2.o(.data) for xStart
    system_stm32f10x.o(.text) refers to system_stm32f10x.o(.data) for SystemCoreClock
    stm32f10x_gpio.o(.text) refers to stm32f10x_rcc.o(.text) for RCC_APB2PeriphResetCmd
    stm32f10x_i2c.o(.text) refers to stm32f10x_rcc.o(.text) for RCC_APB1PeriphResetCmd
    stm32f10x_rcc.o(.text) refers to stm32f10x_rcc.o(.data) for APBAHBPrescTable
    stm32f10x_spi.o(.text) refers to stm32f10x_rcc.o(.text) for RCC_APB2PeriphResetCmd
    stm32f10x_tim.o(.text) refers to stm32f10x_rcc.o(.text) for RCC_APB2PeriphResetCmd
    stm32f10x_usart.o(.text) refers to stm32f10x_rcc.o(.text) for RCC_APB2PeriphResetCmd
    startup_stm32f10x_hd.o(RESET) refers to startup_stm32f10x_hd.o(STACK) for __initial_sp
    startup_stm32f10x_hd.o(RESET) refers to startup_stm32f10x_hd.o(.text) for Reset_Handler
    startup_stm32f10x_hd.o(RESET) refers to stm32f10x_it.o(.text) for NMI_Handler
    startup_stm32f10x_hd.o(RESET) refers to tes on-chip ram.o(.emb_text) for SVC_Handler
    startup_stm32f10x_hd.o(RESET) refers to tes on-chip ram.o(.text) for SysTick_Handler
    startup_stm32f10x_hd.o(.text) refers to system_stm32f10x.o(.text) for SystemInit
    startup_stm32f10x_hd.o(.text) refers to entry.o(.ARM.Collect$$$$00000000) for __main
    main.o(.text) refers to bsp_led.o(.text) for led_init
    main.o(.text) refers to eeprom_mem.o(.text) for eeprom_init
    main.o(.text) refers to tasks.o(.text) for xTaskCreate
    main.o(.text) refers to stm32f10x_gpio.o(.text) for GPIO_SetBits
    main.o(.text) refers to dhcp.o(.text) for DHCP_time_handler
    main.o(.text) refers to iap.o(.text) for iap_init
    main.o(.text) refers to stm32f10x_rcc.o(.text) for RCC_APB2PeriphClockCmd
    main.o(.text) refers to misc.o(.text) for NVIC_PriorityGroupConfig
    main.o(.text) refers to task_w5500.o(.text) for w5500_dhcp_thread
    main.o(.text) refers to task_modbus.o(.text) for task_modbus
    main.o(.text) refers to main.o(.data) for ms_cnt
    bsp_led.o(.text) refers to stm32f10x_gpio.o(.text) for GPIO_Init
    bsp_i2c_gpio.o(.text) refers to bsp_delay.o(.text) for delay_nus
    bsp_i2c_gpio.o(.text) refers to stm32f10x_rcc.o(.text) for RCC_APB2PeriphClockCmd
    bsp_i2c_gpio.o(.text) refers to stm32f10x_gpio.o(.text) for GPIO_Init
    bsp_eeprom_24xx.o(.text) refers to bsp_i2c_gpio.o(.text) for i2c_check_connect
    bsp_w5500_port.o(.text) refers to stm32f10x_rcc.o(.text) for RCC_APB1PeriphClockCmd
    bsp_w5500_port.o(.text) refers to stm32f10x_gpio.o(.text) for GPIO_Init
    bsp_w5500_port.o(.text) refers to stm32f10x_spi.o(.text) for SPI_Init
    bsp_w5500_port.o(.text) refers to wizchip_conf.o(.text) for reg_wizchip_cris_cbfunc
    bsp_w5500_port.o(.text) refers to dhcp.o(.text) for getIPfromDHCP
    bsp_w5500_port.o(.text) refers to tasks.o(.text) for xTaskCreate
    bsp_w5500_port.o(.text) refers to w5500.o(.text) for WIZCHIP_WRITE_BUF
    bsp_w5500_port.o(.text) refers to tes on-chip ram.o(.text) for vPortExitCritical
    bsp_w5500_port.o(.text) refers to bsp_w5500_port.o(.data) for w5500_eth_info
    bsp_w5500_port.o(.text) refers to task_w5500.o(.text) for w5500_tcp_thread
    bsp_w5500_port.o(.text) refers to bsp_w5500_port.o(.constdata) for .constdata
    bsp_w5500_port.o(.text) refers to bsp_w5500_port.o(.bss) for w5500_buffer
    task_modbus.o(.text) refers to mb.o(.text) for eMBTCPInit
    task_w5500.o(.text) refers to bsp_w5500_port.o(.text) for w5500_init
    task_w5500.o(.text) refers to dhcp.o(.text) for DHCP_run
    task_w5500.o(.text) refers to tasks.o(.text) for vTaskDelay
    task_w5500.o(.text) refers to tes on-chip ram.o(.text) for vPortEnterCritical
    task_w5500.o(.text) refers to w5500.o(.text) for WIZCHIP_READ
    task_w5500.o(.text) refers to socket.o(.text) for recv
    task_w5500.o(.text) refers to portevent.o(.text) for xMBPortEventPost
    task_w5500.o(.text) refers to bsp_w5500_port.o(.bss) for w5500_buffer
    task_w5500.o(.text) refers to task_w5500.o(.data) for tcp_rec_data_len
    eeprom_mem.o(.text) refers to tes on-chip ram.o(.text) for vPortEnterCritical
    eeprom_mem.o(.text) refers to bsp_eeprom_24xx.o(.text) for ee_write_byts
    eeprom_mem.o(.text) refers to iap.o(.text) for start_user_app
    stm_flash.o(.text) refers to stm32f10x_flash.o(.text) for FLASH_ProgramHalfWord
    stm_flash.o(.text) refers to stm_flash.o(.bss) for STMFLASH_BUF
    iap.o(.text) refers to core_cm3.o(.emb_text) for __set_MSP
    iap.o(.text) refers to eeprom_mem.o(.text) for eeprom_write_update_done
    iap.o(.text) refers to stm_flash.o(.text) for STMFLASH_Write
    iap.o(.text) refers to misc.o(.text) for NVIC_SetVectorTable
    iap.o(.text) refers to iap.o(.bss) for iapbuf
    entry.o(.ARM.Collect$$$$00000000) refers (Special) to entry10a.o(.ARM.Collect$$$$0000000D) for __rt_final_cpp
    entry.o(.ARM.Collect$$$$00000000) refers (Special) to entry11a.o(.ARM.Collect$$$$0000000F) for __rt_final_exit
    entry.o(.ARM.Collect$$$$00000000) refers (Special) to entry7b.o(.ARM.Collect$$$$00000008) for _main_clock
    entry.o(.ARM.Collect$$$$00000000) refers (Special) to entry8b.o(.ARM.Collect$$$$0000000A) for _main_cpp_init
    entry.o(.ARM.Collect$$$$00000000) refers (Special) to entry9a.o(.ARM.Collect$$$$0000000B) for _main_init
    entry.o(.ARM.Collect$$$$00000000) refers (Special) to entry5.o(.ARM.Collect$$$$00000004) for _main_scatterload
    entry.o(.ARM.Collect$$$$00000000) refers (Special) to entry2.o(.ARM.Collect$$$$00000001) for _main_stk
    entry2.o(.ARM.Collect$$$$00000001) refers to entry2.o(.ARM.Collect$$$$00002712) for __lit__00000000
    entry2.o(.ARM.Collect$$$$00002712) refers to startup_stm32f10x_hd.o(STACK) for __initial_sp
    entry2.o(__vectab_stack_and_reset_area) refers to startup_stm32f10x_hd.o(STACK) for __initial_sp
    entry2.o(__vectab_stack_and_reset_area) refers to entry.o(.ARM.Collect$$$$00000000) for __main
    entry5.o(.ARM.Collect$$$$00000004) refers to init.o(.text) for __scatterload
    entry9a.o(.ARM.Collect$$$$0000000B) refers to main.o(.text) for main
    entry9b.o(.ARM.Collect$$$$0000000C) refers to main.o(.text) for main
    init.o(.text) refers to entry5.o(.ARM.Collect$$$$00000004) for __main_after_scatterload


==============================================================================

Removing Unused input sections from the image.

    Removing stm32f10x_i2c.o(.text), (1028 bytes).
    Removing stm32f10x_tim.o(.text), (3610 bytes).
    Removing stm32f10x_usart.o(.text), (1032 bytes).
    Removing startup_stm32f10x_hd.o(HEAP), (512 bytes).

4 unused section(s) (total 6182 bytes) removed from the image.

==============================================================================

Image Symbol Table

    Local Symbols

    Symbol Name                              Value     Ov Type        Size  Object(Section)

    ../clib/../cmprslib/zerorunl2.c          0x00000000   Number         0  __dczerorl2.o ABSOLUTE
    ../clib/microlib/init/entry.s            0x00000000   Number         0  entry8b.o ABSOLUTE
    ../clib/microlib/init/entry.s            0x00000000   Number         0  entry9a.o ABSOLUTE
    ../clib/microlib/init/entry.s            0x00000000   Number         0  entry11b.o ABSOLUTE
    ../clib/microlib/init/entry.s            0x00000000   Number         0  entry.o ABSOLUTE
    ../clib/microlib/init/entry.s            0x00000000   Number         0  entry11a.o ABSOLUTE
    ../clib/microlib/init/entry.s            0x00000000   Number         0  entry10b.o ABSOLUTE
    ../clib/microlib/init/entry.s            0x00000000   Number         0  entry2.o ABSOLUTE
    ../clib/microlib/init/entry.s            0x00000000   Number         0  entry5.o ABSOLUTE
    ../clib/microlib/init/entry.s            0x00000000   Number         0  entry7a.o ABSOLUTE
    ../clib/microlib/init/entry.s            0x00000000   Number         0  entry7b.o ABSOLUTE
    ../clib/microlib/init/entry.s            0x00000000   Number         0  entry10a.o ABSOLUTE
    ../clib/microlib/init/entry.s            0x00000000   Number         0  entry9b.o ABSOLUTE
    ../clib/microlib/init/entry.s            0x00000000   Number         0  entry8a.o ABSOLUTE
    ../clib/microlib/string/memcpy.c         0x00000000   Number         0  memcpyb.o ABSOLUTE
    ../clib/microlib/string/memcpy.c         0x00000000   Number         0  memcpya.o ABSOLUTE
    ..\\lib\\FreeRTOS\\Source\\portable\\RVDS\\ARM_CM3\\port.c 0x00000000   Number         0  tes on-chip ram.o ABSOLUTE
    ..\\lib\\st_lib\\cmsis\\core_cm3.c       0x00000000   Number         0  core_cm3.o ABSOLUTE
    ..\lib\FreeRTOS\Source\list.c            0x00000000   Number         0  list.o ABSOLUTE
    ..\lib\FreeRTOS\Source\portable\MemMang\heap_2.c 0x00000000   Number         0  heap_2.o ABSOLUTE
    ..\lib\FreeRTOS\Source\portable\RVDS\ARM_CM3\port.c 0x00000000   Number         0  tes on-chip ram.o ABSOLUTE
    ..\lib\FreeRTOS\Source\queue.c           0x00000000   Number         0  queue.o ABSOLUTE
    ..\lib\FreeRTOS\Source\tasks.c           0x00000000   Number         0  tasks.o ABSOLUTE
    ..\lib\FreeRTOS\Source\timers.c          0x00000000   Number         0  timers.o ABSOLUTE
    ..\lib\freemodbus\modbus\functions\mbfunccoils.c 0x00000000   Number         0  mbfunccoils.o ABSOLUTE
    ..\lib\freemodbus\modbus\functions\mbfuncdiag.c 0x00000000   Number         0  mbfuncdiag.o ABSOLUTE
    ..\lib\freemodbus\modbus\functions\mbfuncdisc.c 0x00000000   Number         0  mbfuncdisc.o ABSOLUTE
    ..\lib\freemodbus\modbus\functions\mbfuncholding.c 0x00000000   Number         0  mbfuncholding.o ABSOLUTE
    ..\lib\freemodbus\modbus\functions\mbfuncinput.c 0x00000000   Number         0  mbfuncinput.o ABSOLUTE
    ..\lib\freemodbus\modbus\functions\mbfuncother.c 0x00000000   Number         0  mbfuncother.o ABSOLUTE
    ..\lib\freemodbus\modbus\functions\mbutils.c 0x00000000   Number         0  mbutils.o ABSOLUTE
    ..\lib\freemodbus\modbus\mb.c            0x00000000   Number         0  mb.o ABSOLUTE
    ..\lib\freemodbus\modbus\tcp\mbtcp.c     0x00000000   Number         0  mbtcp.o ABSOLUTE
    ..\lib\freemodbus\stm32f103_port\port_reg.c 0x00000000   Number         0  port_reg.o ABSOLUTE
    ..\lib\freemodbus\stm32f103_port\portevent.c 0x00000000   Number         0  portevent.o ABSOLUTE
    ..\lib\freemodbus\stm32f103_port\porttcp.c 0x00000000   Number         0  porttcp.o ABSOLUTE
    ..\lib\ioLibrary_Driver-master\Ethernet\W5500\w5500.c 0x00000000   Number         0  w5500.o ABSOLUTE
    ..\lib\ioLibrary_Driver-master\Ethernet\socket.c 0x00000000   Number         0  socket.o ABSOLUTE
    ..\lib\ioLibrary_Driver-master\Ethernet\wizchip_conf.c 0x00000000   Number         0  wizchip_conf.o ABSOLUTE
    ..\lib\ioLibrary_Driver-master\Internet\DHCP\dhcp.c 0x00000000   Number         0  dhcp.o ABSOLUTE
    ..\lib\st_lib\cmsis\core_cm3.c           0x00000000   Number         0  core_cm3.o ABSOLUTE
    ..\lib\st_lib\cmsis\startup\startup_stm32f10x_hd.s 0x00000000   Number         0  startup_stm32f10x_hd.o ABSOLUTE
    ..\lib\st_lib\cmsis\system_stm32f10x.c   0x00000000   Number         0  system_stm32f10x.o ABSOLUTE
    ..\lib\st_lib\fwlib\src\misc.c           0x00000000   Number         0  misc.o ABSOLUTE
    ..\lib\st_lib\fwlib\src\stm32f10x_flash.c 0x00000000   Number         0  stm32f10x_flash.o ABSOLUTE
    ..\lib\st_lib\fwlib\src\stm32f10x_gpio.c 0x00000000   Number         0  stm32f10x_gpio.o ABSOLUTE
    ..\lib\st_lib\fwlib\src\stm32f10x_i2c.c  0x00000000   Number         0  stm32f10x_i2c.o ABSOLUTE
    ..\lib\st_lib\fwlib\src\stm32f10x_rcc.c  0x00000000   Number         0  stm32f10x_rcc.o ABSOLUTE
    ..\lib\st_lib\fwlib\src\stm32f10x_spi.c  0x00000000   Number         0  stm32f10x_spi.o ABSOLUTE
    ..\lib\st_lib\fwlib\src\stm32f10x_tim.c  0x00000000   Number         0  stm32f10x_tim.o ABSOLUTE
    ..\lib\st_lib\fwlib\src\stm32f10x_usart.c 0x00000000   Number         0  stm32f10x_usart.o ABSOLUTE
    ..\src\APP\eeprom_mem.c                  0x00000000   Number         0  eeprom_mem.o ABSOLUTE
    ..\src\BSP\bsp_delay.c                   0x00000000   Number         0  bsp_delay.o ABSOLUTE
    ..\src\BSP\bsp_eeprom_24xx.c             0x00000000   Number         0  bsp_eeprom_24xx.o ABSOLUTE
    ..\src\BSP\bsp_i2c_gpio.c                0x00000000   Number         0  bsp_i2c_gpio.o ABSOLUTE
    ..\src\BSP\bsp_led.c                     0x00000000   Number         0  bsp_led.o ABSOLUTE
    ..\src\BSP\bsp_w5500_port.c              0x00000000   Number         0  bsp_w5500_port.o ABSOLUTE
    ..\src\IAP\IAP.c                         0x00000000   Number         0  iap.o ABSOLUTE
    ..\src\STM_FLASH\stm_flash.c             0x00000000   Number         0  stm_flash.o ABSOLUTE
    ..\src\main.c                            0x00000000   Number         0  main.o ABSOLUTE
    ..\src\stm32f10x_it.c                    0x00000000   Number         0  stm32f10x_it.o ABSOLUTE
    ..\src\task\task_modbus.c                0x00000000   Number         0  task_modbus.o ABSOLUTE
    ..\src\task\task_w5500.c                 0x00000000   Number         0  task_w5500.o ABSOLUTE
    dc.s                                     0x00000000   Number         0  dc.o ABSOLUTE
    handlers.s                               0x00000000   Number         0  handlers.o ABSOLUTE
    init.s                                   0x00000000   Number         0  init.o ABSOLUTE
    RESET                                    0x08007800   Section      304  startup_stm32f10x_hd.o(RESET)
    .ARM.Collect$$$$00000000                 0x08007930   Section        0  entry.o(.ARM.Collect$$$$00000000)
    .ARM.Collect$$$$00000001                 0x08007930   Section        4  entry2.o(.ARM.Collect$$$$00000001)
    .ARM.Collect$$$$00000004                 0x08007934   Section        4  entry5.o(.ARM.Collect$$$$00000004)
    .ARM.Collect$$$$00000008                 0x08007938   Section        0  entry7b.o(.ARM.Collect$$$$00000008)
    .ARM.Collect$$$$0000000A                 0x08007938   Section        0  entry8b.o(.ARM.Collect$$$$0000000A)
    .ARM.Collect$$$$0000000B                 0x08007938   Section        8  entry9a.o(.ARM.Collect$$$$0000000B)
    .ARM.Collect$$$$0000000D                 0x08007940   Section        0  entry10a.o(.ARM.Collect$$$$0000000D)
    .ARM.Collect$$$$0000000F                 0x08007940   Section        0  entry11a.o(.ARM.Collect$$$$0000000F)
    .ARM.Collect$$$$00002712                 0x08007940   Section        4  entry2.o(.ARM.Collect$$$$00002712)
    __lit__00000000                          0x08007940   Data           4  entry2.o(.ARM.Collect$$$$00002712)
    .emb_text                                0x08007944   Section      150  tes on-chip ram.o(.emb_text)
    .emb_text                                0x080079dc   Section       32  core_cm3.o(.emb_text)
    .text                                    0x080079fc   Section        0  socket.o(.text)
    .text                                    0x08008a10   Section        0  wizchip_conf.o(.text)
    .text                                    0x080090cc   Section        0  w5500.o(.text)
    .text                                    0x08009508   Section        0  dhcp.o(.text)
    .text                                    0x0800a500   Section        0  portevent.o(.text)
    .text                                    0x0800a5fc   Section        0  porttcp.o(.text)
    .text                                    0x0800a634   Section        0  port_reg.o(.text)
    .text                                    0x0800a760   Section        0  mb.o(.text)
    .text                                    0x0800aa44   Section        0  mbtcp.o(.text)
    .text                                    0x0800aada   Section        0  mbfunccoils.o(.text)
    .text                                    0x0800ac88   Section        0  mbfuncdisc.o(.text)
    .text                                    0x0800ad34   Section        0  mbfuncholding.o(.text)
    .text                                    0x0800af44   Section        0  mbfuncinput.o(.text)
    .text                                    0x0800afd0   Section        0  mbfuncother.o(.text)
    .text                                    0x0800b064   Section        0  mbutils.o(.text)
    .text                                    0x0800b110   Section        0  list.o(.text)
    .text                                    0x0800b1a4   Section        0  queue.o(.text)
    prvInitialiseNewQueue                    0x0800b21f   Thumb Code    38  queue.o(.text)
    prvUnlockQueue                           0x0800b27d   Thumb Code   126  queue.o(.text)
    prvIsQueueFull                           0x0800b2fb   Thumb Code    30  queue.o(.text)
    prvCopyDataToQueue                       0x0800b319   Thumb Code   124  queue.o(.text)
    prvInitialiseMutex                       0x0800b4a9   Thumb Code    28  queue.o(.text)
    prvIsQueueEmpty                          0x0800b5e9   Thumb Code    26  queue.o(.text)
    prvCopyDataFromQueue                     0x0800b603   Thumb Code    42  queue.o(.text)
    prvGetDisinheritPriorityAfterTimeout     0x0800b72d   Thumb Code    20  queue.o(.text)
    .text                                    0x0800baa0   Section        0  tasks.o(.text)
    prvInitialiseTaskLists                   0x0800baa1   Thumb Code    70  tasks.o(.text)
    prvAddNewTaskToReadyList                 0x0800bae7   Thumb Code   150  tasks.o(.text)
    prvInitialiseNewTask                     0x0800bb7d   Thumb Code   134  tasks.o(.text)
    prvResetNextTaskUnblockTime              0x0800bc63   Thumb Code    42  tasks.o(.text)
    prvDeleteTCB                             0x0800bc8d   Thumb Code    18  tasks.o(.text)
    prvAddCurrentTaskToDelayedList           0x0800bf5b   Thumb Code   124  tasks.o(.text)
    prvTaskIsTaskSuspended                   0x0800c2a9   Thumb Code   116  tasks.o(.text)
    prvCheckTasksWaitingTermination          0x0800c407   Thumb Code    60  tasks.o(.text)
    prvIdleTask                              0x0800c443   Thumb Code    32  tasks.o(.text)
    .text                                    0x0800cc68   Section        0  tes on-chip ram.o(.text)
    prvTaskExitError                         0x0800cc69   Thumb Code    22  tes on-chip ram.o(.text)
    .text                                    0x0800cd68   Section        0  heap_2.o(.text)
    prvHeapInit                              0x0800cd69   Thumb Code    42  heap_2.o(.text)
    .text                                    0x0800ce8c   Section        0  misc.o(.text)
    .text                                    0x0800cf68   Section        0  system_stm32f10x.o(.text)
    SetSysClockTo72                          0x0800cf69   Thumb Code   214  system_stm32f10x.o(.text)
    SetSysClock                              0x0800d03f   Thumb Code     8  system_stm32f10x.o(.text)
    .text                                    0x0800d148   Section        0  stm32f10x_gpio.o(.text)
    .text                                    0x0800d4a4   Section        0  stm32f10x_rcc.o(.text)
    .text                                    0x0800d848   Section        0  stm32f10x_spi.o(.text)
    .text                                    0x0800db54   Section       36  startup_stm32f10x_hd.o(.text)
    .text                                    0x0800db78   Section        0  stm32f10x_flash.o(.text)
    .text                                    0x0800e134   Section        0  main.o(.text)
    .text                                    0x0800e268   Section        0  stm32f10x_it.o(.text)
    .text                                    0x0800e27c   Section        0  bsp_led.o(.text)
    .text                                    0x0800e2a0   Section        0  bsp_i2c_gpio.o(.text)
    i2c_Delay                                0x0800e2a1   Thumb Code    10  bsp_i2c_gpio.o(.text)
    .text                                    0x0800e4e8   Section        0  bsp_eeprom_24xx.o(.text)
    .text                                    0x0800e60c   Section        0  bsp_w5500_port.o(.text)
    .text                                    0x0800e88c   Section        0  bsp_delay.o(.text)
    .text                                    0x0800e8e6   Section        0  task_modbus.o(.text)
    .text                                    0x0800e8f8   Section        0  task_w5500.o(.text)
    .text                                    0x0800ea10   Section        0  eeprom_mem.o(.text)
    .text                                    0x0800eb04   Section        0  stm_flash.o(.text)
    STMFLASH_Read                            0x0800eb05   Thumb Code    26  stm_flash.o(.text)
    STMFLASH_Write_NoCheck                   0x0800eb1f   Thumb Code    38  stm_flash.o(.text)
    .text                                    0x0800ec2c   Section        0  iap.o(.text)
    .text                                    0x0800ecf4   Section        0  memcpya.o(.text)
    .text                                    0x0800ed18   Section       36  init.o(.text)
    .text                                    0x0800ed3c   Section        0  __dczerorl2.o(.text)
    i.__scatterload_copy                     0x0800ed92   Section       14  handlers.o(i.__scatterload_copy)
    i.__scatterload_null                     0x0800eda0   Section        2  handlers.o(i.__scatterload_null)
    i.__scatterload_zeroinit                 0x0800eda2   Section       14  handlers.o(i.__scatterload_zeroinit)
    .constdata                               0x0800edb0   Section       16  bsp_w5500_port.o(.constdata)
    .data                                    0x20000000   Section       14  socket.o(.data)
    sock_any_port                            0x20000000   Data           2  socket.o(.data)
    sock_io_mode                             0x20000002   Data           2  socket.o(.data)
    sock_is_sending                          0x20000004   Data           2  socket.o(.data)
    .data                                    0x20000010   Section       45  wizchip_conf.o(.data)
    _DNS_                                    0x20000038   Data           4  wizchip_conf.o(.data)
    _DHCP_                                   0x2000003c   Data           1  wizchip_conf.o(.data)
    .data                                    0x20000040   Section       76  dhcp.o(.data)
    .data                                    0x2000008c   Section        5  portevent.o(.data)
    xMailBox                                 0x2000008c   Data           4  portevent.o(.data)
    eMailBoxEvent                            0x20000090   Data           1  portevent.o(.data)
    .data                                    0x20000091   Section        2  port_reg.o(.data)
    write_unlock                             0x20000091   Data           1  port_reg.o(.data)
    update_enable                            0x20000092   Data           1  port_reg.o(.data)
    .data                                    0x20000094   Section      181  mb.o(.data)
    ucMBAddress                              0x20000094   Data           1  mb.o(.data)
    eMBCurrentMode                           0x20000095   Data           1  mb.o(.data)
    eMBState                                 0x20000096   Data           1  mb.o(.data)
    peMBFrameSendCur                         0x20000098   Data           4  mb.o(.data)
    pvMBFrameStartCur                        0x2000009c   Data           4  mb.o(.data)
    pvMBFrameStopCur                         0x200000a0   Data           4  mb.o(.data)
    peMBFrameReceiveCur                      0x200000a4   Data           4  mb.o(.data)
    pvMBFrameCloseCur                        0x200000a8   Data           4  mb.o(.data)
    xFuncHandlers                            0x200000c0   Data         128  mb.o(.data)
    ucMBFrame                                0x20000140   Data           4  mb.o(.data)
    ucRcvAddress                             0x20000144   Data           1  mb.o(.data)
    ucFunctionCode                           0x20000145   Data           1  mb.o(.data)
    usLength                                 0x20000146   Data           2  mb.o(.data)
    eException                               0x20000148   Data           1  mb.o(.data)
    .data                                    0x2000014a   Section        2  mbfuncother.o(.data)
    usMBSlaveIDLen                           0x2000014a   Data           2  mbfuncother.o(.data)
    .data                                    0x2000014c   Section       60  tasks.o(.data)
    pxDelayedTaskList                        0x20000150   Data           4  tasks.o(.data)
    pxOverflowDelayedTaskList                0x20000154   Data           4  tasks.o(.data)
    uxDeletedTasksWaitingCleanUp             0x20000158   Data           4  tasks.o(.data)
    uxCurrentNumberOfTasks                   0x2000015c   Data           4  tasks.o(.data)
    xTickCount                               0x20000160   Data           4  tasks.o(.data)
    uxTopReadyPriority                       0x20000164   Data           4  tasks.o(.data)
    xSchedulerRunning                        0x20000168   Data           4  tasks.o(.data)
    uxPendedTicks                            0x2000016c   Data           4  tasks.o(.data)
    xYieldPending                            0x20000170   Data           4  tasks.o(.data)
    xNumOfOverflows                          0x20000174   Data           4  tasks.o(.data)
    uxTaskNumber                             0x20000178   Data           4  tasks.o(.data)
    xNextTaskUnblockTime                     0x2000017c   Data           4  tasks.o(.data)
    xIdleTaskHandle                          0x20000180   Data           4  tasks.o(.data)
    uxSchedulerSuspended                     0x20000184   Data           4  tasks.o(.data)
    .data                                    0x20000188   Section        4  tes on-chip ram.o(.data)
    uxCriticalNesting                        0x20000188   Data           4  tes on-chip ram.o(.data)
    .data                                    0x2000018c   Section       24  heap_2.o(.data)
    xStart                                   0x2000018c   Data           8  heap_2.o(.data)
    xEnd                                     0x20000194   Data           8  heap_2.o(.data)
    xFreeBytesRemaining                      0x2000019c   Data           4  heap_2.o(.data)
    xHeapHasBeenInitialised                  0x200001a0   Data           4  heap_2.o(.data)
    .data                                    0x200001a4   Section       20  system_stm32f10x.o(.data)
    .data                                    0x200001b8   Section       20  stm32f10x_rcc.o(.data)
    APBAHBPrescTable                         0x200001b8   Data          16  stm32f10x_rcc.o(.data)
    ADCPrescTable                            0x200001c8   Data           4  stm32f10x_rcc.o(.data)
    .data                                    0x200001cc   Section        5  main.o(.data)
    ms_cnt                                   0x200001cc   Data           4  main.o(.data)
    toggle                                   0x200001d0   Data           1  main.o(.data)
    .data                                    0x200001d4   Section       28  bsp_w5500_port.o(.data)
    tcp_task_handle                          0x200001ec   Data           4  bsp_w5500_port.o(.data)
    .data                                    0x200001f0   Section        2  task_w5500.o(.data)
    tcp_rec_data_len                         0x200001f0   Data           2  task_w5500.o(.data)
    .bss                                     0x200001f4   Section       16  socket.o(.bss)
    sock_remained_size                       0x200001f4   Data          16  socket.o(.bss)
    .bss                                     0x20000204   Section       32  mbfuncother.o(.bss)
    ucMBSlaveID                              0x20000204   Data          32  mbfuncother.o(.bss)
    .bss                                     0x20000224   Section      200  tasks.o(.bss)
    pxReadyTasksLists                        0x20000224   Data         100  tasks.o(.bss)
    xDelayedTaskList1                        0x20000288   Data          20  tasks.o(.bss)
    xDelayedTaskList2                        0x2000029c   Data          20  tasks.o(.bss)
    xPendingReadyList                        0x200002b0   Data          20  tasks.o(.bss)
    xTasksWaitingTermination                 0x200002c4   Data          20  tasks.o(.bss)
    xSuspendedTaskList                       0x200002d8   Data          20  tasks.o(.bss)
    .bss                                     0x200002ec   Section    17408  heap_2.o(.bss)
    ucHeap                                   0x200002ec   Data       17408  heap_2.o(.bss)
    .bss                                     0x200046ec   Section     2048  bsp_w5500_port.o(.bss)
    .bss                                     0x20004eec   Section     2048  stm_flash.o(.bss)
    STMFLASH_BUF                             0x20004eec   Data        2048  stm_flash.o(.bss)
    .bss                                     0x200056ec   Section     2048  iap.o(.bss)
    iapbuf                                   0x200056ec   Data        2048  iap.o(.bss)
    STACK                                    0x20005ef0   Section     1024  startup_stm32f10x_hd.o(STACK)

    Global Symbols

    Symbol Name                              Value     Ov Type        Size  Object(Section)

    BuildAttributes$$THM_ISAv4$P$D$K$B$S$PE$A:L22UL41UL21$X:L11$S22US41US21$IEEE1$IW$USESV6$~STKCKD$USESV7$~SHL$OSPACE$EBA8$MICROLIB$REQ8$PRES8$EABIv2 0x00000000   Number         0  anon$$obj.o ABSOLUTE
    __ARM_use_no_argv                        0x00000000   Number         0  main.o ABSOLUTE
    __cpp_initialize__aeabi_                  - Undefined Weak Reference
    __cxa_finalize                            - Undefined Weak Reference
    _clock_init                               - Undefined Weak Reference
    _microlib_exit                            - Undefined Weak Reference
    __Vectors_Size                           0x00000130   Number         0  startup_stm32f10x_hd.o ABSOLUTE
    __Vectors                                0x08007800   Data           4  startup_stm32f10x_hd.o(RESET)
    __Vectors_End                            0x08007930   Data           0  startup_stm32f10x_hd.o(RESET)
    __main                                   0x08007931   Thumb Code     0  entry.o(.ARM.Collect$$$$00000000)
    _main_stk                                0x08007931   Thumb Code     0  entry2.o(.ARM.Collect$$$$00000001)
    _main_scatterload                        0x08007935   Thumb Code     0  entry5.o(.ARM.Collect$$$$00000004)
    __main_after_scatterload                 0x08007939   Thumb Code     0  entry5.o(.ARM.Collect$$$$00000004)
    _main_clock                              0x08007939   Thumb Code     0  entry7b.o(.ARM.Collect$$$$00000008)
    _main_cpp_init                           0x08007939   Thumb Code     0  entry8b.o(.ARM.Collect$$$$0000000A)
    _main_init                               0x08007939   Thumb Code     0  entry9a.o(.ARM.Collect$$$$0000000B)
    __rt_final_cpp                           0x08007941   Thumb Code     0  entry10a.o(.ARM.Collect$$$$0000000D)
    __rt_final_exit                          0x08007941   Thumb Code     0  entry11a.o(.ARM.Collect$$$$0000000F)
    SVC_Handler                              0x08007945   Thumb Code    32  tes on-chip ram.o(.emb_text)
    __asm___6_port_c_39a90d8d__prvStartFirstTask 0x08007969   Thumb Code    28  tes on-chip ram.o(.emb_text)
    PendSV_Handler                           0x08007989   Thumb Code    72  tes on-chip ram.o(.emb_text)
    vPortGetIPSR                             0x080079d5   Thumb Code     6  tes on-chip ram.o(.emb_text)
    __get_PSP                                0x080079dd   Thumb Code     6  core_cm3.o(.emb_text)
    __set_PSP                                0x080079e3   Thumb Code     6  core_cm3.o(.emb_text)
    __get_MSP                                0x080079e9   Thumb Code     6  core_cm3.o(.emb_text)
    __set_MSP                                0x080079ef   Thumb Code     6  core_cm3.o(.emb_text)
    __REV16                                  0x080079f5   Thumb Code     4  core_cm3.o(.emb_text)
    __REVSH                                  0x080079f9   Thumb Code     4  core_cm3.o(.emb_text)
    close                                    0x080079fd   Thumb Code   142  socket.o(.text)
    socket                                   0x08007a8b   Thumb Code   378  socket.o(.text)
    listen                                   0x08007c05   Thumb Code   158  socket.o(.text)
    connect                                  0x08007ca3   Thumb Code   342  socket.o(.text)
    disconnect                               0x08007df9   Thumb Code   202  socket.o(.text)
    send                                     0x08007ec3   Thumb Code   374  socket.o(.text)
    recv                                     0x08008039   Thumb Code   282  socket.o(.text)
    sendto                                   0x08008153   Thumb Code   520  socket.o(.text)
    recvfrom                                 0x0800835b   Thumb Code   608  socket.o(.text)
    ctlsocket                                0x080085bb   Thumb Code   306  socket.o(.text)
    setsockopt                               0x080086ed   Thumb Code   398  socket.o(.text)
    getsockopt                               0x0800887b   Thumb Code   398  socket.o(.text)
    wizchip_cris_enter                       0x08008a11   Thumb Code     2  wizchip_conf.o(.text)
    wizchip_cris_exit                        0x08008a13   Thumb Code     2  wizchip_conf.o(.text)
    wizchip_cs_select                        0x08008a15   Thumb Code     2  wizchip_conf.o(.text)
    wizchip_cs_deselect                      0x08008a17   Thumb Code     2  wizchip_conf.o(.text)
    wizchip_bus_readdata                     0x08008a19   Thumb Code     6  wizchip_conf.o(.text)
    wizchip_bus_writedata                    0x08008a1f   Thumb Code     4  wizchip_conf.o(.text)
    wizchip_spi_readbyte                     0x08008a23   Thumb Code     4  wizchip_conf.o(.text)
    wizchip_spi_writebyte                    0x08008a27   Thumb Code     2  wizchip_conf.o(.text)
    wizchip_spi_readburst                    0x08008a29   Thumb Code     2  wizchip_conf.o(.text)
    wizchip_spi_writeburst                   0x08008a2b   Thumb Code     2  wizchip_conf.o(.text)
    reg_wizchip_cris_cbfunc                  0x08008a2d   Thumb Code    30  wizchip_conf.o(.text)
    reg_wizchip_cs_cbfunc                    0x08008a4b   Thumb Code    30  wizchip_conf.o(.text)
    reg_wizchip_bus_cbfunc                   0x08008a69   Thumb Code    44  wizchip_conf.o(.text)
    reg_wizchip_spi_cbfunc                   0x08008a95   Thumb Code    44  wizchip_conf.o(.text)
    reg_wizchip_spiburst_cbfunc              0x08008ac1   Thumb Code    42  wizchip_conf.o(.text)
    wizphy_getphylink                        0x08008aeb   Thumb Code    26  wizchip_conf.o(.text)
    wizphy_getphypmode                       0x08008b05   Thumb Code    28  wizchip_conf.o(.text)
    wizphy_reset                             0x08008b21   Thumb Code    52  wizchip_conf.o(.text)
    wizphy_setphypmode                       0x08008b55   Thumb Code   100  wizchip_conf.o(.text)
    wizphy_getphyconf                        0x08008bb9   Thumb Code   120  wizchip_conf.o(.text)
    wizphy_setphyconf                        0x08008c31   Thumb Code    88  wizchip_conf.o(.text)
    wizchip_getinterruptmask                 0x08008c89   Thumb Code    40  wizchip_conf.o(.text)
    wizchip_setinterruptmask                 0x08008cb1   Thumb Code    30  wizchip_conf.o(.text)
    wizchip_getinterrupt                     0x08008ccf   Thumb Code    42  wizchip_conf.o(.text)
    wizchip_clrinterrupt                     0x08008cf9   Thumb Code    32  wizchip_conf.o(.text)
    wizchip_sw_reset                         0x08008d19   Thumb Code   114  wizchip_conf.o(.text)
    wizchip_init                             0x08008d8b   Thumb Code   150  wizchip_conf.o(.text)
    ctlwizchip                               0x08008e21   Thumb Code   276  wizchip_conf.o(.text)
    wizchip_gettimeout                       0x08008f35   Thumb Code    40  wizchip_conf.o(.text)
    wizchip_settimeout                       0x08008f5d   Thumb Code    38  wizchip_conf.o(.text)
    wizchip_getnetmode                       0x08008f83   Thumb Code    10  wizchip_conf.o(.text)
    wizchip_setnetmode                       0x08008f8d   Thumb Code    38  wizchip_conf.o(.text)
    wizchip_getnetinfo                       0x08008fb3   Thumb Code    82  wizchip_conf.o(.text)
    wizchip_setnetinfo                       0x08009005   Thumb Code    80  wizchip_conf.o(.text)
    ctlnetwork                               0x08009055   Thumb Code    80  wizchip_conf.o(.text)
    wizphy_getphystat                        0x080090a5   Thumb Code    28  wizchip_conf.o(.text)
    WIZCHIP_READ                             0x080090cd   Thumb Code   112  w5500.o(.text)
    WIZCHIP_WRITE                            0x0800913d   Thumb Code   112  w5500.o(.text)
    WIZCHIP_READ_BUF                         0x080091ad   Thumb Code   136  w5500.o(.text)
    WIZCHIP_WRITE_BUF                        0x08009235   Thumb Code   132  w5500.o(.text)
    getSn_TX_FSR                             0x080092b9   Thumb Code   108  w5500.o(.text)
    getSn_RX_RSR                             0x08009325   Thumb Code   108  w5500.o(.text)
    wiz_send_data                            0x08009391   Thumb Code   132  w5500.o(.text)
    wiz_recv_data                            0x08009415   Thumb Code   132  w5500.o(.text)
    wiz_recv_ignore                          0x08009499   Thumb Code   110  w5500.o(.text)
    default_ip_assign                        0x08009509   Thumb Code    38  dhcp.o(.text)
    default_ip_update                        0x0800952f   Thumb Code    34  dhcp.o(.text)
    default_ip_conflict                      0x08009551   Thumb Code    30  dhcp.o(.text)
    reg_dhcp_cbfunc                          0x0800956f   Thumb Code    46  dhcp.o(.text)
    makeDHCPMSG                              0x0800959d   Thumb Code   386  dhcp.o(.text)
    send_DHCP_DISCOVER                       0x0800971f   Thumb Code   572  dhcp.o(.text)
    send_DHCP_REQUEST                        0x0800995b   Thumb Code   886  dhcp.o(.text)
    send_DHCP_DECLINE                        0x08009cd1   Thumb Code   522  dhcp.o(.text)
    parseDHCPMSG                             0x08009edb   Thumb Code   454  dhcp.o(.text)
    reset_DHCP_timeout                       0x0800a0a1   Thumb Code    20  dhcp.o(.text)
    check_DHCP_timeout                       0x0800a0b5   Thumb Code   208  dhcp.o(.text)
    check_DHCP_leasedIP                      0x0800a185   Thumb Code    88  dhcp.o(.text)
    DHCP_run                                 0x0800a1dd   Thumb Code   424  dhcp.o(.text)
    DHCP_stop                                0x0800a385   Thumb Code    18  dhcp.o(.text)
    DHCP_init                                0x0800a397   Thumb Code   150  dhcp.o(.text)
    DHCP_time_handler                        0x0800a42d   Thumb Code    12  dhcp.o(.text)
    getIPfromDHCP                            0x0800a439   Thumb Code    26  dhcp.o(.text)
    getGWfromDHCP                            0x0800a453   Thumb Code    26  dhcp.o(.text)
    getSNfromDHCP                            0x0800a46d   Thumb Code    26  dhcp.o(.text)
    getDNSfromDHCP                           0x0800a487   Thumb Code    26  dhcp.o(.text)
    getDHCPLeasetime                         0x0800a4a1   Thumb Code     6  dhcp.o(.text)
    xMBPortEventInit                         0x0800a501   Thumb Code    36  portevent.o(.text)
    vMBPortEventClose                        0x0800a525   Thumb Code    44  portevent.o(.text)
    xMBPortEventPost                         0x0800a551   Thumb Code    28  portevent.o(.text)
    sys_arch_mbox_fetch                      0x0800a56d   Thumb Code    94  portevent.o(.text)
    xMBPortEventGet                          0x0800a5cb   Thumb Code    42  portevent.o(.text)
    xMBTCPPortInit                           0x0800a5fd   Thumb Code     6  porttcp.o(.text)
    vMBTCPPortClose                          0x0800a603   Thumb Code     8  porttcp.o(.text)
    vMBTCPPortDisable                        0x0800a60b   Thumb Code     2  porttcp.o(.text)
    xMBTCPPortGetRequest                     0x0800a60d   Thumb Code    18  porttcp.o(.text)
    xMBTCPPortSendResponse                   0x0800a61f   Thumb Code    20  porttcp.o(.text)
    eMBRegInputCB                            0x0800a635   Thumb Code     6  port_reg.o(.text)
    eMBRegHoldingCB                          0x0800a63b   Thumb Code     8  port_reg.o(.text)
    eMBRegCoilsCB                            0x0800a643   Thumb Code     8  port_reg.o(.text)
    eMBRegDiscreteCB                         0x0800a64b   Thumb Code     6  port_reg.o(.text)
    eMBFuncUserDefine                        0x0800a651   Thumb Code   262  port_reg.o(.text)
    eMBInit                                  0x0800a761   Thumb Code    70  mb.o(.text)
    eMBTCPInit                               0x0800a7a7   Thumb Code    86  mb.o(.text)
    eMBRegisterCB                            0x0800a7fd   Thumb Code   138  mb.o(.text)
    eMBClose                                 0x0800a887   Thumb Code    32  mb.o(.text)
    eMBEnable                                0x0800a8a7   Thumb Code    32  mb.o(.text)
    eMBDisable                               0x0800a8c7   Thumb Code    42  mb.o(.text)
    eMBPoll                                  0x0800a8f1   Thumb Code   268  mb.o(.text)
    eMBTCPDoInit                             0x0800aa45   Thumb Code    20  mbtcp.o(.text)
    eMBTCPStart                              0x0800aa59   Thumb Code     2  mbtcp.o(.text)
    eMBTCPStop                               0x0800aa5b   Thumb Code     8  mbtcp.o(.text)
    eMBTCPReceive                            0x0800aa63   Thumb Code    72  mbtcp.o(.text)
    eMBTCPSend                               0x0800aaab   Thumb Code    48  mbtcp.o(.text)
    eMBFuncReadCoils                         0x0800aadb   Thumb Code   174  mbfunccoils.o(.text)
    eMBFuncWriteCoil                         0x0800ab89   Thumb Code   112  mbfunccoils.o(.text)
    eMBFuncWriteMultipleCoils                0x0800abf9   Thumb Code   144  mbfunccoils.o(.text)
    eMBFuncReadDiscreteInputs                0x0800ac89   Thumb Code   172  mbfuncdisc.o(.text)
    eMBFuncWriteHoldingRegister              0x0800ad35   Thumb Code    66  mbfuncholding.o(.text)
    eMBFuncWriteMultipleHoldingRegister      0x0800ad77   Thumb Code   110  mbfuncholding.o(.text)
    eMBFuncReadHoldingRegister               0x0800ade5   Thumb Code   140  mbfuncholding.o(.text)
    eMBFuncReadWriteMultipleHoldingRegister  0x0800ae71   Thumb Code   212  mbfuncholding.o(.text)
    eMBFuncReadInputRegister                 0x0800af45   Thumb Code   140  mbfuncinput.o(.text)
    eMBSetSlaveID                            0x0800afd1   Thumb Code   110  mbfuncother.o(.text)
    eMBFuncReportSlaveID                     0x0800b03f   Thumb Code    30  mbfuncother.o(.text)
    xMBUtilSetBits                           0x0800b065   Thumb Code    96  mbutils.o(.text)
    xMBUtilGetBits                           0x0800b0c5   Thumb Code    42  mbutils.o(.text)
    prveMBError2Exception                    0x0800b0ef   Thumb Code    34  mbutils.o(.text)
    vListInitialise                          0x0800b111   Thumb Code    26  list.o(.text)
    vListInitialiseItem                      0x0800b12b   Thumb Code     6  list.o(.text)
    vListInsertEnd                           0x0800b131   Thumb Code    24  list.o(.text)
    vListInsert                              0x0800b149   Thumb Code    52  list.o(.text)
    uxListRemove                             0x0800b17d   Thumb Code    40  list.o(.text)
    xQueueGenericReset                       0x0800b1a5   Thumb Code   122  queue.o(.text)
    xQueueGenericCreate                      0x0800b245   Thumb Code    56  queue.o(.text)
    xQueueGenericSend                        0x0800b395   Thumb Code   276  queue.o(.text)
    xQueueCreateMutex                        0x0800b4c5   Thumb Code    34  queue.o(.text)
    xQueueGenericSendFromISR                 0x0800b4e7   Thumb Code   134  queue.o(.text)
    xQueueGiveFromISR                        0x0800b56d   Thumb Code   124  queue.o(.text)
    xQueueReceive                            0x0800b62d   Thumb Code   256  queue.o(.text)
    xQueueSemaphoreTake                      0x0800b741   Thumb Code   300  queue.o(.text)
    xQueuePeek                               0x0800b86d   Thumb Code   262  queue.o(.text)
    xQueueReceiveFromISR                     0x0800b973   Thumb Code   130  queue.o(.text)
    xQueuePeekFromISR                        0x0800b9f5   Thumb Code    74  queue.o(.text)
    uxQueueMessagesWaiting                   0x0800ba3f   Thumb Code    22  queue.o(.text)
    uxQueueSpacesAvailable                   0x0800ba55   Thumb Code    24  queue.o(.text)
    uxQueueMessagesWaitingFromISR            0x0800ba6d   Thumb Code     6  queue.o(.text)
    vQueueDelete                             0x0800ba73   Thumb Code    14  queue.o(.text)
    xQueueIsQueueEmptyFromISR                0x0800ba81   Thumb Code    14  queue.o(.text)
    xQueueIsQueueFullFromISR                 0x0800ba8f   Thumb Code    18  queue.o(.text)
    xTaskCreate                              0x0800bc03   Thumb Code    96  tasks.o(.text)
    vTaskDelete                              0x0800bc9f   Thumb Code   166  tasks.o(.text)
    xTaskIncrementTick                       0x0800bd45   Thumb Code   252  tasks.o(.text)
    xTaskResumeAll                           0x0800be41   Thumb Code   282  tasks.o(.text)
    vTaskSuspendAll                          0x0800bfd7   Thumb Code    12  tasks.o(.text)
    vTaskDelayUntil                          0x0800bfe3   Thumb Code   106  tasks.o(.text)
    vTaskDelay                               0x0800c04d   Thumb Code    46  tasks.o(.text)
    uxTaskPriorityGet                        0x0800c07b   Thumb Code    30  tasks.o(.text)
    uxTaskPriorityGetFromISR                 0x0800c099   Thumb Code    52  tasks.o(.text)
    vTaskPrioritySet                         0x0800c0cd   Thumb Code   226  tasks.o(.text)
    vTaskSwitchContext                       0x0800c1af   Thumb Code    76  tasks.o(.text)
    vTaskSuspend                             0x0800c1fb   Thumb Code   174  tasks.o(.text)
    vTaskResume                              0x0800c31d   Thumb Code   104  tasks.o(.text)
    xTaskResumeFromISR                       0x0800c385   Thumb Code   130  tasks.o(.text)
    vTaskStartScheduler                      0x0800c463   Thumb Code    72  tasks.o(.text)
    vTaskEndScheduler                        0x0800c4ab   Thumb Code    32  tasks.o(.text)
    xTaskGetTickCount                        0x0800c4cb   Thumb Code     6  tasks.o(.text)
    xTaskGetTickCountFromISR                 0x0800c4d1   Thumb Code     8  tasks.o(.text)
    uxTaskGetNumberOfTasks                   0x0800c4d9   Thumb Code     6  tasks.o(.text)
    pcTaskGetName                            0x0800c4df   Thumb Code    20  tasks.o(.text)
    vTaskPlaceOnEventList                    0x0800c4f3   Thumb Code    28  tasks.o(.text)
    vTaskPlaceOnUnorderedEventList           0x0800c50f   Thumb Code    40  tasks.o(.text)
    xTaskRemoveFromEventList                 0x0800c537   Thumb Code   104  tasks.o(.text)
    vTaskRemoveFromUnorderedEventList        0x0800c59f   Thumb Code    82  tasks.o(.text)
    vTaskSetTimeOutState                     0x0800c5f1   Thumb Code    26  tasks.o(.text)
    vTaskInternalSetTimeOutState             0x0800c60b   Thumb Code    14  tasks.o(.text)
    xTaskCheckForTimeOut                     0x0800c619   Thumb Code    84  tasks.o(.text)
    vTaskMissedYield                         0x0800c66d   Thumb Code     8  tasks.o(.text)
    xTaskGetCurrentTaskHandle                0x0800c675   Thumb Code     6  tasks.o(.text)
    xTaskPriorityInherit                     0x0800c67b   Thumb Code   264  tasks.o(.text)
    xTaskPriorityDisinherit                  0x0800c783   Thumb Code   122  tasks.o(.text)
    vTaskPriorityDisinheritAfterTimeout      0x0800c7fd   Thumb Code   166  tasks.o(.text)
    uxTaskResetEventItemValue                0x0800c8a3   Thumb Code    24  tasks.o(.text)
    pvTaskIncrementMutexHeldCount            0x0800c8bb   Thumb Code    26  tasks.o(.text)
    ulTaskNotifyTake                         0x0800c8d5   Thumb Code   108  tasks.o(.text)
    xTaskNotifyWait                          0x0800c941   Thumb Code   150  tasks.o(.text)
    xTaskGenericNotify                       0x0800c9d7   Thumb Code   178  tasks.o(.text)
    xTaskGenericNotifyFromISR                0x0800ca89   Thumb Code   252  tasks.o(.text)
    vTaskNotifyGiveFromISR                   0x0800cb85   Thumb Code   154  tasks.o(.text)
    xTaskNotifyStateClear                    0x0800cc1f   Thumb Code    48  tasks.o(.text)
    pxPortInitialiseStack                    0x0800cc7f   Thumb Code    30  tes on-chip ram.o(.text)
    vPortSetupTimerInterrupt                 0x0800cc9d   Thumb Code    36  tes on-chip ram.o(.text)
    xPortStartScheduler                      0x0800ccc1   Thumb Code    42  tes on-chip ram.o(.text)
    vPortEndScheduler                        0x0800cceb   Thumb Code     2  tes on-chip ram.o(.text)
    vPortEnterCritical                       0x0800cced   Thumb Code    30  tes on-chip ram.o(.text)
    vPortExitCritical                        0x0800cd0b   Thumb Code    28  tes on-chip ram.o(.text)
    SysTick_Handler                          0x0800cd27   Thumb Code    48  tes on-chip ram.o(.text)
    pvPortMalloc                             0x0800cd93   Thumb Code   166  heap_2.o(.text)
    vPortFree                                0x0800ce39   Thumb Code    56  heap_2.o(.text)
    xPortGetFreeHeapSize                     0x0800ce71   Thumb Code     6  heap_2.o(.text)
    vPortInitialiseBlocks                    0x0800ce77   Thumb Code     2  heap_2.o(.text)
    NVIC_PriorityGroupConfig                 0x0800ce8d   Thumb Code    10  misc.o(.text)
    NVIC_Init                                0x0800ce97   Thumb Code   100  misc.o(.text)
    NVIC_SetVectorTable                      0x0800cefb   Thumb Code    14  misc.o(.text)
    NVIC_SystemLPConfig                      0x0800cf09   Thumb Code    34  misc.o(.text)
    SysTick_CLKSourceConfig                  0x0800cf2b   Thumb Code    40  misc.o(.text)
    SystemInit                               0x0800d047   Thumb Code    78  system_stm32f10x.o(.text)
    SystemCoreClockUpdate                    0x0800d095   Thumb Code   142  system_stm32f10x.o(.text)
    GPIO_DeInit                              0x0800d149   Thumb Code   172  stm32f10x_gpio.o(.text)
    GPIO_AFIODeInit                          0x0800d1f5   Thumb Code    20  stm32f10x_gpio.o(.text)
    GPIO_Init                                0x0800d209   Thumb Code   278  stm32f10x_gpio.o(.text)
    GPIO_StructInit                          0x0800d31f   Thumb Code    16  stm32f10x_gpio.o(.text)
    GPIO_ReadInputDataBit                    0x0800d32f   Thumb Code    18  stm32f10x_gpio.o(.text)
    GPIO_ReadInputData                       0x0800d341   Thumb Code     8  stm32f10x_gpio.o(.text)
    GPIO_ReadOutputDataBit                   0x0800d349   Thumb Code    18  stm32f10x_gpio.o(.text)
    GPIO_ReadOutputData                      0x0800d35b   Thumb Code     8  stm32f10x_gpio.o(.text)
    GPIO_SetBits                             0x0800d363   Thumb Code     4  stm32f10x_gpio.o(.text)
    GPIO_ResetBits                           0x0800d367   Thumb Code     4  stm32f10x_gpio.o(.text)
    GPIO_WriteBit                            0x0800d36b   Thumb Code    10  stm32f10x_gpio.o(.text)
    GPIO_Write                               0x0800d375   Thumb Code     4  stm32f10x_gpio.o(.text)
    GPIO_PinLockConfig                       0x0800d379   Thumb Code    18  stm32f10x_gpio.o(.text)
    GPIO_EventOutputConfig                   0x0800d38b   Thumb Code    26  stm32f10x_gpio.o(.text)
    GPIO_EventOutputCmd                      0x0800d3a5   Thumb Code     6  stm32f10x_gpio.o(.text)
    GPIO_PinRemapConfig                      0x0800d3ab   Thumb Code   138  stm32f10x_gpio.o(.text)
    GPIO_EXTILineConfig                      0x0800d435   Thumb Code    66  stm32f10x_gpio.o(.text)
    GPIO_ETH_MediaInterfaceConfig            0x0800d477   Thumb Code     8  stm32f10x_gpio.o(.text)
    RCC_DeInit                               0x0800d4a5   Thumb Code    64  stm32f10x_rcc.o(.text)
    RCC_HSEConfig                            0x0800d4e5   Thumb Code    70  stm32f10x_rcc.o(.text)
    RCC_GetFlagStatus                        0x0800d52b   Thumb Code    56  stm32f10x_rcc.o(.text)
    RCC_WaitForHSEStartUp                    0x0800d563   Thumb Code    56  stm32f10x_rcc.o(.text)
    RCC_AdjustHSICalibrationValue            0x0800d59b   Thumb Code    20  stm32f10x_rcc.o(.text)
    RCC_HSICmd                               0x0800d5af   Thumb Code     6  stm32f10x_rcc.o(.text)
    RCC_PLLConfig                            0x0800d5b5   Thumb Code    24  stm32f10x_rcc.o(.text)
    RCC_PLLCmd                               0x0800d5cd   Thumb Code     6  stm32f10x_rcc.o(.text)
    RCC_SYSCLKConfig                         0x0800d5d3   Thumb Code    18  stm32f10x_rcc.o(.text)
    RCC_GetSYSCLKSource                      0x0800d5e5   Thumb Code    10  stm32f10x_rcc.o(.text)
    RCC_HCLKConfig                           0x0800d5ef   Thumb Code    18  stm32f10x_rcc.o(.text)
    RCC_PCLK1Config                          0x0800d601   Thumb Code    18  stm32f10x_rcc.o(.text)
    RCC_PCLK2Config                          0x0800d613   Thumb Code    20  stm32f10x_rcc.o(.text)
    RCC_ITConfig                             0x0800d627   Thumb Code    26  stm32f10x_rcc.o(.text)
    RCC_USBCLKConfig                         0x0800d641   Thumb Code     8  stm32f10x_rcc.o(.text)
    RCC_ADCCLKConfig                         0x0800d649   Thumb Code    18  stm32f10x_rcc.o(.text)
    RCC_LSEConfig                            0x0800d65b   Thumb Code    50  stm32f10x_rcc.o(.text)
    RCC_LSICmd                               0x0800d68d   Thumb Code     6  stm32f10x_rcc.o(.text)
    RCC_RTCCLKConfig                         0x0800d693   Thumb Code    12  stm32f10x_rcc.o(.text)
    RCC_RTCCLKCmd                            0x0800d69f   Thumb Code     8  stm32f10x_rcc.o(.text)
    RCC_GetClocksFreq                        0x0800d6a7   Thumb Code   192  stm32f10x_rcc.o(.text)
    RCC_AHBPeriphClockCmd                    0x0800d767   Thumb Code    26  stm32f10x_rcc.o(.text)
    RCC_APB2PeriphClockCmd                   0x0800d781   Thumb Code    26  stm32f10x_rcc.o(.text)
    RCC_APB1PeriphClockCmd                   0x0800d79b   Thumb Code    26  stm32f10x_rcc.o(.text)
    RCC_APB2PeriphResetCmd                   0x0800d7b5   Thumb Code    26  stm32f10x_rcc.o(.text)
    RCC_APB1PeriphResetCmd                   0x0800d7cf   Thumb Code    26  stm32f10x_rcc.o(.text)
    RCC_BackupResetCmd                       0x0800d7e9   Thumb Code     8  stm32f10x_rcc.o(.text)
    RCC_ClockSecuritySystemCmd               0x0800d7f1   Thumb Code     6  stm32f10x_rcc.o(.text)
    RCC_MCOConfig                            0x0800d7f7   Thumb Code     6  stm32f10x_rcc.o(.text)
    RCC_ClearFlag                            0x0800d7fd   Thumb Code    14  stm32f10x_rcc.o(.text)
    RCC_GetITStatus                          0x0800d80b   Thumb Code    20  stm32f10x_rcc.o(.text)
    RCC_ClearITPendingBit                    0x0800d81f   Thumb Code     6  stm32f10x_rcc.o(.text)
    SPI_I2S_DeInit                           0x0800d849   Thumb Code    76  stm32f10x_spi.o(.text)
    SPI_Init                                 0x0800d895   Thumb Code    60  stm32f10x_spi.o(.text)
    I2S_Init                                 0x0800d8d1   Thumb Code   226  stm32f10x_spi.o(.text)
    SPI_StructInit                           0x0800d9b3   Thumb Code    24  stm32f10x_spi.o(.text)
    I2S_StructInit                           0x0800d9cb   Thumb Code    20  stm32f10x_spi.o(.text)
    SPI_Cmd                                  0x0800d9df   Thumb Code    24  stm32f10x_spi.o(.text)
    I2S_Cmd                                  0x0800d9f7   Thumb Code    24  stm32f10x_spi.o(.text)
    SPI_I2S_ITConfig                         0x0800da0f   Thumb Code    32  stm32f10x_spi.o(.text)
    SPI_I2S_DMACmd                           0x0800da2f   Thumb Code    18  stm32f10x_spi.o(.text)
    SPI_I2S_SendData                         0x0800da41   Thumb Code     4  stm32f10x_spi.o(.text)
    SPI_I2S_ReceiveData                      0x0800da45   Thumb Code     6  stm32f10x_spi.o(.text)
    SPI_NSSInternalSoftwareConfig            0x0800da4b   Thumb Code    30  stm32f10x_spi.o(.text)
    SPI_SSOutputCmd                          0x0800da69   Thumb Code    24  stm32f10x_spi.o(.text)
    SPI_DataSizeConfig                       0x0800da81   Thumb Code    18  stm32f10x_spi.o(.text)
    SPI_TransmitCRC                          0x0800da93   Thumb Code    10  stm32f10x_spi.o(.text)
    SPI_CalculateCRC                         0x0800da9d   Thumb Code    24  stm32f10x_spi.o(.text)
    SPI_GetCRC                               0x0800dab5   Thumb Code    16  stm32f10x_spi.o(.text)
    SPI_GetCRCPolynomial                     0x0800dac5   Thumb Code     6  stm32f10x_spi.o(.text)
    SPI_BiDirectionalLineConfig              0x0800dacb   Thumb Code    28  stm32f10x_spi.o(.text)
    SPI_I2S_GetFlagStatus                    0x0800dae7   Thumb Code    18  stm32f10x_spi.o(.text)
    SPI_I2S_ClearFlag                        0x0800daf9   Thumb Code     6  stm32f10x_spi.o(.text)
    SPI_I2S_GetITStatus                      0x0800daff   Thumb Code    52  stm32f10x_spi.o(.text)
    SPI_I2S_ClearITPendingBit                0x0800db33   Thumb Code    20  stm32f10x_spi.o(.text)
    Reset_Handler                            0x0800db55   Thumb Code     8  startup_stm32f10x_hd.o(.text)
    ADC1_2_IRQHandler                        0x0800db6f   Thumb Code     0  startup_stm32f10x_hd.o(.text)
    ADC3_IRQHandler                          0x0800db6f   Thumb Code     0  startup_stm32f10x_hd.o(.text)
    CAN1_RX1_IRQHandler                      0x0800db6f   Thumb Code     0  startup_stm32f10x_hd.o(.text)
    CAN1_SCE_IRQHandler                      0x0800db6f   Thumb Code     0  startup_stm32f10x_hd.o(.text)
    DMA1_Channel1_IRQHandler                 0x0800db6f   Thumb Code     0  startup_stm32f10x_hd.o(.text)
    DMA1_Channel2_IRQHandler                 0x0800db6f   Thumb Code     0  startup_stm32f10x_hd.o(.text)
    DMA1_Channel3_IRQHandler                 0x0800db6f   Thumb Code     0  startup_stm32f10x_hd.o(.text)
    DMA1_Channel4_IRQHandler                 0x0800db6f   Thumb Code     0  startup_stm32f10x_hd.o(.text)
    DMA1_Channel5_IRQHandler                 0x0800db6f   Thumb Code     0  startup_stm32f10x_hd.o(.text)
    DMA1_Channel6_IRQHandler                 0x0800db6f   Thumb Code     0  startup_stm32f10x_hd.o(.text)
    DMA1_Channel7_IRQHandler                 0x0800db6f   Thumb Code     0  startup_stm32f10x_hd.o(.text)
    DMA2_Channel1_IRQHandler                 0x0800db6f   Thumb Code     0  startup_stm32f10x_hd.o(.text)
    DMA2_Channel2_IRQHandler                 0x0800db6f   Thumb Code     0  startup_stm32f10x_hd.o(.text)
    DMA2_Channel3_IRQHandler                 0x0800db6f   Thumb Code     0  startup_stm32f10x_hd.o(.text)
    DMA2_Channel4_5_IRQHandler               0x0800db6f   Thumb Code     0  startup_stm32f10x_hd.o(.text)
    EXTI0_IRQHandler                         0x0800db6f   Thumb Code     0  startup_stm32f10x_hd.o(.text)
    EXTI15_10_IRQHandler                     0x0800db6f   Thumb Code     0  startup_stm32f10x_hd.o(.text)
    EXTI1_IRQHandler                         0x0800db6f   Thumb Code     0  startup_stm32f10x_hd.o(.text)
    EXTI2_IRQHandler                         0x0800db6f   Thumb Code     0  startup_stm32f10x_hd.o(.text)
    EXTI3_IRQHandler                         0x0800db6f   Thumb Code     0  startup_stm32f10x_hd.o(.text)
    EXTI4_IRQHandler                         0x0800db6f   Thumb Code     0  startup_stm32f10x_hd.o(.text)
    EXTI9_5_IRQHandler                       0x0800db6f   Thumb Code     0  startup_stm32f10x_hd.o(.text)
    FLASH_IRQHandler                         0x0800db6f   Thumb Code     0  startup_stm32f10x_hd.o(.text)
    FSMC_IRQHandler                          0x0800db6f   Thumb Code     0  startup_stm32f10x_hd.o(.text)
    I2C1_ER_IRQHandler                       0x0800db6f   Thumb Code     0  startup_stm32f10x_hd.o(.text)
    I2C1_EV_IRQHandler                       0x0800db6f   Thumb Code     0  startup_stm32f10x_hd.o(.text)
    I2C2_ER_IRQHandler                       0x0800db6f   Thumb Code     0  startup_stm32f10x_hd.o(.text)
    I2C2_EV_IRQHandler                       0x0800db6f   Thumb Code     0  startup_stm32f10x_hd.o(.text)
    PVD_IRQHandler                           0x0800db6f   Thumb Code     0  startup_stm32f10x_hd.o(.text)
    RCC_IRQHandler                           0x0800db6f   Thumb Code     0  startup_stm32f10x_hd.o(.text)
    RTCAlarm_IRQHandler                      0x0800db6f   Thumb Code     0  startup_stm32f10x_hd.o(.text)
    RTC_IRQHandler                           0x0800db6f   Thumb Code     0  startup_stm32f10x_hd.o(.text)
    SDIO_IRQHandler                          0x0800db6f   Thumb Code     0  startup_stm32f10x_hd.o(.text)
    SPI1_IRQHandler                          0x0800db6f   Thumb Code     0  startup_stm32f10x_hd.o(.text)
    SPI2_IRQHandler                          0x0800db6f   Thumb Code     0  startup_stm32f10x_hd.o(.text)
    SPI3_IRQHandler                          0x0800db6f   Thumb Code     0  startup_stm32f10x_hd.o(.text)
    TAMPER_IRQHandler                        0x0800db6f   Thumb Code     0  startup_stm32f10x_hd.o(.text)
    TIM1_BRK_IRQHandler                      0x0800db6f   Thumb Code     0  startup_stm32f10x_hd.o(.text)
    TIM1_CC_IRQHandler                       0x0800db6f   Thumb Code     0  startup_stm32f10x_hd.o(.text)
    TIM1_TRG_COM_IRQHandler                  0x0800db6f   Thumb Code     0  startup_stm32f10x_hd.o(.text)
    TIM1_UP_IRQHandler                       0x0800db6f   Thumb Code     0  startup_stm32f10x_hd.o(.text)
    TIM2_IRQHandler                          0x0800db6f   Thumb Code     0  startup_stm32f10x_hd.o(.text)
    TIM3_IRQHandler                          0x0800db6f   Thumb Code     0  startup_stm32f10x_hd.o(.text)
    TIM4_IRQHandler                          0x0800db6f   Thumb Code     0  startup_stm32f10x_hd.o(.text)
    TIM5_IRQHandler                          0x0800db6f   Thumb Code     0  startup_stm32f10x_hd.o(.text)
    TIM6_IRQHandler                          0x0800db6f   Thumb Code     0  startup_stm32f10x_hd.o(.text)
    TIM7_IRQHandler                          0x0800db6f   Thumb Code     0  startup_stm32f10x_hd.o(.text)
    TIM8_BRK_IRQHandler                      0x0800db6f   Thumb Code     0  startup_stm32f10x_hd.o(.text)
    TIM8_CC_IRQHandler                       0x0800db6f   Thumb Code     0  startup_stm32f10x_hd.o(.text)
    TIM8_TRG_COM_IRQHandler                  0x0800db6f   Thumb Code     0  startup_stm32f10x_hd.o(.text)
    TIM8_UP_IRQHandler                       0x0800db6f   Thumb Code     0  startup_stm32f10x_hd.o(.text)
    UART4_IRQHandler                         0x0800db6f   Thumb Code     0  startup_stm32f10x_hd.o(.text)
    UART5_IRQHandler                         0x0800db6f   Thumb Code     0  startup_stm32f10x_hd.o(.text)
    USART1_IRQHandler                        0x0800db6f   Thumb Code     0  startup_stm32f10x_hd.o(.text)
    USART2_IRQHandler                        0x0800db6f   Thumb Code     0  startup_stm32f10x_hd.o(.text)
    USART3_IRQHandler                        0x0800db6f   Thumb Code     0  startup_stm32f10x_hd.o(.text)
    USBWakeUp_IRQHandler                     0x0800db6f   Thumb Code     0  startup_stm32f10x_hd.o(.text)
    USB_HP_CAN1_TX_IRQHandler                0x0800db6f   Thumb Code     0  startup_stm32f10x_hd.o(.text)
    USB_LP_CAN1_RX0_IRQHandler               0x0800db6f   Thumb Code     0  startup_stm32f10x_hd.o(.text)
    WWDG_IRQHandler                          0x0800db6f   Thumb Code     0  startup_stm32f10x_hd.o(.text)
    FLASH_SetLatency                         0x0800db79   Thumb Code    18  stm32f10x_flash.o(.text)
    FLASH_HalfCycleAccessCmd                 0x0800db8b   Thumb Code    22  stm32f10x_flash.o(.text)
    FLASH_PrefetchBufferCmd                  0x0800dba1   Thumb Code    22  stm32f10x_flash.o(.text)
    FLASH_Unlock                             0x0800dbb7   Thumb Code    12  stm32f10x_flash.o(.text)
    FLASH_UnlockBank1                        0x0800dbc3   Thumb Code    12  stm32f10x_flash.o(.text)
    FLASH_Lock                               0x0800dbcf   Thumb Code    14  stm32f10x_flash.o(.text)
    FLASH_LockBank1                          0x0800dbdd   Thumb Code    14  stm32f10x_flash.o(.text)
    FLASH_GetBank1Status                     0x0800dbeb   Thumb Code    48  stm32f10x_flash.o(.text)
    FLASH_WaitForLastOperation               0x0800dc1b   Thumb Code    38  stm32f10x_flash.o(.text)
    FLASH_ErasePage                          0x0800dc41   Thumb Code    72  stm32f10x_flash.o(.text)
    FLASH_EraseAllPages                      0x0800dc89   Thumb Code    68  stm32f10x_flash.o(.text)
    FLASH_WaitForLastBank1Operation          0x0800dccd   Thumb Code    38  stm32f10x_flash.o(.text)
    FLASH_EraseAllBank1Pages                 0x0800dcf3   Thumb Code    68  stm32f10x_flash.o(.text)
    FLASH_GetReadOutProtectionStatus         0x0800dd37   Thumb Code    20  stm32f10x_flash.o(.text)
    FLASH_EraseOptionBytes                   0x0800dd4b   Thumb Code   150  stm32f10x_flash.o(.text)
    FLASH_ProgramWord                        0x0800dde1   Thumb Code   102  stm32f10x_flash.o(.text)
    FLASH_ProgramHalfWord                    0x0800de47   Thumb Code    60  stm32f10x_flash.o(.text)
    FLASH_ProgramOptionByteData              0x0800de83   Thumb Code    72  stm32f10x_flash.o(.text)
    FLASH_EnableWriteProtection              0x0800decb   Thumb Code   200  stm32f10x_flash.o(.text)
    FLASH_ReadOutProtection                  0x0800df93   Thumb Code   156  stm32f10x_flash.o(.text)
    FLASH_UserOptionByteConfig               0x0800e02f   Thumb Code    88  stm32f10x_flash.o(.text)
    FLASH_GetUserOptionByte                  0x0800e087   Thumb Code     8  stm32f10x_flash.o(.text)
    FLASH_GetWriteProtectionOptionByte       0x0800e08f   Thumb Code     6  stm32f10x_flash.o(.text)
    FLASH_GetPrefetchBufferStatus            0x0800e095   Thumb Code    20  stm32f10x_flash.o(.text)
    FLASH_ITConfig                           0x0800e0a9   Thumb Code    26  stm32f10x_flash.o(.text)
    FLASH_GetFlagStatus                      0x0800e0c3   Thumb Code    42  stm32f10x_flash.o(.text)
    FLASH_ClearFlag                          0x0800e0ed   Thumb Code     6  stm32f10x_flash.o(.text)
    FLASH_GetStatus                          0x0800e0f3   Thumb Code    48  stm32f10x_flash.o(.text)
    assert_failed                            0x0800e135   Thumb Code     2  main.o(.text)
    bsp_init                                 0x0800e137   Thumb Code    12  main.o(.text)
    init_task                                0x0800e143   Thumb Code    56  main.o(.text)
    create_init_task                         0x0800e17b   Thumb Code    40  main.o(.text)
    vApplicationTickHook                     0x0800e1a3   Thumb Code    94  main.o(.text)
    main                                     0x0800e201   Thumb Code    48  main.o(.text)
    NMI_Handler                              0x0800e269   Thumb Code     2  stm32f10x_it.o(.text)
    HardFault_Handler                        0x0800e26b   Thumb Code     4  stm32f10x_it.o(.text)
    MemManage_Handler                        0x0800e26f   Thumb Code     4  stm32f10x_it.o(.text)
    BusFault_Handler                         0x0800e273   Thumb Code     4  stm32f10x_it.o(.text)
    UsageFault_Handler                       0x0800e277   Thumb Code     4  stm32f10x_it.o(.text)
    DebugMon_Handler                         0x0800e27b   Thumb Code     2  stm32f10x_it.o(.text)
    led_init                                 0x0800e27d   Thumb Code    30  bsp_led.o(.text)
    i2c_stop                                 0x0800e2ab   Thumb Code    44  bsp_i2c_gpio.o(.text)
    i2c_gpio_init                            0x0800e2d7   Thumb Code    60  bsp_i2c_gpio.o(.text)
    i2c_start                                0x0800e313   Thumb Code    56  bsp_i2c_gpio.o(.text)
    i2c_send_byte                            0x0800e34b   Thumb Code    98  bsp_i2c_gpio.o(.text)
    i2c_read_byte                            0x0800e3ad   Thumb Code    70  bsp_i2c_gpio.o(.text)
    i2c_wait_ack                             0x0800e3f3   Thumb Code    70  bsp_i2c_gpio.o(.text)
    i2c_ack                                  0x0800e439   Thumb Code    60  bsp_i2c_gpio.o(.text)
    i2c_nack                                 0x0800e475   Thumb Code    50  bsp_i2c_gpio.o(.text)
    i2c_check_connect                        0x0800e4a7   Thumb Code    60  bsp_i2c_gpio.o(.text)
    ee_check_connect                         0x0800e4e9   Thumb Code    22  bsp_eeprom_24xx.o(.text)
    ee_read_byts                             0x0800e4ff   Thumb Code   126  bsp_eeprom_24xx.o(.text)
    ee_write_byts                            0x0800e57d   Thumb Code   142  bsp_eeprom_24xx.o(.text)
    w5500_spi_init                           0x0800e60d   Thumb Code   194  bsp_w5500_port.o(.text)
    w5500_cs_select                          0x0800e6cf   Thumb Code    14  bsp_w5500_port.o(.text)
    w5500_cs_deselect                        0x0800e6dd   Thumb Code    14  bsp_w5500_port.o(.text)
    w5500_spi_mode_send_byte                 0x0800e6eb   Thumb Code    50  bsp_w5500_port.o(.text)
    w5500_spi_send_byte                      0x0800e71d   Thumb Code    12  bsp_w5500_port.o(.text)
    w5500_spi_read_byte                      0x0800e729   Thumb Code    10  bsp_w5500_port.o(.text)
    ioLibrary_fun_register                   0x0800e733   Thumb Code    36  bsp_w5500_port.o(.text)
    network_init                             0x0800e757   Thumb Code    12  bsp_w5500_port.o(.text)
    w5500_ip_assign                          0x0800e763   Thumb Code    72  bsp_w5500_port.o(.text)
    w5500_ip_conflict                        0x0800e7ab   Thumb Code     2  bsp_w5500_port.o(.text)
    w5500_init                               0x0800e7ad   Thumb Code   166  bsp_w5500_port.o(.text)
    delay_nus                                0x0800e88d   Thumb Code    28  bsp_delay.o(.text)
    delay_20us                               0x0800e8a9   Thumb Code    14  bsp_delay.o(.text)
    delay_5us                                0x0800e8b7   Thumb Code    16  bsp_delay.o(.text)
    delay_nms                                0x0800e8c7   Thumb Code    32  bsp_delay.o(.text)
    task_modbus                              0x0800e8e7   Thumb Code    18  task_modbus.o(.text)
    w5500_dhcp_thread                        0x0800e8f9   Thumb Code    60  task_w5500.o(.text)
    get_tcp_rev_data                         0x0800e935   Thumb Code    32  task_w5500.o(.text)
    w5500_tcp_thread                         0x0800e955   Thumb Code   174  task_w5500.o(.text)
    ee_write_bytes_os                        0x0800ea11   Thumb Code    28  eeprom_mem.o(.text)
    ee_read_bytes_os                         0x0800ea2d   Thumb Code    28  eeprom_mem.o(.text)
    update_server_ip                         0x0800ea49   Thumb Code    54  eeprom_mem.o(.text)
    read_server_ip                           0x0800ea7f   Thumb Code    48  eeprom_mem.o(.text)
    eeprom_write_update_done                 0x0800eaaf   Thumb Code    26  eeprom_mem.o(.text)
    eeprom_check_update                      0x0800eac9   Thumb Code    50  eeprom_mem.o(.text)
    eeprom_init                              0x0800eafb   Thumb Code     8  eeprom_mem.o(.text)
    STMFLASH_Write                           0x0800eb45   Thumb Code   222  stm_flash.o(.text)
    iap_soft_reset                           0x0800ec2d   Thumb Code    38  iap.o(.text)
    start_user_app                           0x0800ec53   Thumb Code    38  iap.o(.text)
    iap_software_check                       0x0800ec79   Thumb Code     6  iap.o(.text)
    iap_done                                 0x0800ec7f   Thumb Code     8  iap.o(.text)
    iap_write_app_data                       0x0800ec87   Thumb Code    68  iap.o(.text)
    iap_init                                 0x0800eccb   Thumb Code    16  iap.o(.text)
    __aeabi_memcpy                           0x0800ecf5   Thumb Code    36  memcpya.o(.text)
    __aeabi_memcpy4                          0x0800ecf5   Thumb Code     0  memcpya.o(.text)
    __aeabi_memcpy8                          0x0800ecf5   Thumb Code     0  memcpya.o(.text)
    __scatterload                            0x0800ed19   Thumb Code    28  init.o(.text)
    __scatterload_rt2                        0x0800ed19   Thumb Code     0  init.o(.text)
    __decompress                             0x0800ed3d   Thumb Code     0  __dczerorl2.o(.text)
    __decompress1                            0x0800ed3d   Thumb Code    86  __dczerorl2.o(.text)
    __scatterload_copy                       0x0800ed93   Thumb Code    14  handlers.o(i.__scatterload_copy)
    __scatterload_null                       0x0800eda1   Thumb Code     2  handlers.o(i.__scatterload_null)
    __scatterload_zeroinit                   0x0800eda3   Thumb Code    14  handlers.o(i.__scatterload_zeroinit)
    Region$$Table$$Base                      0x0800edc0   Number         0  anon$$obj.o(Region$$Table)
    Region$$Table$$Limit                     0x0800ede0   Number         0  anon$$obj.o(Region$$Table)
    sock_pack_info                           0x20000006   Data           8  socket.o(.data)
    WIZCHIP                                  0x20000010   Data          40  wizchip_conf.o(.data)
    DHCP_SOCKET                              0x20000040   Data           1  dhcp.o(.data)
    DHCP_SIP                                 0x20000041   Data           4  dhcp.o(.data)
    OLD_allocated_ip                         0x20000045   Data           4  dhcp.o(.data)
    DHCP_allocated_ip                        0x20000049   Data           4  dhcp.o(.data)
    DHCP_allocated_gw                        0x2000004d   Data           4  dhcp.o(.data)
    DHCP_allocated_sn                        0x20000051   Data           4  dhcp.o(.data)
    DHCP_allocated_dns                       0x20000055   Data           4  dhcp.o(.data)
    dhcp_state                               0x20000059   Data           1  dhcp.o(.data)
    dhcp_retry_count                         0x2000005a   Data           1  dhcp.o(.data)
    dhcp_lease_time                          0x2000005c   Data           4  dhcp.o(.data)
    dhcp_tick_1s                             0x20000060   Data           4  dhcp.o(.data)
    dhcp_tick_next                           0x20000064   Data           4  dhcp.o(.data)
    DHCP_XID                                 0x20000068   Data           4  dhcp.o(.data)
    pDHCPMSG                                 0x2000006c   Data           4  dhcp.o(.data)
    HOST_NAME                                0x20000070   Data           8  dhcp.o(.data)
    DHCP_CHADDR                              0x20000078   Data           6  dhcp.o(.data)
    dhcp_ip_assign                           0x20000080   Data           4  dhcp.o(.data)
    dhcp_ip_update                           0x20000084   Data           4  dhcp.o(.data)
    dhcp_ip_conflict                         0x20000088   Data           4  dhcp.o(.data)
    pxMBFrameCBByteReceived                  0x200000ac   Data           4  mb.o(.data)
    pxMBFrameCBTransmitterEmpty              0x200000b0   Data           4  mb.o(.data)
    pxMBPortCBTimerExpired                   0x200000b4   Data           4  mb.o(.data)
    pxMBFrameCBReceiveFSMCur                 0x200000b8   Data           4  mb.o(.data)
    pxMBFrameCBTransmitFSMCur                0x200000bc   Data           4  mb.o(.data)
    pxCurrentTCB                             0x2000014c   Data           4  tasks.o(.data)
    SystemCoreClock                          0x200001a4   Data           4  system_stm32f10x.o(.data)
    AHBPrescTable                            0x200001a8   Data          16  system_stm32f10x.o(.data)
    w5500_eth_info                           0x200001d4   Data          23  bsp_w5500_port.o(.data)
    w5500_buffer                             0x200046ec   Data        2048  bsp_w5500_port.o(.bss)
    __initial_sp                             0x200062f0   Data           0  startup_stm32f10x_hd.o(STACK)



==============================================================================

Memory Map of the image

  Image Entry point : 0x08007931

  Load Region LR_IROM1 (Base: 0x08007800, Size: 0x000077d4, Max: 0x0001f800, ABSOLUTE, COMPRESSED[0x0000769c])

    Execution Region ER_IROM1 (Base: 0x08007800, Size: 0x000075e0, Max: 0x0001f800, ABSOLUTE)

    Base Addr    Size         Type   Attr      Idx    E Section Name        Object

    0x08007800   0x00000130   Data   RO          651    RESET               startup_stm32f10x_hd.o
    0x08007930   0x00000000   Code   RO          867  * .ARM.Collect$$$$00000000  mc_w.l(entry.o)
    0x08007930   0x00000004   Code   RO          874    .ARM.Collect$$$$00000001  mc_w.l(entry2.o)
    0x08007934   0x00000004   Code   RO          877    .ARM.Collect$$$$00000004  mc_w.l(entry5.o)
    0x08007938   0x00000000   Code   RO          879    .ARM.Collect$$$$00000008  mc_w.l(entry7b.o)
    0x08007938   0x00000000   Code   RO          881    .ARM.Collect$$$$0000000A  mc_w.l(entry8b.o)
    0x08007938   0x00000008   Code   RO          882    .ARM.Collect$$$$0000000B  mc_w.l(entry9a.o)
    0x08007940   0x00000000   Code   RO          884    .ARM.Collect$$$$0000000D  mc_w.l(entry10a.o)
    0x08007940   0x00000000   Code   RO          886    .ARM.Collect$$$$0000000F  mc_w.l(entry11a.o)
    0x08007940   0x00000004   Code   RO          875    .ARM.Collect$$$$00002712  mc_w.l(entry2.o)
    0x08007944   0x00000096   Code   RO          489    .emb_text           tes on-chip ram.o
    0x080079da   0x00000002   PAD
    0x080079dc   0x00000020   Code   RO          547    .emb_text           core_cm3.o
    0x080079fc   0x00001014   Code   RO            1    .text               socket.o
    0x08008a10   0x000006bc   Code   RO           32    .text               wizchip_conf.o
    0x080090cc   0x0000043a   Code   RO           53    .text               w5500.o
    0x08009506   0x00000002   PAD
    0x08009508   0x00000ff8   Code   RO           68    .text               dhcp.o
    0x0800a500   0x000000fc   Code   RO           86    .text               portevent.o
    0x0800a5fc   0x00000036   Code   RO          226    .text               porttcp.o
    0x0800a632   0x00000002   PAD
    0x0800a634   0x0000012c   Code   RO          258    .text               port_reg.o
    0x0800a760   0x000002e4   Code   RO          281    .text               mb.o
    0x0800aa44   0x00000096   Code   RO          323    .text               mbtcp.o
    0x0800aada   0x000001ae   Code   RO          335    .text               mbfunccoils.o
    0x0800ac88   0x000000ac   Code   RO          350    .text               mbfuncdisc.o
    0x0800ad34   0x00000210   Code   RO          362    .text               mbfuncholding.o
    0x0800af44   0x0000008c   Code   RO          374    .text               mbfuncinput.o
    0x0800afd0   0x00000094   Code   RO          386    .text               mbfuncother.o
    0x0800b064   0x000000ac   Code   RO          401    .text               mbutils.o
    0x0800b110   0x00000094   Code   RO          413    .text               list.o
    0x0800b1a4   0x000008fc   Code   RO          425    .text               queue.o
    0x0800baa0   0x000011c8   Code   RO          449    .text               tasks.o
    0x0800cc68   0x00000100   Code   RO          490    .text               tes on-chip ram.o
    0x0800cd68   0x00000124   Code   RO          520    .text               heap_2.o
    0x0800ce8c   0x000000dc   Code   RO          535    .text               misc.o
    0x0800cf68   0x000001e0   Code   RO          557    .text               system_stm32f10x.o
    0x0800d148   0x0000035c   Code   RO          575    .text               stm32f10x_gpio.o
    0x0800d4a4   0x000003a4   Code   RO          599    .text               stm32f10x_rcc.o
    0x0800d848   0x0000030c   Code   RO          613    .text               stm32f10x_spi.o
    0x0800db54   0x00000024   Code   RO          652    .text               startup_stm32f10x_hd.o
    0x0800db78   0x000005bc   Code   RO          656    .text               stm32f10x_flash.o
    0x0800e134   0x00000134   Code   RO          668    .text               main.o
    0x0800e268   0x00000014   Code   RO          699    .text               stm32f10x_it.o
    0x0800e27c   0x00000024   Code   RO          714    .text               bsp_led.o
    0x0800e2a0   0x00000248   Code   RO          726    .text               bsp_i2c_gpio.o
    0x0800e4e8   0x00000122   Code   RO          744    .text               bsp_eeprom_24xx.o
    0x0800e60a   0x00000002   PAD
    0x0800e60c   0x00000280   Code   RO          759    .text               bsp_w5500_port.o
    0x0800e88c   0x0000005a   Code   RO          779    .text               bsp_delay.o
    0x0800e8e6   0x00000012   Code   RO          791    .text               task_modbus.o
    0x0800e8f8   0x00000118   Code   RO          803    .text               task_w5500.o
    0x0800ea10   0x000000f2   Code   RO          817    .text               eeprom_mem.o
    0x0800eb02   0x00000002   PAD
    0x0800eb04   0x00000128   Code   RO          832    .text               stm_flash.o
    0x0800ec2c   0x000000c8   Code   RO          849    .text               iap.o
    0x0800ecf4   0x00000024   Code   RO          870    .text               mc_w.l(memcpya.o)
    0x0800ed18   0x00000024   Code   RO          888    .text               mc_w.l(init.o)
    0x0800ed3c   0x00000056   Code   RO          898    .text               mc_w.l(__dczerorl2.o)
    0x0800ed92   0x0000000e   Code   RO          892    i.__scatterload_copy  mc_w.l(handlers.o)
    0x0800eda0   0x00000002   Code   RO          893    i.__scatterload_null  mc_w.l(handlers.o)
    0x0800eda2   0x0000000e   Code   RO          894    i.__scatterload_zeroinit  mc_w.l(handlers.o)
    0x0800edb0   0x00000010   Data   RO          761    .constdata          bsp_w5500_port.o
    0x0800edc0   0x00000020   Data   RO          890    Region$$Table       anon$$obj.o


    Execution Region RW_IRAM1 (Base: 0x20000000, Size: 0x000062f0, Max: 0x0000c000, ABSOLUTE, COMPRESSED[0x000000bc])

    Base Addr    Size         Type   Attr      Idx    E Section Name        Object

    0x20000000   0x0000000e   Data   RW            3    .data               socket.o
    0x2000000e   0x00000002   PAD
    0x20000010   0x0000002d   Data   RW           33    .data               wizchip_conf.o
    0x2000003d   0x00000003   PAD
    0x20000040   0x0000004c   Data   RW           69    .data               dhcp.o
    0x2000008c   0x00000005   Data   RW           87    .data               portevent.o
    0x20000091   0x00000002   Data   RW          259    .data               port_reg.o
    0x20000093   0x00000001   PAD
    0x20000094   0x000000b5   Data   RW          282    .data               mb.o
    0x20000149   0x00000001   PAD
    0x2000014a   0x00000002   Data   RW          388    .data               mbfuncother.o
    0x2000014c   0x0000003c   Data   RW          451    .data               tasks.o
    0x20000188   0x00000004   Data   RW          491    .data               tes on-chip ram.o
    0x2000018c   0x00000018   Data   RW          522    .data               heap_2.o
    0x200001a4   0x00000014   Data   RW          558    .data               system_stm32f10x.o
    0x200001b8   0x00000014   Data   RW          600    .data               stm32f10x_rcc.o
    0x200001cc   0x00000005   Data   RW          669    .data               main.o
    0x200001d1   0x00000003   PAD
    0x200001d4   0x0000001c   Data   RW          762    .data               bsp_w5500_port.o
    0x200001f0   0x00000002   Data   RW          804    .data               task_w5500.o
    0x200001f2   0x00000002   PAD
    0x200001f4   0x00000010   Zero   RW            2    .bss                socket.o
    0x20000204   0x00000020   Zero   RW          387    .bss                mbfuncother.o
    0x20000224   0x000000c8   Zero   RW          450    .bss                tasks.o
    0x200002ec   0x00004400   Zero   RW          521    .bss                heap_2.o
    0x200046ec   0x00000800   Zero   RW          760    .bss                bsp_w5500_port.o
    0x20004eec   0x00000800   Zero   RW          833    .bss                stm_flash.o
    0x200056ec   0x00000800   Zero   RW          850    .bss                iap.o
    0x20005eec   0x00000004   PAD
    0x20005ef0   0x00000400   Zero   RW          649    STACK               startup_stm32f10x_hd.o


==============================================================================

Image component sizes


      Code (inc. data)   RO Data    RW Data    ZI Data      Debug   Object Name

        90          0          0          0          0        891   bsp_delay.o
       290          0          0          0          0       1842   bsp_eeprom_24xx.o
       584          6          0          0          0       2099   bsp_i2c_gpio.o
        36          6          0          0          0        455   bsp_led.o
       640         58         16         28       2048       3203   bsp_w5500_port.o
        32          0          0          0          0        544   core_cm3.o
      4088        218          0         76          0       9533   dhcp.o
       242          0          0          0          0       2350   eeprom_mem.o
       292         20          0         24      17408       3156   heap_2.o
       200         26          0          0       2048      17207   iap.o
       148          0          0          0          0       1838   list.o
       308         56          0          5          0       1410   main.o
       740         72          0        181          0       5837   mb.o
       430          0          0          0          0       2998   mbfunccoils.o
       172          0          0          0          0       1608   mbfuncdisc.o
       528          0          0          0          0       3845   mbfuncholding.o
       140          0          0          0          0       1555   mbfuncinput.o
       148          8          0          2         32       1769   mbfuncother.o
       150          0          0          0          0       2195   mbtcp.o
       172          0          0          0          0       1878   mbutils.o
       220         22          0          0          0       1773   misc.o
       300         10          0          2          0       3789   port_reg.o
       252          8          0          5          0     253671   portevent.o
        54          0          0          0          0       1927   porttcp.o
      2300          8          0          0          0      20120   queue.o
      4116         80          0         14         16      16106   socket.o
        36          8        304          0       1024        820   startup_stm32f10x_hd.o
      1468         34          0          0          0       7998   stm32f10x_flash.o
       860         38          0          0          0       5621   stm32f10x_gpio.o
        20          0          0          0          0        915   stm32f10x_it.o
       932         36          0         20          0       8780   stm32f10x_rcc.o
       780         14          0          0          0       6502   stm32f10x_spi.o
       296         10          0          0       2048       2089   stm_flash.o
       480         38          0         20          0       1815   system_stm32f10x.o
        18          0          0          0          0        446   task_modbus.o
       280         14          0          2          0       1950   task_w5500.o
      4552        278          0         60        200      28053   tasks.o
       406         30          0          4          0       7044   tes on-chip ram.o
      1082          6          0          0          0       3558   w5500.o
      1724         40          0         45          0      11747   wizchip_conf.o

    ----------------------------------------------------------------------
     29616       1144        352        500      24828     450937   Object Totals
         0          0         32          0          0          0   (incl. Generated)
        10          0          0         12          4          0   (incl. Padding)

    ----------------------------------------------------------------------

      Code (inc. data)   RO Data    RW Data    ZI Data      Debug   Library Member Name

        86          0          0          0          0          0   __dczerorl2.o
         0          0          0          0          0          0   entry.o
         0          0          0          0          0          0   entry10a.o
         0          0          0          0          0          0   entry11a.o
         8          4          0          0          0          0   entry2.o
         4          0          0          0          0          0   entry5.o
         0          0          0          0          0          0   entry7b.o
         0          0          0          0          0          0   entry8b.o
         8          4          0          0          0          0   entry9a.o
        30          0          0          0          0          0   handlers.o
        36          8          0          0          0         68   init.o
        36          0          0          0          0         68   memcpya.o

    ----------------------------------------------------------------------
       208         16          0          0          0        136   Library Totals
         0          0          0          0          0          0   (incl. Padding)

    ----------------------------------------------------------------------

      Code (inc. data)   RO Data    RW Data    ZI Data      Debug   Library Name

       208         16          0          0          0        136   mc_w.l

    ----------------------------------------------------------------------
       208         16          0          0          0        136   Library Totals

    ----------------------------------------------------------------------

==============================================================================


      Code (inc. data)   RO Data    RW Data    ZI Data      Debug   

     29824       1160        352        500      24828     447717   Grand Totals
     29824       1160        352        188      24828     447717   ELF Image Totals (compressed)
     29824       1160        352        188          0          0   ROM Totals

==============================================================================

    Total RO  Size (Code + RO Data)                30176 (  29.47kB)
    Total RW  Size (RW Data + ZI Data)             25328 (  24.73kB)
    Total ROM Size (Code + RO Data + RW Data)      30364 (  29.65kB)

==============================================================================

