Component: ARM Compiler 5.05 update 2 (build 169) Tool: armlink [4d0f33]

==============================================================================

Section Cross References

    system_stm32f10x.o(.text) refers to system_stm32f10x.o(.data) for SystemCoreClock
    stm32f10x_gpio.o(.text) refers to stm32f10x_rcc.o(.text) for RCC_APB2PeriphResetCmd
    stm32f10x_i2c.o(.text) refers to stm32f10x_rcc.o(.text) for RCC_APB1PeriphResetCmd
    stm32f10x_rcc.o(.text) refers to stm32f10x_rcc.o(.data) for APBAHBPrescTable
    stm32f10x_spi.o(.text) refers to stm32f10x_rcc.o(.text) for RCC_APB2PeriphResetCmd
    stm32f10x_tim.o(.text) refers to stm32f10x_rcc.o(.text) for RCC_APB2PeriphResetCmd
    stm32f10x_usart.o(.text) refers to stm32f10x_rcc.o(.text) for RCC_APB2PeriphResetCmd
    startup_stm32f10x_hd.o(RESET) refers to startup_stm32f10x_hd.o(STACK) for __initial_sp
    startup_stm32f10x_hd.o(RESET) refers to startup_stm32f10x_hd.o(.text) for Reset_Handler
    startup_stm32f10x_hd.o(RESET) refers to stm32f10x_it.o(.text) for NMI_Handler
    startup_stm32f10x_hd.o(.text) refers to system_stm32f10x.o(.text) for SystemInit
    startup_stm32f10x_hd.o(.text) refers to entry.o(.ARM.Collect$$$$00000000) for __main
    main.o(.text) refers to bsp_led.o(.text) for led_init
    main.o(.text) refers to eeprom_mem.o(.text) for eeprom_init
    main.o(.text) refers to stm32f10x_rcc.o(.text) for RCC_APB2PeriphClockCmd
    main.o(.text) refers to misc.o(.text) for NVIC_PriorityGroupConfig
    main.o(.text) refers to iap.o(.text) for iap_copy_app_cache
    main.o(.text) refers to stm32f10x_gpio.o(.text) for GPIO_SetBits
    bsp_led.o(.text) refers to stm32f10x_gpio.o(.text) for GPIO_Init
    bsp_i2c_gpio.o(.text) refers to bsp_delay.o(.text) for delay_nus
    bsp_i2c_gpio.o(.text) refers to stm32f10x_rcc.o(.text) for RCC_APB2PeriphClockCmd
    bsp_i2c_gpio.o(.text) refers to stm32f10x_gpio.o(.text) for GPIO_Init
    bsp_eeprom_24xx.o(.text) refers to bsp_i2c_gpio.o(.text) for i2c_check_connect
    eeprom_mem.o(.text) refers to bsp_eeprom_24xx.o(.text) for ee_write_byts
    stm_flash.o(.text) refers to stm32f10x_flash.o(.text) for FLASH_ProgramHalfWord
    stm_flash.o(.text) refers to stm_flash.o(.bss) for STMFLASH_BUF
    iap.o(.text) refers to core_cm3.o(.emb_text) for __set_MSP
    iap.o(.text) refers to eeprom_mem.o(.text) for eeprom_write_update_done
    iap.o(.text) refers to stm_flash.o(.text) for STMFLASH_Write
    iap.o(.text) refers to iap.o(.bss) for iapbuf
    entry.o(.ARM.Collect$$$$00000000) refers (Special) to entry10a.o(.ARM.Collect$$$$0000000D) for __rt_final_cpp
    entry.o(.ARM.Collect$$$$00000000) refers (Special) to entry11a.o(.ARM.Collect$$$$0000000F) for __rt_final_exit
    entry.o(.ARM.Collect$$$$00000000) refers (Special) to entry7b.o(.ARM.Collect$$$$00000008) for _main_clock
    entry.o(.ARM.Collect$$$$00000000) refers (Special) to entry8b.o(.ARM.Collect$$$$0000000A) for _main_cpp_init
    entry.o(.ARM.Collect$$$$00000000) refers (Special) to entry9a.o(.ARM.Collect$$$$0000000B) for _main_init
    entry.o(.ARM.Collect$$$$00000000) refers (Special) to entry5.o(.ARM.Collect$$$$00000004) for _main_scatterload
    entry.o(.ARM.Collect$$$$00000000) refers (Special) to entry2.o(.ARM.Collect$$$$00000001) for _main_stk
    entry2.o(.ARM.Collect$$$$00000001) refers to entry2.o(.ARM.Collect$$$$00002712) for __lit__00000000
    entry2.o(.ARM.Collect$$$$00002712) refers to startup_stm32f10x_hd.o(STACK) for __initial_sp
    entry2.o(__vectab_stack_and_reset_area) refers to startup_stm32f10x_hd.o(STACK) for __initial_sp
    entry2.o(__vectab_stack_and_reset_area) refers to entry.o(.ARM.Collect$$$$00000000) for __main
    entry5.o(.ARM.Collect$$$$00000004) refers to init.o(.text) for __scatterload
    entry9a.o(.ARM.Collect$$$$0000000B) refers to main.o(.text) for main
    entry9b.o(.ARM.Collect$$$$0000000C) refers to main.o(.text) for main
    init.o(.text) refers to entry5.o(.ARM.Collect$$$$00000004) for __main_after_scatterload


==============================================================================

Removing Unused input sections from the image.

    Removing stm32f10x_i2c.o(.text), (1028 bytes).
    Removing stm32f10x_spi.o(.text), (780 bytes).
    Removing stm32f10x_tim.o(.text), (3610 bytes).
    Removing stm32f10x_usart.o(.text), (1032 bytes).
    Removing startup_stm32f10x_hd.o(HEAP), (512 bytes).

5 unused section(s) (total 6962 bytes) removed from the image.

==============================================================================

Image Symbol Table

    Local Symbols

    Symbol Name                              Value     Ov Type        Size  Object(Section)

    ../clib/microlib/init/entry.s            0x00000000   Number         0  entry2.o ABSOLUTE
    ../clib/microlib/init/entry.s            0x00000000   Number         0  entry11b.o ABSOLUTE
    ../clib/microlib/init/entry.s            0x00000000   Number         0  entry11a.o ABSOLUTE
    ../clib/microlib/init/entry.s            0x00000000   Number         0  entry10b.o ABSOLUTE
    ../clib/microlib/init/entry.s            0x00000000   Number         0  entry.o ABSOLUTE
    ../clib/microlib/init/entry.s            0x00000000   Number         0  entry10a.o ABSOLUTE
    ../clib/microlib/init/entry.s            0x00000000   Number         0  entry9b.o ABSOLUTE
    ../clib/microlib/init/entry.s            0x00000000   Number         0  entry9a.o ABSOLUTE
    ../clib/microlib/init/entry.s            0x00000000   Number         0  entry8b.o ABSOLUTE
    ../clib/microlib/init/entry.s            0x00000000   Number         0  entry8a.o ABSOLUTE
    ../clib/microlib/init/entry.s            0x00000000   Number         0  entry7b.o ABSOLUTE
    ../clib/microlib/init/entry.s            0x00000000   Number         0  entry7a.o ABSOLUTE
    ../clib/microlib/init/entry.s            0x00000000   Number         0  entry5.o ABSOLUTE
    ..\\lib\\st_lib\\cmsis\\core_cm3.c       0x00000000   Number         0  core_cm3.o ABSOLUTE
    ..\lib\st_lib\cmsis\core_cm3.c           0x00000000   Number         0  core_cm3.o ABSOLUTE
    ..\lib\st_lib\cmsis\startup\startup_stm32f10x_hd.s 0x00000000   Number         0  startup_stm32f10x_hd.o ABSOLUTE
    ..\lib\st_lib\cmsis\system_stm32f10x.c   0x00000000   Number         0  system_stm32f10x.o ABSOLUTE
    ..\lib\st_lib\fwlib\src\misc.c           0x00000000   Number         0  misc.o ABSOLUTE
    ..\lib\st_lib\fwlib\src\stm32f10x_flash.c 0x00000000   Number         0  stm32f10x_flash.o ABSOLUTE
    ..\lib\st_lib\fwlib\src\stm32f10x_gpio.c 0x00000000   Number         0  stm32f10x_gpio.o ABSOLUTE
    ..\lib\st_lib\fwlib\src\stm32f10x_i2c.c  0x00000000   Number         0  stm32f10x_i2c.o ABSOLUTE
    ..\lib\st_lib\fwlib\src\stm32f10x_rcc.c  0x00000000   Number         0  stm32f10x_rcc.o ABSOLUTE
    ..\lib\st_lib\fwlib\src\stm32f10x_spi.c  0x00000000   Number         0  stm32f10x_spi.o ABSOLUTE
    ..\lib\st_lib\fwlib\src\stm32f10x_tim.c  0x00000000   Number         0  stm32f10x_tim.o ABSOLUTE
    ..\lib\st_lib\fwlib\src\stm32f10x_usart.c 0x00000000   Number         0  stm32f10x_usart.o ABSOLUTE
    ..\src\APP\eeprom_mem.c                  0x00000000   Number         0  eeprom_mem.o ABSOLUTE
    ..\src\BSP\bsp_delay.c                   0x00000000   Number         0  bsp_delay.o ABSOLUTE
    ..\src\BSP\bsp_eeprom_24xx.c             0x00000000   Number         0  bsp_eeprom_24xx.o ABSOLUTE
    ..\src\BSP\bsp_i2c_gpio.c                0x00000000   Number         0  bsp_i2c_gpio.o ABSOLUTE
    ..\src\BSP\bsp_led.c                     0x00000000   Number         0  bsp_led.o ABSOLUTE
    ..\src\IAP\IAP.c                         0x00000000   Number         0  iap.o ABSOLUTE
    ..\src\STM_FLASH\stm_flash.c             0x00000000   Number         0  stm_flash.o ABSOLUTE
    ..\src\main.c                            0x00000000   Number         0  main.o ABSOLUTE
    ..\src\stm32f10x_it.c                    0x00000000   Number         0  stm32f10x_it.o ABSOLUTE
    dc.s                                     0x00000000   Number         0  dc.o ABSOLUTE
    handlers.s                               0x00000000   Number         0  handlers.o ABSOLUTE
    init.s                                   0x00000000   Number         0  init.o ABSOLUTE
    RESET                                    0x08000000   Section      304  startup_stm32f10x_hd.o(RESET)
    .ARM.Collect$$$$00000000                 0x08000130   Section        0  entry.o(.ARM.Collect$$$$00000000)
    .ARM.Collect$$$$00000001                 0x08000130   Section        4  entry2.o(.ARM.Collect$$$$00000001)
    .ARM.Collect$$$$00000004                 0x08000134   Section        4  entry5.o(.ARM.Collect$$$$00000004)
    .ARM.Collect$$$$00000008                 0x08000138   Section        0  entry7b.o(.ARM.Collect$$$$00000008)
    .ARM.Collect$$$$0000000A                 0x08000138   Section        0  entry8b.o(.ARM.Collect$$$$0000000A)
    .ARM.Collect$$$$0000000B                 0x08000138   Section        8  entry9a.o(.ARM.Collect$$$$0000000B)
    .ARM.Collect$$$$0000000D                 0x08000140   Section        0  entry10a.o(.ARM.Collect$$$$0000000D)
    .ARM.Collect$$$$0000000F                 0x08000140   Section        0  entry11a.o(.ARM.Collect$$$$0000000F)
    .ARM.Collect$$$$00002712                 0x08000140   Section        4  entry2.o(.ARM.Collect$$$$00002712)
    __lit__00000000                          0x08000140   Data           4  entry2.o(.ARM.Collect$$$$00002712)
    .emb_text                                0x08000144   Section       32  core_cm3.o(.emb_text)
    .text                                    0x08000164   Section        0  misc.o(.text)
    .text                                    0x08000240   Section        0  system_stm32f10x.o(.text)
    SetSysClockTo72                          0x08000241   Thumb Code   214  system_stm32f10x.o(.text)
    SetSysClock                              0x08000317   Thumb Code     8  system_stm32f10x.o(.text)
    .text                                    0x08000420   Section        0  stm32f10x_gpio.o(.text)
    .text                                    0x0800077c   Section        0  stm32f10x_rcc.o(.text)
    .text                                    0x08000b20   Section       36  startup_stm32f10x_hd.o(.text)
    .text                                    0x08000b44   Section        0  stm32f10x_flash.o(.text)
    .text                                    0x08001100   Section        0  main.o(.text)
    .text                                    0x0800114c   Section        0  stm32f10x_it.o(.text)
    .text                                    0x08001160   Section        0  bsp_led.o(.text)
    .text                                    0x08001184   Section        0  bsp_i2c_gpio.o(.text)
    i2c_Delay                                0x08001185   Thumb Code    10  bsp_i2c_gpio.o(.text)
    .text                                    0x080013cc   Section        0  bsp_eeprom_24xx.o(.text)
    .text                                    0x080014ee   Section        0  bsp_delay.o(.text)
    .text                                    0x08001548   Section        0  eeprom_mem.o(.text)
    .text                                    0x08001624   Section        0  stm_flash.o(.text)
    .text                                    0x0800174c   Section        0  iap.o(.text)
    .text                                    0x0800185c   Section       36  init.o(.text)
    i.__scatterload_copy                     0x08001880   Section       14  handlers.o(i.__scatterload_copy)
    i.__scatterload_null                     0x0800188e   Section        2  handlers.o(i.__scatterload_null)
    i.__scatterload_zeroinit                 0x08001890   Section       14  handlers.o(i.__scatterload_zeroinit)
    .data                                    0x20000000   Section       20  system_stm32f10x.o(.data)
    .data                                    0x20000014   Section       20  stm32f10x_rcc.o(.data)
    APBAHBPrescTable                         0x20000014   Data          16  stm32f10x_rcc.o(.data)
    ADCPrescTable                            0x20000024   Data           4  stm32f10x_rcc.o(.data)
    .bss                                     0x20000028   Section     2048  stm_flash.o(.bss)
    STMFLASH_BUF                             0x20000028   Data        2048  stm_flash.o(.bss)
    .bss                                     0x20000828   Section     2048  iap.o(.bss)
    iapbuf                                   0x20000828   Data        2048  iap.o(.bss)
    STACK                                    0x20001028   Section     1024  startup_stm32f10x_hd.o(STACK)

    Global Symbols

    Symbol Name                              Value     Ov Type        Size  Object(Section)

    BuildAttributes$$THM_ISAv4$P$D$K$B$S$PE$A:L22UL41UL21$X:L11$S22US41US21$IEEE1$IW$USESV6$~STKCKD$USESV7$~SHL$OSPACE$EBA8$MICROLIB$REQ8$PRES8$EABIv2 0x00000000   Number         0  anon$$obj.o ABSOLUTE
    __ARM_use_no_argv                        0x00000000   Number         0  main.o ABSOLUTE
    __cpp_initialize__aeabi_                  - Undefined Weak Reference
    __cxa_finalize                            - Undefined Weak Reference
    __decompress                              - Undefined Weak Reference
    _clock_init                               - Undefined Weak Reference
    _microlib_exit                            - Undefined Weak Reference
    __Vectors_Size                           0x00000130   Number         0  startup_stm32f10x_hd.o ABSOLUTE
    __Vectors                                0x08000000   Data           4  startup_stm32f10x_hd.o(RESET)
    __Vectors_End                            0x08000130   Data           0  startup_stm32f10x_hd.o(RESET)
    __main                                   0x08000131   Thumb Code     0  entry.o(.ARM.Collect$$$$00000000)
    _main_stk                                0x08000131   Thumb Code     0  entry2.o(.ARM.Collect$$$$00000001)
    _main_scatterload                        0x08000135   Thumb Code     0  entry5.o(.ARM.Collect$$$$00000004)
    __main_after_scatterload                 0x08000139   Thumb Code     0  entry5.o(.ARM.Collect$$$$00000004)
    _main_clock                              0x08000139   Thumb Code     0  entry7b.o(.ARM.Collect$$$$00000008)
    _main_cpp_init                           0x08000139   Thumb Code     0  entry8b.o(.ARM.Collect$$$$0000000A)
    _main_init                               0x08000139   Thumb Code     0  entry9a.o(.ARM.Collect$$$$0000000B)
    __rt_final_cpp                           0x08000141   Thumb Code     0  entry10a.o(.ARM.Collect$$$$0000000D)
    __rt_final_exit                          0x08000141   Thumb Code     0  entry11a.o(.ARM.Collect$$$$0000000F)
    __get_PSP                                0x08000145   Thumb Code     6  core_cm3.o(.emb_text)
    __set_PSP                                0x0800014b   Thumb Code     6  core_cm3.o(.emb_text)
    __get_MSP                                0x08000151   Thumb Code     6  core_cm3.o(.emb_text)
    __set_MSP                                0x08000157   Thumb Code     6  core_cm3.o(.emb_text)
    __REV16                                  0x0800015d   Thumb Code     4  core_cm3.o(.emb_text)
    __REVSH                                  0x08000161   Thumb Code     4  core_cm3.o(.emb_text)
    NVIC_PriorityGroupConfig                 0x08000165   Thumb Code    10  misc.o(.text)
    NVIC_Init                                0x0800016f   Thumb Code   100  misc.o(.text)
    NVIC_SetVectorTable                      0x080001d3   Thumb Code    14  misc.o(.text)
    NVIC_SystemLPConfig                      0x080001e1   Thumb Code    34  misc.o(.text)
    SysTick_CLKSourceConfig                  0x08000203   Thumb Code    40  misc.o(.text)
    SystemInit                               0x0800031f   Thumb Code    78  system_stm32f10x.o(.text)
    SystemCoreClockUpdate                    0x0800036d   Thumb Code   142  system_stm32f10x.o(.text)
    GPIO_DeInit                              0x08000421   Thumb Code   172  stm32f10x_gpio.o(.text)
    GPIO_AFIODeInit                          0x080004cd   Thumb Code    20  stm32f10x_gpio.o(.text)
    GPIO_Init                                0x080004e1   Thumb Code   278  stm32f10x_gpio.o(.text)
    GPIO_StructInit                          0x080005f7   Thumb Code    16  stm32f10x_gpio.o(.text)
    GPIO_ReadInputDataBit                    0x08000607   Thumb Code    18  stm32f10x_gpio.o(.text)
    GPIO_ReadInputData                       0x08000619   Thumb Code     8  stm32f10x_gpio.o(.text)
    GPIO_ReadOutputDataBit                   0x08000621   Thumb Code    18  stm32f10x_gpio.o(.text)
    GPIO_ReadOutputData                      0x08000633   Thumb Code     8  stm32f10x_gpio.o(.text)
    GPIO_SetBits                             0x0800063b   Thumb Code     4  stm32f10x_gpio.o(.text)
    GPIO_ResetBits                           0x0800063f   Thumb Code     4  stm32f10x_gpio.o(.text)
    GPIO_WriteBit                            0x08000643   Thumb Code    10  stm32f10x_gpio.o(.text)
    GPIO_Write                               0x0800064d   Thumb Code     4  stm32f10x_gpio.o(.text)
    GPIO_PinLockConfig                       0x08000651   Thumb Code    18  stm32f10x_gpio.o(.text)
    GPIO_EventOutputConfig                   0x08000663   Thumb Code    26  stm32f10x_gpio.o(.text)
    GPIO_EventOutputCmd                      0x0800067d   Thumb Code     6  stm32f10x_gpio.o(.text)
    GPIO_PinRemapConfig                      0x08000683   Thumb Code   138  stm32f10x_gpio.o(.text)
    GPIO_EXTILineConfig                      0x0800070d   Thumb Code    66  stm32f10x_gpio.o(.text)
    GPIO_ETH_MediaInterfaceConfig            0x0800074f   Thumb Code     8  stm32f10x_gpio.o(.text)
    RCC_DeInit                               0x0800077d   Thumb Code    64  stm32f10x_rcc.o(.text)
    RCC_HSEConfig                            0x080007bd   Thumb Code    70  stm32f10x_rcc.o(.text)
    RCC_GetFlagStatus                        0x08000803   Thumb Code    56  stm32f10x_rcc.o(.text)
    RCC_WaitForHSEStartUp                    0x0800083b   Thumb Code    56  stm32f10x_rcc.o(.text)
    RCC_AdjustHSICalibrationValue            0x08000873   Thumb Code    20  stm32f10x_rcc.o(.text)
    RCC_HSICmd                               0x08000887   Thumb Code     6  stm32f10x_rcc.o(.text)
    RCC_PLLConfig                            0x0800088d   Thumb Code    24  stm32f10x_rcc.o(.text)
    RCC_PLLCmd                               0x080008a5   Thumb Code     6  stm32f10x_rcc.o(.text)
    RCC_SYSCLKConfig                         0x080008ab   Thumb Code    18  stm32f10x_rcc.o(.text)
    RCC_GetSYSCLKSource                      0x080008bd   Thumb Code    10  stm32f10x_rcc.o(.text)
    RCC_HCLKConfig                           0x080008c7   Thumb Code    18  stm32f10x_rcc.o(.text)
    RCC_PCLK1Config                          0x080008d9   Thumb Code    18  stm32f10x_rcc.o(.text)
    RCC_PCLK2Config                          0x080008eb   Thumb Code    20  stm32f10x_rcc.o(.text)
    RCC_ITConfig                             0x080008ff   Thumb Code    26  stm32f10x_rcc.o(.text)
    RCC_USBCLKConfig                         0x08000919   Thumb Code     8  stm32f10x_rcc.o(.text)
    RCC_ADCCLKConfig                         0x08000921   Thumb Code    18  stm32f10x_rcc.o(.text)
    RCC_LSEConfig                            0x08000933   Thumb Code    50  stm32f10x_rcc.o(.text)
    RCC_LSICmd                               0x08000965   Thumb Code     6  stm32f10x_rcc.o(.text)
    RCC_RTCCLKConfig                         0x0800096b   Thumb Code    12  stm32f10x_rcc.o(.text)
    RCC_RTCCLKCmd                            0x08000977   Thumb Code     8  stm32f10x_rcc.o(.text)
    RCC_GetClocksFreq                        0x0800097f   Thumb Code   192  stm32f10x_rcc.o(.text)
    RCC_AHBPeriphClockCmd                    0x08000a3f   Thumb Code    26  stm32f10x_rcc.o(.text)
    RCC_APB2PeriphClockCmd                   0x08000a59   Thumb Code    26  stm32f10x_rcc.o(.text)
    RCC_APB1PeriphClockCmd                   0x08000a73   Thumb Code    26  stm32f10x_rcc.o(.text)
    RCC_APB2PeriphResetCmd                   0x08000a8d   Thumb Code    26  stm32f10x_rcc.o(.text)
    RCC_APB1PeriphResetCmd                   0x08000aa7   Thumb Code    26  stm32f10x_rcc.o(.text)
    RCC_BackupResetCmd                       0x08000ac1   Thumb Code     8  stm32f10x_rcc.o(.text)
    RCC_ClockSecuritySystemCmd               0x08000ac9   Thumb Code     6  stm32f10x_rcc.o(.text)
    RCC_MCOConfig                            0x08000acf   Thumb Code     6  stm32f10x_rcc.o(.text)
    RCC_ClearFlag                            0x08000ad5   Thumb Code    14  stm32f10x_rcc.o(.text)
    RCC_GetITStatus                          0x08000ae3   Thumb Code    20  stm32f10x_rcc.o(.text)
    RCC_ClearITPendingBit                    0x08000af7   Thumb Code     6  stm32f10x_rcc.o(.text)
    Reset_Handler                            0x08000b21   Thumb Code     8  startup_stm32f10x_hd.o(.text)
    SVC_Handler                              0x08000b33   Thumb Code     2  startup_stm32f10x_hd.o(.text)
    PendSV_Handler                           0x08000b37   Thumb Code     2  startup_stm32f10x_hd.o(.text)
    SysTick_Handler                          0x08000b39   Thumb Code     2  startup_stm32f10x_hd.o(.text)
    ADC1_2_IRQHandler                        0x08000b3b   Thumb Code     0  startup_stm32f10x_hd.o(.text)
    ADC3_IRQHandler                          0x08000b3b   Thumb Code     0  startup_stm32f10x_hd.o(.text)
    CAN1_RX1_IRQHandler                      0x08000b3b   Thumb Code     0  startup_stm32f10x_hd.o(.text)
    CAN1_SCE_IRQHandler                      0x08000b3b   Thumb Code     0  startup_stm32f10x_hd.o(.text)
    DMA1_Channel1_IRQHandler                 0x08000b3b   Thumb Code     0  startup_stm32f10x_hd.o(.text)
    DMA1_Channel2_IRQHandler                 0x08000b3b   Thumb Code     0  startup_stm32f10x_hd.o(.text)
    DMA1_Channel3_IRQHandler                 0x08000b3b   Thumb Code     0  startup_stm32f10x_hd.o(.text)
    DMA1_Channel4_IRQHandler                 0x08000b3b   Thumb Code     0  startup_stm32f10x_hd.o(.text)
    DMA1_Channel5_IRQHandler                 0x08000b3b   Thumb Code     0  startup_stm32f10x_hd.o(.text)
    DMA1_Channel6_IRQHandler                 0x08000b3b   Thumb Code     0  startup_stm32f10x_hd.o(.text)
    DMA1_Channel7_IRQHandler                 0x08000b3b   Thumb Code     0  startup_stm32f10x_hd.o(.text)
    DMA2_Channel1_IRQHandler                 0x08000b3b   Thumb Code     0  startup_stm32f10x_hd.o(.text)
    DMA2_Channel2_IRQHandler                 0x08000b3b   Thumb Code     0  startup_stm32f10x_hd.o(.text)
    DMA2_Channel3_IRQHandler                 0x08000b3b   Thumb Code     0  startup_stm32f10x_hd.o(.text)
    DMA2_Channel4_5_IRQHandler               0x08000b3b   Thumb Code     0  startup_stm32f10x_hd.o(.text)
    EXTI0_IRQHandler                         0x08000b3b   Thumb Code     0  startup_stm32f10x_hd.o(.text)
    EXTI15_10_IRQHandler                     0x08000b3b   Thumb Code     0  startup_stm32f10x_hd.o(.text)
    EXTI1_IRQHandler                         0x08000b3b   Thumb Code     0  startup_stm32f10x_hd.o(.text)
    EXTI2_IRQHandler                         0x08000b3b   Thumb Code     0  startup_stm32f10x_hd.o(.text)
    EXTI3_IRQHandler                         0x08000b3b   Thumb Code     0  startup_stm32f10x_hd.o(.text)
    EXTI4_IRQHandler                         0x08000b3b   Thumb Code     0  startup_stm32f10x_hd.o(.text)
    EXTI9_5_IRQHandler                       0x08000b3b   Thumb Code     0  startup_stm32f10x_hd.o(.text)
    FLASH_IRQHandler                         0x08000b3b   Thumb Code     0  startup_stm32f10x_hd.o(.text)
    FSMC_IRQHandler                          0x08000b3b   Thumb Code     0  startup_stm32f10x_hd.o(.text)
    I2C1_ER_IRQHandler                       0x08000b3b   Thumb Code     0  startup_stm32f10x_hd.o(.text)
    I2C1_EV_IRQHandler                       0x08000b3b   Thumb Code     0  startup_stm32f10x_hd.o(.text)
    I2C2_ER_IRQHandler                       0x08000b3b   Thumb Code     0  startup_stm32f10x_hd.o(.text)
    I2C2_EV_IRQHandler                       0x08000b3b   Thumb Code     0  startup_stm32f10x_hd.o(.text)
    PVD_IRQHandler                           0x08000b3b   Thumb Code     0  startup_stm32f10x_hd.o(.text)
    RCC_IRQHandler                           0x08000b3b   Thumb Code     0  startup_stm32f10x_hd.o(.text)
    RTCAlarm_IRQHandler                      0x08000b3b   Thumb Code     0  startup_stm32f10x_hd.o(.text)
    RTC_IRQHandler                           0x08000b3b   Thumb Code     0  startup_stm32f10x_hd.o(.text)
    SDIO_IRQHandler                          0x08000b3b   Thumb Code     0  startup_stm32f10x_hd.o(.text)
    SPI1_IRQHandler                          0x08000b3b   Thumb Code     0  startup_stm32f10x_hd.o(.text)
    SPI2_IRQHandler                          0x08000b3b   Thumb Code     0  startup_stm32f10x_hd.o(.text)
    SPI3_IRQHandler                          0x08000b3b   Thumb Code     0  startup_stm32f10x_hd.o(.text)
    TAMPER_IRQHandler                        0x08000b3b   Thumb Code     0  startup_stm32f10x_hd.o(.text)
    TIM1_BRK_IRQHandler                      0x08000b3b   Thumb Code     0  startup_stm32f10x_hd.o(.text)
    TIM1_CC_IRQHandler                       0x08000b3b   Thumb Code     0  startup_stm32f10x_hd.o(.text)
    TIM1_TRG_COM_IRQHandler                  0x08000b3b   Thumb Code     0  startup_stm32f10x_hd.o(.text)
    TIM1_UP_IRQHandler                       0x08000b3b   Thumb Code     0  startup_stm32f10x_hd.o(.text)
    TIM2_IRQHandler                          0x08000b3b   Thumb Code     0  startup_stm32f10x_hd.o(.text)
    TIM3_IRQHandler                          0x08000b3b   Thumb Code     0  startup_stm32f10x_hd.o(.text)
    TIM4_IRQHandler                          0x08000b3b   Thumb Code     0  startup_stm32f10x_hd.o(.text)
    TIM5_IRQHandler                          0x08000b3b   Thumb Code     0  startup_stm32f10x_hd.o(.text)
    TIM6_IRQHandler                          0x08000b3b   Thumb Code     0  startup_stm32f10x_hd.o(.text)
    TIM7_IRQHandler                          0x08000b3b   Thumb Code     0  startup_stm32f10x_hd.o(.text)
    TIM8_BRK_IRQHandler                      0x08000b3b   Thumb Code     0  startup_stm32f10x_hd.o(.text)
    TIM8_CC_IRQHandler                       0x08000b3b   Thumb Code     0  startup_stm32f10x_hd.o(.text)
    TIM8_TRG_COM_IRQHandler                  0x08000b3b   Thumb Code     0  startup_stm32f10x_hd.o(.text)
    TIM8_UP_IRQHandler                       0x08000b3b   Thumb Code     0  startup_stm32f10x_hd.o(.text)
    UART4_IRQHandler                         0x08000b3b   Thumb Code     0  startup_stm32f10x_hd.o(.text)
    UART5_IRQHandler                         0x08000b3b   Thumb Code     0  startup_stm32f10x_hd.o(.text)
    USART1_IRQHandler                        0x08000b3b   Thumb Code     0  startup_stm32f10x_hd.o(.text)
    USART2_IRQHandler                        0x08000b3b   Thumb Code     0  startup_stm32f10x_hd.o(.text)
    USART3_IRQHandler                        0x08000b3b   Thumb Code     0  startup_stm32f10x_hd.o(.text)
    USBWakeUp_IRQHandler                     0x08000b3b   Thumb Code     0  startup_stm32f10x_hd.o(.text)
    USB_HP_CAN1_TX_IRQHandler                0x08000b3b   Thumb Code     0  startup_stm32f10x_hd.o(.text)
    USB_LP_CAN1_RX0_IRQHandler               0x08000b3b   Thumb Code     0  startup_stm32f10x_hd.o(.text)
    WWDG_IRQHandler                          0x08000b3b   Thumb Code     0  startup_stm32f10x_hd.o(.text)
    FLASH_SetLatency                         0x08000b45   Thumb Code    18  stm32f10x_flash.o(.text)
    FLASH_HalfCycleAccessCmd                 0x08000b57   Thumb Code    22  stm32f10x_flash.o(.text)
    FLASH_PrefetchBufferCmd                  0x08000b6d   Thumb Code    22  stm32f10x_flash.o(.text)
    FLASH_Unlock                             0x08000b83   Thumb Code    12  stm32f10x_flash.o(.text)
    FLASH_UnlockBank1                        0x08000b8f   Thumb Code    12  stm32f10x_flash.o(.text)
    FLASH_Lock                               0x08000b9b   Thumb Code    14  stm32f10x_flash.o(.text)
    FLASH_LockBank1                          0x08000ba9   Thumb Code    14  stm32f10x_flash.o(.text)
    FLASH_GetBank1Status                     0x08000bb7   Thumb Code    48  stm32f10x_flash.o(.text)
    FLASH_WaitForLastOperation               0x08000be7   Thumb Code    38  stm32f10x_flash.o(.text)
    FLASH_ErasePage                          0x08000c0d   Thumb Code    72  stm32f10x_flash.o(.text)
    FLASH_EraseAllPages                      0x08000c55   Thumb Code    68  stm32f10x_flash.o(.text)
    FLASH_WaitForLastBank1Operation          0x08000c99   Thumb Code    38  stm32f10x_flash.o(.text)
    FLASH_EraseAllBank1Pages                 0x08000cbf   Thumb Code    68  stm32f10x_flash.o(.text)
    FLASH_GetReadOutProtectionStatus         0x08000d03   Thumb Code    20  stm32f10x_flash.o(.text)
    FLASH_EraseOptionBytes                   0x08000d17   Thumb Code   150  stm32f10x_flash.o(.text)
    FLASH_ProgramWord                        0x08000dad   Thumb Code   102  stm32f10x_flash.o(.text)
    FLASH_ProgramHalfWord                    0x08000e13   Thumb Code    60  stm32f10x_flash.o(.text)
    FLASH_ProgramOptionByteData              0x08000e4f   Thumb Code    72  stm32f10x_flash.o(.text)
    FLASH_EnableWriteProtection              0x08000e97   Thumb Code   200  stm32f10x_flash.o(.text)
    FLASH_ReadOutProtection                  0x08000f5f   Thumb Code   156  stm32f10x_flash.o(.text)
    FLASH_UserOptionByteConfig               0x08000ffb   Thumb Code    88  stm32f10x_flash.o(.text)
    FLASH_GetUserOptionByte                  0x08001053   Thumb Code     8  stm32f10x_flash.o(.text)
    FLASH_GetWriteProtectionOptionByte       0x0800105b   Thumb Code     6  stm32f10x_flash.o(.text)
    FLASH_GetPrefetchBufferStatus            0x08001061   Thumb Code    20  stm32f10x_flash.o(.text)
    FLASH_ITConfig                           0x08001075   Thumb Code    26  stm32f10x_flash.o(.text)
    FLASH_GetFlagStatus                      0x0800108f   Thumb Code    42  stm32f10x_flash.o(.text)
    FLASH_ClearFlag                          0x080010b9   Thumb Code     6  stm32f10x_flash.o(.text)
    FLASH_GetStatus                          0x080010bf   Thumb Code    48  stm32f10x_flash.o(.text)
    assert_failed                            0x08001101   Thumb Code     2  main.o(.text)
    bsp_init                                 0x08001103   Thumb Code    12  main.o(.text)
    main                                     0x0800110f   Thumb Code    58  main.o(.text)
    NMI_Handler                              0x0800114d   Thumb Code     2  stm32f10x_it.o(.text)
    HardFault_Handler                        0x0800114f   Thumb Code     4  stm32f10x_it.o(.text)
    MemManage_Handler                        0x08001153   Thumb Code     4  stm32f10x_it.o(.text)
    BusFault_Handler                         0x08001157   Thumb Code     4  stm32f10x_it.o(.text)
    UsageFault_Handler                       0x0800115b   Thumb Code     4  stm32f10x_it.o(.text)
    DebugMon_Handler                         0x0800115f   Thumb Code     2  stm32f10x_it.o(.text)
    led_init                                 0x08001161   Thumb Code    30  bsp_led.o(.text)
    i2c_stop                                 0x0800118f   Thumb Code    44  bsp_i2c_gpio.o(.text)
    i2c_gpio_init                            0x080011bb   Thumb Code    60  bsp_i2c_gpio.o(.text)
    i2c_start                                0x080011f7   Thumb Code    56  bsp_i2c_gpio.o(.text)
    i2c_send_byte                            0x0800122f   Thumb Code    98  bsp_i2c_gpio.o(.text)
    i2c_read_byte                            0x08001291   Thumb Code    70  bsp_i2c_gpio.o(.text)
    i2c_wait_ack                             0x080012d7   Thumb Code    70  bsp_i2c_gpio.o(.text)
    i2c_ack                                  0x0800131d   Thumb Code    60  bsp_i2c_gpio.o(.text)
    i2c_nack                                 0x08001359   Thumb Code    50  bsp_i2c_gpio.o(.text)
    i2c_check_connect                        0x0800138b   Thumb Code    60  bsp_i2c_gpio.o(.text)
    ee_check_connect                         0x080013cd   Thumb Code    22  bsp_eeprom_24xx.o(.text)
    ee_read_byts                             0x080013e3   Thumb Code   126  bsp_eeprom_24xx.o(.text)
    ee_write_byts                            0x08001461   Thumb Code   142  bsp_eeprom_24xx.o(.text)
    delay_nus                                0x080014ef   Thumb Code    28  bsp_delay.o(.text)
    delay_20us                               0x0800150b   Thumb Code    14  bsp_delay.o(.text)
    delay_5us                                0x08001519   Thumb Code    16  bsp_delay.o(.text)
    delay_nms                                0x08001529   Thumb Code    32  bsp_delay.o(.text)
    ee_write_bytes_os                        0x08001549   Thumb Code    20  eeprom_mem.o(.text)
    ee_read_bytes_os                         0x0800155d   Thumb Code    20  eeprom_mem.o(.text)
    update_server_ip                         0x08001571   Thumb Code    54  eeprom_mem.o(.text)
    read_server_ip                           0x080015a7   Thumb Code    48  eeprom_mem.o(.text)
    eeprom_write_update_done                 0x080015d7   Thumb Code    26  eeprom_mem.o(.text)
    eeprom_check_update                      0x080015f1   Thumb Code    42  eeprom_mem.o(.text)
    eeprom_init                              0x0800161b   Thumb Code     8  eeprom_mem.o(.text)
    STMFLASH_Read                            0x08001625   Thumb Code    26  stm_flash.o(.text)
    STMFLASH_Write_NoCheck                   0x0800163f   Thumb Code    38  stm_flash.o(.text)
    STMFLASH_Write                           0x08001665   Thumb Code   222  stm_flash.o(.text)
    iap_soft_reset                           0x0800174d   Thumb Code    38  iap.o(.text)
    start_user_app                           0x08001773   Thumb Code    38  iap.o(.text)
    iap_software_check                       0x08001799   Thumb Code     6  iap.o(.text)
    iap_done                                 0x0800179f   Thumb Code     8  iap.o(.text)
    iap_write_app_data                       0x080017a7   Thumb Code    68  iap.o(.text)
    iap_copy_app_cache                       0x080017eb   Thumb Code    90  iap.o(.text)
    __scatterload                            0x0800185d   Thumb Code    28  init.o(.text)
    __scatterload_rt2                        0x0800185d   Thumb Code     0  init.o(.text)
    __scatterload_copy                       0x08001881   Thumb Code    14  handlers.o(i.__scatterload_copy)
    __scatterload_null                       0x0800188f   Thumb Code     2  handlers.o(i.__scatterload_null)
    __scatterload_zeroinit                   0x08001891   Thumb Code    14  handlers.o(i.__scatterload_zeroinit)
    Region$$Table$$Base                      0x080018a0   Number         0  anon$$obj.o(Region$$Table)
    Region$$Table$$Limit                     0x080018c0   Number         0  anon$$obj.o(Region$$Table)
    SystemCoreClock                          0x20000000   Data           4  system_stm32f10x.o(.data)
    AHBPrescTable                            0x20000004   Data          16  system_stm32f10x.o(.data)
    __initial_sp                             0x20001428   Data           0  startup_stm32f10x_hd.o(STACK)



==============================================================================

Memory Map of the image

  Image Entry point : 0x08000131

  Load Region LR_IROM1 (Base: 0x08000000, Size: 0x000018e8, Max: 0x00007800, ABSOLUTE)

    Execution Region ER_IROM1 (Base: 0x08000000, Size: 0x000018c0, Max: 0x00007800, ABSOLUTE)

    Base Addr    Size         Type   Attr      Idx    E Section Name        Object

    0x08000000   0x00000130   Data   RO          206    RESET               startup_stm32f10x_hd.o
    0x08000130   0x00000000   Code   RO          421  * .ARM.Collect$$$$00000000  mc_w.l(entry.o)
    0x08000130   0x00000004   Code   RO          424    .ARM.Collect$$$$00000001  mc_w.l(entry2.o)
    0x08000134   0x00000004   Code   RO          427    .ARM.Collect$$$$00000004  mc_w.l(entry5.o)
    0x08000138   0x00000000   Code   RO          429    .ARM.Collect$$$$00000008  mc_w.l(entry7b.o)
    0x08000138   0x00000000   Code   RO          431    .ARM.Collect$$$$0000000A  mc_w.l(entry8b.o)
    0x08000138   0x00000008   Code   RO          432    .ARM.Collect$$$$0000000B  mc_w.l(entry9a.o)
    0x08000140   0x00000000   Code   RO          434    .ARM.Collect$$$$0000000D  mc_w.l(entry10a.o)
    0x08000140   0x00000000   Code   RO          436    .ARM.Collect$$$$0000000F  mc_w.l(entry11a.o)
    0x08000140   0x00000004   Code   RO          425    .ARM.Collect$$$$00002712  mc_w.l(entry2.o)
    0x08000144   0x00000020   Code   RO          101    .emb_text           core_cm3.o
    0x08000164   0x000000dc   Code   RO            1    .text               misc.o
    0x08000240   0x000001e0   Code   RO          112    .text               system_stm32f10x.o
    0x08000420   0x0000035c   Code   RO          130    .text               stm32f10x_gpio.o
    0x0800077c   0x000003a4   Code   RO          154    .text               stm32f10x_rcc.o
    0x08000b20   0x00000024   Code   RO          207    .text               startup_stm32f10x_hd.o
    0x08000b44   0x000005bc   Code   RO          211    .text               stm32f10x_flash.o
    0x08001100   0x0000004c   Code   RO          223    .text               main.o
    0x0800114c   0x00000014   Code   RO          295    .text               stm32f10x_it.o
    0x08001160   0x00000024   Code   RO          310    .text               bsp_led.o
    0x08001184   0x00000248   Code   RO          322    .text               bsp_i2c_gpio.o
    0x080013cc   0x00000122   Code   RO          340    .text               bsp_eeprom_24xx.o
    0x080014ee   0x0000005a   Code   RO          355    .text               bsp_delay.o
    0x08001548   0x000000da   Code   RO          367    .text               eeprom_mem.o
    0x08001622   0x00000002   PAD
    0x08001624   0x00000128   Code   RO          386    .text               stm_flash.o
    0x0800174c   0x00000110   Code   RO          403    .text               iap.o
    0x0800185c   0x00000024   Code   RO          438    .text               mc_w.l(init.o)
    0x08001880   0x0000000e   Code   RO          442    i.__scatterload_copy  mc_w.l(handlers.o)
    0x0800188e   0x00000002   Code   RO          443    i.__scatterload_null  mc_w.l(handlers.o)
    0x08001890   0x0000000e   Code   RO          444    i.__scatterload_zeroinit  mc_w.l(handlers.o)
    0x0800189e   0x00000002   PAD
    0x080018a0   0x00000020   Data   RO          440    Region$$Table       anon$$obj.o


    Execution Region RW_IRAM1 (Base: 0x20000000, Size: 0x00001428, Max: 0x0000c000, ABSOLUTE)

    Base Addr    Size         Type   Attr      Idx    E Section Name        Object

    0x20000000   0x00000014   Data   RW          113    .data               system_stm32f10x.o
    0x20000014   0x00000014   Data   RW          155    .data               stm32f10x_rcc.o
    0x20000028   0x00000800   Zero   RW          387    .bss                stm_flash.o
    0x20000828   0x00000800   Zero   RW          404    .bss                iap.o
    0x20001028   0x00000400   Zero   RW          204    STACK               startup_stm32f10x_hd.o


==============================================================================

Image component sizes


      Code (inc. data)   RO Data    RW Data    ZI Data      Debug   Object Name

        90          0          0          0          0        887   bsp_delay.o
       290          0          0          0          0       1830   bsp_eeprom_24xx.o
       584          6          0          0          0       2095   bsp_i2c_gpio.o
        36          6          0          0          0        447   bsp_led.o
        32          0          0          0          0        572   core_cm3.o
       218          0          0          0          0       2310   eeprom_mem.o
       272         24          0          0       2048      17413   iap.o
        76          4          0          0          0       1186   main.o
       220         22          0          0          0     234481   misc.o
        36          8        304          0       1024        812   startup_stm32f10x_hd.o
      1468         34          0          0          0       7990   stm32f10x_flash.o
       860         38          0          0          0       5609   stm32f10x_gpio.o
        20          0          0          0          0        907   stm32f10x_it.o
       932         36          0         20          0       8760   stm32f10x_rcc.o
       296         10          0          0       2048       2118   stm_flash.o
       480         38          0         20          0       1799   system_stm32f10x.o

    ----------------------------------------------------------------------
      5912        226        336         40       5120     289216   Object Totals
         0          0         32          0          0          0   (incl. Generated)
         2          0          0          0          0          0   (incl. Padding)

    ----------------------------------------------------------------------

      Code (inc. data)   RO Data    RW Data    ZI Data      Debug   Library Member Name

         0          0          0          0          0          0   entry.o
         0          0          0          0          0          0   entry10a.o
         0          0          0          0          0          0   entry11a.o
         8          4          0          0          0          0   entry2.o
         4          0          0          0          0          0   entry5.o
         0          0          0          0          0          0   entry7b.o
         0          0          0          0          0          0   entry8b.o
         8          4          0          0          0          0   entry9a.o
        30          0          0          0          0          0   handlers.o
        36          8          0          0          0         68   init.o

    ----------------------------------------------------------------------
        88         16          0          0          0         68   Library Totals
         2          0          0          0          0          0   (incl. Padding)

    ----------------------------------------------------------------------

      Code (inc. data)   RO Data    RW Data    ZI Data      Debug   Library Name

        86         16          0          0          0         68   mc_w.l

    ----------------------------------------------------------------------
        88         16          0          0          0         68   Library Totals

    ----------------------------------------------------------------------

==============================================================================


      Code (inc. data)   RO Data    RW Data    ZI Data      Debug   

      6000        242        336         40       5120     288292   Grand Totals
      6000        242        336         40       5120     288292   ELF Image Totals
      6000        242        336         40          0          0   ROM Totals

==============================================================================

    Total RO  Size (Code + RO Data)                 6336 (   6.19kB)
    Total RW  Size (RW Data + ZI Data)              5160 (   5.04kB)
    Total ROM Size (Code + RO Data + RW Data)       6376 (   6.23kB)

==============================================================================

