<html>
<body>
<pre>
<h1>µVision Build Log</h1>
<h2>Tool Versions:</h2>
IDE-Version: ¦ÌVision V5.15
Copyright (C) 2015 ARM Ltd and ARM Germany GmbH. All rights reserved.
License Information: tgc Microsoft, Microsoft, LIC=LJWII-T1A34-NS6YQ-NADPS-P41UQ-URS0R
 
Tool Versions:
Toolchain:       MDK-ARM Professional  Version: 5.15.0
Toolchain Path:  C:\Keil_v5\ARM\ARMCC\Bin
C Compiler:      Armcc.exe V5.05 update 2 (build 169)
Assembler:       Armasm.exe V5.05 update 2 (build 169)
Linker/Locator:  ArmLink.exe V5.05 update 2 (build 169)
Library Manager: ArmAr.exe V5.05 update 2 (build 169)
Hex Converter:   FromElf.exe V5.05 update 2 (build 169)
CPU DLL:         SARMCM3.DLL V5.15.0
Dialog DLL:      DCM.DLL V1.13.2.0
Target DLL:      CMSIS_AGDI.dll V1.21.12.0
Dialog DLL:      TCM.DLL V1.14.5.0
 
<h2>Project:</h2>
C:\Users\Administrator\Desktop\STM32F103\application\project\STM32F10x.uvprojx
Project File Date:  12/25/2017

<h2>Output:</h2>
*** Using Compiler 'V5.05 update 2 (build 169)', folder: 'C:\Keil_v5\ARM\ARMCC\Bin'
Build target 'smart_home'
compiling bsp_led_display.c...
linking...
Program Size: Code=33636 RO-data=352 RW-data=500 ZI-data=20732  
After Build - User command #1: fromelf.exe --bin -o "C:\Users\Administrator\Desktop\STM32F103\application\project\Objects\STM32F10x.bin" "C:\Users\Administrator\Desktop\STM32F103\application\project\Objects\STM32F10x.axf"
".\Objects\STM32F10x.axf" - 0 Error(s), 0 Warning(s).

<h2>Collection of Component include folders:</h2>
  C:\Users\Administrator\Desktop\STM32F103\application\project\RTE
  C:\Keil_v5\ARM\PACK\Keil\STM32F1xx_DFP\2.0.0\Device\Include

<h2>Collection of Component Files used:</h2>
</pre>
</body>
</html>
