<html>
<body>
<pre>
<h1>µVision Build Log</h1>
<h2>Tool Versions:</h2>
IDE-Version: ¦ÌVision V5.15
Copyright (C) 2015 ARM Ltd and ARM Germany GmbH. All rights reserved.
License Information: tgc Microsoft, Microsoft, LIC=LJWII-T1A34-NS6YQ-NADPS-P41UQ-URS0R
 
Tool Versions:
Toolchain:       MDK-ARM Professional  Version: 5.15.0
Toolchain Path:  C:\Keil_v5\ARM\ARMCC\Bin
C Compiler:      Armcc.exe V5.05 update 2 (build 169)
Assembler:       Armasm.exe V5.05 update 2 (build 169)
Linker/Locator:  ArmLink.exe V5.05 update 2 (build 169)
Library Manager: ArmAr.exe V5.05 update 2 (build 169)
Hex Converter:   FromElf.exe V5.05 update 2 (build 169)
CPU DLL:         SARMCM3.DLL V5.15.0
Dialog DLL:      DCM.DLL V1.13.2.0
Target DLL:      STLink\ST-LINKIII-KEIL_SWO.dll V2.0.15.0_KEIL
Dialog DLL:      TCM.DLL V1.14.5.0
 
<h2>Project:</h2>
E:\work\STM32F103\RCU_YN\project\STM32F10x.uvprojx
Project File Date:  01/07/2018

<h2>Output:</h2>
*** Using Compiler 'V5.05 update 2 (build 169)', folder: 'C:\Keil_v5\ARM\ARMCC\Bin'
Build target 'smart_home'
compiling task_485.c...
..\src\task\task_485.c(16): warning:  #177-D: variable "time_scheduler_start" was declared but never referenced
  static u8 time_scheduler_start = 0;
..\src\task\task_485.c(17): warning:  #177-D: variable "time_scheduler_time" was declared but never referenced
  static u16 time_scheduler_time = 0;
..\src\task\task_485.c(19): warning:  #550-D: variable "wk8001_time_cnt" was set but never used
  static u16 wk8001_time_cnt = 0;
..\src\task\task_485.c(21): warning:  #550-D: variable "wk8001_time_cnt_2" was set but never used
  static u16 wk8001_time_cnt_2 = 0;
..\src\task\task_485.c(22): warning:  #177-D: variable "light_state_word" was declared but never referenced
  static u8 light_state_word = 0;
..\src\task\task_485.c(23): warning:  #177-D: variable "read_state_word" was declared but never referenced
  static u8 read_state_word = 0;
..\src\task\task_485.c(24): warning:  #177-D: variable "sleep_state_word" was declared but never referenced
  static u8 sleep_state_word = 0;
..\src\task\task_485.c(95): warning:  #177-D: variable "time_scheduler_flag" was declared but never referenced
  static u8 time_scheduler_flag = 0;
..\src\task\task_485.c(96): warning:  #177-D: variable "wk8001_flag_1" was declared but never referenced
  static u8 wk8001_flag_1 = 0;
..\src\task\task_485.c(97): warning:  #177-D: variable "wk8001_flag_2" was declared but never referenced
  static u8 wk8001_flag_2 = 0;
..\src\task\task_485.c: 10 warnings, 0 errors
linking...
Program Size: Code=27640 RO-data=336 RW-data=236 ZI-data=19996  
FromELF: creating hex file...
After Build - User command #1: fromelf.exe --bin -o "E:\work\STM32F103\RCU_YN\project\Objects\STM32F10x.bin" "E:\work\STM32F103\RCU_YN\project\Objects\STM32F10x.axf"
".\Objects\STM32F10x.axf" - 0 Error(s), 10 Warning(s).

<h2>Collection of Component include folders:</h2>
  E:\work\STM32F103\RCU_YN\project\RTE
  C:\Keil_v5\ARM\PACK\Keil\STM32F1xx_DFP\2.0.0\Device\Include

<h2>Collection of Component Files used:</h2>
</pre>
</body>
</html>
