<html>
<body>
<pre>
<h1>µVision Build Log</h1>
<h2>Tool Versions:</h2>
IDE-Version: ¦ÌVision V5.15
Copyright (C) 2015 ARM Ltd and ARM Germany GmbH. All rights reserved.
License Information: rfx Microsoft, Microsoft, LIC=2TTNN-Y26QS-23EM4-FI5X6-04QU1-DDSP5
 
Tool Versions:
Toolchain:       MDK-ARM Professional  Version: 5.15.0
Toolchain Path:  C:\Keil_v5\ARM\ARMCC\Bin
C Compiler:      Armcc.exe V5.05 update 2 (build 169)
Assembler:       Armasm.exe V5.05 update 2 (build 169)
Linker/Locator:  ArmLink.exe V5.05 update 2 (build 169)
Library Manager: ArmAr.exe V5.05 update 2 (build 169)
Hex Converter:   FromElf.exe V5.05 update 2 (build 169)
CPU DLL:         SARMCM3.DLL V5.15.0
Dialog DLL:      DCM.DLL V1.13.2.0
Target DLL:      STLink\ST-LINKIII-KEIL_SWO.dll V2.0.15.0_KEIL
Dialog DLL:      TCM.DLL V1.14.5.0
 
<h2>Project:</h2>
E:\woosiyuan\smarthome\stm32f10x\RCU_YN\project\STM32F10x.uvprojx
Project File Date:  01/07/2018

<h2>Output:</h2>
*** Using Compiler 'V5.05 update 2 (build 169)', folder: 'C:\Keil_v5\ARM\ARMCC\Bin'
Build target 'smart_home'
compiling list.c...
compiling queue.c...
compiling tasks.c...
compiling timers.c...
compiling port.c...
compiling heap_2.c...
compiling misc.c...
compiling core_cm3.c...
compiling system_stm32f10x.c...
compiling stm32f10x_gpio.c...
compiling stm32f10x_i2c.c...
compiling stm32f10x_rcc.c...
compiling stm32f10x_spi.c...
compiling stm32f10x_tim.c...
compiling stm32f10x_usart.c...
assembling startup_stm32f10x_hd.s...
compiling stm32f10x_flash.c...
compiling main.c...
compiling stm32f10x_it.c...
compiling bsp_led.c...
compiling bsp_delay.c...
compiling bsp_uart1.c...
compiling bsp_board_gpio.c...
compiling task_485.c...
..\src\task\task_485.c(22): warning:  #177-D: variable "light_state_word" was declared but never referenced
  static u8 light_state_word = 0;
..\src\task\task_485.c(23): warning:  #177-D: variable "read_state_word" was declared but never referenced
  static u8 read_state_word = 0;
..\src\task\task_485.c(24): warning:  #177-D: variable "sleep_state_word" was declared but never referenced
  static u8 sleep_state_word = 0;
..\src\task\task_485.c(264): warning:  #177-D: variable "key_disable_0x11" was declared but never referenced
  static u8 key_disable_0x11 = 0;
..\src\task\task_485.c: 4 warnings, 0 errors
compiling CRC16.c...
linking...
Program Size: Code=27548 RO-data=336 RW-data=236 ZI-data=19996  
FromELF: creating hex file...
After Build - User command #1: fromelf.exe --bin -o "E:\woosiyuan\smarthome\stm32f10x\RCU_YN\project\Objects\STM32F10x.bin" "E:\woosiyuan\smarthome\stm32f10x\RCU_YN\project\Objects\STM32F10x.axf"
".\Objects\STM32F10x.axf" - 0 Error(s), 4 Warning(s).

<h2>Collection of Component include folders:</h2>
  E:\woosiyuan\smarthome\stm32f10x\RCU_YN\project\RTE
  C:\Keil_v5\ARM\PACK\Keil\STM32F1xx_DFP\2.2.0\Device\Include

<h2>Collection of Component Files used:</h2>
</pre>
</body>
</html>
