Component: ARM Compiler 5.05 update 2 (build 169) Tool: armlink [4d0f33]

==============================================================================

Section Cross References

    socket.o(.text) refers to w5500.o(.text) for WIZCHIP_WRITE
    socket.o(.text) refers to socket.o(.data) for sock_io_mode
    socket.o(.text) refers to socket.o(.bss) for sock_remained_size
    wizchip_conf.o(.text) refers to w5500.o(.text) for WIZCHIP_READ
    wizchip_conf.o(.text) refers to wizchip_conf.o(.data) for WIZCHIP
    wizchip_conf.o(.data) refers to wizchip_conf.o(.text) for wizchip_cris_enter
    w5500.o(.text) refers to wizchip_conf.o(.data) for WIZCHIP
    dhcp.o(.text) refers to w5500.o(.text) for WIZCHIP_WRITE_BUF
    dhcp.o(.text) refers to dhcp.o(.data) for DHCP_allocated_ip
    dhcp.o(.text) refers to socket.o(.text) for sendto
    dhcp.o(.data) refers to dhcp.o(.text) for default_ip_assign
    portevent.o(.text) refers to queue.o(.text) for xQueueGenericCreate
    portevent.o(.text) refers to tasks.o(.text) for xTaskGetTickCount
    portevent.o(.text) refers to portevent.o(.data) for eMailBoxEvent
    porttcp.o(.text) refers to socket.o(.text) for close
    porttcp.o(.text) refers to portevent.o(.text) for vMBPortEventClose
    porttcp.o(.text) refers to porttcp.o(.bss) for aucTCPBuf
    porttcp.o(.text) refers to porttcp.o(.data) for usTCPBufPos
    mb.o(.text) refers to portevent.o(.text) for xMBPortEventInit
    mb.o(.text) refers to mbtcp.o(.text) for eMBTCPDoInit
    mb.o(.text) refers to port_1.o(.text) for vPortEnterCritical
    mb.o(.text) refers to mb.o(.data) for ucMBAddress
    mb.o(.data) refers to mbfuncother.o(.text) for eMBFuncReportSlaveID
    mb.o(.data) refers to mbfuncinput.o(.text) for eMBFuncReadInputRegister
    mb.o(.data) refers to mbfuncholding.o(.text) for eMBFuncReadHoldingRegister
    mb.o(.data) refers to mbfunccoils.o(.text) for eMBFuncReadCoils
    mb.o(.data) refers to mbfuncdisc.o(.text) for eMBFuncReadDiscreteInputs
    mbtcp.o(.text) refers to porttcp.o(.text) for xMBTCPPortInit
    mbfunccoils.o(.text) refers to port_reg.o(.text) for eMBRegCoilsCB
    mbfunccoils.o(.text) refers to mbutils.o(.text) for prveMBError2Exception
    mbfuncdisc.o(.text) refers to port_reg.o(.text) for eMBRegDiscreteCB
    mbfuncdisc.o(.text) refers to mbutils.o(.text) for prveMBError2Exception
    mbfuncholding.o(.text) refers to port_reg.o(.text) for eMBRegHoldingCB
    mbfuncholding.o(.text) refers to mbutils.o(.text) for prveMBError2Exception
    mbfuncinput.o(.text) refers to port_reg.o(.text) for eMBRegInputCB
    mbfuncinput.o(.text) refers to mbutils.o(.text) for prveMBError2Exception
    mbfuncother.o(.text) refers to rt_memcpy_v6.o(.text) for __aeabi_memcpy
    mbfuncother.o(.text) refers to mbfuncother.o(.data) for usMBSlaveIDLen
    mbfuncother.o(.text) refers to mbfuncother.o(.bss) for ucMBSlaveID
    queue.o(.text) refers to port_1.o(.text) for vPortEnterCritical
    queue.o(.text) refers to tasks.o(.text) for xTaskRemoveFromEventList
    queue.o(.text) refers to list.o(.text) for vListInitialise
    queue.o(.text) refers to heap_2.o(.text) for pvPortMalloc
    queue.o(.text) refers to rt_memcpy_v6.o(.text) for __aeabi_memcpy
    tasks.o(.text) refers to list.o(.text) for vListInitialise
    tasks.o(.text) refers to port_1.o(.text) for vPortEnterCritical
    tasks.o(.text) refers to heap_2.o(.text) for pvPortMalloc
    tasks.o(.text) refers to main.o(.text) for vApplicationTickHook
    tasks.o(.text) refers to tasks.o(.bss) for pxReadyTasksLists
    tasks.o(.text) refers to tasks.o(.data) for pxDelayedTaskList
    port_1.o(.emb_text) refers to tasks.o(.text) for vTaskSwitchContext
    port_1.o(.emb_text) refers to tasks.o(.data) for pxCurrentTCB
    port_1.o(.text) refers to port_1.o(.emb_text) for __asm___6_port_c_39a90d8d__prvStartFirstTask
    port_1.o(.text) refers to tasks.o(.text) for xTaskIncrementTick
    port_1.o(.text) refers to port_1.o(.data) for uxCriticalNesting
    heap_2.o(.text) refers to tasks.o(.text) for vTaskSuspendAll
    heap_2.o(.text) refers to heap_2.o(.bss) for ucHeap
    heap_2.o(.text) refers to heap_2.o(.data) for xStart
    24c08.o(.text) refers to stm32f10x_gpio.o(.text) for GPIO_Init
    24c08.o(.text) refers to delay.o(.text) for delay_nus
    startup_stm32f10x_hd.o(STACK) refers (Special) to heapauxi.o(.text) for __use_two_region_memory
    startup_stm32f10x_hd.o(HEAP) refers (Special) to heapauxi.o(.text) for __use_two_region_memory
    startup_stm32f10x_hd.o(RESET) refers (Special) to heapauxi.o(.text) for __use_two_region_memory
    startup_stm32f10x_hd.o(RESET) refers to startup_stm32f10x_hd.o(STACK) for __initial_sp
    startup_stm32f10x_hd.o(RESET) refers to startup_stm32f10x_hd.o(.text) for Reset_Handler
    startup_stm32f10x_hd.o(RESET) refers to stm32f10x_it.o(.text) for NMI_Handler
    startup_stm32f10x_hd.o(RESET) refers to port_1.o(.emb_text) for SVC_Handler
[...]
    __lcctype_c_end                          0x08008140   Data           0  lc_ctype_c.o(locale$$data)
    .data                                    0x20000000   Section       14  socket.o(.data)
    sock_any_port                            0x20000000   Data           2  socket.o(.data)
    sock_io_mode                             0x20000002   Data           2  socket.o(.data)
    sock_is_sending                          0x20000004   Data           2  socket.o(.data)
    .data                                    0x20000010   Section       45  wizchip_conf.o(.data)
    _DNS_                                    0x20000038   Data           4  wizchip_conf.o(.data)
    _DHCP_                                   0x2000003c   Data           1  wizchip_conf.o(.data)
    .data                                    0x20000040   Section       76  dhcp.o(.data)
    .data                                    0x2000008c   Section       60  tasks.o(.data)
    pxDelayedTaskList                        0x20000090   Data           4  tasks.o(.data)
    pxOverflowDelayedTaskList                0x20000094   Data           4  tasks.o(.data)
    uxDeletedTasksWaitingCleanUp             0x20000098   Data           4  tasks.o(.data)
    uxCurrentNumberOfTasks                   0x2000009c   Data           4  tasks.o(.data)
    xTickCount                               0x200000a0   Data           4  tasks.o(.data)
    uxTopReadyPriority                       0x200000a4   Data           4  tasks.o(.data)
    xSchedulerRunning                        0x200000a8   Data           4  tasks.o(.data)
    uxPendedTicks                            0x200000ac   Data           4  tasks.o(.data)
    xYieldPending                            0x200000b0   Data           4  tasks.o(.data)
    xNumOfOverflows                          0x200000b4   Data           4  tasks.o(.data)
    uxTaskNumber                             0x200000b8   Data           4  tasks.o(.data)
    xNextTaskUnblockTime                     0x200000bc   Data           4  tasks.o(.data)
    xIdleTaskHandle                          0x200000c0   Data           4  tasks.o(.data)
    uxSchedulerSuspended                     0x200000c4   Data           4  tasks.o(.data)
    .data                                    0x200000c8   Section        4  port_1.o(.data)
    uxCriticalNesting                        0x200000c8   Data           4  port_1.o(.data)
    .data                                    0x200000cc   Section       24  heap_2.o(.data)
    xStart                                   0x200000cc   Data           8  heap_2.o(.data)
    xEnd                                     0x200000d4   Data           8  heap_2.o(.data)
    xFreeBytesRemaining                      0x200000dc   Data           4  heap_2.o(.data)
    xHeapHasBeenInitialised                  0x200000e0   Data           4  heap_2.o(.data)
    .data                                    0x200000e4   Section       20  stm32f10x_rcc.o(.data)
    APBAHBPrescTable                         0x200000e4   Data          16  stm32f10x_rcc.o(.data)
    ADCPrescTable                            0x200000f4   Data           4  stm32f10x_rcc.o(.data)
    .data                                    0x200000f8   Section       20  system_stm32f10x.o(.data)
    .data                                    0x2000010c   Section        8  main.o(.data)
    xMutex                                   0x2000010c   Data           4  main.o(.data)
    ms_cnt                                   0x20000110   Data           4  main.o(.data)
    .data                                    0x20000114   Section        4  stdio_streams.o(.data)
    .data                                    0x20000118   Section        4  stdio_streams.o(.data)
    .data                                    0x2000011c   Section        4  stdio_streams.o(.data)
    .bss                                     0x20000120   Section       16  socket.o(.bss)
    sock_remained_size                       0x20000120   Data          16  socket.o(.bss)
    .bss                                     0x20000130   Section      300  tasks.o(.bss)
    pxReadyTasksLists                        0x20000130   Data         200  tasks.o(.bss)
    xDelayedTaskList1                        0x200001f8   Data          20  tasks.o(.bss)
    xDelayedTaskList2                        0x2000020c   Data          20  tasks.o(.bss)
    xPendingReadyList                        0x20000220   Data          20  tasks.o(.bss)
    xTasksWaitingTermination                 0x20000234   Data          20  tasks.o(.bss)
    xSuspendedTaskList                       0x20000248   Data          20  tasks.o(.bss)
    .bss                                     0x2000025c   Section    17408  heap_2.o(.bss)
    ucHeap                                   0x2000025c   Data       17408  heap_2.o(.bss)
    .bss                                     0x2000465c   Section       84  stdio_streams.o(.bss)
    .bss                                     0x200046b0   Section       84  stdio_streams.o(.bss)
    .bss                                     0x20004704   Section       84  stdio_streams.o(.bss)
    .bss                                     0x20004758   Section       96  libspace.o(.bss)
    HEAP                                     0x200047b8   Section      512  startup_stm32f10x_hd.o(HEAP)
    Heap_Mem                                 0x200047b8   Data         512  startup_stm32f10x_hd.o(HEAP)
    STACK                                    0x200049b8   Section     1024  startup_stm32f10x_hd.o(STACK)
    Stack_Mem                                0x200049b8   Data        1024  startup_stm32f10x_hd.o(STACK)
    __initial_sp                             0x20004db8   Data           0  startup_stm32f10x_hd.o(STACK)

    Global Symbols

    Symbol Name                              Value     Ov Type        Size  Object(Section)

    BuildAttributes$$THM_ISAv4$P$D$K$B$S$PE$A:L22UL41UL21$X:L11$S22US41US21$IEEE1$IW$USESV6$~STKCKD$USESV7$~SHL$OTIME$ROPI$IEEEJ$EBA8$UX$STANDARDLIB$REQ8$PRES8$EABIv2 0x00000000   Number         0  anon$$obj.o ABSOLUTE
    __ARM_use_no_argv                        0x00000000   Number         0  main.o ABSOLUTE
    _printf_flags                            0x00000000   Number         0  printf_stubs.o ABSOLUTE
    _printf_return_value                     0x00000000   Number         0  printf_stubs.o ABSOLUTE
    _printf_sizespec                         0x00000000   Number         0  printf_stubs.o ABSOLUTE
    _printf_widthprec                        0x00000000   Number         0  printf_stubs.o ABSOLUTE
    __ARM_exceptions_init                     - Undefined Weak Reference
    __alloca_initialize                       - Undefined Weak Reference
    __arm_preinit_                            - Undefined Weak Reference
    __cpp_initialize__aeabi_                  - Undefined Weak Reference
    __cxa_finalize                            - Undefined Weak Reference
    __sigvec_lookup                           - Undefined Weak Reference
    __user_heap_extent                        - Undefined Weak Reference
    _atexit_init                              - Undefined Weak Reference
    _call_atexit_fns                          - Undefined Weak Reference
    _clock_init                               - Undefined Weak Reference
    _fp_trap_init                             - Undefined Weak Reference
    _fp_trap_shutdown                         - Undefined Weak Reference
    _get_lc_collate                           - Undefined Weak Reference
    _get_lc_monetary                          - Undefined Weak Reference
    _get_lc_time                              - Undefined Weak Reference
    _getenv_init                              - Undefined Weak Reference
    _handle_redirection                       - Undefined Weak Reference
    _mutex_acquire                            - Undefined Weak Reference
    _mutex_free                               - Undefined Weak Reference
    _mutex_release                            - Undefined Weak Reference
    _printf_mbtowc                            - Undefined Weak Reference
    _printf_wc                                - Undefined Weak Reference
    _rand_init                                - Undefined Weak Reference
    _signal_finish                            - Undefined Weak Reference
    _signal_init                              - Undefined Weak Reference
    __Vectors_Size                           0x00000130   Number         0  startup_stm32f10x_hd.o ABSOLUTE
    __Vectors                                0x08000000   Data           4  startup_stm32f10x_hd.o(RESET)
    __Vectors_End                            0x08000130   Data           0  startup_stm32f10x_hd.o(RESET)
    __main                                   0x08000131   Thumb Code     8  __main.o(!!!main)
    __scatterload                            0x08000139   Thumb Code     0  __scatter.o(!!!scatter)
    __scatterload_rt2                        0x08000139   Thumb Code    44  __scatter.o(!!!scatter)
    __scatterload_rt2_thumb_only             0x08000139   Thumb Code     0  __scatter.o(!!!scatter)
    __scatterload_null                       0x08000147   Thumb Code     0  __scatter.o(!!!scatter)
    __scatterload_copy                       0x0800016d   Thumb Code    26  __scatter_copy.o(!!handler_copy)
    __scatterload_zeroinit                   0x08000189   Thumb Code    28  __scatter_zi.o(!!handler_zi)
    _printf_n                                0x080001a5   Thumb Code     0  _printf_n.o(.ARM.Collect$$_printf_percent$$00000001)
    _printf_percent                          0x080001a5   Thumb Code     0  _printf_percent.o(.ARM.Collect$$_printf_percent$$00000000)
    _printf_p                                0x080001ab   Thumb Code     0  _printf_p.o(.ARM.Collect$$_printf_percent$$00000002)
    _printf_f                                0x080001b1   Thumb Code     0  _printf_f.o(.ARM.Collect$$_printf_percent$$00000003)
    _printf_e                                0x080001b7   Thumb Code     0  _printf_e.o(.ARM.Collect$$_printf_percent$$00000004)
    _printf_g                                0x080001bd   Thumb Code     0  _printf_g.o(.ARM.Collect$$_printf_percent$$00000005)
    _printf_a                                0x080001c3   Thumb Code     0  _printf_a.o(.ARM.Collect$$_printf_percent$$00000006)
    _printf_ll                               0x080001c9   Thumb Code     0  _printf_ll.o(.ARM.Collect$$_printf_percent$$00000007)
    _printf_i                                0x080001d3   Thumb Code     0  _printf_i.o(.ARM.Collect$$_printf_percent$$00000008)
    _printf_d                                0x080001d9   Thumb Code     0  _printf_d.o(.ARM.Collect$$_printf_percent$$00000009)
    _printf_u                                0x080001df   Thumb Code     0  _printf_u.o(.ARM.Collect$$_printf_percent$$0000000A)
    _printf_o                                0x080001e5   Thumb Code     0  _printf_o.o(.ARM.Collect$$_printf_percent$$0000000B)
    _printf_x                                0x080001eb   Thumb Code     0  _printf_x.o(.ARM.Collect$$_printf_percent$$0000000C)
    _printf_lli                              0x080001f1   Thumb Code     0  _printf_lli.o(.ARM.Collect$$_printf_percent$$0000000D)
    _printf_lld                              0x080001f7   Thumb Code     0  _printf_lld.o(.ARM.Collect$$_printf_percent$$0000000E)
    _printf_llu                              0x080001fd   Thumb Code     0  _printf_llu.o(.ARM.Collect$$_printf_percent$$0000000F)
    _printf_llo                              0x08000203   Thumb Code     0  _printf_llo.o(.ARM.Collect$$_printf_percent$$00000010)
    _printf_llx                              0x08000209   Thumb Code     0  _printf_llx.o(.ARM.Collect$$_printf_percent$$00000011)
    _printf_l                                0x0800020f   Thumb Code     0  _printf_l.o(.ARM.Collect$$_printf_percent$$00000012)
    _printf_c                                0x08000219   Thumb Code     0  _printf_c.o(.ARM.Collect$$_printf_percent$$00000013)
    _printf_s                                0x0800021f   Thumb Code     0  _printf_s.o(.ARM.Collect$$_printf_percent$$00000014)
    _printf_lc                               0x08000225   Thumb Code     0  _printf_lc.o(.ARM.Collect$$_printf_percent$$00000015)
    _printf_ls                               0x0800022b   Thumb Code     0  _printf_ls.o(.ARM.Collect$$_printf_percent$$00000016)
    _printf_percent_end                      0x08000231   Thumb Code     0  _printf_percent_end.o(.ARM.Collect$$_printf_percent$$00000017)
    __rt_lib_init                            0x08000235   Thumb Code     0  libinit.o(.ARM.Collect$$libinit$$00000000)
    __rt_lib_init_fp_1                       0x08000237   Thumb Code     0  libinit2.o(.ARM.Collect$$libinit$$00000002)
    __rt_lib_init_heap_2                     0x08000237   Thumb Code     0  libinit2.o(.ARM.Collect$$libinit$$00000005)
    __rt_lib_init_preinit_1                  0x08000237   Thumb Code     0  libinit2.o(.ARM.Collect$$libinit$$00000004)
    __rt_lib_init_heap_1                     0x0800023f   Thumb Code     0  libinit2.o(.ARM.Collect$$libinit$$0000000A)
    __rt_lib_init_lc_common                  0x0800023f   Thumb Code     0  libinit2.o(.ARM.Collect$$libinit$$0000000F)
    __rt_lib_init_rand_1                     0x0800023f   Thumb Code     0  libinit2.o(.ARM.Collect$$libinit$$0000000E)
    __rt_lib_init_user_alloc_1               0x0800023f   Thumb Code     0  libinit2.o(.ARM.Collect$$libinit$$0000000C)
    __rt_lib_init_lc_collate_1               0x08000245   Thumb Code     0  libinit2.o(.ARM.Collect$$libinit$$00000011)
    __rt_lib_init_lc_ctype_2                 0x08000245   Thumb Code     0  libinit2.o(.ARM.Collect$$libinit$$00000012)
    __rt_lib_init_lc_ctype_1                 0x08000251   Thumb Code     0  libinit2.o(.ARM.Collect$$libinit$$00000013)
    __rt_lib_init_lc_monetary_1              0x08000251   Thumb Code     0  libinit2.o(.ARM.Collect$$libinit$$00000015)
    __rt_lib_init_lc_numeric_2               0x08000251   Thumb Code     0  libinit2.o(.ARM.Collect$$libinit$$00000016)
    __rt_lib_init_atexit_1                   0x0800025b   Thumb Code     0  libinit2.o(.ARM.Collect$$libinit$$0000001B)
    __rt_lib_init_clock_1                    0x0800025b   Thumb Code     0  libinit2.o(.ARM.Collect$$libinit$$00000021)
    __rt_lib_init_fp_trap_1                  0x0800025b   Thumb Code     0  libinit2.o(.ARM.Collect$$libinit$$0000001F)
    __rt_lib_init_getenv_1                   0x0800025b   Thumb Code     0  libinit2.o(.ARM.Collect$$libinit$$00000023)
    __rt_lib_init_lc_numeric_1               0x0800025b   Thumb Code     0  libinit2.o(.ARM.Collect$$libinit$$00000017)
    __rt_lib_init_lc_time_1                  0x0800025b   Thumb Code     0  libinit2.o(.ARM.Collect$$libinit$$00000019)
    __rt_lib_init_signal_1                   0x0800025b   Thumb Code     0  libinit2.o(.ARM.Collect$$libinit$$0000001D)
    __rt_lib_init_stdio_2                    0x0800025b   Thumb Code     0  libinit2.o(.ARM.Collect$$libinit$$00000024)
    __rt_lib_init_alloca_1                   0x0800025f   Thumb Code     0  libinit2.o(.ARM.Collect$$libinit$$0000002E)
    __rt_lib_init_argv_1                     0x0800025f   Thumb Code     0  libinit2.o(.ARM.Collect$$libinit$$0000002C)
    __rt_lib_init_cpp_1                      0x0800025f   Thumb Code     0  libinit2.o(.ARM.Collect$$libinit$$00000032)
    __rt_lib_init_exceptions_1               0x0800025f   Thumb Code     0  libinit2.o(.ARM.Collect$$libinit$$00000030)
    __rt_lib_init_return                     0x0800025f   Thumb Code     0  libinit2.o(.ARM.Collect$$libinit$$00000033)
    __rt_lib_init_stdio_1                    0x0800025f   Thumb Code     0  libinit2.o(.ARM.Collect$$libinit$$00000025)
    __rt_lib_shutdown                        0x08000261   Thumb Code     0  libshutdown.o(.ARM.Collect$$libshutdown$$00000000)
    __rt_lib_shutdown_stdio_2                0x08000263   Thumb Code     0  libshutdown2.o(.ARM.Collect$$libshutdown$$00000002)
    __rt_lib_shutdown_fp_trap_1              0x08000267   Thumb Code     0  libshutdown2.o(.ARM.Collect$$libshutdown$$00000006)
    __rt_lib_shutdown_heap_1                 0x08000267   Thumb Code     0  libshutdown2.o(.ARM.Collect$$libshutdown$$0000000E)
    __rt_lib_shutdown_return                 0x08000267   Thumb Code     0  libshutdown2.o(.ARM.Collect$$libshutdown$$0000000F)
    __rt_lib_shutdown_signal_1               0x08000267   Thumb Code     0  libshutdown2.o(.ARM.Collect$$libshutdown$$00000009)
    __rt_lib_shutdown_stdio_1                0x08000267   Thumb Code     0  libshutdown2.o(.ARM.Collect$$libshutdown$$00000003)
    __rt_lib_shutdown_user_alloc_1           0x08000267   Thumb Code     0  libshutdown2.o(.ARM.Collect$$libshutdown$$0000000B)
    __rt_entry                               0x08000269   Thumb Code     0  __rtentry.o(.ARM.Collect$$rtentry$$00000000)
    __rt_entry_presh_1                       0x08000269   Thumb Code     0  __rtentry2.o(.ARM.Collect$$rtentry$$00000002)
    __rt_entry_sh                            0x08000269   Thumb Code     0  __rtentry4.o(.ARM.Collect$$rtentry$$00000004)
    __rt_entry_li                            0x0800026f   Thumb Code     0  __rtentry2.o(.ARM.Collect$$rtentry$$0000000A)
    __rt_entry_postsh_1                      0x0800026f   Thumb Code     0  __rtentry2.o(.ARM.Collect$$rtentry$$00000009)
    __rt_entry_main                          0x08000273   Thumb Code     0  __rtentry2.o(.ARM.Collect$$rtentry$$0000000D)
    __rt_entry_postli_1                      0x08000273   Thumb Code     0  __rtentry2.o(.ARM.Collect$$rtentry$$0000000C)
    __rt_exit                                0x0800027b   Thumb Code     0  rtexit.o(.ARM.Collect$$rtexit$$00000000)
    __rt_exit_ls                             0x0800027d   Thumb Code     0  rtexit2.o(.ARM.Collect$$rtexit$$00000003)
    __rt_exit_prels_1                        0x0800027d   Thumb Code     0  rtexit2.o(.ARM.Collect$$rtexit$$00000002)
    __rt_exit_exit                           0x08000281   Thumb Code     0  rtexit2.o(.ARM.Collect$$rtexit$$00000004)
    SVC_Handler                              0x08000289   Thumb Code    32  port_1.o(.emb_text)
    __asm___6_port_c_39a90d8d__prvStartFirstTask 0x080002ad   Thumb Code    28  port_1.o(.emb_text)
    PendSV_Handler                           0x080002cd   Thumb Code    72  port_1.o(.emb_text)
    vPortGetIPSR                             0x08000319   Thumb Code     6  port_1.o(.emb_text)
    _maybe_terminate_alloc                   0x08000321   Thumb Code     0  maybetermalloc1.o(.emb_text)
    close                                    0x08000321   Thumb Code   142  socket.o(.text)
    socket                                   0x080003af   Thumb Code   378  socket.o(.text)
    listen                                   0x08000529   Thumb Code   158  socket.o(.text)
    connect                                  0x080005c7   Thumb Code   342  socket.o(.text)
    disconnect                               0x0800071d   Thumb Code   202  socket.o(.text)
    send                                     0x080007e7   Thumb Code   374  socket.o(.text)
    recv                                     0x0800095d   Thumb Code   282  socket.o(.text)
    sendto                                   0x08000a77   Thumb Code   512  socket.o(.text)
    recvfrom                                 0x08000c77   Thumb Code   608  socket.o(.text)
    ctlsocket                                0x08000ed7   Thumb Code   306  socket.o(.text)
    setsockopt                               0x08001009   Thumb Code   398  socket.o(.text)
    getsockopt                               0x08001197   Thumb Code   398  socket.o(.text)
    wizchip_cris_enter                       0x0800132d   Thumb Code     2  wizchip_conf.o(.text)
    wizchip_cris_exit                        0x0800132f   Thumb Code     2  wizchip_conf.o(.text)
    wizchip_cs_select                        0x08001331   Thumb Code     2  wizchip_conf.o(.text)
    wizchip_cs_deselect                      0x08001333   Thumb Code     2  wizchip_conf.o(.text)
    wizchip_bus_readdata                     0x08001335   Thumb Code     6  wizchip_conf.o(.text)
    wizchip_bus_writedata                    0x0800133b   Thumb Code     4  wizchip_conf.o(.text)
    wizchip_spi_readbyte                     0x0800133f   Thumb Code     4  wizchip_conf.o(.text)
    wizchip_spi_writebyte                    0x08001343   Thumb Code     2  wizchip_conf.o(.text)
    wizchip_spi_readburst                    0x08001345   Thumb Code     2  wizchip_conf.o(.text)
    wizchip_spi_writeburst                   0x08001347   Thumb Code     2  wizchip_conf.o(.text)
    reg_wizchip_cris_cbfunc                  0x08001349   Thumb Code    30  wizchip_conf.o(.text)
    reg_wizchip_cs_cbfunc                    0x08001367   Thumb Code    30  wizchip_conf.o(.text)
    reg_wizchip_bus_cbfunc                   0x08001385   Thumb Code    44  wizchip_conf.o(.text)
    reg_wizchip_spi_cbfunc                   0x080013b1   Thumb Code    44  wizchip_conf.o(.text)
    reg_wizchip_spiburst_cbfunc              0x080013dd   Thumb Code    42  wizchip_conf.o(.text)
    wizphy_getphylink                        0x08001407   Thumb Code    26  wizchip_conf.o(.text)
    wizphy_getphypmode                       0x08001421   Thumb Code    28  wizchip_conf.o(.text)
    wizphy_reset                             0x0800143d   Thumb Code    52  wizchip_conf.o(.text)
    wizphy_setphypmode                       0x08001471   Thumb Code   100  wizchip_conf.o(.text)
    wizphy_getphyconf                        0x080014d5   Thumb Code   120  wizchip_conf.o(.text)
    wizphy_setphyconf                        0x0800154d   Thumb Code    88  wizchip_conf.o(.text)
    wizchip_getinterruptmask                 0x080015a5   Thumb Code    40  wizchip_conf.o(.text)
    wizchip_setinterruptmask                 0x080015cd   Thumb Code    30  wizchip_conf.o(.text)
    wizchip_getinterrupt                     0x080015eb   Thumb Code    42  wizchip_conf.o(.text)
    wizchip_clrinterrupt                     0x08001615   Thumb Code    32  wizchip_conf.o(.text)
    wizchip_sw_reset                         0x08001635   Thumb Code   114  wizchip_conf.o(.text)
    wizchip_init                             0x080016a7   Thumb Code   150  wizchip_conf.o(.text)
    ctlwizchip                               0x0800173d   Thumb Code   276  wizchip_conf.o(.text)
    wizchip_gettimeout                       0x08001851   Thumb Code    40  wizchip_conf.o(.text)
    wizchip_settimeout                       0x08001879   Thumb Code    38  wizchip_conf.o(.text)
    wizchip_getnetmode                       0x0800189f   Thumb Code    10  wizchip_conf.o(.text)
    wizchip_setnetmode                       0x080018a9   Thumb Code    38  wizchip_conf.o(.text)
    wizchip_getnetinfo                       0x080018cf   Thumb Code    82  wizchip_conf.o(.text)
    wizchip_setnetinfo                       0x08001921   Thumb Code    80  wizchip_conf.o(.text)
    ctlnetwork                               0x08001971   Thumb Code    80  wizchip_conf.o(.text)
    wizphy_getphystat                        0x080019c1   Thumb Code    28  wizchip_conf.o(.text)
    WIZCHIP_READ                             0x080019e9   Thumb Code   112  w5500.o(.text)
    WIZCHIP_WRITE                            0x08001a59   Thumb Code   112  w5500.o(.text)
    WIZCHIP_READ_BUF                         0x08001ac9   Thumb Code   136  w5500.o(.text)
    WIZCHIP_WRITE_BUF                        0x08001b51   Thumb Code   132  w5500.o(.text)
    getSn_TX_FSR                             0x08001bd5   Thumb Code   108  w5500.o(.text)
    getSn_RX_RSR                             0x08001c41   Thumb Code   108  w5500.o(.text)
    wiz_send_data                            0x08001cad   Thumb Code   132  w5500.o(.text)
    wiz_recv_data                            0x08001d31   Thumb Code   132  w5500.o(.text)
    wiz_recv_ignore                          0x08001db5   Thumb Code   110  w5500.o(.text)
    default_ip_assign                        0x08001e25   Thumb Code    38  dhcp.o(.text)
    default_ip_update                        0x08001e4b   Thumb Code    34  dhcp.o(.text)
    default_ip_conflict                      0x08001e6d   Thumb Code    30  dhcp.o(.text)
    reg_dhcp_cbfunc                          0x08001e8b   Thumb Code    46  dhcp.o(.text)
    makeDHCPMSG                              0x08001eb9   Thumb Code   386  dhcp.o(.text)
    send_DHCP_DISCOVER                       0x0800203b   Thumb Code   572  dhcp.o(.text)
    send_DHCP_REQUEST                        0x08002277   Thumb Code   886  dhcp.o(.text)
    send_DHCP_DECLINE                        0x080025ed   Thumb Code   522  dhcp.o(.text)
    parseDHCPMSG                             0x080027f7   Thumb Code   454  dhcp.o(.text)
    reset_DHCP_timeout                       0x080029bd   Thumb Code    20  dhcp.o(.text)
    check_DHCP_timeout                       0x080029d1   Thumb Code   208  dhcp.o(.text)
    check_DHCP_leasedIP                      0x08002aa1   Thumb Code    88  dhcp.o(.text)
    DHCP_run                                 0x08002af9   Thumb Code   424  dhcp.o(.text)
    DHCP_stop                                0x08002ca1   Thumb Code    18  dhcp.o(.text)
    DHCP_init                                0x08002cb3   Thumb Code   150  dhcp.o(.text)
    DHCP_time_handler                        0x08002d49   Thumb Code    12  dhcp.o(.text)
    getIPfromDHCP                            0x08002d55   Thumb Code    26  dhcp.o(.text)
    getGWfromDHCP                            0x08002d6f   Thumb Code    26  dhcp.o(.text)
    getSNfromDHCP                            0x08002d89   Thumb Code    26  dhcp.o(.text)
    getDNSfromDHCP                           0x08002da3   Thumb Code    26  dhcp.o(.text)
    getDHCPLeasetime                         0x08002dbd   Thumb Code     6  dhcp.o(.text)
    vListInitialise                          0x08002e1d   Thumb Code    26  list.o(.text)
    vListInitialiseItem                      0x08002e37   Thumb Code     6  list.o(.text)
    vListInsertEnd                           0x08002e3d   Thumb Code    24  list.o(.text)
    vListInsert                              0x08002e55   Thumb Code    52  list.o(.text)
    uxListRemove                             0x08002e89   Thumb Code    40  list.o(.text)
    xQueueGenericReset                       0x08002eb1   Thumb Code   122  queue.o(.text)
    xQueueGenericCreate                      0x08002f51   Thumb Code    56  queue.o(.text)
    xQueueGenericSend                        0x080030a1   Thumb Code   276  queue.o(.text)
    xQueueCreateMutex                        0x080031d1   Thumb Code    34  queue.o(.text)
    xQueueGenericSendFromISR                 0x080031f3   Thumb Code   134  queue.o(.text)
    xQueueGiveFromISR                        0x08003279   Thumb Code   124  queue.o(.text)
    xQueueReceive                            0x08003339   Thumb Code   256  queue.o(.text)
    xQueueSemaphoreTake                      0x0800344d   Thumb Code   300  queue.o(.text)
    xQueuePeek                               0x08003579   Thumb Code   262  queue.o(.text)
    xQueueReceiveFromISR                     0x0800367f   Thumb Code   130  queue.o(.text)
    xQueuePeekFromISR                        0x08003701   Thumb Code    74  queue.o(.text)
    uxQueueMessagesWaiting                   0x0800374b   Thumb Code    22  queue.o(.text)
    uxQueueSpacesAvailable                   0x08003761   Thumb Code    24  queue.o(.text)
    uxQueueMessagesWaitingFromISR            0x08003779   Thumb Code     6  queue.o(.text)
    vQueueDelete                             0x0800377f   Thumb Code    14  queue.o(.text)
    xQueueIsQueueEmptyFromISR                0x0800378d   Thumb Code    14  queue.o(.text)
    xQueueIsQueueFullFromISR                 0x0800379b   Thumb Code    18  queue.o(.text)
    xTaskCreate                              0x0800390f   Thumb Code    96  tasks.o(.text)
    vTaskDelete                              0x080039ab   Thumb Code   166  tasks.o(.text)
    xTaskIncrementTick                       0x08003a51   Thumb Code   252  tasks.o(.text)
    xTaskResumeAll                           0x08003b4d   Thumb Code   282  tasks.o(.text)
    vTaskSuspendAll                          0x08003ce3   Thumb Code    12  tasks.o(.text)
    vTaskDelayUntil                          0x08003cef   Thumb Code   106  tasks.o(.text)
    vTaskDelay                               0x08003d59   Thumb Code    46  tasks.o(.text)
    uxTaskPriorityGet                        0x08003d87   Thumb Code    30  tasks.o(.text)
    uxTaskPriorityGetFromISR                 0x08003da5   Thumb Code    52  tasks.o(.text)
    vTaskPrioritySet                         0x08003dd9   Thumb Code   226  tasks.o(.text)
    vTaskSwitchContext                       0x08003ebb   Thumb Code    76  tasks.o(.text)
    vTaskSuspend                             0x08003f07   Thumb Code   174  tasks.o(.text)
    vTaskResume                              0x08004029   Thumb Code   104  tasks.o(.text)
    xTaskResumeFromISR                       0x08004091   Thumb Code   130  tasks.o(.text)
    vTaskStartScheduler                      0x0800416f   Thumb Code    72  tasks.o(.text)
    vTaskEndScheduler                        0x080041b7   Thumb Code    32  tasks.o(.text)
    xTaskGetTickCount                        0x080041d7   Thumb Code     6  tasks.o(.text)
    xTaskGetTickCountFromISR                 0x080041dd   Thumb Code     8  tasks.o(.text)
    uxTaskGetNumberOfTasks                   0x080041e5   Thumb Code     6  tasks.o(.text)
    pcTaskGetName                            0x080041eb   Thumb Code    20  tasks.o(.text)
    vTaskPlaceOnEventList                    0x080041ff   Thumb Code    28  tasks.o(.text)
    vTaskPlaceOnUnorderedEventList           0x0800421b   Thumb Code    40  tasks.o(.text)
    xTaskRemoveFromEventList                 0x08004243   Thumb Code   104  tasks.o(.text)
    vTaskRemoveFromUnorderedEventList        0x080042ab   Thumb Code    82  tasks.o(.text)
    vTaskSetTimeOutState                     0x080042fd   Thumb Code    26  tasks.o(.text)
    vTaskInternalSetTimeOutState             0x08004317   Thumb Code    14  tasks.o(.text)
    xTaskCheckForTimeOut                     0x08004325   Thumb Code    84  tasks.o(.text)
    vTaskMissedYield                         0x08004379   Thumb Code     8  tasks.o(.text)
    xTaskGetCurrentTaskHandle                0x08004381   Thumb Code     6  tasks.o(.text)
    xTaskPriorityInherit                     0x08004387   Thumb Code   264  tasks.o(.text)
    xTaskPriorityDisinherit                  0x0800448f   Thumb Code   122  tasks.o(.text)
    vTaskPriorityDisinheritAfterTimeout      0x08004509   Thumb Code   166  tasks.o(.text)
    uxTaskResetEventItemValue                0x080045af   Thumb Code    24  tasks.o(.text)
    pvTaskIncrementMutexHeldCount            0x080045c7   Thumb Code    26  tasks.o(.text)
    ulTaskNotifyTake                         0x080045e1   Thumb Code   108  tasks.o(.text)
    xTaskNotifyWait                          0x0800464d   Thumb Code   150  tasks.o(.text)
    xTaskGenericNotify                       0x080046e3   Thumb Code   178  tasks.o(.text)
    xTaskGenericNotifyFromISR                0x08004795   Thumb Code   252  tasks.o(.text)
    vTaskNotifyGiveFromISR                   0x08004891   Thumb Code   154  tasks.o(.text)
    xTaskNotifyStateClear                    0x0800492b   Thumb Code    48  tasks.o(.text)
    pxPortInitialiseStack                    0x0800498b   Thumb Code    30  port_1.o(.text)
    vPortSetupTimerInterrupt                 0x080049a9   Thumb Code    20  port_1.o(.text)
    xPortStartScheduler                      0x080049bd   Thumb Code    42  port_1.o(.text)
    vPortEndScheduler                        0x080049e7   Thumb Code     2  port_1.o(.text)
    vPortEnterCritical                       0x080049e9   Thumb Code    30  port_1.o(.text)
    vPortExitCritical                        0x08004a07   Thumb Code    28  port_1.o(.text)
    SysTick_Handler                          0x08004a23   Thumb Code    48  port_1.o(.text)
    pvPortMalloc                             0x08004a8f   Thumb Code   166  heap_2.o(.text)
    vPortFree                                0x08004b35   Thumb Code    56  heap_2.o(.text)
    xPortGetFreeHeapSize                     0x08004b6d   Thumb Code     6  heap_2.o(.text)
    vPortInitialiseBlocks                    0x08004b73   Thumb Code     2  heap_2.o(.text)
    Reset_Handler                            0x08004b89   Thumb Code     8  startup_stm32f10x_hd.o(.text)
    ADC1_2_IRQHandler                        0x08004ba3   Thumb Code     0  startup_stm32f10x_hd.o(.text)
    ADC3_IRQHandler                          0x08004ba3   Thumb Code     0  startup_stm32f10x_hd.o(.text)
    CAN1_RX1_IRQHandler                      0x08004ba3   Thumb Code     0  startup_stm32f10x_hd.o(.text)
    CAN1_SCE_IRQHandler                      0x08004ba3   Thumb Code     0  startup_stm32f10x_hd.o(.text)
    DMA1_Channel1_IRQHandler                 0x08004ba3   Thumb Code     0  startup_stm32f10x_hd.o(.text)
    DMA1_Channel2_IRQHandler                 0x08004ba3   Thumb Code     0  startup_stm32f10x_hd.o(.text)
    DMA1_Channel3_IRQHandler                 0x08004ba3   Thumb Code     0  startup_stm32f10x_hd.o(.text)
    DMA1_Channel4_IRQHandler                 0x08004ba3   Thumb Code     0  startup_stm32f10x_hd.o(.text)
    DMA1_Channel5_IRQHandler                 0x08004ba3   Thumb Code     0  startup_stm32f10x_hd.o(.text)
    DMA1_Channel6_IRQHandler                 0x08004ba3   Thumb Code     0  startup_stm32f10x_hd.o(.text)
    DMA1_Channel7_IRQHandler                 0x08004ba3   Thumb Code     0  startup_stm32f10x_hd.o(.text)
    DMA2_Channel1_IRQHandler                 0x08004ba3   Thumb Code     0  startup_stm32f10x_hd.o(.text)
    DMA2_Channel2_IRQHandler                 0x08004ba3   Thumb Code     0  startup_stm32f10x_hd.o(.text)
    DMA2_Channel3_IRQHandler                 0x08004ba3   Thumb Code     0  startup_stm32f10x_hd.o(.text)
    DMA2_Channel4_5_IRQHandler               0x08004ba3   Thumb Code     0  startup_stm32f10x_hd.o(.text)
    EXTI0_IRQHandler                         0x08004ba3   Thumb Code     0  startup_stm32f10x_hd.o(.text)
    EXTI15_10_IRQHandler                     0x08004ba3   Thumb Code     0  startup_stm32f10x_hd.o(.text)
    EXTI1_IRQHandler                         0x08004ba3   Thumb Code     0  startup_stm32f10x_hd.o(.text)
    EXTI2_IRQHandler                         0x08004ba3   Thumb Code     0  startup_stm32f10x_hd.o(.text)
    EXTI3_IRQHandler                         0x08004ba3   Thumb Code     0  startup_stm32f10x_hd.o(.text)
    EXTI4_IRQHandler                         0x08004ba3   Thumb Code     0  startup_stm32f10x_hd.o(.text)
    EXTI9_5_IRQHandler                       0x08004ba3   Thumb Code     0  startup_stm32f10x_hd.o(.text)
    FLASH_IRQHandler                         0x08004ba3   Thumb Code     0  startup_stm32f10x_hd.o(.text)
    FSMC_IRQHandler                          0x08004ba3   Thumb Code     0  startup_stm32f10x_hd.o(.text)
    I2C1_ER_IRQHandler                       0x08004ba3   Thumb Code     0  startup_stm32f10x_hd.o(.text)
    I2C1_EV_IRQHandler                       0x08004ba3   Thumb Code     0  startup_stm32f10x_hd.o(.text)
    I2C2_ER_IRQHandler                       0x08004ba3   Thumb Code     0  startup_stm32f10x_hd.o(.text)
    I2C2_EV_IRQHandler                       0x08004ba3   Thumb Code     0  startup_stm32f10x_hd.o(.text)
    PVD_IRQHandler                           0x08004ba3   Thumb Code     0  startup_stm32f10x_hd.o(.text)
    RCC_IRQHandler                           0x08004ba3   Thumb Code     0  startup_stm32f10x_hd.o(.text)
    RTCAlarm_IRQHandler                      0x08004ba3   Thumb Code     0  startup_stm32f10x_hd.o(.text)
    RTC_IRQHandler                           0x08004ba3   Thumb Code     0  startup_stm32f10x_hd.o(.text)
    SDIO_IRQHandler                          0x08004ba3   Thumb Code     0  startup_stm32f10x_hd.o(.text)
    SPI1_IRQHandler                          0x08004ba3   Thumb Code     0  startup_stm32f10x_hd.o(.text)
    SPI2_IRQHandler                          0x08004ba3   Thumb Code     0  startup_stm32f10x_hd.o(.text)
    SPI3_IRQHandler                          0x08004ba3   Thumb Code     0  startup_stm32f10x_hd.o(.text)
    TAMPER_IRQHandler                        0x08004ba3   Thumb Code     0  startup_stm32f10x_hd.o(.text)
    TIM1_BRK_IRQHandler                      0x08004ba3   Thumb Code     0  startup_stm32f10x_hd.o(.text)
    TIM1_CC_IRQHandler                       0x08004ba3   Thumb Code     0  startup_stm32f10x_hd.o(.text)
    TIM1_TRG_COM_IRQHandler                  0x08004ba3   Thumb Code     0  startup_stm32f10x_hd.o(.text)
    TIM1_UP_IRQHandler                       0x08004ba3   Thumb Code     0  startup_stm32f10x_hd.o(.text)
    TIM2_IRQHandler                          0x08004ba3   Thumb Code     0  startup_stm32f10x_hd.o(.text)
    TIM3_IRQHandler                          0x08004ba3   Thumb Code     0  startup_stm32f10x_hd.o(.text)
    TIM4_IRQHandler                          0x08004ba3   Thumb Code     0  startup_stm32f10x_hd.o(.text)
    TIM5_IRQHandler                          0x08004ba3   Thumb Code     0  startup_stm32f10x_hd.o(.text)
    TIM6_IRQHandler                          0x08004ba3   Thumb Code     0  startup_stm32f10x_hd.o(.text)
    TIM7_IRQHandler                          0x08004ba3   Thumb Code     0  startup_stm32f10x_hd.o(.text)
    TIM8_BRK_IRQHandler                      0x08004ba3   Thumb Code     0  startup_stm32f10x_hd.o(.text)
    TIM8_CC_IRQHandler                       0x08004ba3   Thumb Code     0  startup_stm32f10x_hd.o(.text)
    TIM8_TRG_COM_IRQHandler                  0x08004ba3   Thumb Code     0  startup_stm32f10x_hd.o(.text)
    TIM8_UP_IRQHandler                       0x08004ba3   Thumb Code     0  startup_stm32f10x_hd.o(.text)
    UART4_IRQHandler                         0x08004ba3   Thumb Code     0  startup_stm32f10x_hd.o(.text)
    UART5_IRQHandler                         0x08004ba3   Thumb Code     0  startup_stm32f10x_hd.o(.text)
    USART1_IRQHandler                        0x08004ba3   Thumb Code     0  startup_stm32f10x_hd.o(.text)
    USART2_IRQHandler                        0x08004ba3   Thumb Code     0  startup_stm32f10x_hd.o(.text)
    USART3_IRQHandler                        0x08004ba3   Thumb Code     0  startup_stm32f10x_hd.o(.text)
    USBWakeUp_IRQHandler                     0x08004ba3   Thumb Code     0  startup_stm32f10x_hd.o(.text)
    USB_HP_CAN1_TX_IRQHandler                0x08004ba3   Thumb Code     0  startup_stm32f10x_hd.o(.text)
    USB_LP_CAN1_RX0_IRQHandler               0x08004ba3   Thumb Code     0  startup_stm32f10x_hd.o(.text)
    WWDG_IRQHandler                          0x08004ba3   Thumb Code     0  startup_stm32f10x_hd.o(.text)
    __user_initial_stackheap                 0x08004ba5   Thumb Code     0  startup_stm32f10x_hd.o(.text)
    NVIC_PriorityGroupConfig                 0x08004bc9   Thumb Code    54  misc.o(.text)
    NVIC_Init                                0x08004bff   Thumb Code   158  misc.o(.text)
    NVIC_SetVectorTable                      0x08004c9d   Thumb Code    60  misc.o(.text)
    NVIC_SystemLPConfig                      0x08004cd9   Thumb Code    78  misc.o(.text)
    SysTick_CLKSourceConfig                  0x08004d27   Thumb Code    62  misc.o(.text)
    RCC_DeInit                               0x08004d9d   Thumb Code    64  stm32f10x_rcc.o(.text)
    RCC_HSEConfig                            0x08004ddd   Thumb Code   100  stm32f10x_rcc.o(.text)
    RCC_GetFlagStatus                        0x08004e41   Thumb Code   118  stm32f10x_rcc.o(.text)
    RCC_WaitForHSEStartUp                    0x08004eb7   Thumb Code    56  stm32f10x_rcc.o(.text)
    RCC_AdjustHSICalibrationValue            0x08004eef   Thumb Code    38  stm32f10x_rcc.o(.text)
    RCC_HSICmd                               0x08004f15   Thumb Code    28  stm32f10x_rcc.o(.text)
    RCC_PLLConfig                            0x08004f31   Thumb Code   152  stm32f10x_rcc.o(.text)
    RCC_PLLCmd                               0x08004fc9   Thumb Code    28  stm32f10x_rcc.o(.text)
    RCC_SYSCLKConfig                         0x08004fe5   Thumb Code    42  stm32f10x_rcc.o(.text)
    RCC_GetSYSCLKSource                      0x0800500f   Thumb Code    10  stm32f10x_rcc.o(.text)
    RCC_HCLKConfig                           0x08005019   Thumb Code    66  stm32f10x_rcc.o(.text)
    RCC_PCLK1Config                          0x0800505b   Thumb Code    58  stm32f10x_rcc.o(.text)
    RCC_PCLK2Config                          0x08005095   Thumb Code    60  stm32f10x_rcc.o(.text)
    RCC_ITConfig                             0x080050d1   Thumb Code    70  stm32f10x_rcc.o(.text)
    RCC_USBCLKConfig                         0x08005117   Thumb Code    30  stm32f10x_rcc.o(.text)
    RCC_ADCCLKConfig                         0x08005135   Thumb Code    52  stm32f10x_rcc.o(.text)
    RCC_LSEConfig                            0x08005169   Thumb Code   130  stm32f10x_rcc.o(.text)
    RCC_LSICmd                               0x080051eb   Thumb Code    30  stm32f10x_rcc.o(.text)
    RCC_RTCCLKConfig                         0x08005209   Thumb Code    52  stm32f10x_rcc.o(.text)
    RCC_RTCCLKCmd                            0x0800523d   Thumb Code    32  stm32f10x_rcc.o(.text)
    RCC_GetClocksFreq                        0x0800525d   Thumb Code   208  stm32f10x_rcc.o(.text)
    RCC_AHBPeriphClockCmd                    0x0800532d   Thumb Code    86  stm32f10x_rcc.o(.text)
    RCC_APB2PeriphClockCmd                   0x08005383   Thumb Code    82  stm32f10x_rcc.o(.text)
    RCC_APB1PeriphClockCmd                   0x080053d5   Thumb Code    82  stm32f10x_rcc.o(.text)
    RCC_APB2PeriphResetCmd                   0x08005427   Thumb Code    82  stm32f10x_rcc.o(.text)
    RCC_APB1PeriphResetCmd                   0x08005479   Thumb Code    82  stm32f10x_rcc.o(.text)
    RCC_BackupResetCmd                       0x080054cb   Thumb Code    32  stm32f10x_rcc.o(.text)
    RCC_ClockSecuritySystemCmd               0x080054eb   Thumb Code    30  stm32f10x_rcc.o(.text)
    RCC_MCOConfig                            0x08005509   Thumb Code    44  stm32f10x_rcc.o(.text)
    RCC_ClearFlag                            0x08005535   Thumb Code    18  stm32f10x_rcc.o(.text)
    RCC_GetITStatus                          0x08005547   Thumb Code    64  stm32f10x_rcc.o(.text)
    RCC_ClearITPendingBit                    0x08005587   Thumb Code    34  stm32f10x_rcc.o(.text)
    SystemInit                               0x080056ab   Thumb Code    78  system_stm32f10x.o(.text)
    SystemCoreClockUpdate                    0x080056f9   Thumb Code   142  system_stm32f10x.o(.text)
    App_Printf                               0x080057ad   Thumb Code    82  main.o(.text)
    assert_failed                            0x080057ff   Thumb Code    18  main.o(.text)
    bsp_init                                 0x08005811   Thumb Code     2  main.o(.text)
    init_task                                0x08005813   Thumb Code    32  main.o(.text)
    create_init_task                         0x08005833   Thumb Code    46  main.o(.text)
    vApplicationTickHook                     0x08005861   Thumb Code    36  main.o(.text)
    main                                     0x08005885   Thumb Code   100  main.o(.text)
    NMI_Handler                              0x08005a59   Thumb Code     2  stm32f10x_it.o(.text)
    HardFault_Handler                        0x08005a5b   Thumb Code     4  stm32f10x_it.o(.text)
    MemManage_Handler                        0x08005a5f   Thumb Code     4  stm32f10x_it.o(.text)
    BusFault_Handler                         0x08005a63   Thumb Code     4  stm32f10x_it.o(.text)
    UsageFault_Handler                       0x08005a67   Thumb Code     4  stm32f10x_it.o(.text)
    DebugMon_Handler                         0x08005a6b   Thumb Code     2  stm32f10x_it.o(.text)
    vsnprintf                                0x08005a6d   Thumb Code    48  vsnprintf.o(.text)
    __2printf                                0x08005aa1   Thumb Code    20  __2printf.o(.text)
    _printf_pre_padding                      0x08005ab9   Thumb Code    44  _printf_pad.o(.text)
    _printf_post_padding                     0x08005ae5   Thumb Code    34  _printf_pad.o(.text)
    _printf_str                              0x08005b07   Thumb Code    82  _printf_str.o(.text)
    _printf_int_dec                          0x08005b59   Thumb Code   104  _printf_dec.o(.text)
    _printf_longlong_hex                     0x08005bd1   Thumb Code    86  _printf_hex_int_ll_ptr.o(.text)
    _printf_int_hex                          0x08005c27   Thumb Code    28  _printf_hex_int_ll_ptr.o(.text)
    _printf_ll_hex                           0x08005c43   Thumb Code    12  _printf_hex_int_ll_ptr.o(.text)
    _printf_hex_ptr                          0x08005c4f   Thumb Code    18  _printf_hex_int_ll_ptr.o(.text)
    __printf                                 0x08005c65   Thumb Code   388  __printf_flags_ss_wp.o(.text)
    __aeabi_memcpy                           0x08005ded   Thumb Code     0  rt_memcpy_v6.o(.text)
    __rt_memcpy                              0x08005ded   Thumb Code   138  rt_memcpy_v6.o(.text)
    _memcpy_lastbytes                        0x08005e53   Thumb Code     0  rt_memcpy_v6.o(.text)
    __use_two_region_memory                  0x08005e77   Thumb Code     2  heapauxi.o(.text)
    __rt_heap_escrow                         0x08005e79   Thumb Code     2  heapauxi.o(.text)
    __rt_heap_expand                         0x08005e7b   Thumb Code     2  heapauxi.o(.text)
    _printf_truncate_signed                  0x08005e7d   Thumb Code    18  _printf_truncate.o(.text)
    _printf_truncate_unsigned                0x08005e8f   Thumb Code    18  _printf_truncate.o(.text)
    _printf_int_common                       0x08005ea1   Thumb Code   178  _printf_intcommon.o(.text)
    _printf_charcount                        0x08005f53   Thumb Code    40  _printf_charcount.o(.text)
    _printf_char_common                      0x08005f87   Thumb Code    32  _printf_char_common.o(.text)
    _sputc                                   0x08005fad   Thumb Code    10  _sputc.o(.text)
    _snputc                                  0x08005fb7   Thumb Code    16  _snputc.o(.text)
    _printf_cs_common                        0x08005fc7   Thumb Code    20  _printf_char.o(.text)
    _printf_char                             0x08005fdb   Thumb Code    16  _printf_char.o(.text)
    _printf_string                           0x08005feb   Thumb Code     8  _printf_char.o(.text)
    _printf_char_file                        0x08005ff5   Thumb Code    32  _printf_char_file.o(.text)
    _printf_wctomb                           0x08006019   Thumb Code   182  _printf_wctomb.o(.text)
    _printf_longlong_dec                     0x080060d5   Thumb Code   108  _printf_longlong_dec.o(.text)
    _printf_longlong_oct                     0x08006151   Thumb Code    68  _printf_oct_int_ll.o(.text)
    _printf_int_oct                          0x08006195   Thumb Code    24  _printf_oct_int_ll.o(.text)
    _printf_ll_oct                           0x080061ad   Thumb Code    12  _printf_oct_int_ll.o(.text)
    __aeabi_memcpy4                          0x080061c1   Thumb Code     0  rt_memcpy_w.o(.text)
    __aeabi_memcpy8                          0x080061c1   Thumb Code     0  rt_memcpy_w.o(.text)
    __rt_memcpy_w                            0x080061c1   Thumb Code   100  rt_memcpy_w.o(.text)
    _memcpy_lastbytes_aligned                0x08006209   Thumb Code     0  rt_memcpy_w.o(.text)
    _ll_udiv10                               0x08006225   Thumb Code   138  lludiv10.o(.text)
    __lib_sel_fp_printf                      0x080062af   Thumb Code     2  _printf_fp_dec.o(.text)
    _printf_fp_dec_real                      0x0800645d   Thumb Code   620  _printf_fp_dec.o(.text)
    _printf_fp_hex_real                      0x080066c9   Thumb Code   754  _printf_fp_hex.o(.text)
    _printf_lcs_common                       0x080069c5   Thumb Code    20  _printf_wchar.o(.text)
    _printf_wchar                            0x080069d9   Thumb Code    16  _printf_wchar.o(.text)
    _printf_wstring                          0x080069e9   Thumb Code     8  _printf_wchar.o(.text)
    ferror                                   0x080069f1   Thumb Code     8  ferror.o(.text)
    _initio                                  0x080069f9   Thumb Code   210  initio.o(.text)
    _terminateio                             0x08006acb   Thumb Code    56  initio.o(.text)
    _wcrtomb                                 0x08006b31   Thumb Code    64  _wcrtomb.o(.text)
    _sys_open                                0x08006b71   Thumb Code    20  sys_io.o(.text)
    _sys_close                               0x08006b85   Thumb Code    12  sys_io.o(.text)
    _sys_write                               0x08006b91   Thumb Code    16  sys_io.o(.text)
    _sys_read                                0x08006ba1   Thumb Code    14  sys_io.o(.text)
    _sys_istty                               0x08006baf   Thumb Code    12  sys_io.o(.text)
    _sys_seek                                0x08006bbb   Thumb Code    14  sys_io.o(.text)
    _sys_ensure                              0x08006bc9   Thumb Code     2  sys_io.o(.text)
    _sys_flen                                0x08006bcb   Thumb Code    12  sys_io.o(.text)
    __user_setup_stackheap                   0x08006bd7   Thumb Code    74  sys_stackheap_outer.o(.text)
    __rt_ctype_table                         0x08006c21   Thumb Code    16  rt_ctype_table.o(.text)
    __rt_locale                              0x08006c31   Thumb Code     8  rt_locale_intlibspace.o(.text)
    free                                     0x08006c39   Thumb Code    78  h1_free.o(.text)
    _printf_fp_infnan                        0x08006c89   Thumb Code   112  _printf_fp_infnan.o(.text)
    _btod_etento                             0x08006d09   Thumb Code   216  bigflt0.o(.text)
    __flsbuf                                 0x08006de5   Thumb Code   470  flsbuf.o(.text)
    __flsbuf_byte                            0x08006de5   Thumb Code     0  flsbuf.o(.text)
    __flsbuf_wide                            0x08006de5   Thumb Code     0  flsbuf.o(.text)
    setvbuf                                  0x08006fbb   Thumb Code    70  setvbuf.o(.text)
    freopen                                  0x08007001   Thumb Code   158  fopen.o(.text)
    fopen                                    0x0800709f   Thumb Code    74  fopen.o(.text)
    _fclose_internal                         0x080070ed   Thumb Code    76  fclose.o(.text)
    fclose                                   0x080070ed   Thumb Code     0  fclose.o(.text)
    exit                                     0x08007139   Thumb Code    12  exit.o(.text)
    __rt_SIGRTRED                            0x08007145   Thumb Code    14  defsig_rtred_outer.o(.text)
    __aeabi_memclr4                          0x08007153   Thumb Code     0  rt_memclr_w.o(.text)
    __aeabi_memclr8                          0x08007153   Thumb Code     0  rt_memclr_w.o(.text)
    __rt_memclr_w                            0x08007153   Thumb Code    78  rt_memclr_w.o(.text)
    _memset_w                                0x08007157   Thumb Code     0  rt_memclr_w.o(.text)
    __user_libspace                          0x080071a1   Thumb Code     8  libspace.o(.text)
    __user_perproc_libspace                  0x080071a1   Thumb Code     0  libspace.o(.text)
    __user_perthread_libspace                0x080071a1   Thumb Code     0  libspace.o(.text)
    __I$use$semihosting                      0x080071a9   Thumb Code     0  use_no_semi.o(.text)
    __use_no_semihosting_swi                 0x080071a9   Thumb Code     2  use_no_semi.o(.text)
    __semihosting_library_function           0x080071ab   Thumb Code     0  indicate_semi.o(.text)
    __rt_heap_descriptor                     0x080071ad   Thumb Code     8  rt_heap_descriptor_intlibspace.o(.text)
    __use_no_heap                            0x080071b5   Thumb Code     2  hguard.o(.text)
    __heap$guard                             0x080071b7   Thumb Code     2  hguard.o(.text)
    _terminate_user_alloc                    0x080071b9   Thumb Code     2  init_alloc.o(.text)
    _init_user_alloc                         0x080071bb   Thumb Code     2  init_alloc.o(.text)
    __Heap_Full                              0x080071bd   Thumb Code    34  init_alloc.o(.text)
    __Heap_Broken                            0x080071df   Thumb Code     6  init_alloc.o(.text)
    _init_alloc                              0x080071e5   Thumb Code    94  init_alloc.o(.text)
    malloc                                   0x08007243   Thumb Code    94  h1_alloc.o(.text)
    _fseek                                   0x080072a1   Thumb Code   242  fseek.o(.text)
    fseek                                    0x080072a1   Thumb Code     0  fseek.o(.text)
    _seterr                                  0x08007399   Thumb Code    20  stdio.o(.text)
    _writebuf                                0x080073ad   Thumb Code    84  stdio.o(.text)
    _fflush                                  0x08007401   Thumb Code    70  stdio.o(.text)
    _deferredlazyseek                        0x08007447   Thumb Code    60  stdio.o(.text)
    __sig_exit                               0x08007489   Thumb Code    10  defsig_exit.o(.text)
    __rt_SIGRTRED_inner                      0x08007495   Thumb Code    14  defsig_rtred_inner.o(.text)
    strlen                                   0x080074c9   Thumb Code    62  strlen.o(.text)
    strcmp                                   0x08007509   Thumb Code   128  strcmpv7m.o(.text)
    _sys_exit                                0x08007589   Thumb Code     8  sys_exit.o(.text)
    __Heap_Initialize                        0x08007595   Thumb Code    10  h1_init.o(.text)
    __Heap_DescSize                          0x0800759f   Thumb Code     4  h1_init.o(.text)
    __Heap_ProvideMemory                     0x080075a3   Thumb Code    52  h1_extend.o(.text)
    _ftell_internal                          0x080075d7   Thumb Code    66  ftell.o(.text)
    ftell                                    0x080075d7   Thumb Code     0  ftell.o(.text)
    __default_signal_display                 0x08007619   Thumb Code    50  defsig_general.o(.text)
    __rt_SIGRTMEM                            0x0800764b   Thumb Code    14  defsig_rtmem_outer.o(.text)
    _ttywrch                                 0x08007659   Thumb Code    14  sys_wrch.o(.text)
    __aeabi_errno_addr                       0x08007669   Thumb Code     8  rt_errno_addr_intlibspace.o(.text)
    __errno$intlibspace                      0x08007669   Thumb Code     0  rt_errno_addr_intlibspace.o(.text)
    __rt_errno_addr$intlibspace              0x08007669   Thumb Code     0  rt_errno_addr_intlibspace.o(.text)
    __rt_SIGRTMEM_inner                      0x08007671   Thumb Code    22  defsig_rtmem_inner.o(.text)
    _btod_d2e                                0x080076c1   Thumb Code    62  btod.o(CL$$btod_d2e)
    _d2e_denorm_low                          0x080076ff   Thumb Code    70  btod.o(CL$$btod_d2e_denorm_low)
    _d2e_norm_op1                            0x08007745   Thumb Code    96  btod.o(CL$$btod_d2e_norm_op1)
    __btod_div_common                        0x080077a5   Thumb Code   696  btod.o(CL$$btod_div_common)
    _e2e                                     0x08007add   Thumb Code   198  btod.o(CL$$btod_e2e)
    _btod_ediv                               0x08007ba3   Thumb Code    40  btod.o(CL$$btod_ediv)
    _btod_emul                               0x08007bcb   Thumb Code    40  btod.o(CL$$btod_emul)
    __btod_mult_common                       0x08007bf3   Thumb Code   580  btod.o(CL$$btod_mult_common)
    __ARM_fpclassify                         0x08007e37   Thumb Code    40  fpclassify.o(i.__ARM_fpclassify)
    _is_digit                                0x08007e5f   Thumb Code    14  __printf_wp.o(i._is_digit)
    fputc                                    0x08007e6d   Thumb Code    26  fputc.o(i.fputc)
    _get_lc_numeric                          0x08007e89   Thumb Code    44  lc_numeric_c.o(locale$$code)
    _get_lc_ctype                            0x08007eb5   Thumb Code    44  lc_ctype_c.o(locale$$code)
    _printf_fp_dec                           0x08007ee1   Thumb Code     4  printf1.o(x$fpl$printf1)
    _printf_fp_hex                           0x08007ee5   Thumb Code     4  printf2.o(x$fpl$printf2)
    __I$use$fp                               0x08007ee8   Number         0  usenofp.o(x$fpl$usenofp)
    __stdin_name                             0x08007f52   Data           4  sys_io.o(.constdata)
    __stdout_name                            0x08007f56   Data           4  sys_io.o(.constdata)
    __stderr_name                            0x08007f5a   Data           4  sys_io.o(.constdata)
    Region$$Table$$Base                      0x08007ff4   Number         0  anon$$obj.o(Region$$Table)
    Region$$Table$$Limit                     0x08008014   Number         0  anon$$obj.o(Region$$Table)
    __ctype                                  0x0800803d   Data           0  lc_ctype_c.o(locale$$data)
    sock_pack_info                           0x20000006   Data           8  socket.o(.data)
    WIZCHIP                                  0x20000010   Data          40  wizchip_conf.o(.data)
    DHCP_SOCKET                              0x20000040   Data           1  dhcp.o(.data)
    DHCP_SIP                                 0x20000041   Data           4  dhcp.o(.data)
    OLD_allocated_ip                         0x20000045   Data           4  dhcp.o(.data)
    DHCP_allocated_ip                        0x20000049   Data           4  dhcp.o(.data)
    DHCP_allocated_gw                        0x2000004d   Data           4  dhcp.o(.data)
    DHCP_allocated_sn                        0x20000051   Data           4  dhcp.o(.data)
    DHCP_allocated_dns                       0x20000055   Data           4  dhcp.o(.data)
    dhcp_state                               0x20000059   Data           1  dhcp.o(.data)
    dhcp_retry_count                         0x2000005a   Data           1  dhcp.o(.data)
    dhcp_lease_time                          0x2000005c   Data           4  dhcp.o(.data)
    dhcp_tick_1s                             0x20000060   Data           4  dhcp.o(.data)
    dhcp_tick_next                           0x20000064   Data           4  dhcp.o(.data)
    DHCP_XID                                 0x20000068   Data           4  dhcp.o(.data)
    pDHCPMSG                                 0x2000006c   Data           4  dhcp.o(.data)
    HOST_NAME                                0x20000070   Data           8  dhcp.o(.data)
    DHCP_CHADDR                              0x20000078   Data           6  dhcp.o(.data)
    dhcp_ip_assign                           0x20000080   Data           4  dhcp.o(.data)
    dhcp_ip_update                           0x20000084   Data           4  dhcp.o(.data)
    dhcp_ip_conflict                         0x20000088   Data           4  dhcp.o(.data)
    pxCurrentTCB                             0x2000008c   Data           4  tasks.o(.data)
    SystemCoreClock                          0x200000f8   Data           4  system_stm32f10x.o(.data)
    AHBPrescTable                            0x200000fc   Data          16  system_stm32f10x.o(.data)
    __aeabi_stdin                            0x20000114   Data           4  stdio_streams.o(.data)
    __aeabi_stdout                           0x20000118   Data           4  stdio_streams.o(.data)
    __aeabi_stderr                           0x2000011c   Data           4  stdio_streams.o(.data)
    __stdin                                  0x2000465c   Data          84  stdio_streams.o(.bss)
    __stdout                                 0x200046b0   Data          84  stdio_streams.o(.bss)
    __stderr                                 0x20004704   Data          84  stdio_streams.o(.bss)
    __libspace_start                         0x20004758   Data          96  libspace.o(.bss)
    __temporary_stack_top$libspace           0x200047b8   Data           0  libspace.o(.bss)



==============================================================================

Memory Map of the image

  Image Entry point : 0x08000131

  Load Region LR_IROM1 (Base: 0x08000000, Size: 0x00008260, Max: 0x00020000, ABSOLUTE)

    Execution Region ER_IROM1 (Base: 0x08000000, Size: 0x00008140, Max: 0x00020000, ABSOLUTE)

    Base Addr    Size         Type   Attr      Idx    E Section Name        Object

    0x08000000   0x00000130   Data   RO          543    RESET               startup_stm32f10x_hd.o
    0x08000130   0x00000008   Code   RO          805  * !!!main             c_w.l(__main.o)
    0x08000138   0x00000034   Code   RO         1259    !!!scatter          c_w.l(__scatter.o)
    0x0800016c   0x0000001a   Code   RO         1261    !!handler_copy      c_w.l(__scatter_copy.o)
    0x08000186   0x00000002   PAD
    0x08000188   0x0000001c   Code   RO         1263    !!handler_zi        c_w.l(__scatter_zi.o)
    0x080001a4   0x00000000   Code   RO          800    .ARM.Collect$$_printf_percent$$00000000  c_w.l(_printf_percent.o)
    0x080001a4   0x00000006   Code   RO          836    .ARM.Collect$$_printf_percent$$00000001  c_w.l(_printf_n.o)
    0x080001aa   0x00000006   Code   RO          837    .ARM.Collect$$_printf_percent$$00000002  c_w.l(_printf_p.o)
    0x080001b0   0x00000006   Code   RO          841    .ARM.Collect$$_printf_percent$$00000003  c_w.l(_printf_f.o)
    0x080001b6   0x00000006   Code   RO          842    .ARM.Collect$$_printf_percent$$00000004  c_w.l(_printf_e.o)
    0x080001bc   0x00000006   Code   RO          843    .ARM.Collect$$_printf_percent$$00000005  c_w.l(_printf_g.o)
    0x080001c2   0x00000006   Code   RO          844    .ARM.Collect$$_printf_percent$$00000006  c_w.l(_printf_a.o)
    0x080001c8   0x0000000a   Code   RO          849    .ARM.Collect$$_printf_percent$$00000007  c_w.l(_printf_ll.o)
    0x080001d2   0x00000006   Code   RO          839    .ARM.Collect$$_printf_percent$$00000008  c_w.l(_printf_i.o)
    0x080001d8   0x00000006   Code   RO          799    .ARM.Collect$$_printf_percent$$00000009  c_w.l(_printf_d.o)
    0x080001de   0x00000006   Code   RO          840    .ARM.Collect$$_printf_percent$$0000000A  c_w.l(_printf_u.o)
    0x080001e4   0x00000006   Code   RO          838    .ARM.Collect$$_printf_percent$$0000000B  c_w.l(_printf_o.o)
    0x080001ea   0x00000006   Code   RO          798    .ARM.Collect$$_printf_percent$$0000000C  c_w.l(_printf_x.o)
    0x080001f0   0x00000006   Code   RO          846    .ARM.Collect$$_printf_percent$$0000000D  c_w.l(_printf_lli.o)
    0x080001f6   0x00000006   Code   RO          847    .ARM.Collect$$_printf_percent$$0000000E  c_w.l(_printf_lld.o)
    0x080001fc   0x00000006   Code   RO          848    .ARM.Collect$$_printf_percent$$0000000F  c_w.l(_printf_llu.o)
    0x08000202   0x00000006   Code   RO          853    .ARM.Collect$$_printf_percent$$00000010  c_w.l(_printf_llo.o)
    0x08000208   0x00000006   Code   RO          854    .ARM.Collect$$_printf_percent$$00000011  c_w.l(_printf_llx.o)
    0x0800020e   0x0000000a   Code   RO          850    .ARM.Collect$$_printf_percent$$00000012  c_w.l(_printf_l.o)
    0x08000218   0x00000006   Code   RO          835    .ARM.Collect$$_printf_percent$$00000013  c_w.l(_printf_c.o)
    0x0800021e   0x00000006   Code   RO          797    .ARM.Collect$$_printf_percent$$00000014  c_w.l(_printf_s.o)
    0x08000224   0x00000006   Code   RO          851    .ARM.Collect$$_printf_percent$$00000015  c_w.l(_printf_lc.o)
    0x0800022a   0x00000006   Code   RO          852    .ARM.Collect$$_printf_percent$$00000016  c_w.l(_printf_ls.o)
    0x08000230   0x00000004   Code   RO          845    .ARM.Collect$$_printf_percent$$00000017  c_w.l(_printf_percent_end.o)
    0x08000234   0x00000002   Code   RO         1041    .ARM.Collect$$libinit$$00000000  c_w.l(libinit.o)
    0x08000236   0x00000000   Code   RO         1043    .ARM.Collect$$libinit$$00000002  c_w.l(libinit2.o)
    0x08000236   0x00000000   Code   RO         1045    .ARM.Collect$$libinit$$00000004  c_w.l(libinit2.o)
    0x08000236   0x00000008   Code   RO         1046    .ARM.Collect$$libinit$$00000005  c_w.l(libinit2.o)
    0x0800023e   0x00000000   Code   RO         1048    .ARM.Collect$$libinit$$0000000A  c_w.l(libinit2.o)
    0x0800023e   0x00000000   Code   RO         1050    .ARM.Collect$$libinit$$0000000C  c_w.l(libinit2.o)
    0x0800023e   0x00000000   Code   RO         1052    .ARM.Collect$$libinit$$0000000E  c_w.l(libinit2.o)
    0x0800023e   0x00000006   Code   RO         1053    .ARM.Collect$$libinit$$0000000F  c_w.l(libinit2.o)
    0x08000244   0x00000000   Code   RO         1055    .ARM.Collect$$libinit$$00000011  c_w.l(libinit2.o)
    0x08000244   0x0000000c   Code   RO         1056    .ARM.Collect$$libinit$$00000012  c_w.l(libinit2.o)
    0x08000250   0x00000000   Code   RO         1057    .ARM.Collect$$libinit$$00000013  c_w.l(libinit2.o)
    0x08000250   0x00000000   Code   RO         1059    .ARM.Collect$$libinit$$00000015  c_w.l(libinit2.o)
    0x08000250   0x0000000a   Code   RO         1060    .ARM.Collect$$libinit$$00000016  c_w.l(libinit2.o)
    0x0800025a   0x00000000   Code   RO         1061    .ARM.Collect$$libinit$$00000017  c_w.l(libinit2.o)
    0x0800025a   0x00000000   Code   RO         1063    .ARM.Collect$$libinit$$00000019  c_w.l(libinit2.o)
    0x0800025a   0x00000000   Code   RO         1065    .ARM.Collect$$libinit$$0000001B  c_w.l(libinit2.o)
    0x0800025a   0x00000000   Code   RO         1067    .ARM.Collect$$libinit$$0000001D  c_w.l(libinit2.o)
    0x0800025a   0x00000000   Code   RO         1069    .ARM.Collect$$libinit$$0000001F  c_w.l(libinit2.o)
    0x0800025a   0x00000000   Code   RO         1071    .ARM.Collect$$libinit$$00000021  c_w.l(libinit2.o)
    0x0800025a   0x00000000   Code   RO         1073    .ARM.Collect$$libinit$$00000023  c_w.l(libinit2.o)
    0x0800025a   0x00000004   Code   RO         1074    .ARM.Collect$$libinit$$00000024  c_w.l(libinit2.o)
    0x0800025e   0x00000000   Code   RO         1075    .ARM.Collect$$libinit$$00000025  c_w.l(libinit2.o)
    0x0800025e   0x00000000   Code   RO         1079    .ARM.Collect$$libinit$$0000002C  c_w.l(libinit2.o)
    0x0800025e   0x00000000   Code   RO         1081    .ARM.Collect$$libinit$$0000002E  c_w.l(libinit2.o)
    0x0800025e   0x00000000   Code   RO         1083    .ARM.Collect$$libinit$$00000030  c_w.l(libinit2.o)
    0x0800025e   0x00000000   Code   RO         1085    .ARM.Collect$$libinit$$00000032  c_w.l(libinit2.o)
    0x0800025e   0x00000002   Code   RO         1086    .ARM.Collect$$libinit$$00000033  c_w.l(libinit2.o)
    0x08000260   0x00000002   Code   RO         1238    .ARM.Collect$$libshutdown$$00000000  c_w.l(libshutdown.o)
    0x08000262   0x00000004   Code   RO         1088    .ARM.Collect$$libshutdown$$00000002  c_w.l(libshutdown2.o)
    0x08000266   0x00000000   Code   RO         1089    .ARM.Collect$$libshutdown$$00000003  c_w.l(libshutdown2.o)
    0x08000266   0x00000000   Code   RO         1092    .ARM.Collect$$libshutdown$$00000006  c_w.l(libshutdown2.o)
    0x08000266   0x00000000   Code   RO         1095    .ARM.Collect$$libshutdown$$00000009  c_w.l(libshutdown2.o)
    0x08000266   0x00000000   Code   RO         1097    .ARM.Collect$$libshutdown$$0000000B  c_w.l(libshutdown2.o)
    0x08000266   0x00000000   Code   RO         1100    .ARM.Collect$$libshutdown$$0000000E  c_w.l(libshutdown2.o)
    0x08000266   0x00000002   Code   RO         1101    .ARM.Collect$$libshutdown$$0000000F  c_w.l(libshutdown2.o)
    0x08000268   0x00000000   Code   RO          807    .ARM.Collect$$rtentry$$00000000  c_w.l(__rtentry.o)
    0x08000268   0x00000000   Code   RO          872    .ARM.Collect$$rtentry$$00000002  c_w.l(__rtentry2.o)
    0x08000268   0x00000006   Code   RO          884    .ARM.Collect$$rtentry$$00000004  c_w.l(__rtentry4.o)
    0x0800026e   0x00000000   Code   RO          874    .ARM.Collect$$rtentry$$00000009  c_w.l(__rtentry2.o)
    0x0800026e   0x00000004   Code   RO          875    .ARM.Collect$$rtentry$$0000000A  c_w.l(__rtentry2.o)
    0x08000272   0x00000000   Code   RO          877    .ARM.Collect$$rtentry$$0000000C  c_w.l(__rtentry2.o)
    0x08000272   0x00000008   Code   RO          878    .ARM.Collect$$rtentry$$0000000D  c_w.l(__rtentry2.o)
    0x0800027a   0x00000002   Code   RO         1115    .ARM.Collect$$rtexit$$00000000  c_w.l(rtexit.o)
    0x0800027c   0x00000000   Code   RO         1176    .ARM.Collect$$rtexit$$00000002  c_w.l(rtexit2.o)
    0x0800027c   0x00000004   Code   RO         1177    .ARM.Collect$$rtexit$$00000003  c_w.l(rtexit2.o)
    0x08000280   0x00000006   Code   RO         1178    .ARM.Collect$$rtexit$$00000004  c_w.l(rtexit2.o)
    0x08000286   0x00000002   PAD
    0x08000288   0x00000096   Code   RO          477    .emb_text           port_1.o
    0x0800031e   0x00000002   PAD
    0x08000320   0x00000000   Code   RO         1182    .emb_text           c_w.l(maybetermalloc1.o)
    0x08000320   0x0000100c   Code   RO            1    .text               socket.o
    0x0800132c   0x000006bc   Code   RO           32    .text               wizchip_conf.o
    0x080019e8   0x0000043a   Code   RO           53    .text               w5500.o
    0x08001e22   0x00000002   PAD
    0x08001e24   0x00000ff8   Code   RO           68    .text               dhcp.o
    0x08002e1c   0x00000094   Code   RO          401    .text               list.o
    0x08002eb0   0x000008fc   Code   RO          413    .text               queue.o
    0x080037ac   0x000011c8   Code   RO          437    .text               tasks.o
    0x08004974   0x000000f0   Code   RO          478    .text               port_1.o
    0x08004a64   0x00000124   Code   RO          508    .text               heap_2.o
    0x08004b88   0x00000040   Code   RO          544    .text               startup_stm32f10x_hd.o
    0x08004bc8   0x000001d4   Code   RO          548    .text               misc.o
    0x08004d9c   0x00000830   Code   RO          594    .text               stm32f10x_rcc.o
    0x080055cc   0x000001e0   Code   RO          644    .text               system_stm32f10x.o
    0x080057ac   0x000002ac   Code   RO          662    .text               main.o
    0x08005a58   0x00000014   Code   RO          689    .text               stm32f10x_it.o
    0x08005a6c   0x00000034   Code   RO          742    .text               c_w.l(vsnprintf.o)
    0x08005aa0   0x00000018   Code   RO          744    .text               c_w.l(__2printf.o)
    0x08005ab8   0x0000004e   Code   RO          750    .text               c_w.l(_printf_pad.o)
    0x08005b06   0x00000052   Code   RO          752    .text               c_w.l(_printf_str.o)
    0x08005b58   0x00000078   Code   RO          754    .text               c_w.l(_printf_dec.o)
    0x08005bd0   0x00000094   Code   RO          774    .text               c_w.l(_printf_hex_int_ll_ptr.o)
    0x08005c64   0x00000188   Code   RO          794    .text               c_w.l(__printf_flags_ss_wp.o)
    0x08005dec   0x0000008a   Code   RO          801    .text               c_w.l(rt_memcpy_v6.o)
    0x08005e76   0x00000006   Code   RO          803    .text               c_w.l(heapauxi.o)
    0x08005e7c   0x00000024   Code   RO          808    .text               c_w.l(_printf_truncate.o)
    0x08005ea0   0x000000b2   Code   RO          810    .text               c_w.l(_printf_intcommon.o)
    0x08005f52   0x00000028   Code   RO          812    .text               c_w.l(_printf_charcount.o)
    0x08005f7a   0x00000002   PAD
    0x08005f7c   0x00000030   Code   RO          814    .text               c_w.l(_printf_char_common.o)
    0x08005fac   0x0000000a   Code   RO          816    .text               c_w.l(_sputc.o)
    0x08005fb6   0x00000010   Code   RO          818    .text               c_w.l(_snputc.o)
    0x08005fc6   0x0000002c   Code   RO          820    .text               c_w.l(_printf_char.o)
    0x08005ff2   0x00000002   PAD
    0x08005ff4   0x00000024   Code   RO          822    .text               c_w.l(_printf_char_file.o)
    0x08006018   0x000000bc   Code   RO          824    .text               c_w.l(_printf_wctomb.o)
    0x080060d4   0x0000007c   Code   RO          827    .text               c_w.l(_printf_longlong_dec.o)
    0x08006150   0x00000070   Code   RO          833    .text               c_w.l(_printf_oct_int_ll.o)
    0x080061c0   0x00000064   Code   RO          861    .text               c_w.l(rt_memcpy_w.o)
    0x08006224   0x0000008a   Code   RO          886    .text               c_w.l(lludiv10.o)
    0x080062ae   0x0000041a   Code   RO          888    .text               c_w.l(_printf_fp_dec.o)
    0x080066c8   0x000002fc   Code   RO          890    .text               c_w.l(_printf_fp_hex.o)
    0x080069c4   0x0000002c   Code   RO          895    .text               c_w.l(_printf_wchar.o)
    0x080069f0   0x00000008   Code   RO          897    .text               c_w.l(ferror.o)
    0x080069f8   0x00000138   Code   RO          903    .text               c_w.l(initio.o)
    0x08006b30   0x00000040   Code   RO          911    .text               c_w.l(_wcrtomb.o)
    0x08006b70   0x00000066   Code   RO          913    .text               c_w.l(sys_io.o)
    0x08006bd6   0x0000004a   Code   RO          920    .text               c_w.l(sys_stackheap_outer.o)
    0x08006c20   0x00000010   Code   RO          922    .text               c_w.l(rt_ctype_table.o)
    0x08006c30   0x00000008   Code   RO          927    .text               c_w.l(rt_locale_intlibspace.o)
    0x08006c38   0x0000004e   Code   RO          931    .text               c_w.l(h1_free.o)
    0x08006c86   0x00000002   PAD
    0x08006c88   0x00000080   Code   RO          985    .text               c_w.l(_printf_fp_infnan.o)
    0x08006d08   0x000000dc   Code   RO          987    .text               c_w.l(bigflt0.o)
    0x08006de4   0x000001d6   Code   RO         1012    .text               c_w.l(flsbuf.o)
    0x08006fba   0x00000046   Code   RO         1014    .text               c_w.l(setvbuf.o)
    0x08007000   0x000000ec   Code   RO         1017    .text               c_w.l(fopen.o)
    0x080070ec   0x0000004c   Code   RO         1019    .text               c_w.l(fclose.o)
    0x08007138   0x0000000c   Code   RO         1028    .text               c_w.l(exit.o)
    0x08007144   0x0000000e   Code   RO         1030    .text               c_w.l(defsig_rtred_outer.o)
    0x08007152   0x0000004e   Code   RO         1034    .text               c_w.l(rt_memclr_w.o)
    0x080071a0   0x00000008   Code   RO         1109    .text               c_w.l(libspace.o)
    0x080071a8   0x00000002   Code   RO         1112    .text               c_w.l(use_no_semi.o)
    0x080071aa   0x00000000   Code   RO         1114    .text               c_w.l(indicate_semi.o)
    0x080071aa   0x00000002   PAD
    0x080071ac   0x00000008   Code   RO         1122    .text               c_w.l(rt_heap_descriptor_intlibspace.o)
    0x080071b4   0x00000004   Code   RO         1124    .text               c_w.l(hguard.o)
    0x080071b8   0x0000008a   Code   RO         1126    .text               c_w.l(init_alloc.o)
    0x08007242   0x0000005e   Code   RO         1132    .text               c_w.l(h1_alloc.o)
    0x080072a0   0x000000f8   Code   RO         1148    .text               c_w.l(fseek.o)
    0x08007398   0x000000f0   Code   RO         1150    .text               c_w.l(stdio.o)
    0x08007488   0x0000000a   Code   RO         1159    .text               c_w.l(defsig_exit.o)
    0x08007492   0x00000002   PAD
    0x08007494   0x00000034   Code   RO         1161    .text               c_w.l(defsig_rtred_inner.o)
    0x080074c8   0x0000003e   Code   RO         1165    .text               c_w.l(strlen.o)
    0x08007506   0x00000002   PAD
    0x08007508   0x00000080   Code   RO         1167    .text               c_w.l(strcmpv7m.o)
    0x08007588   0x0000000c   Code   RO         1173    .text               c_w.l(sys_exit.o)
    0x08007594   0x0000000e   Code   RO         1184    .text               c_w.l(h1_init.o)
    0x080075a2   0x00000034   Code   RO         1186    .text               c_w.l(h1_extend.o)
    0x080075d6   0x00000042   Code   RO         1196    .text               c_w.l(ftell.o)
    0x08007618   0x00000032   Code   RO         1204    .text               c_w.l(defsig_general.o)
    0x0800764a   0x0000000e   Code   RO         1206    .text               c_w.l(defsig_rtmem_outer.o)
    0x08007658   0x0000000e   Code   RO         1219    .text               c_w.l(sys_wrch.o)
    0x08007666   0x00000002   PAD
    0x08007668   0x00000008   Code   RO         1226    .text               c_w.l(rt_errno_addr_intlibspace.o)
    0x08007670   0x00000050   Code   RO         1232    .text               c_w.l(defsig_rtmem_inner.o)
    0x080076c0   0x0000003e   Code   RO          990    CL$$btod_d2e        c_w.l(btod.o)
    0x080076fe   0x00000046   Code   RO          992    CL$$btod_d2e_denorm_low  c_w.l(btod.o)
    0x08007744   0x00000060   Code   RO          991    CL$$btod_d2e_norm_op1  c_w.l(btod.o)
    0x080077a4   0x00000338   Code   RO         1000    CL$$btod_div_common  c_w.l(btod.o)
    0x08007adc   0x000000c6   Code   RO          997    CL$$btod_e2e        c_w.l(btod.o)
    0x08007ba2   0x00000028   Code   RO          994    CL$$btod_ediv       c_w.l(btod.o)
    0x08007bca   0x00000028   Code   RO          993    CL$$btod_emul       c_w.l(btod.o)
    0x08007bf2   0x00000244   Code   RO          999    CL$$btod_mult_common  c_w.l(btod.o)
    0x08007e36   0x00000028   Code   RO         1107    i.__ARM_fpclassify  m_ws.l(fpclassify.o)
    0x08007e5e   0x0000000e   Code   RO          787    i._is_digit         c_w.l(__printf_wp.o)
    0x08007e6c   0x0000001a   Code   RO          900    i.fputc             c_w.l(fputc.o)
    0x08007e86   0x00000002   PAD
    0x08007e88   0x0000002c   Code   RO         1026    locale$$code        c_w.l(lc_numeric_c.o)
    0x08007eb4   0x0000002c   Code   RO         1157    locale$$code        c_w.l(lc_ctype_c.o)
    0x08007ee0   0x00000004   Code   RO          863    x$fpl$printf1       fz_ws.l(printf1.o)
    0x08007ee4   0x00000004   Code   RO          865    x$fpl$printf2       fz_ws.l(printf2.o)
    0x08007ee8   0x00000000   Code   RO         1106    x$fpl$usenofp       fz_ws.l(usenofp.o)
    0x08007ee8   0x00000028   Data   RO          775    .constdata          c_w.l(_printf_hex_int_ll_ptr.o)
    0x08007f10   0x00000011   Data   RO          795    .constdata          c_w.l(__printf_flags_ss_wp.o)
    0x08007f21   0x00000003   PAD
    0x08007f24   0x00000008   Data   RO          825    .constdata          c_w.l(_printf_wctomb.o)
    0x08007f2c   0x00000026   Data   RO          891    .constdata          c_w.l(_printf_fp_hex.o)
    0x08007f52   0x00000004   Data   RO          914    .constdata          c_w.l(sys_io.o)
    0x08007f56   0x00000004   Data   RO          915    .constdata          c_w.l(sys_io.o)
    0x08007f5a   0x00000004   Data   RO          916    .constdata          c_w.l(sys_io.o)
    0x08007f5e   0x00000002   PAD
    0x08007f60   0x00000094   Data   RO          988    .constdata          c_w.l(bigflt0.o)
    0x08007ff4   0x00000020   Data   RO         1257    Region$$Table       anon$$obj.o
    0x08008014   0x0000001c   Data   RO         1025    locale$$data        c_w.l(lc_numeric_c.o)
    0x08008030   0x00000110   Data   RO         1156    locale$$data        c_w.l(lc_ctype_c.o)


    Execution Region RW_IRAM1 (Base: 0x20000000, Size: 0x00004db8, Max: 0x00005000, ABSOLUTE)

    Base Addr    Size         Type   Attr      Idx    E Section Name        Object

    0x20000000   0x0000000e   Data   RW            3    .data               socket.o
    0x2000000e   0x00000002   PAD
    0x20000010   0x0000002d   Data   RW           33    .data               wizchip_conf.o
    0x2000003d   0x00000003   PAD
    0x20000040   0x0000004c   Data   RW           69    .data               dhcp.o
    0x2000008c   0x0000003c   Data   RW          439    .data               tasks.o
    0x200000c8   0x00000004   Data   RW          479    .data               port_1.o
    0x200000cc   0x00000018   Data   RW          510    .data               heap_2.o
    0x200000e4   0x00000014   Data   RW          595    .data               stm32f10x_rcc.o
    0x200000f8   0x00000014   Data   RW          645    .data               system_stm32f10x.o
    0x2000010c   0x00000008   Data   RW          663    .data               main.o
    0x20000114   0x00000004   Data   RW          858    .data               c_w.l(stdio_streams.o)
    0x20000118   0x00000004   Data   RW          859    .data               c_w.l(stdio_streams.o)
    0x2000011c   0x00000004   Data   RW          860    .data               c_w.l(stdio_streams.o)
    0x20000120   0x00000010   Zero   RW            2    .bss                socket.o
    0x20000130   0x0000012c   Zero   RW          438    .bss                tasks.o
    0x2000025c   0x00004400   Zero   RW          509    .bss                heap_2.o
    0x2000465c   0x00000054   Zero   RW          855    .bss                c_w.l(stdio_streams.o)
    0x200046b0   0x00000054   Zero   RW          856    .bss                c_w.l(stdio_streams.o)
    0x20004704   0x00000054   Zero   RW          857    .bss                c_w.l(stdio_streams.o)
    0x20004758   0x00000060   Zero   RW         1110    .bss                c_w.l(libspace.o)
    0x200047b8   0x00000200   Zero   RW          542    HEAP                startup_stm32f10x_hd.o
    0x200049b8   0x00000400   Zero   RW          541    STACK               startup_stm32f10x_hd.o


==============================================================================

Image component sizes


      Code (inc. data)   RO Data    RW Data    ZI Data      Debug   Object Name

      4088        218          0         76          0       9537   dhcp.o
       292         20          0         24      17408       3164   heap_2.o
       148          0          0          0          0       1838   list.o
       684        368          0          8          0       4273   main.o
         0          0          0          0          0       1472   mb.o
       468         56          0          0          0       1945   misc.o
       390         30          0          4          0       7056   port_1.o
         0          0          0          0          0     224404   portevent.o
      2300          8          0          0          0      20128   queue.o
      4108         80          0         14         16      13320   socket.o
        64         26        304          0       1536        828   startup_stm32f10x_hd.o
        20          0          0          0          0        915   stm32f10x_it.o
      2096         92          0         20          0       9908   stm32f10x_rcc.o
       480         38          0         20          0       1815   system_stm32f10x.o
      4552        278          0         60        300      28069   tasks.o
      1082          6          0          0          0       3558   w5500.o
      1724         40          0         45          0      11755   wizchip_conf.o

    ----------------------------------------------------------------------
     22500       1260        336        276      19260     343985   Object Totals
         0          0         32          0          0          0   (incl. Generated)
         4          0          0          5          0          0   (incl. Padding)

    ----------------------------------------------------------------------

      Code (inc. data)   RO Data    RW Data    ZI Data      Debug   Library Member Name

        24          4          0          0          0         84   __2printf.o
         8          0          0          0          0         68   __main.o
       392          4         17          0          0         92   __printf_flags_ss_wp.o
        14          0          0          0          0         68   __printf_wp.o
         0          0          0          0          0          0   __rtentry.o
        12          0          0          0          0          0   __rtentry2.o
         6          0          0          0          0          0   __rtentry4.o
        52          8          0          0          0          0   __scatter.o
        26          0          0          0          0          0   __scatter_copy.o
        28          0          0          0          0          0   __scatter_zi.o
         6          0          0          0          0          0   _printf_a.o
         6          0          0          0          0          0   _printf_c.o
        44          0          0          0          0        108   _printf_char.o
        48          6          0          0          0         96   _printf_char_common.o
        36          4          0          0          0         80   _printf_char_file.o
        40          0          0          0          0         68   _printf_charcount.o
         6          0          0          0          0          0   _printf_d.o
       120         16          0          0          0         92   _printf_dec.o
         6          0          0          0          0          0   _printf_e.o
         6          0          0          0          0          0   _printf_f.o
      1050          0          0          0          0        216   _printf_fp_dec.o
       764         10         38          0          0        100   _printf_fp_hex.o
       128         16          0          0          0         84   _printf_fp_infnan.o
         6          0          0          0          0          0   _printf_g.o
       148          4         40          0          0        160   _printf_hex_int_ll_ptr.o
         6          0          0          0          0          0   _printf_i.o
       178          0          0          0          0         88   _printf_intcommon.o
        10          0          0          0          0          0   _printf_l.o
         6          0          0          0          0          0   _printf_lc.o
        10          0          0          0          0          0   _printf_ll.o
         6          0          0          0          0          0   _printf_lld.o
         6          0          0          0          0          0   _printf_lli.o
         6          0          0          0          0          0   _printf_llo.o
         6          0          0          0          0          0   _printf_llu.o
         6          0          0          0          0          0   _printf_llx.o
       124         16          0          0          0         92   _printf_longlong_dec.o
         6          0          0          0          0          0   _printf_ls.o
         6          0          0          0          0          0   _printf_n.o
         6          0          0          0          0          0   _printf_o.o
       112          8          0          0          0        124   _printf_oct_int_ll.o
         6          0          0          0          0          0   _printf_p.o
        78          0          0          0          0        108   _printf_pad.o
         0          0          0          0          0          0   _printf_percent.o
         4          0          0          0          0          0   _printf_percent_end.o
         6          0          0          0          0          0   _printf_s.o
        82          0          0          0          0         80   _printf_str.o
        36          0          0          0          0         84   _printf_truncate.o
         6          0          0          0          0          0   _printf_u.o
        44          0          0          0          0        108   _printf_wchar.o
       188          6          8          0          0         92   _printf_wctomb.o
         6          0          0          0          0          0   _printf_x.o
        16          0          0          0          0         68   _snputc.o
        10          0          0          0          0         68   _sputc.o
        64          0          0          0          0         92   _wcrtomb.o
       220          4        148          0          0         96   bigflt0.o
      1910        128          0          0          0        672   btod.o
        10          0          0          0          0         68   defsig_exit.o
        50          0          0          0          0         88   defsig_general.o
        80         58          0          0          0         76   defsig_rtmem_inner.o
        14          0          0          0          0         80   defsig_rtmem_outer.o
        52         38          0          0          0         76   defsig_rtred_inner.o
        14          0          0          0          0         80   defsig_rtred_outer.o
        12          0          0          0          0         72   exit.o
        76          0          0          0          0         88   fclose.o
         8          0          0          0          0         68   ferror.o
       470          0          0          0          0         88   flsbuf.o
       236          4          0          0          0        128   fopen.o
        26          0          0          0          0         68   fputc.o
       248          6          0          0          0         84   fseek.o
        66          0          0          0          0         76   ftell.o
        94          0          0          0          0         80   h1_alloc.o
        52          0          0          0          0         68   h1_extend.o
        78          0          0          0          0         80   h1_free.o
        14          0          0          0          0         84   h1_init.o
         6          0          0          0          0        152   heapauxi.o
         4          0          0          0          0        136   hguard.o
         0          0          0          0          0          0   indicate_semi.o
       138          0          0          0          0        168   init_alloc.o
       312         46          0          0          0        112   initio.o
        44         10        272          0          0         76   lc_ctype_c.o
        44         10         28          0          0         76   lc_numeric_c.o
         2          0          0          0          0          0   libinit.o
        42          0          0          0          0          0   libinit2.o
         2          0          0          0          0          0   libshutdown.o
         6          0          0          0          0          0   libshutdown2.o
         8          4          0          0         96         68   libspace.o
       138          0          0          0          0         80   lludiv10.o
         0          0          0          0          0          0   maybetermalloc1.o
        16          4          0          0          0         76   rt_ctype_table.o
         8          4          0          0          0         68   rt_errno_addr_intlibspace.o
         8          4          0          0          0         68   rt_heap_descriptor_intlibspace.o
         8          4          0          0          0         68   rt_locale_intlibspace.o
        78          0          0          0          0         80   rt_memclr_w.o
       138          0          0          0          0         68   rt_memcpy_v6.o
       100          0          0          0          0         80   rt_memcpy_w.o
         2          0          0          0          0          0   rtexit.o
        10          0          0          0          0          0   rtexit2.o
        70          0          0          0          0         80   setvbuf.o
       240          6          0          0          0        156   stdio.o
         0          0          0         12        252          0   stdio_streams.o
       128          0          0          0          0         68   strcmpv7m.o
        62          0          0          0          0         76   strlen.o
        12          4          0          0          0         68   sys_exit.o
       102          0         12          0          0        240   sys_io.o
        74          0          0          0          0         80   sys_stackheap_outer.o
        14          0          0          0          0         76   sys_wrch.o
         2          0          0          0          0         68   use_no_semi.o
        52          4          0          0          0         80   vsnprintf.o
         4          0          0          0          0         68   printf1.o
         4          0          0          0          0         68   printf2.o
         0          0          0          0          0          0   usenofp.o
        40          0          0          0          0         68   fpclassify.o

    ----------------------------------------------------------------------
      9684        440        568         12        348       7112   Library Totals
        20          0          5          0          0          0   (incl. Padding)

    ----------------------------------------------------------------------

      Code (inc. data)   RO Data    RW Data    ZI Data      Debug   Library Name

      9616        440        563         12        348       6908   c_w.l
         8          0          0          0          0        136   fz_ws.l
        40          0          0          0          0         68   m_ws.l

    ----------------------------------------------------------------------
      9684        440        568         12        348       7112   Library Totals

    ----------------------------------------------------------------------

==============================================================================


      Code (inc. data)   RO Data    RW Data    ZI Data      Debug   

     32184       1700        904        288      19608     345633   Grand Totals
     32184       1700        904        288      19608     345633   ELF Image Totals
     32184       1700        904        288          0          0   ROM Totals

==============================================================================

    Total RO  Size (Code + RO Data)                33088 (  32.31kB)
    Total RW  Size (RW Data + ZI Data)             19896 (  19.43kB)
    Total ROM Size (Code + RO Data + RW Data)      33376 (  32.59kB)

==============================================================================

