Component: ARM Compiler 5.05 update 2 (build 169) Tool: armlink [4d0f33]

==============================================================================

Section Cross References

    socket.o(.text) refers to w5500.o(.text) for WIZCHIP_WRITE
    socket.o(.text) refers to socket.o(.data) for .data
    socket.o(.text) refers to socket.o(.bss) for .bss
    wizchip_conf.o(.text) refers to w5500.o(.text) for WIZCHIP_READ
    wizchip_conf.o(.text) refers to wizchip_conf.o(.data) for .data
    wizchip_conf.o(.data) refers to wizchip_conf.o(.text) for wizchip_cris_enter
    w5500.o(.text) refers to wizchip_conf.o(.data) for WIZCHIP
    dhcp.o(.text) refers to w5500.o(.text) for WIZCHIP_WRITE_BUF
    dhcp.o(.text) refers to socket.o(.text) for sendto
    dhcp.o(.text) refers to dhcp.o(.data) for .data
    dhcp.o(.data) refers to dhcp.o(.text) for default_ip_assign
    portevent.o(.text) refers to queue.o(.text) for xQueueGenericCreate
    portevent.o(.text) refers to tasks.o(.text) for xTaskGetTickCount
    portevent.o(.text) refers to portevent.o(.data) for .data
    porttcp.o(.text) refers to socket.o(.text) for close
    porttcp.o(.text) refers to portevent.o(.text) for vMBPortEventClose
    porttcp.o(.text) refers to porttcp.o(.bss) for .bss
    porttcp.o(.text) refers to porttcp.o(.data) for .data
    mb.o(.text) refers to mbtcp.o(.text) for eMBTCPDoInit
    mb.o(.text) refers to portevent.o(.text) for xMBPortEventInit
    mb.o(.text) refers to port_1.o(.text) for vPortEnterCritical
    mb.o(.text) refers to mb.o(.data) for .data
    mb.o(.data) refers to mbfuncother.o(.text) for eMBFuncReportSlaveID
    mb.o(.data) refers to mbfuncinput.o(.text) for eMBFuncReadInputRegister
    mb.o(.data) refers to mbfuncholding.o(.text) for eMBFuncReadHoldingRegister
    mb.o(.data) refers to mbfunccoils.o(.text) for eMBFuncReadCoils
    mb.o(.data) refers to mbfuncdisc.o(.text) for eMBFuncReadDiscreteInputs
    mbtcp.o(.text) refers to porttcp.o(.text) for xMBTCPPortInit
    mbfunccoils.o(.text) refers to port_reg.o(.text) for eMBRegCoilsCB
    mbfunccoils.o(.text) refers to mbutils.o(.text) for prveMBError2Exception
    mbfuncdisc.o(.text) refers to port_reg.o(.text) for eMBRegDiscreteCB
    mbfuncdisc.o(.text) refers to mbutils.o(.text) for prveMBError2Exception
    mbfuncholding.o(.text) refers to port_reg.o(.text) for eMBRegHoldingCB
    mbfuncholding.o(.text) refers to mbutils.o(.text) for prveMBError2Exception
    mbfuncinput.o(.text) refers to port_reg.o(.text) for eMBRegInputCB
    mbfuncinput.o(.text) refers to mbutils.o(.text) for prveMBError2Exception
    mbfuncother.o(.text) refers to memcpya.o(.text) for __aeabi_memcpy
    mbfuncother.o(.text) refers to mbfuncother.o(.data) for .data
    mbfuncother.o(.text) refers to mbfuncother.o(.bss) for .bss
    queue.o(.text) refers to port_1.o(.text) for vPortEnterCritical
    queue.o(.text) refers to list.o(.text) for vListInitialise
    queue.o(.text) refers to tasks.o(.text) for xTaskRemoveFromEventList
    queue.o(.text) refers to heap_2.o(.text) for pvPortMalloc
    queue.o(.text) refers to memcpya.o(.text) for __aeabi_memcpy
    tasks.o(.text) refers to port_1.o(.text) for vPortEnterCritical
    tasks.o(.text) refers to list.o(.text) for vListInitialise
    tasks.o(.text) refers to heap_2.o(.text) for pvPortMalloc
    tasks.o(.text) refers to main.o(.text) for vApplicationTickHook
    tasks.o(.text) refers to tasks.o(.data) for .data
    tasks.o(.text) refers to tasks.o(.bss) for .bss
    port_1.o(.emb_text) refers to tasks.o(.text) for vTaskSwitchContext
    port_1.o(.emb_text) refers to tasks.o(.data) for pxCurrentTCB
    port_1.o(.text) refers to port_1.o(.emb_text) for __asm___6_port_c_39a90d8d__prvStartFirstTask
    port_1.o(.text) refers to tasks.o(.text) for xTaskIncrementTick
    port_1.o(.text) refers to system_stm32f10x.o(.data) for SystemCoreClock
    port_1.o(.text) refers to port_1.o(.data) for .data
    heap_2.o(.text) refers to tasks.o(.text) for vTaskSuspendAll
    heap_2.o(.text) refers to heap_2.o(.data) for .data
    heap_2.o(.text) refers to heap_2.o(.bss) for .bss
    24c08.o(.text) refers to stm32f10x_gpio.o(.text) for GPIO_Init
    24c08.o(.text) refers to delay.o(.text) for delay_nus
    startup_stm32f10x_md.o(RESET) refers to startup_stm32f10x_md.o(STACK) for __initial_sp
    startup_stm32f10x_md.o(RESET) refers to startup_stm32f10x_md.o(.text) for Reset_Handler
    startup_stm32f10x_md.o(RESET) refers to stm32f10x_it.o(.text) for NMI_Handler
    startup_stm32f10x_md.o(RESET) refers to port_1.o(.emb_text) for SVC_Handler
    startup_stm32f10x_md.o(RESET) refers to port_1.o(.text) for SysTick_Handler
    startup_stm32f10x_md.o(.text) refers to system_stm32f10x.o(.text) for SystemInit
    startup_stm32f10x_md.o(.text) refers to entry.o(.ARM.Collect$$$$00000000) for __main
    misc.o(.text) refers to main.o(.text) for assert_failed
    system_stm32f10x.o(.text) refers to system_stm32f10x.o(.data) for .data
    stm32f10x_gpio.o(.text) refers to main.o(.text) for assert_failed
    stm32f10x_gpio.o(.text) refers to stm32f10x_rcc.o(.text) for RCC_APB2PeriphResetCmd
    stm32f10x_i2c.o(.text) refers to main.o(.text) for assert_failed
    stm32f10x_i2c.o(.text) refers to stm32f10x_rcc.o(.text) for RCC_APB1PeriphResetCmd
    stm32f10x_rcc.o(.text) refers to main.o(.text) for assert_failed
    stm32f10x_rcc.o(.text) refers to stm32f10x_rcc.o(.data) for .data
    stm32f10x_spi.o(.text) refers to main.o(.text) for assert_failed
    stm32f10x_spi.o(.text) refers to stm32f10x_rcc.o(.text) for RCC_APB2PeriphResetCmd
    stm32f10x_tim.o(.text) refers to main.o(.text) for assert_failed
    stm32f10x_tim.o(.text) refers to stm32f10x_rcc.o(.text) for RCC_APB1PeriphResetCmd
    stm32f10x_usart.o(.text) refers to main.o(.text) for assert_failed
    stm32f10x_usart.o(.text) refers to stm32f10x_rcc.o(.text) for RCC_APB2PeriphResetCmd
    main.o(.text) refers to bsp_led.o(.text) for led_init
    main.o(.text) refers to queue.o(.text) for xQueueCreateMutex
    main.o(.text) refers to tasks.o(.text) for vTaskDelete
    main.o(.text) refers to stm32f10x_gpio.o(.text) for GPIO_SetBits
    main.o(.text) refers to dhcp.o(.text) for DHCP_time_handler
    main.o(.text) refers to stm32f10x_rcc.o(.text) for RCC_APB2PeriphClockCmd
    main.o(.text) refers to misc.o(.text) for NVIC_PriorityGroupConfig
    main.o(.text) refers to main.o(.data) for .data
    w5500_port_1.o(.text) refers to stm32f10x_rcc.o(.text) for RCC_APB1PeriphClockCmd
    w5500_port_1.o(.text) refers to stm32f10x_gpio.o(.text) for GPIO_Init
    w5500_port_1.o(.text) refers to stm32f10x_spi.o(.text) for SPI_Init
    w5500_port_1.o(.text) refers to wizchip_conf.o(.text) for reg_wizchip_cris_cbfunc
    w5500_port_1.o(.text) refers to dhcp.o(.text) for getIPfromDHCP
    w5500_port_1.o(.text) refers to w5500.o(.text) for WIZCHIP_WRITE_BUF
    w5500_port_1.o(.text) refers to port_1.o(.text) for vPortExitCritical
    w5500_port_1.o(.text) refers to w5500_port_1.o(.data) for .data
    w5500_port_1.o(.text) refers to w5500_port_1.o(.constdata) for .constdata
    w5500_port_1.o(.text) refers to w5500_port_1.o(.bss) for .bss
    bsp_led.o(.text) refers to stm32f10x_gpio.o(.text) for GPIO_Init
    task_modbus.o(.text) refers to mb.o(.text) for eMBTCPInit
    task_w5500.o(.text) refers to w5500_port_1.o(.text) for w5500_init
    task_w5500.o(.text) refers to dhcp.o(.text) for DHCP_run
    task_w5500.o(.text) refers to tasks.o(.text) for vTaskDelete
    task_w5500.o(.text) refers to w5500.o(.text) for WIZCHIP_READ
    task_w5500.o(.text) refers to socket.o(.text) for close
    task_w5500.o(.text) refers to w5500_port_1.o(.bss) for w5500_buffer
    entry.o(.ARM.Collect$$$$00000000) refers (Special) to entry10a.o(.ARM.Collect$$$$0000000D) for __rt_final_cpp
    entry.o(.ARM.Collect$$$$00000000) refers (Special) to entry11a.o(.ARM.Collect$$$$0000000F) for __rt_final_exit
    entry.o(.ARM.Collect$$$$00000000) refers (Special) to entry7b.o(.ARM.Collect$$$$00000008) for _main_clock
    entry.o(.ARM.Collect$$$$00000000) refers (Special) to entry8b.o(.ARM.Collect$$$$0000000A) for _main_cpp_init
    entry.o(.ARM.Collect$$$$00000000) refers (Special) to entry9a.o(.ARM.Collect$$$$0000000B) for _main_init
    entry.o(.ARM.Collect$$$$00000000) refers (Special) to entry5.o(.ARM.Collect$$$$00000004) for _main_scatterload
    entry.o(.ARM.Collect$$$$00000000) refers (Special) to entry2.o(.ARM.Collect$$$$00000001) for _main_stk
    entry2.o(.ARM.Collect$$$$00000001) refers to entry2.o(.ARM.Collect$$$$00002712) for __lit__00000000
    entry2.o(.ARM.Collect$$$$00002712) refers to startup_stm32f10x_md.o(STACK) for __initial_sp
    entry2.o(__vectab_stack_and_reset_area) refers to startup_stm32f10x_md.o(STACK) for __initial_sp
    entry2.o(__vectab_stack_and_reset_area) refers to entry.o(.ARM.Collect$$$$00000000) for __main
    entry5.o(.ARM.Collect$$$$00000004) refers to init.o(.text) for __scatterload
    entry9a.o(.ARM.Collect$$$$0000000B) refers to main.o(.text) for main
    entry9b.o(.ARM.Collect$$$$0000000C) refers to main.o(.text) for main
    init.o(.text) refers to entry5.o(.ARM.Collect$$$$00000004) for __main_after_scatterload


==============================================================================

Removing Unused input sections from the image.

    Removing portevent.o(.text), (204 bytes).
    Removing portevent.o(.data), (8 bytes).
    Removing porttcp.o(.text), (64 bytes).
    Removing porttcp.o(.bss), (263 bytes).
    Removing porttcp.o(.data), (2 bytes).
    Removing port_reg.o(.text), (16 bytes).
    Removing mb.o(.text), (464 bytes).
    Removing mb.o(.data), (160 bytes).
    Removing mb.o(.data), (4 bytes).
    Removing mb.o(.data), (4 bytes).
    Removing mb.o(.data), (4 bytes).
    Removing mb.o(.data), (4 bytes).
    Removing mb.o(.data), (4 bytes).
    Removing mbtcp.o(.text), (110 bytes).
    Removing mbfunccoils.o(.text), (300 bytes).
    Removing mbfuncdisc.o(.text), (114 bytes).
    Removing mbfuncholding.o(.text), (378 bytes).
    Removing mbfuncinput.o(.text), (98 bytes).
    Removing mbfuncother.o(.text), (100 bytes).
    Removing mbfuncother.o(.bss), (32 bytes).
    Removing mbfuncother.o(.data), (2 bytes).
    Removing mbutils.o(.text), (100 bytes).
    Removing 24c08.o(.text), (616 bytes).
    Removing startup_stm32f10x_md.o(HEAP), (512 bytes).
    Removing core_cm3.o(.emb_text), (32 bytes).
    Removing stm32f10x_i2c.o(.text), (2744 bytes).
    Removing stm32f10x_spi.o(.text), (2060 bytes).
    Removing stm32f10x_tim.o(.text), (12820 bytes).
    Removing stm32f10x_usart.o(.text), (3072 bytes).
    Removing delay.o(.text), (64 bytes).
    Removing w5500_port_1.o(.text), (440 bytes).
    Removing w5500_port_1.o(.bss), (2048 bytes).
    Removing w5500_port_1.o(.constdata), (16 bytes).
    Removing w5500_port_1.o(.data), (23 bytes).
    Removing task_modbus.o(.text), (16 bytes).
    Removing task_w5500.o(.text), (224 bytes).

36 unused section(s) (total 27122 bytes) removed from the image.

==============================================================================

Image Symbol Table

    Local Symbols

    Symbol Name                              Value     Ov Type        Size  Object(Section)

    ../clib/microlib/init/entry.s            0x00000000   Number         0  entry2.o ABSOLUTE
    ../clib/microlib/init/entry.s            0x00000000   Number         0  entry9a.o ABSOLUTE
    ../clib/microlib/init/entry.s            0x00000000   Number         0  entry8b.o ABSOLUTE
    ../clib/microlib/init/entry.s            0x00000000   Number         0  entry8a.o ABSOLUTE
    ../clib/microlib/init/entry.s            0x00000000   Number         0  entry7a.o ABSOLUTE
    ../clib/microlib/init/entry.s            0x00000000   Number         0  entry5.o ABSOLUTE
    ../clib/microlib/init/entry.s            0x00000000   Number         0  entry7b.o ABSOLUTE
    ../clib/microlib/init/entry.s            0x00000000   Number         0  entry9b.o ABSOLUTE
    ../clib/microlib/init/entry.s            0x00000000   Number         0  entry11b.o ABSOLUTE
    ../clib/microlib/init/entry.s            0x00000000   Number         0  entry11a.o ABSOLUTE
    ../clib/microlib/init/entry.s            0x00000000   Number         0  entry.o ABSOLUTE
    ../clib/microlib/init/entry.s            0x00000000   Number         0  entry10b.o ABSOLUTE
    ../clib/microlib/init/entry.s            0x00000000   Number         0  entry10a.o ABSOLUTE
    ../clib/microlib/string/memcpy.c         0x00000000   Number         0  memcpyb.o ABSOLUTE
    ../clib/microlib/string/memcpy.c         0x00000000   Number         0  memcpya.o ABSOLUTE
    ..\\lib\\FreeRTOS\\Source\\portable\\RVDS\\ARM_CM3\\port.c 0x00000000   Number         0  port_1.o ABSOLUTE
    ..\\lib\\st_lib\\cmsis\\core_cm3.c       0x00000000   Number         0  core_cm3.o ABSOLUTE
    ..\lib\FreeRTOS\Source\list.c            0x00000000   Number         0  list.o ABSOLUTE
    ..\lib\FreeRTOS\Source\portable\MemMang\heap_2.c 0x00000000   Number         0  heap_2.o ABSOLUTE
    ..\lib\FreeRTOS\Source\portable\RVDS\ARM_CM3\port.c 0x00000000   Number         0  port_1.o ABSOLUTE
    ..\lib\FreeRTOS\Source\queue.c           0x00000000   Number         0  queue.o ABSOLUTE
    ..\lib\FreeRTOS\Source\tasks.c           0x00000000   Number         0  tasks.o ABSOLUTE
    ..\lib\FreeRTOS\Source\timers.c          0x00000000   Number         0  timers.o ABSOLUTE
    ..\lib\freemodbus\modbus\functions\mbfunccoils.c 0x00000000   Number         0  mbfunccoils.o ABSOLUTE
    ..\lib\freemodbus\modbus\functions\mbfuncdiag.c 0x00000000   Number         0  mbfuncdiag.o ABSOLUTE
    ..\lib\freemodbus\modbus\functions\mbfuncdisc.c 0x00000000   Number         0  mbfuncdisc.o ABSOLUTE
    ..\lib\freemodbus\modbus\functions\mbfuncholding.c 0x00000000   Number         0  mbfuncholding.o ABSOLUTE
    ..\lib\freemodbus\modbus\functions\mbfuncinput.c 0x00000000   Number         0  mbfuncinput.o ABSOLUTE
    ..\lib\freemodbus\modbus\functions\mbfuncother.c 0x00000000   Number         0  mbfuncother.o ABSOLUTE
    ..\lib\freemodbus\modbus\functions\mbutils.c 0x00000000   Number         0  mbutils.o ABSOLUTE
    ..\lib\freemodbus\modbus\mb.c            0x00000000   Number         0  mb.o ABSOLUTE
    ..\lib\freemodbus\modbus\tcp\mbtcp.c     0x00000000   Number         0  mbtcp.o ABSOLUTE
    ..\lib\freemodbus\stm32f103_port\port_reg.c 0x00000000   Number         0  port_reg.o ABSOLUTE
    ..\lib\freemodbus\stm32f103_port\portevent.c 0x00000000   Number         0  portevent.o ABSOLUTE
    ..\lib\freemodbus\stm32f103_port\porttcp.c 0x00000000   Number         0  porttcp.o ABSOLUTE
    ..\lib\ioLibrary_Driver-master\Ethernet\W5500\w5500.c 0x00000000   Number         0  w5500.o ABSOLUTE
    ..\lib\ioLibrary_Driver-master\Ethernet\socket.c 0x00000000   Number         0  socket.o ABSOLUTE
    ..\lib\ioLibrary_Driver-master\Ethernet\wizchip_conf.c 0x00000000   Number         0  wizchip_conf.o ABSOLUTE
    ..\lib\ioLibrary_Driver-master\Internet\DHCP\dhcp.c 0x00000000   Number         0  dhcp.o ABSOLUTE
    ..\lib\st_lib\cmsis\core_cm3.c           0x00000000   Number         0  core_cm3.o ABSOLUTE
    ..\lib\st_lib\cmsis\startup\startup_stm32f10x_md.s 0x00000000   Number         0  startup_stm32f10x_md.o ABSOLUTE
    ..\lib\st_lib\cmsis\system_stm32f10x.c   0x00000000   Number         0  system_stm32f10x.o ABSOLUTE
    ..\lib\st_lib\fwlib\src\misc.c           0x00000000   Number         0  misc.o ABSOLUTE
    ..\lib\st_lib\fwlib\src\stm32f10x_gpio.c 0x00000000   Number         0  stm32f10x_gpio.o ABSOLUTE
    ..\lib\st_lib\fwlib\src\stm32f10x_i2c.c  0x00000000   Number         0  stm32f10x_i2c.o ABSOLUTE
    ..\lib\st_lib\fwlib\src\stm32f10x_rcc.c  0x00000000   Number         0  stm32f10x_rcc.o ABSOLUTE
    ..\lib\st_lib\fwlib\src\stm32f10x_spi.c  0x00000000   Number         0  stm32f10x_spi.o ABSOLUTE
    ..\lib\st_lib\fwlib\src\stm32f10x_tim.c  0x00000000   Number         0  stm32f10x_tim.o ABSOLUTE
    ..\lib\st_lib\fwlib\src\stm32f10x_usart.c 0x00000000   Number         0  stm32f10x_usart.o ABSOLUTE
    ..\src\BSP\24c08.c                       0x00000000   Number         0  24c08.o ABSOLUTE
    ..\src\BSP\bsp_led.c                     0x00000000   Number         0  bsp_led.o ABSOLUTE
    ..\src\BSP\delay.c                       0x00000000   Number         0  delay.o ABSOLUTE
    ..\src\BSP\w5500_port.c                  0x00000000   Number         0  w5500_port_1.o ABSOLUTE
    ..\src\main.c                            0x00000000   Number         0  main.o ABSOLUTE
    ..\src\stm32f10x_it.c                    0x00000000   Number         0  stm32f10x_it.o ABSOLUTE
    ..\src\task\task_modbus.c                0x00000000   Number         0  task_modbus.o ABSOLUTE
    ..\src\task\task_w5500.c                 0x00000000   Number         0  task_w5500.o ABSOLUTE
    dc.s                                     0x00000000   Number         0  dc.o ABSOLUTE
    handlers.s                               0x00000000   Number         0  handlers.o ABSOLUTE
    init.s                                   0x00000000   Number         0  init.o ABSOLUTE
    RESET                                    0x08000000   Section      236  startup_stm32f10x_md.o(RESET)
    .ARM.Collect$$$$00000000                 0x080000ec   Section        0  entry.o(.ARM.Collect$$$$00000000)
    .ARM.Collect$$$$00000001                 0x080000ec   Section        4  entry2.o(.ARM.Collect$$$$00000001)
    .ARM.Collect$$$$00000004                 0x080000f0   Section        4  entry5.o(.ARM.Collect$$$$00000004)
    .ARM.Collect$$$$00000008                 0x080000f4   Section        0  entry7b.o(.ARM.Collect$$$$00000008)
    .ARM.Collect$$$$0000000A                 0x080000f4   Section        0  entry8b.o(.ARM.Collect$$$$0000000A)
    .ARM.Collect$$$$0000000B                 0x080000f4   Section        8  entry9a.o(.ARM.Collect$$$$0000000B)
    .ARM.Collect$$$$0000000D                 0x080000fc   Section        0  entry10a.o(.ARM.Collect$$$$0000000D)
    .ARM.Collect$$$$0000000F                 0x080000fc   Section        0  entry11a.o(.ARM.Collect$$$$0000000F)
    .ARM.Collect$$$$00002712                 0x080000fc   Section        4  entry2.o(.ARM.Collect$$$$00002712)
    __lit__00000000                          0x080000fc   Data           4  entry2.o(.ARM.Collect$$$$00002712)
    .emb_text                                0x08000100   Section      150  port_1.o(.emb_text)
    .text                                    0x08000198   Section        0  socket.o(.text)
    .text                                    0x08000cf4   Section        0  wizchip_conf.o(.text)
    .text                                    0x080012ac   Section        0  w5500.o(.text)
    .text                                    0x080015cc   Section        0  dhcp.o(.text)
    .text                                    0x08002000   Section        0  list.o(.text)
    .text                                    0x0800208c   Section        0  queue.o(.text)
    prvUnlockQueue                           0x08002133   Thumb Code   106  queue.o(.text)
    prvCopyDataToQueue                       0x0800219d   Thumb Code   108  queue.o(.text)
    prvCopyDataFromQueue                     0x080023e1   Thumb Code    38  queue.o(.text)
    prvIsQueueEmpty                          0x080027d7   Thumb Code    26  queue.o(.text)
    .text                                    0x080027f4   Section        0  tasks.o(.text)
    prvAddNewTaskToReadyList                 0x080027f5   Thumb Code   192  tasks.o(.text)
    prvAddCurrentTaskToDelayedList           0x08002aeb   Thumb Code   102  tasks.o(.text)
    prvIdleTask                              0x08002e5d   Thumb Code    80  tasks.o(.text)
    prvInitialiseNewTask                     0x0800350d   Thumb Code   118  tasks.o(.text)
    prvResetNextTaskUnblockTime              0x08003583   Thumb Code    26  tasks.o(.text)
    prvDeleteTCB                             0x0800359d   Thumb Code    20  tasks.o(.text)
    prvTaskIsTaskSuspended                   0x080035b1   Thumb Code    28  tasks.o(.text)
    .text                                    0x080035d8   Section        0  port_1.o(.text)
    prvTaskExitError                         0x080035d9   Thumb Code    16  port_1.o(.text)
    .text                                    0x080036b0   Section        0  heap_2.o(.text)
    .text                                    0x080037a4   Section       36  startup_stm32f10x_md.o(.text)
    .text                                    0x080037c8   Section        0  misc.o(.text)
    .text                                    0x08003954   Section        0  system_stm32f10x.o(.text)
    SetSysClockTo72                          0x08003955   Thumb Code   160  system_stm32f10x.o(.text)
    .text                                    0x08003aac   Section        0  stm32f10x_gpio.o(.text)
    .text                                    0x080043f0   Section        0  stm32f10x_rcc.o(.text)
    .text                                    0x08004aac   Section        0  main.o(.text)
    .text                                    0x08004b6c   Section        0  stm32f10x_it.o(.text)
    .text                                    0x08004b78   Section        0  bsp_led.o(.text)
    .text                                    0x08004b9c   Section        0  memcpya.o(.text)
    .text                                    0x08004bc0   Section       36  init.o(.text)
    i.__scatterload_copy                     0x08004be4   Section       14  handlers.o(i.__scatterload_copy)
    i.__scatterload_null                     0x08004bf2   Section        2  handlers.o(i.__scatterload_null)
    i.__scatterload_zeroinit                 0x08004bf4   Section       14  handlers.o(i.__scatterload_zeroinit)
    .data                                    0x20000000   Section       14  socket.o(.data)
    sock_any_port                            0x20000000   Data           2  socket.o(.data)
    sock_io_mode                             0x20000002   Data           2  socket.o(.data)
    sock_is_sending                          0x20000004   Data           2  socket.o(.data)
    .data                                    0x20000010   Section       48  wizchip_conf.o(.data)
    _DHCP_                                   0x20000010   Data           1  wizchip_conf.o(.data)
    _DNS_                                    0x20000011   Data           4  wizchip_conf.o(.data)
    .data                                    0x20000040   Section       74  dhcp.o(.data)
    .data                                    0x2000008c   Section       60  tasks.o(.data)
    uxDeletedTasksWaitingCleanUp             0x20000090   Data           4  tasks.o(.data)
    uxCurrentNumberOfTasks                   0x20000094   Data           4  tasks.o(.data)
    xTickCount                               0x20000098   Data           4  tasks.o(.data)
    uxTopReadyPriority                       0x2000009c   Data           4  tasks.o(.data)
    xSchedulerRunning                        0x200000a0   Data           4  tasks.o(.data)
    uxPendedTicks                            0x200000a4   Data           4  tasks.o(.data)
    xYieldPending                            0x200000a8   Data           4  tasks.o(.data)
    xNumOfOverflows                          0x200000ac   Data           4  tasks.o(.data)
    uxTaskNumber                             0x200000b0   Data           4  tasks.o(.data)
    xNextTaskUnblockTime                     0x200000b4   Data           4  tasks.o(.data)
    xIdleTaskHandle                          0x200000b8   Data           4  tasks.o(.data)
    uxSchedulerSuspended                     0x200000bc   Data           4  tasks.o(.data)
    pxDelayedTaskList                        0x200000c0   Data           4  tasks.o(.data)
    pxOverflowDelayedTaskList                0x200000c4   Data           4  tasks.o(.data)
    .data                                    0x200000c8   Section        4  port_1.o(.data)
    uxCriticalNesting                        0x200000c8   Data           4  port_1.o(.data)
    .data                                    0x200000cc   Section       24  heap_2.o(.data)
    xFreeBytesRemaining                      0x200000cc   Data           4  heap_2.o(.data)
    xHeapHasBeenInitialised                  0x200000d0   Data           4  heap_2.o(.data)
    xStart                                   0x200000d4   Data           8  heap_2.o(.data)
    xEnd                                     0x200000dc   Data           8  heap_2.o(.data)
    .data                                    0x200000e4   Section       20  system_stm32f10x.o(.data)
    .data                                    0x200000f8   Section       20  stm32f10x_rcc.o(.data)
    ADCPrescTable                            0x200000f8   Data           4  stm32f10x_rcc.o(.data)
    APBAHBPrescTable                         0x200000fc   Data          16  stm32f10x_rcc.o(.data)
    .data                                    0x2000010c   Section       12  main.o(.data)
    toggle                                   0x2000010c   Data           1  main.o(.data)
    xMutex                                   0x20000110   Data           4  main.o(.data)
    ms_cnt                                   0x20000114   Data           4  main.o(.data)
    .bss                                     0x20000118   Section       16  socket.o(.bss)
    sock_remained_size                       0x20000118   Data          16  socket.o(.bss)
    .bss                                     0x20000128   Section      300  tasks.o(.bss)
    pxReadyTasksLists                        0x20000128   Data         200  tasks.o(.bss)
    xDelayedTaskList1                        0x200001f0   Data          20  tasks.o(.bss)
    xDelayedTaskList2                        0x20000204   Data          20  tasks.o(.bss)
    xPendingReadyList                        0x20000218   Data          20  tasks.o(.bss)
    xTasksWaitingTermination                 0x2000022c   Data          20  tasks.o(.bss)
    xSuspendedTaskList                       0x20000240   Data          20  tasks.o(.bss)
    .bss                                     0x20000254   Section    17408  heap_2.o(.bss)
    ucHeap                                   0x20000254   Data       17408  heap_2.o(.bss)
    STACK                                    0x20004658   Section     1024  startup_stm32f10x_md.o(STACK)

    Global Symbols

    Symbol Name                              Value     Ov Type        Size  Object(Section)

    BuildAttributes$$THM_ISAv4$P$D$K$B$S$PE$A:L22UL41UL21$X:L11$S22US41US21$IEEE1$IW$USESV6$~STKCKD$USESV7$~SHL$OSPACE$EBA8$MICROLIB$REQ8$PRES8$EABIv2 0x00000000   Number         0  anon$$obj.o ABSOLUTE
    __ARM_use_no_argv                        0x00000000   Number         0  main.o ABSOLUTE
    __cpp_initialize__aeabi_                  - Undefined Weak Reference
    __cxa_finalize                            - Undefined Weak Reference
    __decompress                              - Undefined Weak Reference
    _clock_init                               - Undefined Weak Reference
    _microlib_exit                            - Undefined Weak Reference
    __Vectors_Size                           0x000000ec   Number         0  startup_stm32f10x_md.o ABSOLUTE
    __Vectors                                0x08000000   Data           4  startup_stm32f10x_md.o(RESET)
    __Vectors_End                            0x080000ec   Data           0  startup_stm32f10x_md.o(RESET)
    __main                                   0x080000ed   Thumb Code     0  entry.o(.ARM.Collect$$$$00000000)
    _main_stk                                0x080000ed   Thumb Code     0  entry2.o(.ARM.Collect$$$$00000001)
    _main_scatterload                        0x080000f1   Thumb Code     0  entry5.o(.ARM.Collect$$$$00000004)
    __main_after_scatterload                 0x080000f5   Thumb Code     0  entry5.o(.ARM.Collect$$$$00000004)
    _main_clock                              0x080000f5   Thumb Code     0  entry7b.o(.ARM.Collect$$$$00000008)
    _main_cpp_init                           0x080000f5   Thumb Code     0  entry8b.o(.ARM.Collect$$$$0000000A)
    _main_init                               0x080000f5   Thumb Code     0  entry9a.o(.ARM.Collect$$$$0000000B)
    __rt_final_cpp                           0x080000fd   Thumb Code     0  entry10a.o(.ARM.Collect$$$$0000000D)
    __rt_final_exit                          0x080000fd   Thumb Code     0  entry11a.o(.ARM.Collect$$$$0000000F)
    SVC_Handler                              0x08000101   Thumb Code    32  port_1.o(.emb_text)
    __asm___6_port_c_39a90d8d__prvStartFirstTask 0x08000125   Thumb Code    28  port_1.o(.emb_text)
    PendSV_Handler                           0x08000145   Thumb Code    72  port_1.o(.emb_text)
    vPortGetIPSR                             0x08000191   Thumb Code     6  port_1.o(.emb_text)
    close                                    0x08000199   Thumb Code   108  socket.o(.text)
    socket                                   0x08000205   Thumb Code   272  socket.o(.text)
    listen                                   0x08000315   Thumb Code   112  socket.o(.text)
    connect                                  0x08000385   Thumb Code   258  socket.o(.text)
    disconnect                               0x08000487   Thumb Code   134  socket.o(.text)
    send                                     0x0800050d   Thumb Code   282  socket.o(.text)
    recv                                     0x08000627   Thumb Code   224  socket.o(.text)
    sendto                                   0x08000707   Thumb Code   360  socket.o(.text)
    recvfrom                                 0x0800086f   Thumb Code   442  socket.o(.text)
    ctlsocket                                0x08000a29   Thumb Code   184  socket.o(.text)
    setsockopt                               0x08000ae1   Thumb Code   258  socket.o(.text)
    getsockopt                               0x08000be3   Thumb Code   264  socket.o(.text)
    wizchip_cris_enter                       0x08000cf5   Thumb Code     2  wizchip_conf.o(.text)
    wizchip_cris_exit                        0x08000cf7   Thumb Code     2  wizchip_conf.o(.text)
    wizchip_cs_select                        0x08000cf9   Thumb Code     2  wizchip_conf.o(.text)
    wizchip_cs_deselect                      0x08000cfb   Thumb Code     2  wizchip_conf.o(.text)
    wizchip_bus_readdata                     0x08000cfd   Thumb Code     4  wizchip_conf.o(.text)
    wizchip_bus_writedata                    0x08000d01   Thumb Code     4  wizchip_conf.o(.text)
    wizchip_spi_readbyte                     0x08000d05   Thumb Code     4  wizchip_conf.o(.text)
    wizchip_spi_writebyte                    0x08000d09   Thumb Code     2  wizchip_conf.o(.text)
    wizchip_spi_readburst                    0x08000d0b   Thumb Code     2  wizchip_conf.o(.text)
    wizchip_spi_writeburst                   0x08000d0d   Thumb Code     2  wizchip_conf.o(.text)
    reg_wizchip_cris_cbfunc                  0x08000d0f   Thumb Code    26  wizchip_conf.o(.text)
    reg_wizchip_cs_cbfunc                    0x08000d29   Thumb Code    26  wizchip_conf.o(.text)
    reg_wizchip_bus_cbfunc                   0x08000d43   Thumb Code    34  wizchip_conf.o(.text)
    reg_wizchip_spi_cbfunc                   0x08000d65   Thumb Code    34  wizchip_conf.o(.text)
    reg_wizchip_spiburst_cbfunc              0x08000d87   Thumb Code    34  wizchip_conf.o(.text)
    wizphy_getphylink                        0x08000da9   Thumb Code    18  wizchip_conf.o(.text)
    wizphy_getphypmode                       0x08000dbb   Thumb Code    24  wizchip_conf.o(.text)
    wizphy_reset                             0x08000dd3   Thumb Code    42  wizchip_conf.o(.text)
    wizphy_setphypmode                       0x08000dfd   Thumb Code    80  wizchip_conf.o(.text)
    wizphy_getphyconf                        0x08000e4d   Thumb Code    78  wizchip_conf.o(.text)
    wizphy_setphyconf                        0x08000e9b   Thumb Code    72  wizchip_conf.o(.text)
    wizchip_getinterruptmask                 0x08000ee3   Thumb Code    28  wizchip_conf.o(.text)
    wizchip_setinterruptmask                 0x08000eff   Thumb Code    28  wizchip_conf.o(.text)
    wizchip_getinterrupt                     0x08000f1b   Thumb Code    30  wizchip_conf.o(.text)
    wizchip_clrinterrupt                     0x08000f39   Thumb Code    30  wizchip_conf.o(.text)
    wizchip_sw_reset                         0x08000f57   Thumb Code   116  wizchip_conf.o(.text)
    wizchip_init                             0x08000fcb   Thumb Code   122  wizchip_conf.o(.text)
    ctlwizchip                               0x08001045   Thumb Code   224  wizchip_conf.o(.text)
    wizchip_gettimeout                       0x08001125   Thumb Code    40  wizchip_conf.o(.text)
    wizchip_settimeout                       0x0800114d   Thumb Code    40  wizchip_conf.o(.text)
    wizchip_getnetmode                       0x08001175   Thumb Code     6  wizchip_conf.o(.text)
    wizchip_setnetmode                       0x0800117b   Thumb Code    36  wizchip_conf.o(.text)
    wizchip_getnetinfo                       0x0800119f   Thumb Code    82  wizchip_conf.o(.text)
    wizchip_setnetinfo                       0x080011f1   Thumb Code    82  wizchip_conf.o(.text)
    ctlnetwork                               0x08001243   Thumb Code    74  wizchip_conf.o(.text)
    wizphy_getphystat                        0x0800128d   Thumb Code    26  wizchip_conf.o(.text)
    WIZCHIP_READ                             0x080012ad   Thumb Code    84  w5500.o(.text)
    WIZCHIP_WRITE                            0x08001301   Thumb Code    90  w5500.o(.text)
    WIZCHIP_READ_BUF                         0x0800135b   Thumb Code   112  w5500.o(.text)
    WIZCHIP_WRITE_BUF                        0x080013cb   Thumb Code   108  w5500.o(.text)
    getSn_TX_FSR                             0x08001437   Thumb Code    76  w5500.o(.text)
    getSn_RX_RSR                             0x08001483   Thumb Code    74  w5500.o(.text)
    wiz_send_data                            0x080014cd   Thumb Code    94  w5500.o(.text)
    wiz_recv_data                            0x0800152b   Thumb Code    92  w5500.o(.text)
    wiz_recv_ignore                          0x08001587   Thumb Code    64  w5500.o(.text)
    default_ip_assign                        0x080015cd   Thumb Code    44  dhcp.o(.text)
    default_ip_update                        0x080015f9   Thumb Code    38  dhcp.o(.text)
    default_ip_conflict                      0x0800161f   Thumb Code    34  dhcp.o(.text)
    reg_dhcp_cbfunc                          0x08001641   Thumb Code    40  dhcp.o(.text)
    makeDHCPMSG                              0x08001669   Thumb Code   196  dhcp.o(.text)
    send_DHCP_DISCOVER                       0x0800172d   Thumb Code   358  dhcp.o(.text)
    send_DHCP_REQUEST                        0x08001893   Thumb Code   586  dhcp.o(.text)
    send_DHCP_DECLINE                        0x08001add   Thumb Code   252  dhcp.o(.text)
    parseDHCPMSG                             0x08001bd9   Thumb Code   282  dhcp.o(.text)
    reset_DHCP_timeout                       0x08001cf3   Thumb Code    16  dhcp.o(.text)
    check_DHCP_timeout                       0x08001d03   Thumb Code   108  dhcp.o(.text)
    check_DHCP_leasedIP                      0x08001d6f   Thumb Code    82  dhcp.o(.text)
    DHCP_run                                 0x08001dc1   Thumb Code   316  dhcp.o(.text)
    DHCP_stop                                0x08001efd   Thumb Code    16  dhcp.o(.text)
    DHCP_init                                0x08001f0d   Thumb Code   132  dhcp.o(.text)
    DHCP_time_handler                        0x08001f91   Thumb Code    10  dhcp.o(.text)
    getIPfromDHCP                            0x08001f9b   Thumb Code    22  dhcp.o(.text)
    getGWfromDHCP                            0x08001fb1   Thumb Code    22  dhcp.o(.text)
    getSNfromDHCP                            0x08001fc7   Thumb Code    22  dhcp.o(.text)
    getDNSfromDHCP                           0x08001fdd   Thumb Code    22  dhcp.o(.text)
    getDHCPLeasetime                         0x08001ff3   Thumb Code     6  dhcp.o(.text)
    vListInitialise                          0x08002001   Thumb Code    22  list.o(.text)
    vListInitialiseItem                      0x08002017   Thumb Code     6  list.o(.text)
    vListInsertEnd                           0x0800201d   Thumb Code    24  list.o(.text)
    vListInsert                              0x08002035   Thumb Code    48  list.o(.text)
    uxListRemove                             0x08002065   Thumb Code    38  list.o(.text)
    xQueueGenericReset                       0x0800208d   Thumb Code   112  queue.o(.text)
    xQueueGenericCreate                      0x080020fd   Thumb Code    54  queue.o(.text)
    xQueueGenericSend                        0x08002209   Thumb Code   250  queue.o(.text)
    xQueueCreateMutex                        0x08002303   Thumb Code    36  queue.o(.text)
    xQueueGenericSendFromISR                 0x08002327   Thumb Code   100  queue.o(.text)
    xQueueGiveFromISR                        0x0800238b   Thumb Code    86  queue.o(.text)
    xQueueReceive                            0x08002407   Thumb Code   238  queue.o(.text)
    xQueueSemaphoreTake                      0x080024f5   Thumb Code   290  queue.o(.text)
    xQueuePeek                               0x08002617   Thumb Code   230  queue.o(.text)
    xQueueReceiveFromISR                     0x080026fd   Thumb Code    98  queue.o(.text)
    xQueuePeekFromISR                        0x0800275f   Thumb Code    44  queue.o(.text)
    uxQueueMessagesWaiting                   0x0800278b   Thumb Code    18  queue.o(.text)
    uxQueueSpacesAvailable                   0x0800279d   Thumb Code    22  queue.o(.text)
    uxQueueMessagesWaitingFromISR            0x080027b3   Thumb Code     4  queue.o(.text)
    vQueueDelete                             0x080027b7   Thumb Code     4  queue.o(.text)
    xQueueIsQueueEmptyFromISR                0x080027bb   Thumb Code    12  queue.o(.text)
    xQueueIsQueueFullFromISR                 0x080027c7   Thumb Code    16  queue.o(.text)
    xTaskCreate                              0x080028b5   Thumb Code    86  tasks.o(.text)
    vTaskDelete                              0x0800290b   Thumb Code   136  tasks.o(.text)
    xTaskIncrementTick                       0x08002993   Thumb Code   178  tasks.o(.text)
    xTaskResumeAll                           0x08002a45   Thumb Code   166  tasks.o(.text)
    vTaskSuspendAll                          0x08002b51   Thumb Code    10  tasks.o(.text)
    vTaskDelayUntil                          0x08002b5b   Thumb Code    78  tasks.o(.text)
    vTaskDelay                               0x08002ba9   Thumb Code    44  tasks.o(.text)
    uxTaskPriorityGet                        0x08002bd5   Thumb Code    40  tasks.o(.text)
    uxTaskPriorityGetFromISR                 0x08002bfd   Thumb Code    32  tasks.o(.text)
    vTaskPrioritySet                         0x08002c1d   Thumb Code   168  tasks.o(.text)
    vTaskSwitchContext                       0x08002cc5   Thumb Code    60  tasks.o(.text)
    vTaskSuspend                             0x08002d01   Thumb Code   148  tasks.o(.text)
    vTaskResume                              0x08002d95   Thumb Code    96  tasks.o(.text)
    xTaskResumeFromISR                       0x08002df5   Thumb Code   104  tasks.o(.text)
    vTaskStartScheduler                      0x08002ead   Thumb Code    66  tasks.o(.text)
    vTaskEndScheduler                        0x08002eef   Thumb Code    24  tasks.o(.text)
    xTaskGetTickCount                        0x08002f07   Thumb Code     6  tasks.o(.text)
    xTaskGetTickCountFromISR                 0x08002f0d   Thumb Code     6  tasks.o(.text)
    uxTaskGetNumberOfTasks                   0x08002f13   Thumb Code     6  tasks.o(.text)
    pcTaskGetName                            0x08002f19   Thumb Code    10  tasks.o(.text)
    vTaskPlaceOnEventList                    0x08002f23   Thumb Code    28  tasks.o(.text)
    vTaskPlaceOnUnorderedEventList           0x08002f3f   Thumb Code    36  tasks.o(.text)
    xTaskRemoveFromEventList                 0x08002f63   Thumb Code    88  tasks.o(.text)
    vTaskRemoveFromUnorderedEventList        0x08002fbb   Thumb Code    94  tasks.o(.text)
    vTaskSetTimeOutState                     0x08003019   Thumb Code    26  tasks.o(.text)
    vTaskInternalSetTimeOutState             0x08003033   Thumb Code    12  tasks.o(.text)
    xTaskCheckForTimeOut                     0x0800303f   Thumb Code    74  tasks.o(.text)
    vTaskMissedYield                         0x08003089   Thumb Code     8  tasks.o(.text)
    xTaskGetCurrentTaskHandle                0x08003091   Thumb Code     6  tasks.o(.text)
    xTaskPriorityInherit                     0x08003097   Thumb Code   140  tasks.o(.text)
    xTaskPriorityDisinherit                  0x08003123   Thumb Code   102  tasks.o(.text)
    vTaskPriorityDisinheritAfterTimeout      0x08003189   Thumb Code   122  tasks.o(.text)
    uxTaskResetEventItemValue                0x08003203   Thumb Code    20  tasks.o(.text)
    pvTaskIncrementMutexHeldCount            0x08003217   Thumb Code    18  tasks.o(.text)
    ulTaskNotifyTake                         0x08003229   Thumb Code    96  tasks.o(.text)
    xTaskNotifyWait                          0x08003289   Thumb Code   128  tasks.o(.text)
    xTaskGenericNotify                       0x08003309   Thumb Code   150  tasks.o(.text)
    xTaskGenericNotifyFromISR                0x0800339f   Thumb Code   194  tasks.o(.text)
    vTaskNotifyGiveFromISR                   0x08003461   Thumb Code   128  tasks.o(.text)
    xTaskNotifyStateClear                    0x080034e1   Thumb Code    44  tasks.o(.text)
    pxPortInitialiseStack                    0x080035e9   Thumb Code    32  port_1.o(.text)
    vPortSetupTimerInterrupt                 0x08003609   Thumb Code    32  port_1.o(.text)
    xPortStartScheduler                      0x08003629   Thumb Code    38  port_1.o(.text)
    vPortEndScheduler                        0x0800364f   Thumb Code     2  port_1.o(.text)
    vPortEnterCritical                       0x08003651   Thumb Code    24  port_1.o(.text)
    vPortExitCritical                        0x08003669   Thumb Code    16  port_1.o(.text)
    SysTick_Handler                          0x08003679   Thumb Code    40  port_1.o(.text)
    pvPortMalloc                             0x080036b1   Thumb Code   172  heap_2.o(.text)
    vPortFree                                0x0800375d   Thumb Code    56  heap_2.o(.text)
    xPortGetFreeHeapSize                     0x08003795   Thumb Code     6  heap_2.o(.text)
    vPortInitialiseBlocks                    0x0800379b   Thumb Code     2  heap_2.o(.text)
    Reset_Handler                            0x080037a5   Thumb Code     8  startup_stm32f10x_md.o(.text)
    ADC1_2_IRQHandler                        0x080037bf   Thumb Code     0  startup_stm32f10x_md.o(.text)
    CAN1_RX1_IRQHandler                      0x080037bf   Thumb Code     0  startup_stm32f10x_md.o(.text)
    CAN1_SCE_IRQHandler                      0x080037bf   Thumb Code     0  startup_stm32f10x_md.o(.text)
    DMA1_Channel1_IRQHandler                 0x080037bf   Thumb Code     0  startup_stm32f10x_md.o(.text)
    DMA1_Channel2_IRQHandler                 0x080037bf   Thumb Code     0  startup_stm32f10x_md.o(.text)
    DMA1_Channel3_IRQHandler                 0x080037bf   Thumb Code     0  startup_stm32f10x_md.o(.text)
    DMA1_Channel4_IRQHandler                 0x080037bf   Thumb Code     0  startup_stm32f10x_md.o(.text)
    DMA1_Channel5_IRQHandler                 0x080037bf   Thumb Code     0  startup_stm32f10x_md.o(.text)
    DMA1_Channel6_IRQHandler                 0x080037bf   Thumb Code     0  startup_stm32f10x_md.o(.text)
    DMA1_Channel7_IRQHandler                 0x080037bf   Thumb Code     0  startup_stm32f10x_md.o(.text)
    EXTI0_IRQHandler                         0x080037bf   Thumb Code     0  startup_stm32f10x_md.o(.text)
    EXTI15_10_IRQHandler                     0x080037bf   Thumb Code     0  startup_stm32f10x_md.o(.text)
    EXTI1_IRQHandler                         0x080037bf   Thumb Code     0  startup_stm32f10x_md.o(.text)
    EXTI2_IRQHandler                         0x080037bf   Thumb Code     0  startup_stm32f10x_md.o(.text)
    EXTI3_IRQHandler                         0x080037bf   Thumb Code     0  startup_stm32f10x_md.o(.text)
    EXTI4_IRQHandler                         0x080037bf   Thumb Code     0  startup_stm32f10x_md.o(.text)
    EXTI9_5_IRQHandler                       0x080037bf   Thumb Code     0  startup_stm32f10x_md.o(.text)
    FLASH_IRQHandler                         0x080037bf   Thumb Code     0  startup_stm32f10x_md.o(.text)
    I2C1_ER_IRQHandler                       0x080037bf   Thumb Code     0  startup_stm32f10x_md.o(.text)
    I2C1_EV_IRQHandler                       0x080037bf   Thumb Code     0  startup_stm32f10x_md.o(.text)
    I2C2_ER_IRQHandler                       0x080037bf   Thumb Code     0  startup_stm32f10x_md.o(.text)
    I2C2_EV_IRQHandler                       0x080037bf   Thumb Code     0  startup_stm32f10x_md.o(.text)
    PVD_IRQHandler                           0x080037bf   Thumb Code     0  startup_stm32f10x_md.o(.text)
    RCC_IRQHandler                           0x080037bf   Thumb Code     0  startup_stm32f10x_md.o(.text)
    RTCAlarm_IRQHandler                      0x080037bf   Thumb Code     0  startup_stm32f10x_md.o(.text)
    RTC_IRQHandler                           0x080037bf   Thumb Code     0  startup_stm32f10x_md.o(.text)
    SPI1_IRQHandler                          0x080037bf   Thumb Code     0  startup_stm32f10x_md.o(.text)
    SPI2_IRQHandler                          0x080037bf   Thumb Code     0  startup_stm32f10x_md.o(.text)
    TAMPER_IRQHandler                        0x080037bf   Thumb Code     0  startup_stm32f10x_md.o(.text)
    TIM1_BRK_IRQHandler                      0x080037bf   Thumb Code     0  startup_stm32f10x_md.o(.text)
    TIM1_CC_IRQHandler                       0x080037bf   Thumb Code     0  startup_stm32f10x_md.o(.text)
    TIM1_TRG_COM_IRQHandler                  0x080037bf   Thumb Code     0  startup_stm32f10x_md.o(.text)
    TIM1_UP_IRQHandler                       0x080037bf   Thumb Code     0  startup_stm32f10x_md.o(.text)
    TIM2_IRQHandler                          0x080037bf   Thumb Code     0  startup_stm32f10x_md.o(.text)
    TIM3_IRQHandler                          0x080037bf   Thumb Code     0  startup_stm32f10x_md.o(.text)
    TIM4_IRQHandler                          0x080037bf   Thumb Code     0  startup_stm32f10x_md.o(.text)
    USART1_IRQHandler                        0x080037bf   Thumb Code     0  startup_stm32f10x_md.o(.text)
    USART2_IRQHandler                        0x080037bf   Thumb Code     0  startup_stm32f10x_md.o(.text)
    USART3_IRQHandler                        0x080037bf   Thumb Code     0  startup_stm32f10x_md.o(.text)
    USBWakeUp_IRQHandler                     0x080037bf   Thumb Code     0  startup_stm32f10x_md.o(.text)
    USB_HP_CAN1_TX_IRQHandler                0x080037bf   Thumb Code     0  startup_stm32f10x_md.o(.text)
    USB_LP_CAN1_RX0_IRQHandler               0x080037bf   Thumb Code     0  startup_stm32f10x_md.o(.text)
    WWDG_IRQHandler                          0x080037bf   Thumb Code     0  startup_stm32f10x_md.o(.text)
    NVIC_PriorityGroupConfig                 0x080037c9   Thumb Code    52  misc.o(.text)
    NVIC_Init                                0x080037fd   Thumb Code   142  misc.o(.text)
    NVIC_SetVectorTable                      0x0800388b   Thumb Code    54  misc.o(.text)
    NVIC_SystemLPConfig                      0x080038c1   Thumb Code    58  misc.o(.text)
    SysTick_CLKSourceConfig                  0x080038fb   Thumb Code    40  misc.o(.text)
    SystemInit                               0x080039f5   Thumb Code    64  system_stm32f10x.o(.text)
    SystemCoreClockUpdate                    0x08003a35   Thumb Code    86  system_stm32f10x.o(.text)
    GPIO_DeInit                              0x08003aad   Thumb Code   202  stm32f10x_gpio.o(.text)
    GPIO_AFIODeInit                          0x08003b77   Thumb Code    22  stm32f10x_gpio.o(.text)
    GPIO_Init                                0x08003b8d   Thumb Code   288  stm32f10x_gpio.o(.text)
    GPIO_StructInit                          0x08003cad   Thumb Code    16  stm32f10x_gpio.o(.text)
    GPIO_ReadInputDataBit                    0x08003cbd   Thumb Code   162  stm32f10x_gpio.o(.text)
    GPIO_ReadInputData                       0x08003d5f   Thumb Code    62  stm32f10x_gpio.o(.text)
    GPIO_ReadOutputDataBit                   0x08003d9d   Thumb Code   162  stm32f10x_gpio.o(.text)
    GPIO_ReadOutputData                      0x08003e3f   Thumb Code    62  stm32f10x_gpio.o(.text)
    GPIO_SetBits                             0x08003e7d   Thumb Code   152  stm32f10x_gpio.o(.text)
    GPIO_ResetBits                           0x08003f15   Thumb Code    78  stm32f10x_gpio.o(.text)
    GPIO_WriteBit                            0x08003f63   Thumb Code   180  stm32f10x_gpio.o(.text)
    GPIO_Write                               0x08004017   Thumb Code    64  stm32f10x_gpio.o(.text)
    GPIO_PinLockConfig                       0x08004057   Thumb Code    90  stm32f10x_gpio.o(.text)
    GPIO_EventOutputConfig                   0x080040b1   Thumb Code   130  stm32f10x_gpio.o(.text)
    GPIO_EventOutputCmd                      0x08004133   Thumb Code    28  stm32f10x_gpio.o(.text)
    GPIO_PinRemapConfig                      0x0800414f   Thumb Code   486  stm32f10x_gpio.o(.text)
    GPIO_EXTILineConfig                      0x08004335   Thumb Code   150  stm32f10x_gpio.o(.text)
    GPIO_ETH_MediaInterfaceConfig            0x080043cb   Thumb Code    30  stm32f10x_gpio.o(.text)
    RCC_DeInit                               0x080043f1   Thumb Code    50  stm32f10x_rcc.o(.text)
    RCC_HSEConfig                            0x08004423   Thumb Code    76  stm32f10x_rcc.o(.text)
    RCC_GetFlagStatus                        0x0800446f   Thumb Code   100  stm32f10x_rcc.o(.text)
    RCC_WaitForHSEStartUp                    0x080044d3   Thumb Code    44  stm32f10x_rcc.o(.text)
    RCC_AdjustHSICalibrationValue            0x080044ff   Thumb Code    34  stm32f10x_rcc.o(.text)
    RCC_HSICmd                               0x08004521   Thumb Code    26  stm32f10x_rcc.o(.text)
    RCC_PLLConfig                            0x0800453b   Thumb Code   142  stm32f10x_rcc.o(.text)
    RCC_PLLCmd                               0x080045c9   Thumb Code    26  stm32f10x_rcc.o(.text)
    RCC_SYSCLKConfig                         0x080045e3   Thumb Code    38  stm32f10x_rcc.o(.text)
    RCC_GetSYSCLKSource                      0x08004609   Thumb Code    10  stm32f10x_rcc.o(.text)
    RCC_HCLKConfig                           0x08004613   Thumb Code    62  stm32f10x_rcc.o(.text)
    RCC_PCLK1Config                          0x08004651   Thumb Code    54  stm32f10x_rcc.o(.text)
    RCC_PCLK2Config                          0x08004687   Thumb Code    56  stm32f10x_rcc.o(.text)
    RCC_ITConfig                             0x080046bf   Thumb Code    54  stm32f10x_rcc.o(.text)
    RCC_USBCLKConfig                         0x080046f5   Thumb Code    28  stm32f10x_rcc.o(.text)
    RCC_ADCCLKConfig                         0x08004711   Thumb Code    48  stm32f10x_rcc.o(.text)
    RCC_LSEConfig                            0x08004741   Thumb Code    56  stm32f10x_rcc.o(.text)
    RCC_LSICmd                               0x08004779   Thumb Code    26  stm32f10x_rcc.o(.text)
    RCC_RTCCLKConfig                         0x08004793   Thumb Code    42  stm32f10x_rcc.o(.text)
    RCC_RTCCLKCmd                            0x080047bd   Thumb Code    88  stm32f10x_rcc.o(.text)
    RCC_GetClocksFreq                        0x08004815   Thumb Code   132  stm32f10x_rcc.o(.text)
    RCC_AHBPeriphClockCmd                    0x08004899   Thumb Code    64  stm32f10x_rcc.o(.text)
    RCC_APB2PeriphClockCmd                   0x080048d9   Thumb Code    60  stm32f10x_rcc.o(.text)
    RCC_APB1PeriphClockCmd                   0x08004915   Thumb Code    60  stm32f10x_rcc.o(.text)
    RCC_APB2PeriphResetCmd                   0x08004951   Thumb Code    60  stm32f10x_rcc.o(.text)
    RCC_APB1PeriphResetCmd                   0x0800498d   Thumb Code    60  stm32f10x_rcc.o(.text)
    RCC_BackupResetCmd                       0x080049c9   Thumb Code    28  stm32f10x_rcc.o(.text)
    RCC_ClockSecuritySystemCmd               0x080049e5   Thumb Code    28  stm32f10x_rcc.o(.text)
    RCC_MCOConfig                            0x08004a01   Thumb Code    40  stm32f10x_rcc.o(.text)
    RCC_ClearFlag                            0x08004a29   Thumb Code    12  stm32f10x_rcc.o(.text)
    RCC_GetITStatus                          0x08004a35   Thumb Code    56  stm32f10x_rcc.o(.text)
    RCC_ClearITPendingBit                    0x08004a6d   Thumb Code    30  stm32f10x_rcc.o(.text)
    assert_failed                            0x08004aad   Thumb Code     2  main.o(.text)
    bsp_init                                 0x08004aaf   Thumb Code     4  main.o(.text)
    init_task                                0x08004ab3   Thumb Code    26  main.o(.text)
    create_init_task                         0x08004acd   Thumb Code    40  main.o(.text)
    vApplicationTickHook                     0x08004af5   Thumb Code    62  main.o(.text)
    main                                     0x08004b33   Thumb Code    36  main.o(.text)
    NMI_Handler                              0x08004b6d   Thumb Code     2  stm32f10x_it.o(.text)
    HardFault_Handler                        0x08004b6f   Thumb Code     2  stm32f10x_it.o(.text)
    MemManage_Handler                        0x08004b71   Thumb Code     2  stm32f10x_it.o(.text)
    BusFault_Handler                         0x08004b73   Thumb Code     2  stm32f10x_it.o(.text)
    UsageFault_Handler                       0x08004b75   Thumb Code     2  stm32f10x_it.o(.text)
    DebugMon_Handler                         0x08004b77   Thumb Code     2  stm32f10x_it.o(.text)
    led_init                                 0x08004b79   Thumb Code    32  bsp_led.o(.text)
    __aeabi_memcpy                           0x08004b9d   Thumb Code    36  memcpya.o(.text)
    __aeabi_memcpy4                          0x08004b9d   Thumb Code     0  memcpya.o(.text)
    __aeabi_memcpy8                          0x08004b9d   Thumb Code     0  memcpya.o(.text)
    __scatterload                            0x08004bc1   Thumb Code    28  init.o(.text)
    __scatterload_rt2                        0x08004bc1   Thumb Code     0  init.o(.text)
    __scatterload_copy                       0x08004be5   Thumb Code    14  handlers.o(i.__scatterload_copy)
    __scatterload_null                       0x08004bf3   Thumb Code     2  handlers.o(i.__scatterload_null)
    __scatterload_zeroinit                   0x08004bf5   Thumb Code    14  handlers.o(i.__scatterload_zeroinit)
    Region$$Table$$Base                      0x08004c04   Number         0  anon$$obj.o(Region$$Table)
    Region$$Table$$Limit                     0x08004c24   Number         0  anon$$obj.o(Region$$Table)
    sock_pack_info                           0x20000006   Data           8  socket.o(.data)
    WIZCHIP                                  0x20000018   Data          40  wizchip_conf.o(.data)
    dhcp_state                               0x20000040   Data           1  dhcp.o(.data)
    dhcp_retry_count                         0x20000041   Data           1  dhcp.o(.data)
    DHCP_SOCKET                              0x20000042   Data           1  dhcp.o(.data)
    OLD_allocated_ip                         0x20000043   Data           4  dhcp.o(.data)
    DHCP_allocated_ip                        0x20000047   Data           4  dhcp.o(.data)
    DHCP_allocated_gw                        0x2000004b   Data           4  dhcp.o(.data)
    DHCP_allocated_sn                        0x2000004f   Data           4  dhcp.o(.data)
    DHCP_allocated_dns                       0x20000053   Data           4  dhcp.o(.data)
    dhcp_lease_time                          0x20000058   Data           4  dhcp.o(.data)
    dhcp_tick_1s                             0x2000005c   Data           4  dhcp.o(.data)
    dhcp_tick_next                           0x20000060   Data           4  dhcp.o(.data)
    dhcp_ip_assign                           0x20000064   Data           4  dhcp.o(.data)
    dhcp_ip_update                           0x20000068   Data           4  dhcp.o(.data)
    dhcp_ip_conflict                         0x2000006c   Data           4  dhcp.o(.data)
    DHCP_SIP                                 0x20000070   Data           4  dhcp.o(.data)
    DHCP_XID                                 0x20000074   Data           4  dhcp.o(.data)
    pDHCPMSG                                 0x20000078   Data           4  dhcp.o(.data)
    DHCP_CHADDR                              0x2000007c   Data           6  dhcp.o(.data)
    HOST_NAME                                0x20000082   Data           8  dhcp.o(.data)
    pxCurrentTCB                             0x2000008c   Data           4  tasks.o(.data)
    SystemCoreClock                          0x200000e4   Data           4  system_stm32f10x.o(.data)
    AHBPrescTable                            0x200000e8   Data          16  system_stm32f10x.o(.data)
    __initial_sp                             0x20004a58   Data           0  startup_stm32f10x_md.o(STACK)



==============================================================================

Memory Map of the image

  Image Entry point : 0x080000ed

  Load Region LR_IROM1 (Base: 0x08000000, Size: 0x00004d3c, Max: 0x00020000, ABSOLUTE)

    Execution Region ER_IROM1 (Base: 0x08000000, Size: 0x00004c24, Max: 0x00020000, ABSOLUTE)

    Base Addr    Size         Type   Attr      Idx    E Section Name        Object

    0x08000000   0x000000ec   Data   RO          553    RESET               startup_stm32f10x_md.o
    0x080000ec   0x00000000   Code   RO          787  * .ARM.Collect$$$$00000000  mc_w.l(entry.o)
    0x080000ec   0x00000004   Code   RO          794    .ARM.Collect$$$$00000001  mc_w.l(entry2.o)
    0x080000f0   0x00000004   Code   RO          797    .ARM.Collect$$$$00000004  mc_w.l(entry5.o)
    0x080000f4   0x00000000   Code   RO          799    .ARM.Collect$$$$00000008  mc_w.l(entry7b.o)
    0x080000f4   0x00000000   Code   RO          801    .ARM.Collect$$$$0000000A  mc_w.l(entry8b.o)
    0x080000f4   0x00000008   Code   RO          802    .ARM.Collect$$$$0000000B  mc_w.l(entry9a.o)
    0x080000fc   0x00000000   Code   RO          804    .ARM.Collect$$$$0000000D  mc_w.l(entry10a.o)
    0x080000fc   0x00000000   Code   RO          806    .ARM.Collect$$$$0000000F  mc_w.l(entry11a.o)
    0x080000fc   0x00000004   Code   RO          795    .ARM.Collect$$$$00002712  mc_w.l(entry2.o)
    0x08000100   0x00000096   Code   RO          485    .emb_text           port_1.o
    0x08000196   0x00000002   PAD
    0x08000198   0x00000b5c   Code   RO            1    .text               socket.o
    0x08000cf4   0x000005b8   Code   RO           32    .text               wizchip_conf.o
    0x080012ac   0x00000320   Code   RO           54    .text               w5500.o
    0x080015cc   0x00000a34   Code   RO           69    .text               dhcp.o
    0x08002000   0x0000008a   Code   RO          408    .text               list.o
    0x0800208a   0x00000002   PAD
    0x0800208c   0x00000768   Code   RO          420    .text               queue.o
    0x080027f4   0x00000de4   Code   RO          444    .text               tasks.o
    0x080035d8   0x000000d8   Code   RO          486    .text               port_1.o
    0x080036b0   0x000000f4   Code   RO          517    .text               heap_2.o
    0x080037a4   0x00000024   Code   RO          554    .text               startup_stm32f10x_md.o
    0x080037c8   0x0000018c   Code   RO          558    .text               misc.o
    0x08003954   0x00000158   Code   RO          580    .text               system_stm32f10x.o
    0x08003aac   0x00000944   Code   RO          598    .text               stm32f10x_gpio.o
    0x080043f0   0x000006bc   Code   RO          622    .text               stm32f10x_rcc.o
    0x08004aac   0x000000c0   Code   RO          672    .text               main.o
    0x08004b6c   0x0000000c   Code   RO          699    .text               stm32f10x_it.o
    0x08004b78   0x00000024   Code   RO          747    .text               bsp_led.o
    0x08004b9c   0x00000024   Code   RO          790    .text               mc_w.l(memcpya.o)
    0x08004bc0   0x00000024   Code   RO          808    .text               mc_w.l(init.o)
    0x08004be4   0x0000000e   Code   RO          812    i.__scatterload_copy  mc_w.l(handlers.o)
    0x08004bf2   0x00000002   Code   RO          813    i.__scatterload_null  mc_w.l(handlers.o)
    0x08004bf4   0x0000000e   Code   RO          814    i.__scatterload_zeroinit  mc_w.l(handlers.o)
    0x08004c02   0x00000002   PAD
    0x08004c04   0x00000020   Data   RO          810    Region$$Table       anon$$obj.o


    Execution Region RW_IRAM1 (Base: 0x20000000, Size: 0x00004a58, Max: 0x00005000, ABSOLUTE)

    Base Addr    Size         Type   Attr      Idx    E Section Name        Object

    0x20000000   0x0000000e   Data   RW            3    .data               socket.o
    0x2000000e   0x00000002   PAD
    0x20000010   0x00000030   Data   RW           33    .data               wizchip_conf.o
    0x20000040   0x0000004a   Data   RW           70    .data               dhcp.o
    0x2000008a   0x00000002   PAD
    0x2000008c   0x0000003c   Data   RW          446    .data               tasks.o
    0x200000c8   0x00000004   Data   RW          487    .data               port_1.o
    0x200000cc   0x00000018   Data   RW          519    .data               heap_2.o
    0x200000e4   0x00000014   Data   RW          581    .data               system_stm32f10x.o
    0x200000f8   0x00000014   Data   RW          623    .data               stm32f10x_rcc.o
    0x2000010c   0x0000000c   Data   RW          673    .data               main.o
    0x20000118   0x00000010   Zero   RW            2    .bss                socket.o
    0x20000128   0x0000012c   Zero   RW          445    .bss                tasks.o
    0x20000254   0x00004400   Zero   RW          518    .bss                heap_2.o
    0x20004654   0x00000004   PAD
    0x20004658   0x00000400   Zero   RW          551    STACK               startup_stm32f10x_md.o


==============================================================================

Image component sizes


      Code (inc. data)   RO Data    RW Data    ZI Data      Debug   Object Name

        36          4          0          0          0        455   bsp_led.o
      2612         46          0         74          0      10119   dhcp.o
       244          8          0         24      17408       3176   heap_2.o
       138          0          0          0          0       1782   list.o
       192         22          0         12          0       4040   main.o
         0          0          0          0          0       1472   mb.o
       396         50          0          0          0       2021   misc.o
       366         28          0          4          0       7118   port_1.o
         0          0          0          0          0     232772   portevent.o
      1896          8          0          0          0      20424   queue.o
      2908         58          0         14         16      14840   socket.o
        36          8        236          0       1024        820   startup_stm32f10x_md.o
      2372        182          0          0          0       7169   stm32f10x_gpio.o
        12          0          0          0          0        895   stm32f10x_it.o
      1724         94          0         20          0      10336   stm32f10x_rcc.o
       344         34          0         20          0       1899   system_stm32f10x.o
      3556         80          0         60        300      28739   tasks.o
       800          6          0          0          0       3822   w5500.o
      1464         32          0         48          0      12493   wizchip_conf.o

    ----------------------------------------------------------------------
     19100        660        268        280      18752     364392   Object Totals
         0          0         32          0          0          0   (incl. Generated)
         4          0          0          4          4          0   (incl. Padding)

    ----------------------------------------------------------------------

      Code (inc. data)   RO Data    RW Data    ZI Data      Debug   Library Member Name

         0          0          0          0          0          0   entry.o
         0          0          0          0          0          0   entry10a.o
         0          0          0          0          0          0   entry11a.o
         8          4          0          0          0          0   entry2.o
         4          0          0          0          0          0   entry5.o
         0          0          0          0          0          0   entry7b.o
         0          0          0          0          0          0   entry8b.o
         8          4          0          0          0          0   entry9a.o
        30          0          0          0          0          0   handlers.o
        36          8          0          0          0         68   init.o
        36          0          0          0          0         68   memcpya.o

    ----------------------------------------------------------------------
       124         16          0          0          0        136   Library Totals
         2          0          0          0          0          0   (incl. Padding)

    ----------------------------------------------------------------------

      Code (inc. data)   RO Data    RW Data    ZI Data      Debug   Library Name

       122         16          0          0          0        136   mc_w.l

    ----------------------------------------------------------------------
       124         16          0          0          0        136   Library Totals

    ----------------------------------------------------------------------

==============================================================================


      Code (inc. data)   RO Data    RW Data    ZI Data      Debug   

     19224        676        268        280      18752     362496   Grand Totals
     19224        676        268        280      18752     362496   ELF Image Totals
     19224        676        268        280          0          0   ROM Totals

==============================================================================

    Total RO  Size (Code + RO Data)                19492 (  19.04kB)
    Total RW  Size (RW Data + ZI Data)             19032 (  18.59kB)
    Total ROM Size (Code + RO Data + RW Data)      19772 (  19.31kB)

==============================================================================

