<html>
<body>
<pre>
<h1>µVision Build Log</h1>
<h2>Tool Versions:</h2>
IDE-Version: ¦ÌVision V5.15
Copyright (C) 2015 ARM Ltd and ARM Germany GmbH. All rights reserved.
License Information: rfx Microsoft, Microsoft, LIC=2TTNN-Y26QS-23EM4-FI5X6-04QU1-DDSP5
 
Tool Versions:
Toolchain:       MDK-ARM Professional  Version: 5.15.0
Toolchain Path:  C:\Keil_v5\ARM\ARMCC\Bin
C Compiler:      Armcc.exe V5.05 update 2 (build 169)
Assembler:       Armasm.exe V5.05 update 2 (build 169)
Linker/Locator:  ArmLink.exe V5.05 update 2 (build 169)
Library Manager: ArmAr.exe V5.05 update 2 (build 169)
Hex Converter:   FromElf.exe V5.05 update 2 (build 169)
CPU DLL:         SARMCM3.DLL V5.15.0
Dialog DLL:      DCM.DLL V1.13.2.0
Target DLL:      UL2CM3.DLL V1.155.8.0
Dialog DLL:      TCM.DLL V1.14.5.0
 
<h2>Project:</h2>
E:\woosiyuan\smarthome\stm32f10x\project\STM32F10x.uvprojx
Project File Date:  12/18/2017

<h2>Output:</h2>
*** Using Compiler 'V5.05 update 2 (build 169)', folder: 'C:\Keil_v5\ARM\ARMCC\Bin'
Rebuild target 'smart_home'
compiling socket.c...
compiling wizchip_conf.c...
compiling w5500.c...
compiling dhcp.c...
compiling portevent.c...
compiling porttcp.c...
compiling port_reg.c...
compiling mb.c...
compiling mbtcp.c...
compiling mbfunccoils.c...
compiling mbfuncdiag.c...
compiling mbfuncdisc.c...
compiling mbfuncholding.c...
compiling mbfuncinput.c...
compiling mbfuncother.c...
compiling mbutils.c...
compiling list.c...
compiling queue.c...
compiling tasks.c...
compiling timers.c...
compiling port.c...
compiling heap_2.c...
compiling 24c08.c...
assembling startup_stm32f10x_hd.s...
compiling misc.c...
compiling core_cm3.c...
compiling stm32f10x_gpio.c...
compiling stm32f10x_i2c.c...
compiling stm32f10x_rcc.c...
compiling stm32f10x_spi.c...
compiling stm32f10x_tim.c...
compiling stm32f10x_usart.c...
compiling system_stm32f10x.c...
compiling main.c...
compiling stm32f10x_it.c...
compiling delay.c...
compiling w5500_port.c...
compiling task_modbus.c...
compiling task_w5500.c...
..\src\task\task_w5500.c(21): warning:  #111-D: statement is unreachable
                          break;
..\src\task\task_w5500.c: 1 warning, 0 errors
linking...
Program Size: Code=32192 RO-data=904 RW-data=288 ZI-data=19608  
After Build - User command #1: fromelf.exe --bin -o "E:\woosiyuan\smarthome\stm32f10x\project\Objects\STM32F10x.bin" "E:\woosiyuan\smarthome\stm32f10x\project\Objects\STM32F10x.axf"
".\Objects\STM32F10x.axf" - 0 Error(s), 1 Warning(s).

<h2>Collection of Component include folders:</h2>
  E:\woosiyuan\smarthome\stm32f10x\project\RTE
  C:\Keil_v5\ARM\PACK\Keil\STM32F1xx_DFP\2.2.0\Device\Include

<h2>Collection of Component Files used:</h2>
</pre>
</body>
</html>
