<!doctype html public "-//w3c//dtd html 4.0 transitional//en">
<html><head>
<title>Static Call Graph - [.\Objects\STM32F10x.axf]</title></head>
<body><HR>
<H1>Static Call Graph for image .\Objects\STM32F10x.axf</H1><HR>
<BR><P>#&#060CALLGRAPH&#062# ARM Linker, 5050169: Last Updated: Sun Dec 24 11:08:51 2017
<BR><P>
<H3>Maximum Stack Usage =        224 bytes + Unknown(Cycles, Untraceable Function Pointers)</H3><H3>
Call chain for Maximum Stack Depth:</H3>
main &rArr; w5500_socket_process &rArr; DHCP_run &rArr; parseDHCPMSG &rArr; recvfrom &rArr; wiz_recv_data &rArr; WIZCHIP_READ_BUF
<P>
<H3>
Mutually Recursive functions
</H3> <LI><a href="#[6]">SVC_Handler</a>&nbsp;&nbsp;&nbsp;&rArr;&nbsp;&nbsp;&nbsp;<a href="#[6]">SVC_Handler</a><BR>
 <LI><a href="#[8]">PendSV_Handler</a>&nbsp;&nbsp;&nbsp;&rArr;&nbsp;&nbsp;&nbsp;<a href="#[8]">PendSV_Handler</a><BR>
 <LI><a href="#[9]">SysTick_Handler</a>&nbsp;&nbsp;&nbsp;&rArr;&nbsp;&nbsp;&nbsp;<a href="#[9]">SysTick_Handler</a><BR>
 <LI><a href="#[1c]">ADC1_2_IRQHandler</a>&nbsp;&nbsp;&nbsp;&rArr;&nbsp;&nbsp;&nbsp;<a href="#[1c]">ADC1_2_IRQHandler</a><BR>
 <LI><a href="#[2]">HardFault_Handler</a>&nbsp;&nbsp;&nbsp;&rArr;&nbsp;&nbsp;&nbsp;<a href="#[2]">HardFault_Handler</a><BR>
 <LI><a href="#[3]">MemManage_Handler</a>&nbsp;&nbsp;&nbsp;&rArr;&nbsp;&nbsp;&nbsp;<a href="#[3]">MemManage_Handler</a><BR>
 <LI><a href="#[4]">BusFault_Handler</a>&nbsp;&nbsp;&nbsp;&rArr;&nbsp;&nbsp;&nbsp;<a href="#[4]">BusFault_Handler</a><BR>
 <LI><a href="#[5]">UsageFault_Handler</a>&nbsp;&nbsp;&nbsp;&rArr;&nbsp;&nbsp;&nbsp;<a href="#[5]">UsageFault_Handler</a><BR>
</UL>
<P>
<H3>
Function Pointers
</H3><UL>
 <LI><a href="#[1c]">ADC1_2_IRQHandler</a> from startup_stm32f10x_hd.o(.text) referenced from startup_stm32f10x_hd.o(RESET)
 <LI><a href="#[39]">ADC3_IRQHandler</a> from startup_stm32f10x_hd.o(.text) referenced from startup_stm32f10x_hd.o(RESET)
 <LI><a href="#[4]">BusFault_Handler</a> from stm32f10x_it.o(.text) referenced from startup_stm32f10x_hd.o(RESET)
 <LI><a href="#[1f]">CAN1_RX1_IRQHandler</a> from startup_stm32f10x_hd.o(.text) referenced from startup_stm32f10x_hd.o(RESET)
 <LI><a href="#[20]">CAN1_SCE_IRQHandler</a> from startup_stm32f10x_hd.o(.text) referenced from startup_stm32f10x_hd.o(RESET)
 <LI><a href="#[15]">DMA1_Channel1_IRQHandler</a> from startup_stm32f10x_hd.o(.text) referenced from startup_stm32f10x_hd.o(RESET)
 <LI><a href="#[16]">DMA1_Channel2_IRQHandler</a> from startup_stm32f10x_hd.o(.text) referenced from startup_stm32f10x_hd.o(RESET)
 <LI><a href="#[17]">DMA1_Channel3_IRQHandler</a> from startup_stm32f10x_hd.o(.text) referenced from startup_stm32f10x_hd.o(RESET)
 <LI><a href="#[18]">DMA1_Channel4_IRQHandler</a> from startup_stm32f10x_hd.o(.text) referenced from startup_stm32f10x_hd.o(RESET)
 <LI><a href="#[19]">DMA1_Channel5_IRQHandler</a> from startup_stm32f10x_hd.o(.text) referenced from startup_stm32f10x_hd.o(RESET)
 <LI><a href="#[1a]">DMA1_Channel6_IRQHandler</a> from startup_stm32f10x_hd.o(.text) referenced from startup_stm32f10x_hd.o(RESET)
 <LI><a href="#[1b]">DMA1_Channel7_IRQHandler</a> from startup_stm32f10x_hd.o(.text) referenced from startup_stm32f10x_hd.o(RESET)
 <LI><a href="#[42]">DMA2_Channel1_IRQHandler</a> from startup_stm32f10x_hd.o(.text) referenced from startup_stm32f10x_hd.o(RESET)
 <LI><a href="#[43]">DMA2_Channel2_IRQHandler</a> from startup_stm32f10x_hd.o(.text) referenced from startup_stm32f10x_hd.o(RESET)
 <LI><a href="#[44]">DMA2_Channel3_IRQHandler</a> from startup_stm32f10x_hd.o(.text) referenced from startup_stm32f10x_hd.o(RESET)
 <LI><a href="#[45]">DMA2_Channel4_5_IRQHandler</a> from startup_stm32f10x_hd.o(.text) referenced from startup_stm32f10x_hd.o(RESET)
 <LI><a href="#[7]">DebugMon_Handler</a> from stm32f10x_it.o(.text) referenced from startup_stm32f10x_hd.o(RESET)
 <LI><a href="#[10]">EXTI0_IRQHandler</a> from startup_stm32f10x_hd.o(.text) referenced from startup_stm32f10x_hd.o(RESET)
 <LI><a href="#[32]">EXTI15_10_IRQHandler</a> from startup_stm32f10x_hd.o(.text) referenced from startup_stm32f10x_hd.o(RESET)
 <LI><a href="#[11]">EXTI1_IRQHandler</a> from startup_stm32f10x_hd.o(.text) referenced from startup_stm32f10x_hd.o(RESET)
 <LI><a href="#[12]">EXTI2_IRQHandler</a> from startup_stm32f10x_hd.o(.text) referenced from startup_stm32f10x_hd.o(RESET)
 <LI><a href="#[13]">EXTI3_IRQHandler</a> from startup_stm32f10x_hd.o(.text) referenced from startup_stm32f10x_hd.o(RESET)
 <LI><a href="#[14]">EXTI4_IRQHandler</a> from startup_stm32f10x_hd.o(.text) referenced from startup_stm32f10x_hd.o(RESET)
 <LI><a href="#[21]">EXTI9_5_IRQHandler</a> from startup_stm32f10x_hd.o(.text) referenced from startup_stm32f10x_hd.o(RESET)
 <LI><a href="#[e]">FLASH_IRQHandler</a> from startup_stm32f10x_hd.o(.text) referenced from startup_stm32f10x_hd.o(RESET)
 <LI><a href="#[3a]">FSMC_IRQHandler</a> from startup_stm32f10x_hd.o(.text) referenced from startup_stm32f10x_hd.o(RESET)
 <LI><a href="#[2]">HardFault_Handler</a> from stm32f10x_it.o(.text) referenced from startup_stm32f10x_hd.o(RESET)
 <LI><a href="#[2a]">I2C1_ER_IRQHandler</a> from startup_stm32f10x_hd.o(.text) referenced from startup_stm32f10x_hd.o(RESET)
 <LI><a href="#[29]">I2C1_EV_IRQHandler</a> from startup_stm32f10x_hd.o(.text) referenced from startup_stm32f10x_hd.o(RESET)
 <LI><a href="#[2c]">I2C2_ER_IRQHandler</a> from startup_stm32f10x_hd.o(.text) referenced from startup_stm32f10x_hd.o(RESET)
 <LI><a href="#[2b]">I2C2_EV_IRQHandler</a> from startup_stm32f10x_hd.o(.text) referenced from startup_stm32f10x_hd.o(RESET)
 <LI><a href="#[3]">MemManage_Handler</a> from stm32f10x_it.o(.text) referenced from startup_stm32f10x_hd.o(RESET)
 <LI><a href="#[1]">NMI_Handler</a> from stm32f10x_it.o(.text) referenced from startup_stm32f10x_hd.o(RESET)
 <LI><a href="#[b]">PVD_IRQHandler</a> from startup_stm32f10x_hd.o(.text) referenced from startup_stm32f10x_hd.o(RESET)
 <LI><a href="#[8]">PendSV_Handler</a> from startup_stm32f10x_hd.o(.text) referenced from startup_stm32f10x_hd.o(RESET)
 <LI><a href="#[f]">RCC_IRQHandler</a> from startup_stm32f10x_hd.o(.text) referenced from startup_stm32f10x_hd.o(RESET)
 <LI><a href="#[33]">RTCAlarm_IRQHandler</a> from startup_stm32f10x_hd.o(.text) referenced from startup_stm32f10x_hd.o(RESET)
 <LI><a href="#[d]">RTC_IRQHandler</a> from startup_stm32f10x_hd.o(.text) referenced from startup_stm32f10x_hd.o(RESET)
 <LI><a href="#[0]">Reset_Handler</a> from startup_stm32f10x_hd.o(.text) referenced from startup_stm32f10x_hd.o(RESET)
 <LI><a href="#[3b]">SDIO_IRQHandler</a> from startup_stm32f10x_hd.o(.text) referenced from startup_stm32f10x_hd.o(RESET)
 <LI><a href="#[2d]">SPI1_IRQHandler</a> from startup_stm32f10x_hd.o(.text) referenced from startup_stm32f10x_hd.o(RESET)
 <LI><a href="#[2e]">SPI2_IRQHandler</a> from startup_stm32f10x_hd.o(.text) referenced from startup_stm32f10x_hd.o(RESET)
 <LI><a href="#[3d]">SPI3_IRQHandler</a> from startup_stm32f10x_hd.o(.text) referenced from startup_stm32f10x_hd.o(RESET)
 <LI><a href="#[6]">SVC_Handler</a> from startup_stm32f10x_hd.o(.text) referenced from startup_stm32f10x_hd.o(RESET)
 <LI><a href="#[9]">SysTick_Handler</a> from startup_stm32f10x_hd.o(.text) referenced from startup_stm32f10x_hd.o(RESET)
 <LI><a href="#[47]">SystemInit</a> from system_stm32f10x.o(.text) referenced from startup_stm32f10x_hd.o(.text)
 <LI><a href="#[c]">TAMPER_IRQHandler</a> from startup_stm32f10x_hd.o(.text) referenced from startup_stm32f10x_hd.o(RESET)
 <LI><a href="#[22]">TIM1_BRK_IRQHandler</a> from startup_stm32f10x_hd.o(.text) referenced from startup_stm32f10x_hd.o(RESET)
 <LI><a href="#[25]">TIM1_CC_IRQHandler</a> from startup_stm32f10x_hd.o(.text) referenced from startup_stm32f10x_hd.o(RESET)
 <LI><a href="#[24]">TIM1_TRG_COM_IRQHandler</a> from startup_stm32f10x_hd.o(.text) referenced from startup_stm32f10x_hd.o(RESET)
 <LI><a href="#[23]">TIM1_UP_IRQHandler</a> from startup_stm32f10x_hd.o(.text) referenced from startup_stm32f10x_hd.o(RESET)
 <LI><a href="#[26]">TIM2_IRQHandler</a> from timer.o(.text) referenced from startup_stm32f10x_hd.o(RESET)
 <LI><a href="#[27]">TIM3_IRQHandler</a> from startup_stm32f10x_hd.o(.text) referenced from startup_stm32f10x_hd.o(RESET)
 <LI><a href="#[28]">TIM4_IRQHandler</a> from startup_stm32f10x_hd.o(.text) referenced from startup_stm32f10x_hd.o(RESET)
 <LI><a href="#[3c]">TIM5_IRQHandler</a> from startup_stm32f10x_hd.o(.text) referenced from startup_stm32f10x_hd.o(RESET)
 <LI><a href="#[40]">TIM6_IRQHandler</a> from startup_stm32f10x_hd.o(.text) referenced from startup_stm32f10x_hd.o(RESET)
 <LI><a href="#[41]">TIM7_IRQHandler</a> from startup_stm32f10x_hd.o(.text) referenced from startup_stm32f10x_hd.o(RESET)
 <LI><a href="#[35]">TIM8_BRK_IRQHandler</a> from startup_stm32f10x_hd.o(.text) referenced from startup_stm32f10x_hd.o(RESET)
 <LI><a href="#[38]">TIM8_CC_IRQHandler</a> from startup_stm32f10x_hd.o(.text) referenced from startup_stm32f10x_hd.o(RESET)
 <LI><a href="#[37]">TIM8_TRG_COM_IRQHandler</a> from startup_stm32f10x_hd.o(.text) referenced from startup_stm32f10x_hd.o(RESET)
 <LI><a href="#[36]">TIM8_UP_IRQHandler</a> from startup_stm32f10x_hd.o(.text) referenced from startup_stm32f10x_hd.o(RESET)
 <LI><a href="#[3e]">UART4_IRQHandler</a> from startup_stm32f10x_hd.o(.text) referenced from startup_stm32f10x_hd.o(RESET)
 <LI><a href="#[3f]">UART5_IRQHandler</a> from startup_stm32f10x_hd.o(.text) referenced from startup_stm32f10x_hd.o(RESET)
 <LI><a href="#[2f]">USART1_IRQHandler</a> from startup_stm32f10x_hd.o(.text) referenced from startup_stm32f10x_hd.o(RESET)
 <LI><a href="#[30]">USART2_IRQHandler</a> from startup_stm32f10x_hd.o(.text) referenced from startup_stm32f10x_hd.o(RESET)
 <LI><a href="#[31]">USART3_IRQHandler</a> from startup_stm32f10x_hd.o(.text) referenced from startup_stm32f10x_hd.o(RESET)
 <LI><a href="#[34]">USBWakeUp_IRQHandler</a> from startup_stm32f10x_hd.o(.text) referenced from startup_stm32f10x_hd.o(RESET)
 <LI><a href="#[1d]">USB_HP_CAN1_TX_IRQHandler</a> from startup_stm32f10x_hd.o(.text) referenced from startup_stm32f10x_hd.o(RESET)
 <LI><a href="#[1e]">USB_LP_CAN1_RX0_IRQHandler</a> from startup_stm32f10x_hd.o(.text) referenced from startup_stm32f10x_hd.o(RESET)
 <LI><a href="#[5]">UsageFault_Handler</a> from stm32f10x_it.o(.text) referenced from startup_stm32f10x_hd.o(RESET)
 <LI><a href="#[a]">WWDG_IRQHandler</a> from startup_stm32f10x_hd.o(.text) referenced from startup_stm32f10x_hd.o(RESET)
 <LI><a href="#[48]">__main</a> from entry.o(.ARM.Collect$$$$00000000) referenced from startup_stm32f10x_hd.o(.text)
 <LI><a href="#[51]">default_ip_assign</a> from dhcp.o(.text) referenced from dhcp.o(.data)
 <LI><a href="#[51]">default_ip_assign</a> from dhcp.o(.text) referenced from dhcp.o(.text)
 <LI><a href="#[53]">default_ip_conflict</a> from dhcp.o(.text) referenced from dhcp.o(.data)
 <LI><a href="#[53]">default_ip_conflict</a> from dhcp.o(.text) referenced from dhcp.o(.text)
 <LI><a href="#[52]">default_ip_update</a> from dhcp.o(.text) referenced from dhcp.o(.data)
 <LI><a href="#[52]">default_ip_update</a> from dhcp.o(.text) referenced from dhcp.o(.text)
 <LI><a href="#[46]">main</a> from main.o(.text) referenced from entry9a.o(.ARM.Collect$$$$0000000B)
 <LI><a href="#[49]">w5500_cs_deselect</a> from w5500_port_1.o(.text) referenced from w5500_port_1.o(.text)
 <LI><a href="#[4a]">w5500_cs_select</a> from w5500_port_1.o(.text) referenced from w5500_port_1.o(.text)
 <LI><a href="#[135]">w5500_ip_assign</a> from w5500_port_1.o(.text) referenced from w5500_port_1.o(.text)
 <LI><a href="#[13a]">w5500_ip_conflict</a> from w5500_port_1.o(.text) referenced from w5500_port_1.o(.text)
 <LI><a href="#[132]">w5500_spi_read_byte</a> from w5500_port_1.o(.text) referenced from w5500_port_1.o(.text)
 <LI><a href="#[131]">w5500_spi_send_byte</a> from w5500_port_1.o(.text) referenced from w5500_port_1.o(.text)
 <LI><a href="#[4f]">wizchip_bus_readdata</a> from wizchip_conf.o(.text) referenced from wizchip_conf.o(.data)
 <LI><a href="#[4f]">wizchip_bus_readdata</a> from wizchip_conf.o(.text) referenced from wizchip_conf.o(.text)
 <LI><a href="#[50]">wizchip_bus_writedata</a> from wizchip_conf.o(.text) referenced from wizchip_conf.o(.data)
 <LI><a href="#[50]">wizchip_bus_writedata</a> from wizchip_conf.o(.text) referenced from wizchip_conf.o(.text)
 <LI><a href="#[4b]">wizchip_cris_enter</a> from wizchip_conf.o(.text) referenced from wizchip_conf.o(.data)
 <LI><a href="#[4b]">wizchip_cris_enter</a> from wizchip_conf.o(.text) referenced from wizchip_conf.o(.text)
 <LI><a href="#[4c]">wizchip_cris_exit</a> from wizchip_conf.o(.text) referenced from wizchip_conf.o(.data)
 <LI><a href="#[4c]">wizchip_cris_exit</a> from wizchip_conf.o(.text) referenced from wizchip_conf.o(.text)
 <LI><a href="#[4e]">wizchip_cs_deselect</a> from wizchip_conf.o(.text) referenced from wizchip_conf.o(.data)
 <LI><a href="#[4e]">wizchip_cs_deselect</a> from wizchip_conf.o(.text) referenced from wizchip_conf.o(.text)
 <LI><a href="#[4d]">wizchip_cs_select</a> from wizchip_conf.o(.text) referenced from wizchip_conf.o(.data)
 <LI><a href="#[4d]">wizchip_cs_select</a> from wizchip_conf.o(.text) referenced from wizchip_conf.o(.text)
 <LI><a href="#[6d]">wizchip_spi_readburst</a> from wizchip_conf.o(.text) referenced from wizchip_conf.o(.text)
 <LI><a href="#[6b]">wizchip_spi_readbyte</a> from wizchip_conf.o(.text) referenced from wizchip_conf.o(.text)
 <LI><a href="#[6e]">wizchip_spi_writeburst</a> from wizchip_conf.o(.text) referenced from wizchip_conf.o(.text)
 <LI><a href="#[6c]">wizchip_spi_writebyte</a> from wizchip_conf.o(.text) referenced from wizchip_conf.o(.text)
</UL>
<P>
<H3>
Global Symbols
</H3>
<P><STRONG><a name="[48]"></a>__main</STRONG> (Thumb, 0 bytes, Stack size unknown bytes, entry.o(.ARM.Collect$$$$00000000))
<BR>[Address Reference Count : 1]<UL><LI> startup_stm32f10x_hd.o(.text)
</UL>
<P><STRONG><a name="[146]"></a>_main_stk</STRONG> (Thumb, 0 bytes, Stack size unknown bytes, entry2.o(.ARM.Collect$$$$00000001))

<P><STRONG><a name="[54]"></a>_main_scatterload</STRONG> (Thumb, 0 bytes, Stack size unknown bytes, entry5.o(.ARM.Collect$$$$00000004))
<BR><BR>[Calls]<UL><LI><a href="#[55]">&gt;&gt;</a>&nbsp;&nbsp;&nbsp;__scatterload
</UL>

<P><STRONG><a name="[145]"></a>__main_after_scatterload</STRONG> (Thumb, 0 bytes, Stack size unknown bytes, entry5.o(.ARM.Collect$$$$00000004))
<BR><BR>[Called By]<UL><LI><a href="#[55]">&gt;&gt;</a>&nbsp;&nbsp;&nbsp;__scatterload
</UL>

<P><STRONG><a name="[147]"></a>_main_clock</STRONG> (Thumb, 0 bytes, Stack size unknown bytes, entry7b.o(.ARM.Collect$$$$00000008))

<P><STRONG><a name="[148]"></a>_main_cpp_init</STRONG> (Thumb, 0 bytes, Stack size unknown bytes, entry8b.o(.ARM.Collect$$$$0000000A))

<P><STRONG><a name="[149]"></a>_main_init</STRONG> (Thumb, 0 bytes, Stack size unknown bytes, entry9a.o(.ARM.Collect$$$$0000000B))

<P><STRONG><a name="[14a]"></a>__rt_final_cpp</STRONG> (Thumb, 0 bytes, Stack size unknown bytes, entry10a.o(.ARM.Collect$$$$0000000D))

<P><STRONG><a name="[14b]"></a>__rt_final_exit</STRONG> (Thumb, 0 bytes, Stack size unknown bytes, entry11a.o(.ARM.Collect$$$$0000000F))

<P><STRONG><a name="[56]"></a>close</STRONG> (Thumb, 108 bytes, Stack size 16 bytes, socket.o(.text))
<BR><BR>[Stack]<UL><LI>Max Depth = 40<LI>Call Chain = close &rArr; WIZCHIP_WRITE
</UL>
<BR>[Calls]<UL><LI><a href="#[57]">&gt;&gt;</a>&nbsp;&nbsp;&nbsp;WIZCHIP_WRITE
<LI><a href="#[58]">&gt;&gt;</a>&nbsp;&nbsp;&nbsp;WIZCHIP_READ
</UL>
<BR>[Called By]<UL><LI><a href="#[13c]">&gt;&gt;</a>&nbsp;&nbsp;&nbsp;w5500_tcp_client
<LI><a href="#[8d]">&gt;&gt;</a>&nbsp;&nbsp;&nbsp;DHCP_stop
<LI><a href="#[66]">&gt;&gt;</a>&nbsp;&nbsp;&nbsp;recvfrom
<LI><a href="#[62]">&gt;&gt;</a>&nbsp;&nbsp;&nbsp;recv
<LI><a href="#[5f]">&gt;&gt;</a>&nbsp;&nbsp;&nbsp;send
<LI><a href="#[5e]">&gt;&gt;</a>&nbsp;&nbsp;&nbsp;disconnect
<LI><a href="#[5b]">&gt;&gt;</a>&nbsp;&nbsp;&nbsp;listen
<LI><a href="#[59]">&gt;&gt;</a>&nbsp;&nbsp;&nbsp;socket
</UL>

<P><STRONG><a name="[59]"></a>socket</STRONG> (Thumb, 272 bytes, Stack size 32 bytes, socket.o(.text))
<BR><BR>[Stack]<UL><LI>Max Depth = 72<LI>Call Chain = socket &rArr; close &rArr; WIZCHIP_WRITE
</UL>
<BR>[Calls]<UL><LI><a href="#[57]">&gt;&gt;</a>&nbsp;&nbsp;&nbsp;WIZCHIP_WRITE
<LI><a href="#[5a]">&gt;&gt;</a>&nbsp;&nbsp;&nbsp;WIZCHIP_READ_BUF
<LI><a href="#[58]">&gt;&gt;</a>&nbsp;&nbsp;&nbsp;WIZCHIP_READ
<LI><a href="#[56]">&gt;&gt;</a>&nbsp;&nbsp;&nbsp;close
</UL>
<BR>[Called By]<UL><LI><a href="#[13c]">&gt;&gt;</a>&nbsp;&nbsp;&nbsp;w5500_tcp_client
<LI><a href="#[8c]">&gt;&gt;</a>&nbsp;&nbsp;&nbsp;DHCP_run
</UL>

<P><STRONG><a name="[5b]"></a>listen</STRONG> (Thumb, 112 bytes, Stack size 16 bytes, socket.o(.text), UNUSED)
<BR><BR>[Calls]<UL><LI><a href="#[57]">&gt;&gt;</a>&nbsp;&nbsp;&nbsp;WIZCHIP_WRITE
<LI><a href="#[58]">&gt;&gt;</a>&nbsp;&nbsp;&nbsp;WIZCHIP_READ
<LI><a href="#[56]">&gt;&gt;</a>&nbsp;&nbsp;&nbsp;close
</UL>

<P><STRONG><a name="[5c]"></a>connect</STRONG> (Thumb, 258 bytes, Stack size 24 bytes, socket.o(.text))
<BR><BR>[Stack]<UL><LI>Max Depth = 48<LI>Call Chain = connect &rArr; WIZCHIP_WRITE_BUF
</UL>
<BR>[Calls]<UL><LI><a href="#[5d]">&gt;&gt;</a>&nbsp;&nbsp;&nbsp;WIZCHIP_WRITE_BUF
<LI><a href="#[57]">&gt;&gt;</a>&nbsp;&nbsp;&nbsp;WIZCHIP_WRITE
<LI><a href="#[58]">&gt;&gt;</a>&nbsp;&nbsp;&nbsp;WIZCHIP_READ
</UL>
<BR>[Called By]<UL><LI><a href="#[13c]">&gt;&gt;</a>&nbsp;&nbsp;&nbsp;w5500_tcp_client
</UL>

<P><STRONG><a name="[5e]"></a>disconnect</STRONG> (Thumb, 134 bytes, Stack size 16 bytes, socket.o(.text), UNUSED)
<BR><BR>[Calls]<UL><LI><a href="#[57]">&gt;&gt;</a>&nbsp;&nbsp;&nbsp;WIZCHIP_WRITE
<LI><a href="#[58]">&gt;&gt;</a>&nbsp;&nbsp;&nbsp;WIZCHIP_READ
<LI><a href="#[56]">&gt;&gt;</a>&nbsp;&nbsp;&nbsp;close
</UL>

<P><STRONG><a name="[5f]"></a>send</STRONG> (Thumb, 282 bytes, Stack size 40 bytes, socket.o(.text))
<BR><BR>[Stack]<UL><LI>Max Depth = 96<LI>Call Chain = send &rArr; wiz_send_data &rArr; WIZCHIP_WRITE_BUF
</UL>
<BR>[Calls]<UL><LI><a href="#[61]">&gt;&gt;</a>&nbsp;&nbsp;&nbsp;wiz_send_data
<LI><a href="#[60]">&gt;&gt;</a>&nbsp;&nbsp;&nbsp;getSn_TX_FSR
<LI><a href="#[57]">&gt;&gt;</a>&nbsp;&nbsp;&nbsp;WIZCHIP_WRITE
<LI><a href="#[58]">&gt;&gt;</a>&nbsp;&nbsp;&nbsp;WIZCHIP_READ
<LI><a href="#[56]">&gt;&gt;</a>&nbsp;&nbsp;&nbsp;close
</UL>
<BR>[Called By]<UL><LI><a href="#[13c]">&gt;&gt;</a>&nbsp;&nbsp;&nbsp;w5500_tcp_client
</UL>

<P><STRONG><a name="[62]"></a>recv</STRONG> (Thumb, 224 bytes, Stack size 48 bytes, socket.o(.text))
<BR><BR>[Stack]<UL><LI>Max Depth = 112<LI>Call Chain = recv &rArr; wiz_recv_data &rArr; WIZCHIP_READ_BUF
</UL>
<BR>[Calls]<UL><LI><a href="#[64]">&gt;&gt;</a>&nbsp;&nbsp;&nbsp;wiz_recv_data
<LI><a href="#[60]">&gt;&gt;</a>&nbsp;&nbsp;&nbsp;getSn_TX_FSR
<LI><a href="#[63]">&gt;&gt;</a>&nbsp;&nbsp;&nbsp;getSn_RX_RSR
<LI><a href="#[57]">&gt;&gt;</a>&nbsp;&nbsp;&nbsp;WIZCHIP_WRITE
<LI><a href="#[58]">&gt;&gt;</a>&nbsp;&nbsp;&nbsp;WIZCHIP_READ
<LI><a href="#[56]">&gt;&gt;</a>&nbsp;&nbsp;&nbsp;close
</UL>
<BR>[Called By]<UL><LI><a href="#[13c]">&gt;&gt;</a>&nbsp;&nbsp;&nbsp;w5500_tcp_client
</UL>

<P><STRONG><a name="[65]"></a>sendto</STRONG> (Thumb, 360 bytes, Stack size 32 bytes, socket.o(.text))
<BR><BR>[Stack]<UL><LI>Max Depth = 88<LI>Call Chain = sendto &rArr; wiz_send_data &rArr; WIZCHIP_WRITE_BUF
</UL>
<BR>[Calls]<UL><LI><a href="#[61]">&gt;&gt;</a>&nbsp;&nbsp;&nbsp;wiz_send_data
<LI><a href="#[60]">&gt;&gt;</a>&nbsp;&nbsp;&nbsp;getSn_TX_FSR
<LI><a href="#[5d]">&gt;&gt;</a>&nbsp;&nbsp;&nbsp;WIZCHIP_WRITE_BUF
<LI><a href="#[57]">&gt;&gt;</a>&nbsp;&nbsp;&nbsp;WIZCHIP_WRITE
<LI><a href="#[58]">&gt;&gt;</a>&nbsp;&nbsp;&nbsp;WIZCHIP_READ
</UL>
<BR>[Called By]<UL><LI><a href="#[8b]">&gt;&gt;</a>&nbsp;&nbsp;&nbsp;check_DHCP_leasedIP
<LI><a href="#[87]">&gt;&gt;</a>&nbsp;&nbsp;&nbsp;send_DHCP_DECLINE
<LI><a href="#[86]">&gt;&gt;</a>&nbsp;&nbsp;&nbsp;send_DHCP_REQUEST
<LI><a href="#[85]">&gt;&gt;</a>&nbsp;&nbsp;&nbsp;send_DHCP_DISCOVER
</UL>

<P><STRONG><a name="[66]"></a>recvfrom</STRONG> (Thumb, 442 bytes, Stack size 64 bytes, socket.o(.text))
<BR><BR>[Stack]<UL><LI>Max Depth = 128<LI>Call Chain = recvfrom &rArr; wiz_recv_data &rArr; WIZCHIP_READ_BUF
</UL>
<BR>[Calls]<UL><LI><a href="#[67]">&gt;&gt;</a>&nbsp;&nbsp;&nbsp;wiz_recv_ignore
<LI><a href="#[64]">&gt;&gt;</a>&nbsp;&nbsp;&nbsp;wiz_recv_data
<LI><a href="#[63]">&gt;&gt;</a>&nbsp;&nbsp;&nbsp;getSn_RX_RSR
<LI><a href="#[57]">&gt;&gt;</a>&nbsp;&nbsp;&nbsp;WIZCHIP_WRITE
<LI><a href="#[58]">&gt;&gt;</a>&nbsp;&nbsp;&nbsp;WIZCHIP_READ
<LI><a href="#[56]">&gt;&gt;</a>&nbsp;&nbsp;&nbsp;close
</UL>
<BR>[Called By]<UL><LI><a href="#[88]">&gt;&gt;</a>&nbsp;&nbsp;&nbsp;parseDHCPMSG
</UL>

<P><STRONG><a name="[68]"></a>ctlsocket</STRONG> (Thumb, 184 bytes, Stack size 24 bytes, socket.o(.text), UNUSED)
<BR><BR>[Calls]<UL><LI><a href="#[57]">&gt;&gt;</a>&nbsp;&nbsp;&nbsp;WIZCHIP_WRITE
<LI><a href="#[58]">&gt;&gt;</a>&nbsp;&nbsp;&nbsp;WIZCHIP_READ
</UL>

<P><STRONG><a name="[69]"></a>setsockopt</STRONG> (Thumb, 258 bytes, Stack size 24 bytes, socket.o(.text), UNUSED)
<BR><BR>[Calls]<UL><LI><a href="#[5d]">&gt;&gt;</a>&nbsp;&nbsp;&nbsp;WIZCHIP_WRITE_BUF
<LI><a href="#[57]">&gt;&gt;</a>&nbsp;&nbsp;&nbsp;WIZCHIP_WRITE
<LI><a href="#[58]">&gt;&gt;</a>&nbsp;&nbsp;&nbsp;WIZCHIP_READ
</UL>

<P><STRONG><a name="[6a]"></a>getsockopt</STRONG> (Thumb, 264 bytes, Stack size 16 bytes, socket.o(.text), UNUSED)
<BR><BR>[Calls]<UL><LI><a href="#[60]">&gt;&gt;</a>&nbsp;&nbsp;&nbsp;getSn_TX_FSR
<LI><a href="#[63]">&gt;&gt;</a>&nbsp;&nbsp;&nbsp;getSn_RX_RSR
<LI><a href="#[5a]">&gt;&gt;</a>&nbsp;&nbsp;&nbsp;WIZCHIP_READ_BUF
<LI><a href="#[58]">&gt;&gt;</a>&nbsp;&nbsp;&nbsp;WIZCHIP_READ
</UL>

<P><STRONG><a name="[4b]"></a>wizchip_cris_enter</STRONG> (Thumb, 2 bytes, Stack size 0 bytes, wizchip_conf.o(.text))
<BR>[Address Reference Count : 2]<UL><LI> wizchip_conf.o(.data)
<LI> wizchip_conf.o(.text)
</UL>
<P><STRONG><a name="[4c]"></a>wizchip_cris_exit</STRONG> (Thumb, 2 bytes, Stack size 0 bytes, wizchip_conf.o(.text))
<BR>[Address Reference Count : 2]<UL><LI> wizchip_conf.o(.data)
<LI> wizchip_conf.o(.text)
</UL>
<P><STRONG><a name="[4d]"></a>wizchip_cs_select</STRONG> (Thumb, 2 bytes, Stack size 0 bytes, wizchip_conf.o(.text))
<BR>[Address Reference Count : 2]<UL><LI> wizchip_conf.o(.data)
<LI> wizchip_conf.o(.text)
</UL>
<P><STRONG><a name="[4e]"></a>wizchip_cs_deselect</STRONG> (Thumb, 2 bytes, Stack size 0 bytes, wizchip_conf.o(.text))
<BR>[Address Reference Count : 2]<UL><LI> wizchip_conf.o(.data)
<LI> wizchip_conf.o(.text)
</UL>
<P><STRONG><a name="[4f]"></a>wizchip_bus_readdata</STRONG> (Thumb, 4 bytes, Stack size 0 bytes, wizchip_conf.o(.text))
<BR>[Address Reference Count : 2]<UL><LI> wizchip_conf.o(.data)
<LI> wizchip_conf.o(.text)
</UL>
<P><STRONG><a name="[50]"></a>wizchip_bus_writedata</STRONG> (Thumb, 4 bytes, Stack size 0 bytes, wizchip_conf.o(.text))
<BR>[Address Reference Count : 2]<UL><LI> wizchip_conf.o(.data)
<LI> wizchip_conf.o(.text)
</UL>
<P><STRONG><a name="[6b]"></a>wizchip_spi_readbyte</STRONG> (Thumb, 4 bytes, Stack size 0 bytes, wizchip_conf.o(.text))
<BR>[Address Reference Count : 1]<UL><LI> wizchip_conf.o(.text)
</UL>
<P><STRONG><a name="[6c]"></a>wizchip_spi_writebyte</STRONG> (Thumb, 2 bytes, Stack size 0 bytes, wizchip_conf.o(.text))
<BR>[Address Reference Count : 1]<UL><LI> wizchip_conf.o(.text)
</UL>
<P><STRONG><a name="[6d]"></a>wizchip_spi_readburst</STRONG> (Thumb, 2 bytes, Stack size 0 bytes, wizchip_conf.o(.text))
<BR>[Address Reference Count : 1]<UL><LI> wizchip_conf.o(.text)
</UL>
<P><STRONG><a name="[6e]"></a>wizchip_spi_writeburst</STRONG> (Thumb, 2 bytes, Stack size 0 bytes, wizchip_conf.o(.text))
<BR>[Address Reference Count : 1]<UL><LI> wizchip_conf.o(.text)
</UL>
<P><STRONG><a name="[14c]"></a>reg_wizchip_cris_cbfunc</STRONG> (Thumb, 26 bytes, Stack size 0 bytes, wizchip_conf.o(.text), UNUSED)

<P><STRONG><a name="[140]"></a>reg_wizchip_cs_cbfunc</STRONG> (Thumb, 26 bytes, Stack size 0 bytes, wizchip_conf.o(.text))
<BR><BR>[Called By]<UL><LI><a href="#[13d]">&gt;&gt;</a>&nbsp;&nbsp;&nbsp;w5500_init
</UL>

<P><STRONG><a name="[14d]"></a>reg_wizchip_bus_cbfunc</STRONG> (Thumb, 34 bytes, Stack size 8 bytes, wizchip_conf.o(.text), UNUSED)

<P><STRONG><a name="[141]"></a>reg_wizchip_spi_cbfunc</STRONG> (Thumb, 34 bytes, Stack size 8 bytes, wizchip_conf.o(.text))
<BR><BR>[Stack]<UL><LI>Max Depth = 8<LI>Call Chain = reg_wizchip_spi_cbfunc
</UL>
<BR>[Called By]<UL><LI><a href="#[13d]">&gt;&gt;</a>&nbsp;&nbsp;&nbsp;w5500_init
</UL>

<P><STRONG><a name="[14e]"></a>reg_wizchip_spiburst_cbfunc</STRONG> (Thumb, 34 bytes, Stack size 8 bytes, wizchip_conf.o(.text), UNUSED)

<P><STRONG><a name="[6f]"></a>wizphy_getphylink</STRONG> (Thumb, 18 bytes, Stack size 8 bytes, wizchip_conf.o(.text))
<BR><BR>[Stack]<UL><LI>Max Depth = 32<LI>Call Chain = wizphy_getphylink &rArr; WIZCHIP_READ
</UL>
<BR>[Calls]<UL><LI><a href="#[58]">&gt;&gt;</a>&nbsp;&nbsp;&nbsp;WIZCHIP_READ
</UL>
<BR>[Called By]<UL><LI><a href="#[7b]">&gt;&gt;</a>&nbsp;&nbsp;&nbsp;ctlwizchip
</UL>

<P><STRONG><a name="[70]"></a>wizphy_getphypmode</STRONG> (Thumb, 24 bytes, Stack size 8 bytes, wizchip_conf.o(.text))
<BR><BR>[Stack]<UL><LI>Max Depth = 32<LI>Call Chain = wizphy_getphypmode &rArr; WIZCHIP_READ
</UL>
<BR>[Calls]<UL><LI><a href="#[58]">&gt;&gt;</a>&nbsp;&nbsp;&nbsp;WIZCHIP_READ
</UL>
<BR>[Called By]<UL><LI><a href="#[7b]">&gt;&gt;</a>&nbsp;&nbsp;&nbsp;ctlwizchip
</UL>

<P><STRONG><a name="[71]"></a>wizphy_reset</STRONG> (Thumb, 42 bytes, Stack size 8 bytes, wizchip_conf.o(.text))
<BR><BR>[Stack]<UL><LI>Max Depth = 32<LI>Call Chain = wizphy_reset &rArr; WIZCHIP_WRITE
</UL>
<BR>[Calls]<UL><LI><a href="#[57]">&gt;&gt;</a>&nbsp;&nbsp;&nbsp;WIZCHIP_WRITE
<LI><a href="#[58]">&gt;&gt;</a>&nbsp;&nbsp;&nbsp;WIZCHIP_READ
</UL>
<BR>[Called By]<UL><LI><a href="#[7b]">&gt;&gt;</a>&nbsp;&nbsp;&nbsp;ctlwizchip
<LI><a href="#[74]">&gt;&gt;</a>&nbsp;&nbsp;&nbsp;wizphy_setphyconf
<LI><a href="#[72]">&gt;&gt;</a>&nbsp;&nbsp;&nbsp;wizphy_setphypmode
</UL>

<P><STRONG><a name="[72]"></a>wizphy_setphypmode</STRONG> (Thumb, 80 bytes, Stack size 16 bytes, wizchip_conf.o(.text))
<BR><BR>[Stack]<UL><LI>Max Depth = 48<LI>Call Chain = wizphy_setphypmode &rArr; wizphy_reset &rArr; WIZCHIP_WRITE
</UL>
<BR>[Calls]<UL><LI><a href="#[71]">&gt;&gt;</a>&nbsp;&nbsp;&nbsp;wizphy_reset
<LI><a href="#[57]">&gt;&gt;</a>&nbsp;&nbsp;&nbsp;WIZCHIP_WRITE
<LI><a href="#[58]">&gt;&gt;</a>&nbsp;&nbsp;&nbsp;WIZCHIP_READ
</UL>
<BR>[Called By]<UL><LI><a href="#[7b]">&gt;&gt;</a>&nbsp;&nbsp;&nbsp;ctlwizchip
</UL>

<P><STRONG><a name="[73]"></a>wizphy_getphyconf</STRONG> (Thumb, 78 bytes, Stack size 8 bytes, wizchip_conf.o(.text))
<BR><BR>[Stack]<UL><LI>Max Depth = 32<LI>Call Chain = wizphy_getphyconf &rArr; WIZCHIP_READ
</UL>
<BR>[Calls]<UL><LI><a href="#[58]">&gt;&gt;</a>&nbsp;&nbsp;&nbsp;WIZCHIP_READ
</UL>
<BR>[Called By]<UL><LI><a href="#[7b]">&gt;&gt;</a>&nbsp;&nbsp;&nbsp;ctlwizchip
</UL>

<P><STRONG><a name="[74]"></a>wizphy_setphyconf</STRONG> (Thumb, 72 bytes, Stack size 8 bytes, wizchip_conf.o(.text))
<BR><BR>[Stack]<UL><LI>Max Depth = 40<LI>Call Chain = wizphy_setphyconf &rArr; wizphy_reset &rArr; WIZCHIP_WRITE
</UL>
<BR>[Calls]<UL><LI><a href="#[71]">&gt;&gt;</a>&nbsp;&nbsp;&nbsp;wizphy_reset
<LI><a href="#[57]">&gt;&gt;</a>&nbsp;&nbsp;&nbsp;WIZCHIP_WRITE
</UL>
<BR>[Called By]<UL><LI><a href="#[7b]">&gt;&gt;</a>&nbsp;&nbsp;&nbsp;ctlwizchip
</UL>

<P><STRONG><a name="[75]"></a>wizchip_getinterruptmask</STRONG> (Thumb, 28 bytes, Stack size 8 bytes, wizchip_conf.o(.text))
<BR><BR>[Stack]<UL><LI>Max Depth = 32<LI>Call Chain = wizchip_getinterruptmask &rArr; WIZCHIP_READ
</UL>
<BR>[Calls]<UL><LI><a href="#[58]">&gt;&gt;</a>&nbsp;&nbsp;&nbsp;WIZCHIP_READ
</UL>
<BR>[Called By]<UL><LI><a href="#[7b]">&gt;&gt;</a>&nbsp;&nbsp;&nbsp;ctlwizchip
</UL>

<P><STRONG><a name="[76]"></a>wizchip_setinterruptmask</STRONG> (Thumb, 28 bytes, Stack size 8 bytes, wizchip_conf.o(.text))
<BR><BR>[Stack]<UL><LI>Max Depth = 32<LI>Call Chain = wizchip_setinterruptmask &rArr; WIZCHIP_WRITE
</UL>
<BR>[Calls]<UL><LI><a href="#[57]">&gt;&gt;</a>&nbsp;&nbsp;&nbsp;WIZCHIP_WRITE
</UL>
<BR>[Called By]<UL><LI><a href="#[7b]">&gt;&gt;</a>&nbsp;&nbsp;&nbsp;ctlwizchip
</UL>

<P><STRONG><a name="[77]"></a>wizchip_getinterrupt</STRONG> (Thumb, 30 bytes, Stack size 8 bytes, wizchip_conf.o(.text))
<BR><BR>[Stack]<UL><LI>Max Depth = 32<LI>Call Chain = wizchip_getinterrupt &rArr; WIZCHIP_READ
</UL>
<BR>[Calls]<UL><LI><a href="#[58]">&gt;&gt;</a>&nbsp;&nbsp;&nbsp;WIZCHIP_READ
</UL>
<BR>[Called By]<UL><LI><a href="#[7b]">&gt;&gt;</a>&nbsp;&nbsp;&nbsp;ctlwizchip
</UL>

<P><STRONG><a name="[78]"></a>wizchip_clrinterrupt</STRONG> (Thumb, 30 bytes, Stack size 8 bytes, wizchip_conf.o(.text))
<BR><BR>[Stack]<UL><LI>Max Depth = 32<LI>Call Chain = wizchip_clrinterrupt &rArr; WIZCHIP_WRITE
</UL>
<BR>[Calls]<UL><LI><a href="#[57]">&gt;&gt;</a>&nbsp;&nbsp;&nbsp;WIZCHIP_WRITE
</UL>
<BR>[Called By]<UL><LI><a href="#[7b]">&gt;&gt;</a>&nbsp;&nbsp;&nbsp;ctlwizchip
</UL>

<P><STRONG><a name="[79]"></a>wizchip_sw_reset</STRONG> (Thumb, 116 bytes, Stack size 40 bytes, wizchip_conf.o(.text))
<BR><BR>[Stack]<UL><LI>Max Depth = 72<LI>Call Chain = wizchip_sw_reset &rArr; WIZCHIP_READ_BUF
</UL>
<BR>[Calls]<UL><LI><a href="#[5d]">&gt;&gt;</a>&nbsp;&nbsp;&nbsp;WIZCHIP_WRITE_BUF
<LI><a href="#[57]">&gt;&gt;</a>&nbsp;&nbsp;&nbsp;WIZCHIP_WRITE
<LI><a href="#[5a]">&gt;&gt;</a>&nbsp;&nbsp;&nbsp;WIZCHIP_READ_BUF
<LI><a href="#[58]">&gt;&gt;</a>&nbsp;&nbsp;&nbsp;WIZCHIP_READ
</UL>
<BR>[Called By]<UL><LI><a href="#[7b]">&gt;&gt;</a>&nbsp;&nbsp;&nbsp;ctlwizchip
<LI><a href="#[7a]">&gt;&gt;</a>&nbsp;&nbsp;&nbsp;wizchip_init
</UL>

<P><STRONG><a name="[7a]"></a>wizchip_init</STRONG> (Thumb, 122 bytes, Stack size 24 bytes, wizchip_conf.o(.text))
<BR><BR>[Stack]<UL><LI>Max Depth = 96<LI>Call Chain = wizchip_init &rArr; wizchip_sw_reset &rArr; WIZCHIP_READ_BUF
</UL>
<BR>[Calls]<UL><LI><a href="#[79]">&gt;&gt;</a>&nbsp;&nbsp;&nbsp;wizchip_sw_reset
<LI><a href="#[57]">&gt;&gt;</a>&nbsp;&nbsp;&nbsp;WIZCHIP_WRITE
</UL>
<BR>[Called By]<UL><LI><a href="#[7b]">&gt;&gt;</a>&nbsp;&nbsp;&nbsp;ctlwizchip
</UL>

<P><STRONG><a name="[7b]"></a>ctlwizchip</STRONG> (Thumb, 224 bytes, Stack size 24 bytes, wizchip_conf.o(.text))
<BR><BR>[Stack]<UL><LI>Max Depth = 120<LI>Call Chain = ctlwizchip &rArr; wizchip_init &rArr; wizchip_sw_reset &rArr; WIZCHIP_READ_BUF
</UL>
<BR>[Calls]<UL><LI><a href="#[7a]">&gt;&gt;</a>&nbsp;&nbsp;&nbsp;wizchip_init
<LI><a href="#[79]">&gt;&gt;</a>&nbsp;&nbsp;&nbsp;wizchip_sw_reset
<LI><a href="#[78]">&gt;&gt;</a>&nbsp;&nbsp;&nbsp;wizchip_clrinterrupt
<LI><a href="#[77]">&gt;&gt;</a>&nbsp;&nbsp;&nbsp;wizchip_getinterrupt
<LI><a href="#[76]">&gt;&gt;</a>&nbsp;&nbsp;&nbsp;wizchip_setinterruptmask
<LI><a href="#[75]">&gt;&gt;</a>&nbsp;&nbsp;&nbsp;wizchip_getinterruptmask
<LI><a href="#[74]">&gt;&gt;</a>&nbsp;&nbsp;&nbsp;wizphy_setphyconf
<LI><a href="#[73]">&gt;&gt;</a>&nbsp;&nbsp;&nbsp;wizphy_getphyconf
<LI><a href="#[72]">&gt;&gt;</a>&nbsp;&nbsp;&nbsp;wizphy_setphypmode
<LI><a href="#[71]">&gt;&gt;</a>&nbsp;&nbsp;&nbsp;wizphy_reset
<LI><a href="#[70]">&gt;&gt;</a>&nbsp;&nbsp;&nbsp;wizphy_getphypmode
<LI><a href="#[6f]">&gt;&gt;</a>&nbsp;&nbsp;&nbsp;wizphy_getphylink
<LI><a href="#[57]">&gt;&gt;</a>&nbsp;&nbsp;&nbsp;WIZCHIP_WRITE
<LI><a href="#[58]">&gt;&gt;</a>&nbsp;&nbsp;&nbsp;WIZCHIP_READ
</UL>
<BR>[Called By]<UL><LI><a href="#[133]">&gt;&gt;</a>&nbsp;&nbsp;&nbsp;w5500_timer_isr
<LI><a href="#[13d]">&gt;&gt;</a>&nbsp;&nbsp;&nbsp;w5500_init
</UL>

<P><STRONG><a name="[7c]"></a>wizchip_gettimeout</STRONG> (Thumb, 40 bytes, Stack size 16 bytes, wizchip_conf.o(.text))
<BR><BR>[Stack]<UL><LI>Max Depth = 40<LI>Call Chain = wizchip_gettimeout &rArr; WIZCHIP_READ
</UL>
<BR>[Calls]<UL><LI><a href="#[58]">&gt;&gt;</a>&nbsp;&nbsp;&nbsp;WIZCHIP_READ
</UL>
<BR>[Called By]<UL><LI><a href="#[82]">&gt;&gt;</a>&nbsp;&nbsp;&nbsp;ctlnetwork
</UL>

<P><STRONG><a name="[7d]"></a>wizchip_settimeout</STRONG> (Thumb, 40 bytes, Stack size 8 bytes, wizchip_conf.o(.text))
<BR><BR>[Stack]<UL><LI>Max Depth = 32<LI>Call Chain = wizchip_settimeout &rArr; WIZCHIP_WRITE
</UL>
<BR>[Calls]<UL><LI><a href="#[57]">&gt;&gt;</a>&nbsp;&nbsp;&nbsp;WIZCHIP_WRITE
</UL>
<BR>[Called By]<UL><LI><a href="#[82]">&gt;&gt;</a>&nbsp;&nbsp;&nbsp;ctlnetwork
</UL>

<P><STRONG><a name="[7e]"></a>wizchip_getnetmode</STRONG> (Thumb, 6 bytes, Stack size 0 bytes, wizchip_conf.o(.text))
<BR><BR>[Stack]<UL><LI>Max Depth = 24<LI>Call Chain = wizchip_getnetmode &rArr; WIZCHIP_READ
</UL>
<BR>[Calls]<UL><LI><a href="#[58]">&gt;&gt;</a>&nbsp;&nbsp;&nbsp;WIZCHIP_READ
</UL>
<BR>[Called By]<UL><LI><a href="#[82]">&gt;&gt;</a>&nbsp;&nbsp;&nbsp;ctlnetwork
</UL>

<P><STRONG><a name="[7f]"></a>wizchip_setnetmode</STRONG> (Thumb, 36 bytes, Stack size 8 bytes, wizchip_conf.o(.text))
<BR><BR>[Stack]<UL><LI>Max Depth = 32<LI>Call Chain = wizchip_setnetmode &rArr; WIZCHIP_WRITE
</UL>
<BR>[Calls]<UL><LI><a href="#[57]">&gt;&gt;</a>&nbsp;&nbsp;&nbsp;WIZCHIP_WRITE
<LI><a href="#[58]">&gt;&gt;</a>&nbsp;&nbsp;&nbsp;WIZCHIP_READ
</UL>
<BR>[Called By]<UL><LI><a href="#[82]">&gt;&gt;</a>&nbsp;&nbsp;&nbsp;ctlnetwork
</UL>

<P><STRONG><a name="[80]"></a>wizchip_getnetinfo</STRONG> (Thumb, 82 bytes, Stack size 8 bytes, wizchip_conf.o(.text))
<BR><BR>[Stack]<UL><LI>Max Depth = 40<LI>Call Chain = wizchip_getnetinfo &rArr; WIZCHIP_READ_BUF
</UL>
<BR>[Calls]<UL><LI><a href="#[5a]">&gt;&gt;</a>&nbsp;&nbsp;&nbsp;WIZCHIP_READ_BUF
</UL>
<BR>[Called By]<UL><LI><a href="#[82]">&gt;&gt;</a>&nbsp;&nbsp;&nbsp;ctlnetwork
</UL>

<P><STRONG><a name="[81]"></a>wizchip_setnetinfo</STRONG> (Thumb, 82 bytes, Stack size 8 bytes, wizchip_conf.o(.text))
<BR><BR>[Stack]<UL><LI>Max Depth = 32<LI>Call Chain = wizchip_setnetinfo &rArr; WIZCHIP_WRITE_BUF
</UL>
<BR>[Calls]<UL><LI><a href="#[5d]">&gt;&gt;</a>&nbsp;&nbsp;&nbsp;WIZCHIP_WRITE_BUF
</UL>
<BR>[Called By]<UL><LI><a href="#[82]">&gt;&gt;</a>&nbsp;&nbsp;&nbsp;ctlnetwork
</UL>

<P><STRONG><a name="[82]"></a>ctlnetwork</STRONG> (Thumb, 74 bytes, Stack size 8 bytes, wizchip_conf.o(.text))
<BR><BR>[Stack]<UL><LI>Max Depth = 48<LI>Call Chain = ctlnetwork &rArr; wizchip_getnetinfo &rArr; WIZCHIP_READ_BUF
</UL>
<BR>[Calls]<UL><LI><a href="#[81]">&gt;&gt;</a>&nbsp;&nbsp;&nbsp;wizchip_setnetinfo
<LI><a href="#[80]">&gt;&gt;</a>&nbsp;&nbsp;&nbsp;wizchip_getnetinfo
<LI><a href="#[7f]">&gt;&gt;</a>&nbsp;&nbsp;&nbsp;wizchip_setnetmode
<LI><a href="#[7e]">&gt;&gt;</a>&nbsp;&nbsp;&nbsp;wizchip_getnetmode
<LI><a href="#[7d]">&gt;&gt;</a>&nbsp;&nbsp;&nbsp;wizchip_settimeout
<LI><a href="#[7c]">&gt;&gt;</a>&nbsp;&nbsp;&nbsp;wizchip_gettimeout
</UL>
<BR>[Called By]<UL><LI><a href="#[135]">&gt;&gt;</a>&nbsp;&nbsp;&nbsp;w5500_ip_assign
</UL>

<P><STRONG><a name="[83]"></a>wizphy_getphystat</STRONG> (Thumb, 26 bytes, Stack size 8 bytes, wizchip_conf.o(.text), UNUSED)
<BR><BR>[Calls]<UL><LI><a href="#[58]">&gt;&gt;</a>&nbsp;&nbsp;&nbsp;WIZCHIP_READ
</UL>

<P><STRONG><a name="[58]"></a>WIZCHIP_READ</STRONG> (Thumb, 84 bytes, Stack size 24 bytes, w5500.o(.text))
<BR><BR>[Stack]<UL><LI>Max Depth = 24<LI>Call Chain = WIZCHIP_READ
</UL>
<BR>[Called By]<UL><LI><a href="#[13c]">&gt;&gt;</a>&nbsp;&nbsp;&nbsp;w5500_tcp_client
<LI><a href="#[8c]">&gt;&gt;</a>&nbsp;&nbsp;&nbsp;DHCP_run
<LI><a href="#[8b]">&gt;&gt;</a>&nbsp;&nbsp;&nbsp;check_DHCP_leasedIP
<LI><a href="#[53]">&gt;&gt;</a>&nbsp;&nbsp;&nbsp;default_ip_conflict
<LI><a href="#[52]">&gt;&gt;</a>&nbsp;&nbsp;&nbsp;default_ip_update
<LI><a href="#[83]">&gt;&gt;</a>&nbsp;&nbsp;&nbsp;wizphy_getphystat
<LI><a href="#[7f]">&gt;&gt;</a>&nbsp;&nbsp;&nbsp;wizchip_setnetmode
<LI><a href="#[7e]">&gt;&gt;</a>&nbsp;&nbsp;&nbsp;wizchip_getnetmode
<LI><a href="#[7c]">&gt;&gt;</a>&nbsp;&nbsp;&nbsp;wizchip_gettimeout
<LI><a href="#[7b]">&gt;&gt;</a>&nbsp;&nbsp;&nbsp;ctlwizchip
<LI><a href="#[79]">&gt;&gt;</a>&nbsp;&nbsp;&nbsp;wizchip_sw_reset
<LI><a href="#[77]">&gt;&gt;</a>&nbsp;&nbsp;&nbsp;wizchip_getinterrupt
<LI><a href="#[75]">&gt;&gt;</a>&nbsp;&nbsp;&nbsp;wizchip_getinterruptmask
<LI><a href="#[73]">&gt;&gt;</a>&nbsp;&nbsp;&nbsp;wizphy_getphyconf
<LI><a href="#[72]">&gt;&gt;</a>&nbsp;&nbsp;&nbsp;wizphy_setphypmode
<LI><a href="#[71]">&gt;&gt;</a>&nbsp;&nbsp;&nbsp;wizphy_reset
<LI><a href="#[70]">&gt;&gt;</a>&nbsp;&nbsp;&nbsp;wizphy_getphypmode
<LI><a href="#[6f]">&gt;&gt;</a>&nbsp;&nbsp;&nbsp;wizphy_getphylink
<LI><a href="#[61]">&gt;&gt;</a>&nbsp;&nbsp;&nbsp;wiz_send_data
<LI><a href="#[67]">&gt;&gt;</a>&nbsp;&nbsp;&nbsp;wiz_recv_ignore
<LI><a href="#[64]">&gt;&gt;</a>&nbsp;&nbsp;&nbsp;wiz_recv_data
<LI><a href="#[60]">&gt;&gt;</a>&nbsp;&nbsp;&nbsp;getSn_TX_FSR
<LI><a href="#[63]">&gt;&gt;</a>&nbsp;&nbsp;&nbsp;getSn_RX_RSR
<LI><a href="#[6a]">&gt;&gt;</a>&nbsp;&nbsp;&nbsp;getsockopt
<LI><a href="#[69]">&gt;&gt;</a>&nbsp;&nbsp;&nbsp;setsockopt
<LI><a href="#[68]">&gt;&gt;</a>&nbsp;&nbsp;&nbsp;ctlsocket
<LI><a href="#[66]">&gt;&gt;</a>&nbsp;&nbsp;&nbsp;recvfrom
<LI><a href="#[65]">&gt;&gt;</a>&nbsp;&nbsp;&nbsp;sendto
<LI><a href="#[62]">&gt;&gt;</a>&nbsp;&nbsp;&nbsp;recv
<LI><a href="#[5f]">&gt;&gt;</a>&nbsp;&nbsp;&nbsp;send
<LI><a href="#[5e]">&gt;&gt;</a>&nbsp;&nbsp;&nbsp;disconnect
<LI><a href="#[5c]">&gt;&gt;</a>&nbsp;&nbsp;&nbsp;connect
<LI><a href="#[5b]">&gt;&gt;</a>&nbsp;&nbsp;&nbsp;listen
<LI><a href="#[59]">&gt;&gt;</a>&nbsp;&nbsp;&nbsp;socket
<LI><a href="#[56]">&gt;&gt;</a>&nbsp;&nbsp;&nbsp;close
</UL>

<P><STRONG><a name="[57]"></a>WIZCHIP_WRITE</STRONG> (Thumb, 90 bytes, Stack size 24 bytes, w5500.o(.text))
<BR><BR>[Stack]<UL><LI>Max Depth = 24<LI>Call Chain = WIZCHIP_WRITE
</UL>
<BR>[Called By]<UL><LI><a href="#[13c]">&gt;&gt;</a>&nbsp;&nbsp;&nbsp;w5500_tcp_client
<LI><a href="#[8b]">&gt;&gt;</a>&nbsp;&nbsp;&nbsp;check_DHCP_leasedIP
<LI><a href="#[53]">&gt;&gt;</a>&nbsp;&nbsp;&nbsp;default_ip_conflict
<LI><a href="#[52]">&gt;&gt;</a>&nbsp;&nbsp;&nbsp;default_ip_update
<LI><a href="#[7f]">&gt;&gt;</a>&nbsp;&nbsp;&nbsp;wizchip_setnetmode
<LI><a href="#[7d]">&gt;&gt;</a>&nbsp;&nbsp;&nbsp;wizchip_settimeout
<LI><a href="#[7b]">&gt;&gt;</a>&nbsp;&nbsp;&nbsp;ctlwizchip
<LI><a href="#[7a]">&gt;&gt;</a>&nbsp;&nbsp;&nbsp;wizchip_init
<LI><a href="#[79]">&gt;&gt;</a>&nbsp;&nbsp;&nbsp;wizchip_sw_reset
<LI><a href="#[78]">&gt;&gt;</a>&nbsp;&nbsp;&nbsp;wizchip_clrinterrupt
<LI><a href="#[76]">&gt;&gt;</a>&nbsp;&nbsp;&nbsp;wizchip_setinterruptmask
<LI><a href="#[74]">&gt;&gt;</a>&nbsp;&nbsp;&nbsp;wizphy_setphyconf
<LI><a href="#[72]">&gt;&gt;</a>&nbsp;&nbsp;&nbsp;wizphy_setphypmode
<LI><a href="#[71]">&gt;&gt;</a>&nbsp;&nbsp;&nbsp;wizphy_reset
<LI><a href="#[61]">&gt;&gt;</a>&nbsp;&nbsp;&nbsp;wiz_send_data
<LI><a href="#[67]">&gt;&gt;</a>&nbsp;&nbsp;&nbsp;wiz_recv_ignore
<LI><a href="#[64]">&gt;&gt;</a>&nbsp;&nbsp;&nbsp;wiz_recv_data
<LI><a href="#[69]">&gt;&gt;</a>&nbsp;&nbsp;&nbsp;setsockopt
<LI><a href="#[68]">&gt;&gt;</a>&nbsp;&nbsp;&nbsp;ctlsocket
<LI><a href="#[66]">&gt;&gt;</a>&nbsp;&nbsp;&nbsp;recvfrom
<LI><a href="#[65]">&gt;&gt;</a>&nbsp;&nbsp;&nbsp;sendto
<LI><a href="#[62]">&gt;&gt;</a>&nbsp;&nbsp;&nbsp;recv
<LI><a href="#[5f]">&gt;&gt;</a>&nbsp;&nbsp;&nbsp;send
<LI><a href="#[5e]">&gt;&gt;</a>&nbsp;&nbsp;&nbsp;disconnect
<LI><a href="#[5c]">&gt;&gt;</a>&nbsp;&nbsp;&nbsp;connect
<LI><a href="#[5b]">&gt;&gt;</a>&nbsp;&nbsp;&nbsp;listen
<LI><a href="#[59]">&gt;&gt;</a>&nbsp;&nbsp;&nbsp;socket
<LI><a href="#[56]">&gt;&gt;</a>&nbsp;&nbsp;&nbsp;close
</UL>

<P><STRONG><a name="[5a]"></a>WIZCHIP_READ_BUF</STRONG> (Thumb, 112 bytes, Stack size 32 bytes, w5500.o(.text))
<BR><BR>[Stack]<UL><LI>Max Depth = 32<LI>Call Chain = WIZCHIP_READ_BUF
</UL>
<BR>[Called By]<UL><LI><a href="#[8e]">&gt;&gt;</a>&nbsp;&nbsp;&nbsp;DHCP_init
<LI><a href="#[84]">&gt;&gt;</a>&nbsp;&nbsp;&nbsp;makeDHCPMSG
<LI><a href="#[80]">&gt;&gt;</a>&nbsp;&nbsp;&nbsp;wizchip_getnetinfo
<LI><a href="#[79]">&gt;&gt;</a>&nbsp;&nbsp;&nbsp;wizchip_sw_reset
<LI><a href="#[64]">&gt;&gt;</a>&nbsp;&nbsp;&nbsp;wiz_recv_data
<LI><a href="#[6a]">&gt;&gt;</a>&nbsp;&nbsp;&nbsp;getsockopt
<LI><a href="#[59]">&gt;&gt;</a>&nbsp;&nbsp;&nbsp;socket
</UL>

<P><STRONG><a name="[5d]"></a>WIZCHIP_WRITE_BUF</STRONG> (Thumb, 108 bytes, Stack size 24 bytes, w5500.o(.text))
<BR><BR>[Stack]<UL><LI>Max Depth = 24<LI>Call Chain = WIZCHIP_WRITE_BUF
</UL>
<BR>[Called By]<UL><LI><a href="#[13e]">&gt;&gt;</a>&nbsp;&nbsp;&nbsp;start_dhcp
<LI><a href="#[8e]">&gt;&gt;</a>&nbsp;&nbsp;&nbsp;DHCP_init
<LI><a href="#[53]">&gt;&gt;</a>&nbsp;&nbsp;&nbsp;default_ip_conflict
<LI><a href="#[52]">&gt;&gt;</a>&nbsp;&nbsp;&nbsp;default_ip_update
<LI><a href="#[51]">&gt;&gt;</a>&nbsp;&nbsp;&nbsp;default_ip_assign
<LI><a href="#[81]">&gt;&gt;</a>&nbsp;&nbsp;&nbsp;wizchip_setnetinfo
<LI><a href="#[79]">&gt;&gt;</a>&nbsp;&nbsp;&nbsp;wizchip_sw_reset
<LI><a href="#[61]">&gt;&gt;</a>&nbsp;&nbsp;&nbsp;wiz_send_data
<LI><a href="#[69]">&gt;&gt;</a>&nbsp;&nbsp;&nbsp;setsockopt
<LI><a href="#[65]">&gt;&gt;</a>&nbsp;&nbsp;&nbsp;sendto
<LI><a href="#[5c]">&gt;&gt;</a>&nbsp;&nbsp;&nbsp;connect
</UL>

<P><STRONG><a name="[60]"></a>getSn_TX_FSR</STRONG> (Thumb, 76 bytes, Stack size 24 bytes, w5500.o(.text))
<BR><BR>[Stack]<UL><LI>Max Depth = 48<LI>Call Chain = getSn_TX_FSR &rArr; WIZCHIP_READ
</UL>
<BR>[Calls]<UL><LI><a href="#[58]">&gt;&gt;</a>&nbsp;&nbsp;&nbsp;WIZCHIP_READ
</UL>
<BR>[Called By]<UL><LI><a href="#[6a]">&gt;&gt;</a>&nbsp;&nbsp;&nbsp;getsockopt
<LI><a href="#[65]">&gt;&gt;</a>&nbsp;&nbsp;&nbsp;sendto
<LI><a href="#[62]">&gt;&gt;</a>&nbsp;&nbsp;&nbsp;recv
<LI><a href="#[5f]">&gt;&gt;</a>&nbsp;&nbsp;&nbsp;send
</UL>

<P><STRONG><a name="[63]"></a>getSn_RX_RSR</STRONG> (Thumb, 74 bytes, Stack size 24 bytes, w5500.o(.text))
<BR><BR>[Stack]<UL><LI>Max Depth = 48<LI>Call Chain = getSn_RX_RSR &rArr; WIZCHIP_READ
</UL>
<BR>[Calls]<UL><LI><a href="#[58]">&gt;&gt;</a>&nbsp;&nbsp;&nbsp;WIZCHIP_READ
</UL>
<BR>[Called By]<UL><LI><a href="#[13c]">&gt;&gt;</a>&nbsp;&nbsp;&nbsp;w5500_tcp_client
<LI><a href="#[88]">&gt;&gt;</a>&nbsp;&nbsp;&nbsp;parseDHCPMSG
<LI><a href="#[6a]">&gt;&gt;</a>&nbsp;&nbsp;&nbsp;getsockopt
<LI><a href="#[66]">&gt;&gt;</a>&nbsp;&nbsp;&nbsp;recvfrom
<LI><a href="#[62]">&gt;&gt;</a>&nbsp;&nbsp;&nbsp;recv
</UL>

<P><STRONG><a name="[61]"></a>wiz_send_data</STRONG> (Thumb, 94 bytes, Stack size 32 bytes, w5500.o(.text))
<BR><BR>[Stack]<UL><LI>Max Depth = 56<LI>Call Chain = wiz_send_data &rArr; WIZCHIP_WRITE_BUF
</UL>
<BR>[Calls]<UL><LI><a href="#[5d]">&gt;&gt;</a>&nbsp;&nbsp;&nbsp;WIZCHIP_WRITE_BUF
<LI><a href="#[57]">&gt;&gt;</a>&nbsp;&nbsp;&nbsp;WIZCHIP_WRITE
<LI><a href="#[58]">&gt;&gt;</a>&nbsp;&nbsp;&nbsp;WIZCHIP_READ
</UL>
<BR>[Called By]<UL><LI><a href="#[65]">&gt;&gt;</a>&nbsp;&nbsp;&nbsp;sendto
<LI><a href="#[5f]">&gt;&gt;</a>&nbsp;&nbsp;&nbsp;send
</UL>

<P><STRONG><a name="[64]"></a>wiz_recv_data</STRONG> (Thumb, 92 bytes, Stack size 32 bytes, w5500.o(.text))
<BR><BR>[Stack]<UL><LI>Max Depth = 64<LI>Call Chain = wiz_recv_data &rArr; WIZCHIP_READ_BUF
</UL>
<BR>[Calls]<UL><LI><a href="#[57]">&gt;&gt;</a>&nbsp;&nbsp;&nbsp;WIZCHIP_WRITE
<LI><a href="#[5a]">&gt;&gt;</a>&nbsp;&nbsp;&nbsp;WIZCHIP_READ_BUF
<LI><a href="#[58]">&gt;&gt;</a>&nbsp;&nbsp;&nbsp;WIZCHIP_READ
</UL>
<BR>[Called By]<UL><LI><a href="#[66]">&gt;&gt;</a>&nbsp;&nbsp;&nbsp;recvfrom
<LI><a href="#[62]">&gt;&gt;</a>&nbsp;&nbsp;&nbsp;recv
</UL>

<P><STRONG><a name="[67]"></a>wiz_recv_ignore</STRONG> (Thumb, 64 bytes, Stack size 24 bytes, w5500.o(.text))
<BR><BR>[Stack]<UL><LI>Max Depth = 48<LI>Call Chain = wiz_recv_ignore &rArr; WIZCHIP_WRITE
</UL>
<BR>[Calls]<UL><LI><a href="#[57]">&gt;&gt;</a>&nbsp;&nbsp;&nbsp;WIZCHIP_WRITE
<LI><a href="#[58]">&gt;&gt;</a>&nbsp;&nbsp;&nbsp;WIZCHIP_READ
</UL>
<BR>[Called By]<UL><LI><a href="#[66]">&gt;&gt;</a>&nbsp;&nbsp;&nbsp;recvfrom
</UL>

<P><STRONG><a name="[51]"></a>default_ip_assign</STRONG> (Thumb, 44 bytes, Stack size 8 bytes, dhcp.o(.text))
<BR><BR>[Stack]<UL><LI>Max Depth = 32<LI>Call Chain = default_ip_assign &rArr; WIZCHIP_WRITE_BUF
</UL>
<BR>[Calls]<UL><LI><a href="#[5d]">&gt;&gt;</a>&nbsp;&nbsp;&nbsp;WIZCHIP_WRITE_BUF
</UL>
<BR>[Called By]<UL><LI><a href="#[52]">&gt;&gt;</a>&nbsp;&nbsp;&nbsp;default_ip_update
</UL>
<BR>[Address Reference Count : 2]<UL><LI> dhcp.o(.data)
<LI> dhcp.o(.text)
</UL>
<P><STRONG><a name="[52]"></a>default_ip_update</STRONG> (Thumb, 38 bytes, Stack size 8 bytes, dhcp.o(.text))
<BR><BR>[Stack]<UL><LI>Max Depth = 40<LI>Call Chain = default_ip_update &rArr; default_ip_assign &rArr; WIZCHIP_WRITE_BUF
</UL>
<BR>[Calls]<UL><LI><a href="#[51]">&gt;&gt;</a>&nbsp;&nbsp;&nbsp;default_ip_assign
<LI><a href="#[5d]">&gt;&gt;</a>&nbsp;&nbsp;&nbsp;WIZCHIP_WRITE_BUF
<LI><a href="#[57]">&gt;&gt;</a>&nbsp;&nbsp;&nbsp;WIZCHIP_WRITE
<LI><a href="#[58]">&gt;&gt;</a>&nbsp;&nbsp;&nbsp;WIZCHIP_READ
</UL>
<BR>[Address Reference Count : 2]<UL><LI> dhcp.o(.data)
<LI> dhcp.o(.text)
</UL>
<P><STRONG><a name="[53]"></a>default_ip_conflict</STRONG> (Thumb, 34 bytes, Stack size 8 bytes, dhcp.o(.text))
<BR><BR>[Stack]<UL><LI>Max Depth = 32<LI>Call Chain = default_ip_conflict &rArr; WIZCHIP_WRITE_BUF
</UL>
<BR>[Calls]<UL><LI><a href="#[5d]">&gt;&gt;</a>&nbsp;&nbsp;&nbsp;WIZCHIP_WRITE_BUF
<LI><a href="#[57]">&gt;&gt;</a>&nbsp;&nbsp;&nbsp;WIZCHIP_WRITE
<LI><a href="#[58]">&gt;&gt;</a>&nbsp;&nbsp;&nbsp;WIZCHIP_READ
</UL>
<BR>[Address Reference Count : 2]<UL><LI> dhcp.o(.data)
<LI> dhcp.o(.text)
</UL>
<P><STRONG><a name="[143]"></a>reg_dhcp_cbfunc</STRONG> (Thumb, 40 bytes, Stack size 8 bytes, dhcp.o(.text))
<BR><BR>[Stack]<UL><LI>Max Depth = 8<LI>Call Chain = reg_dhcp_cbfunc
</UL>
<BR>[Called By]<UL><LI><a href="#[13e]">&gt;&gt;</a>&nbsp;&nbsp;&nbsp;start_dhcp
</UL>

<P><STRONG><a name="[84]"></a>makeDHCPMSG</STRONG> (Thumb, 196 bytes, Stack size 16 bytes, dhcp.o(.text))
<BR><BR>[Stack]<UL><LI>Max Depth = 48<LI>Call Chain = makeDHCPMSG &rArr; WIZCHIP_READ_BUF
</UL>
<BR>[Calls]<UL><LI><a href="#[5a]">&gt;&gt;</a>&nbsp;&nbsp;&nbsp;WIZCHIP_READ_BUF
</UL>
<BR>[Called By]<UL><LI><a href="#[87]">&gt;&gt;</a>&nbsp;&nbsp;&nbsp;send_DHCP_DECLINE
<LI><a href="#[86]">&gt;&gt;</a>&nbsp;&nbsp;&nbsp;send_DHCP_REQUEST
<LI><a href="#[85]">&gt;&gt;</a>&nbsp;&nbsp;&nbsp;send_DHCP_DISCOVER
</UL>

<P><STRONG><a name="[85]"></a>send_DHCP_DISCOVER</STRONG> (Thumb, 358 bytes, Stack size 40 bytes, dhcp.o(.text))
<BR><BR>[Stack]<UL><LI>Max Depth = 128<LI>Call Chain = send_DHCP_DISCOVER &rArr; sendto &rArr; wiz_send_data &rArr; WIZCHIP_WRITE_BUF
</UL>
<BR>[Calls]<UL><LI><a href="#[84]">&gt;&gt;</a>&nbsp;&nbsp;&nbsp;makeDHCPMSG
<LI><a href="#[65]">&gt;&gt;</a>&nbsp;&nbsp;&nbsp;sendto
</UL>
<BR>[Called By]<UL><LI><a href="#[8c]">&gt;&gt;</a>&nbsp;&nbsp;&nbsp;DHCP_run
<LI><a href="#[89]">&gt;&gt;</a>&nbsp;&nbsp;&nbsp;check_DHCP_timeout
</UL>

<P><STRONG><a name="[86]"></a>send_DHCP_REQUEST</STRONG> (Thumb, 586 bytes, Stack size 48 bytes, dhcp.o(.text))
<BR><BR>[Stack]<UL><LI>Max Depth = 136<LI>Call Chain = send_DHCP_REQUEST &rArr; sendto &rArr; wiz_send_data &rArr; WIZCHIP_WRITE_BUF
</UL>
<BR>[Calls]<UL><LI><a href="#[84]">&gt;&gt;</a>&nbsp;&nbsp;&nbsp;makeDHCPMSG
<LI><a href="#[65]">&gt;&gt;</a>&nbsp;&nbsp;&nbsp;sendto
</UL>
<BR>[Called By]<UL><LI><a href="#[8c]">&gt;&gt;</a>&nbsp;&nbsp;&nbsp;DHCP_run
<LI><a href="#[89]">&gt;&gt;</a>&nbsp;&nbsp;&nbsp;check_DHCP_timeout
</UL>

<P><STRONG><a name="[87]"></a>send_DHCP_DECLINE</STRONG> (Thumb, 252 bytes, Stack size 24 bytes, dhcp.o(.text))
<BR><BR>[Stack]<UL><LI>Max Depth = 112<LI>Call Chain = send_DHCP_DECLINE &rArr; sendto &rArr; wiz_send_data &rArr; WIZCHIP_WRITE_BUF
</UL>
<BR>[Calls]<UL><LI><a href="#[84]">&gt;&gt;</a>&nbsp;&nbsp;&nbsp;makeDHCPMSG
<LI><a href="#[65]">&gt;&gt;</a>&nbsp;&nbsp;&nbsp;sendto
</UL>
<BR>[Called By]<UL><LI><a href="#[8b]">&gt;&gt;</a>&nbsp;&nbsp;&nbsp;check_DHCP_leasedIP
</UL>

<P><STRONG><a name="[88]"></a>parseDHCPMSG</STRONG> (Thumb, 282 bytes, Stack size 32 bytes, dhcp.o(.text))
<BR><BR>[Stack]<UL><LI>Max Depth = 160<LI>Call Chain = parseDHCPMSG &rArr; recvfrom &rArr; wiz_recv_data &rArr; WIZCHIP_READ_BUF
</UL>
<BR>[Calls]<UL><LI><a href="#[63]">&gt;&gt;</a>&nbsp;&nbsp;&nbsp;getSn_RX_RSR
<LI><a href="#[66]">&gt;&gt;</a>&nbsp;&nbsp;&nbsp;recvfrom
</UL>
<BR>[Called By]<UL><LI><a href="#[8c]">&gt;&gt;</a>&nbsp;&nbsp;&nbsp;DHCP_run
</UL>

<P><STRONG><a name="[8a]"></a>reset_DHCP_timeout</STRONG> (Thumb, 16 bytes, Stack size 0 bytes, dhcp.o(.text))
<BR><BR>[Called By]<UL><LI><a href="#[8e]">&gt;&gt;</a>&nbsp;&nbsp;&nbsp;DHCP_init
<LI><a href="#[8c]">&gt;&gt;</a>&nbsp;&nbsp;&nbsp;DHCP_run
<LI><a href="#[89]">&gt;&gt;</a>&nbsp;&nbsp;&nbsp;check_DHCP_timeout
</UL>

<P><STRONG><a name="[89]"></a>check_DHCP_timeout</STRONG> (Thumb, 108 bytes, Stack size 16 bytes, dhcp.o(.text))
<BR><BR>[Stack]<UL><LI>Max Depth = 152<LI>Call Chain = check_DHCP_timeout &rArr; send_DHCP_REQUEST &rArr; sendto &rArr; wiz_send_data &rArr; WIZCHIP_WRITE_BUF
</UL>
<BR>[Calls]<UL><LI><a href="#[8a]">&gt;&gt;</a>&nbsp;&nbsp;&nbsp;reset_DHCP_timeout
<LI><a href="#[86]">&gt;&gt;</a>&nbsp;&nbsp;&nbsp;send_DHCP_REQUEST
<LI><a href="#[85]">&gt;&gt;</a>&nbsp;&nbsp;&nbsp;send_DHCP_DISCOVER
</UL>
<BR>[Called By]<UL><LI><a href="#[8c]">&gt;&gt;</a>&nbsp;&nbsp;&nbsp;DHCP_run
</UL>

<P><STRONG><a name="[8b]"></a>check_DHCP_leasedIP</STRONG> (Thumb, 82 bytes, Stack size 24 bytes, dhcp.o(.text))
<BR><BR>[Stack]<UL><LI>Max Depth = 136<LI>Call Chain = check_DHCP_leasedIP &rArr; send_DHCP_DECLINE &rArr; sendto &rArr; wiz_send_data &rArr; WIZCHIP_WRITE_BUF
</UL>
<BR>[Calls]<UL><LI><a href="#[87]">&gt;&gt;</a>&nbsp;&nbsp;&nbsp;send_DHCP_DECLINE
<LI><a href="#[57]">&gt;&gt;</a>&nbsp;&nbsp;&nbsp;WIZCHIP_WRITE
<LI><a href="#[58]">&gt;&gt;</a>&nbsp;&nbsp;&nbsp;WIZCHIP_READ
<LI><a href="#[65]">&gt;&gt;</a>&nbsp;&nbsp;&nbsp;sendto
</UL>
<BR>[Called By]<UL><LI><a href="#[8c]">&gt;&gt;</a>&nbsp;&nbsp;&nbsp;DHCP_run
</UL>

<P><STRONG><a name="[8c]"></a>DHCP_run</STRONG> (Thumb, 316 bytes, Stack size 24 bytes, dhcp.o(.text))
<BR><BR>[Stack]<UL><LI>Max Depth = 184<LI>Call Chain = DHCP_run &rArr; parseDHCPMSG &rArr; recvfrom &rArr; wiz_recv_data &rArr; WIZCHIP_READ_BUF
</UL>
<BR>[Calls]<UL><LI><a href="#[8b]">&gt;&gt;</a>&nbsp;&nbsp;&nbsp;check_DHCP_leasedIP
<LI><a href="#[89]">&gt;&gt;</a>&nbsp;&nbsp;&nbsp;check_DHCP_timeout
<LI><a href="#[8a]">&gt;&gt;</a>&nbsp;&nbsp;&nbsp;reset_DHCP_timeout
<LI><a href="#[88]">&gt;&gt;</a>&nbsp;&nbsp;&nbsp;parseDHCPMSG
<LI><a href="#[86]">&gt;&gt;</a>&nbsp;&nbsp;&nbsp;send_DHCP_REQUEST
<LI><a href="#[85]">&gt;&gt;</a>&nbsp;&nbsp;&nbsp;send_DHCP_DISCOVER
<LI><a href="#[58]">&gt;&gt;</a>&nbsp;&nbsp;&nbsp;WIZCHIP_READ
<LI><a href="#[59]">&gt;&gt;</a>&nbsp;&nbsp;&nbsp;socket
</UL>
<BR>[Called By]<UL><LI><a href="#[12f]">&gt;&gt;</a>&nbsp;&nbsp;&nbsp;w5500_socket_process
</UL>

<P><STRONG><a name="[8d]"></a>DHCP_stop</STRONG> (Thumb, 16 bytes, Stack size 8 bytes, dhcp.o(.text))
<BR><BR>[Stack]<UL><LI>Max Depth = 48<LI>Call Chain = DHCP_stop &rArr; close &rArr; WIZCHIP_WRITE
</UL>
<BR>[Calls]<UL><LI><a href="#[56]">&gt;&gt;</a>&nbsp;&nbsp;&nbsp;close
</UL>
<BR>[Called By]<UL><LI><a href="#[135]">&gt;&gt;</a>&nbsp;&nbsp;&nbsp;w5500_ip_assign
</UL>

<P><STRONG><a name="[8e]"></a>DHCP_init</STRONG> (Thumb, 132 bytes, Stack size 24 bytes, dhcp.o(.text))
<BR><BR>[Stack]<UL><LI>Max Depth = 56<LI>Call Chain = DHCP_init &rArr; WIZCHIP_READ_BUF
</UL>
<BR>[Calls]<UL><LI><a href="#[8a]">&gt;&gt;</a>&nbsp;&nbsp;&nbsp;reset_DHCP_timeout
<LI><a href="#[5d]">&gt;&gt;</a>&nbsp;&nbsp;&nbsp;WIZCHIP_WRITE_BUF
<LI><a href="#[5a]">&gt;&gt;</a>&nbsp;&nbsp;&nbsp;WIZCHIP_READ_BUF
</UL>
<BR>[Called By]<UL><LI><a href="#[13a]">&gt;&gt;</a>&nbsp;&nbsp;&nbsp;w5500_ip_conflict
<LI><a href="#[13e]">&gt;&gt;</a>&nbsp;&nbsp;&nbsp;start_dhcp
<LI><a href="#[12f]">&gt;&gt;</a>&nbsp;&nbsp;&nbsp;w5500_socket_process
</UL>

<P><STRONG><a name="[134]"></a>DHCP_time_handler</STRONG> (Thumb, 10 bytes, Stack size 0 bytes, dhcp.o(.text))
<BR><BR>[Called By]<UL><LI><a href="#[133]">&gt;&gt;</a>&nbsp;&nbsp;&nbsp;w5500_timer_isr
</UL>

<P><STRONG><a name="[136]"></a>getIPfromDHCP</STRONG> (Thumb, 22 bytes, Stack size 0 bytes, dhcp.o(.text))
<BR><BR>[Called By]<UL><LI><a href="#[135]">&gt;&gt;</a>&nbsp;&nbsp;&nbsp;w5500_ip_assign
</UL>

<P><STRONG><a name="[137]"></a>getGWfromDHCP</STRONG> (Thumb, 22 bytes, Stack size 0 bytes, dhcp.o(.text))
<BR><BR>[Called By]<UL><LI><a href="#[135]">&gt;&gt;</a>&nbsp;&nbsp;&nbsp;w5500_ip_assign
</UL>

<P><STRONG><a name="[138]"></a>getSNfromDHCP</STRONG> (Thumb, 22 bytes, Stack size 0 bytes, dhcp.o(.text))
<BR><BR>[Called By]<UL><LI><a href="#[135]">&gt;&gt;</a>&nbsp;&nbsp;&nbsp;w5500_ip_assign
</UL>

<P><STRONG><a name="[139]"></a>getDNSfromDHCP</STRONG> (Thumb, 22 bytes, Stack size 0 bytes, dhcp.o(.text))
<BR><BR>[Called By]<UL><LI><a href="#[135]">&gt;&gt;</a>&nbsp;&nbsp;&nbsp;w5500_ip_assign
</UL>

<P><STRONG><a name="[14f]"></a>getDHCPLeasetime</STRONG> (Thumb, 6 bytes, Stack size 0 bytes, dhcp.o(.text), UNUSED)

<P><STRONG><a name="[8f]"></a>NVIC_PriorityGroupConfig</STRONG> (Thumb, 52 bytes, Stack size 8 bytes, misc.o(.text))
<BR><BR>[Stack]<UL><LI>Max Depth = 8<LI>Call Chain = NVIC_PriorityGroupConfig
</UL>
<BR>[Calls]<UL><LI><a href="#[90]">&gt;&gt;</a>&nbsp;&nbsp;&nbsp;assert_failed
</UL>
<BR>[Called By]<UL><LI><a href="#[46]">&gt;&gt;</a>&nbsp;&nbsp;&nbsp;main
</UL>

<P><STRONG><a name="[91]"></a>NVIC_Init</STRONG> (Thumb, 142 bytes, Stack size 16 bytes, misc.o(.text), UNUSED)
<BR><BR>[Calls]<UL><LI><a href="#[90]">&gt;&gt;</a>&nbsp;&nbsp;&nbsp;assert_failed
</UL>
<BR>[Called By]<UL><LI><a href="#[144]">&gt;&gt;</a>&nbsp;&nbsp;&nbsp;sys_timer_init
</UL>

<P><STRONG><a name="[92]"></a>NVIC_SetVectorTable</STRONG> (Thumb, 54 bytes, Stack size 16 bytes, misc.o(.text), UNUSED)
<BR><BR>[Calls]<UL><LI><a href="#[90]">&gt;&gt;</a>&nbsp;&nbsp;&nbsp;assert_failed
</UL>

<P><STRONG><a name="[93]"></a>NVIC_SystemLPConfig</STRONG> (Thumb, 58 bytes, Stack size 16 bytes, misc.o(.text), UNUSED)
<BR><BR>[Calls]<UL><LI><a href="#[90]">&gt;&gt;</a>&nbsp;&nbsp;&nbsp;assert_failed
</UL>

<P><STRONG><a name="[94]"></a>SysTick_CLKSourceConfig</STRONG> (Thumb, 40 bytes, Stack size 8 bytes, misc.o(.text), UNUSED)
<BR><BR>[Calls]<UL><LI><a href="#[90]">&gt;&gt;</a>&nbsp;&nbsp;&nbsp;assert_failed
</UL>

<P><STRONG><a name="[47]"></a>SystemInit</STRONG> (Thumb, 64 bytes, Stack size 8 bytes, system_stm32f10x.o(.text))
<BR><BR>[Stack]<UL><LI>Max Depth = 20<LI>Call Chain = SystemInit &rArr; SetSysClockTo72
</UL>
<BR>[Calls]<UL><LI><a href="#[95]">&gt;&gt;</a>&nbsp;&nbsp;&nbsp;SetSysClockTo72
</UL>
<BR>[Address Reference Count : 1]<UL><LI> startup_stm32f10x_hd.o(.text)
</UL>
<P><STRONG><a name="[150]"></a>SystemCoreClockUpdate</STRONG> (Thumb, 86 bytes, Stack size 8 bytes, system_stm32f10x.o(.text), UNUSED)

<P><STRONG><a name="[96]"></a>GPIO_DeInit</STRONG> (Thumb, 202 bytes, Stack size 40 bytes, stm32f10x_gpio.o(.text), UNUSED)
<BR><BR>[Calls]<UL><LI><a href="#[97]">&gt;&gt;</a>&nbsp;&nbsp;&nbsp;RCC_APB2PeriphResetCmd
<LI><a href="#[90]">&gt;&gt;</a>&nbsp;&nbsp;&nbsp;assert_failed
</UL>

<P><STRONG><a name="[98]"></a>GPIO_AFIODeInit</STRONG> (Thumb, 22 bytes, Stack size 8 bytes, stm32f10x_gpio.o(.text), UNUSED)
<BR><BR>[Calls]<UL><LI><a href="#[97]">&gt;&gt;</a>&nbsp;&nbsp;&nbsp;RCC_APB2PeriphResetCmd
</UL>

<P><STRONG><a name="[99]"></a>GPIO_Init</STRONG> (Thumb, 288 bytes, Stack size 24 bytes, stm32f10x_gpio.o(.text))
<BR><BR>[Stack]<UL><LI>Max Depth = 24<LI>Call Chain = GPIO_Init
</UL>
<BR>[Calls]<UL><LI><a href="#[90]">&gt;&gt;</a>&nbsp;&nbsp;&nbsp;assert_failed
</UL>
<BR>[Called By]<UL><LI><a href="#[13f]">&gt;&gt;</a>&nbsp;&nbsp;&nbsp;w5500_spi_init
<LI><a href="#[12e]">&gt;&gt;</a>&nbsp;&nbsp;&nbsp;led_init
</UL>

<P><STRONG><a name="[151]"></a>GPIO_StructInit</STRONG> (Thumb, 16 bytes, Stack size 0 bytes, stm32f10x_gpio.o(.text), UNUSED)

<P><STRONG><a name="[9a]"></a>GPIO_ReadInputDataBit</STRONG> (Thumb, 162 bytes, Stack size 16 bytes, stm32f10x_gpio.o(.text), UNUSED)
<BR><BR>[Calls]<UL><LI><a href="#[90]">&gt;&gt;</a>&nbsp;&nbsp;&nbsp;assert_failed
</UL>

<P><STRONG><a name="[9b]"></a>GPIO_ReadInputData</STRONG> (Thumb, 62 bytes, Stack size 8 bytes, stm32f10x_gpio.o(.text), UNUSED)
<BR><BR>[Calls]<UL><LI><a href="#[90]">&gt;&gt;</a>&nbsp;&nbsp;&nbsp;assert_failed
</UL>

<P><STRONG><a name="[9c]"></a>GPIO_ReadOutputDataBit</STRONG> (Thumb, 162 bytes, Stack size 16 bytes, stm32f10x_gpio.o(.text), UNUSED)
<BR><BR>[Calls]<UL><LI><a href="#[90]">&gt;&gt;</a>&nbsp;&nbsp;&nbsp;assert_failed
</UL>

<P><STRONG><a name="[9d]"></a>GPIO_ReadOutputData</STRONG> (Thumb, 62 bytes, Stack size 8 bytes, stm32f10x_gpio.o(.text), UNUSED)
<BR><BR>[Calls]<UL><LI><a href="#[90]">&gt;&gt;</a>&nbsp;&nbsp;&nbsp;assert_failed
</UL>

<P><STRONG><a name="[9e]"></a>GPIO_SetBits</STRONG> (Thumb, 152 bytes, Stack size 16 bytes, stm32f10x_gpio.o(.text))
<BR><BR>[Stack]<UL><LI>Max Depth = 16<LI>Call Chain = GPIO_SetBits
</UL>
<BR>[Calls]<UL><LI><a href="#[90]">&gt;&gt;</a>&nbsp;&nbsp;&nbsp;assert_failed
</UL>
<BR>[Called By]<UL><LI><a href="#[13f]">&gt;&gt;</a>&nbsp;&nbsp;&nbsp;w5500_spi_init
<LI><a href="#[49]">&gt;&gt;</a>&nbsp;&nbsp;&nbsp;w5500_cs_deselect
</UL>

<P><STRONG><a name="[9f]"></a>GPIO_ResetBits</STRONG> (Thumb, 78 bytes, Stack size 16 bytes, stm32f10x_gpio.o(.text))
<BR><BR>[Stack]<UL><LI>Max Depth = 16<LI>Call Chain = GPIO_ResetBits
</UL>
<BR>[Calls]<UL><LI><a href="#[90]">&gt;&gt;</a>&nbsp;&nbsp;&nbsp;assert_failed
</UL>
<BR>[Called By]<UL><LI><a href="#[4a]">&gt;&gt;</a>&nbsp;&nbsp;&nbsp;w5500_cs_select
</UL>

<P><STRONG><a name="[a0]"></a>GPIO_WriteBit</STRONG> (Thumb, 180 bytes, Stack size 16 bytes, stm32f10x_gpio.o(.text), UNUSED)
<BR><BR>[Calls]<UL><LI><a href="#[90]">&gt;&gt;</a>&nbsp;&nbsp;&nbsp;assert_failed
</UL>

<P><STRONG><a name="[a1]"></a>GPIO_Write</STRONG> (Thumb, 64 bytes, Stack size 16 bytes, stm32f10x_gpio.o(.text), UNUSED)
<BR><BR>[Calls]<UL><LI><a href="#[90]">&gt;&gt;</a>&nbsp;&nbsp;&nbsp;assert_failed
</UL>

<P><STRONG><a name="[a2]"></a>GPIO_PinLockConfig</STRONG> (Thumb, 90 bytes, Stack size 16 bytes, stm32f10x_gpio.o(.text), UNUSED)
<BR><BR>[Calls]<UL><LI><a href="#[90]">&gt;&gt;</a>&nbsp;&nbsp;&nbsp;assert_failed
</UL>

<P><STRONG><a name="[a3]"></a>GPIO_EventOutputConfig</STRONG> (Thumb, 130 bytes, Stack size 16 bytes, stm32f10x_gpio.o(.text), UNUSED)
<BR><BR>[Calls]<UL><LI><a href="#[90]">&gt;&gt;</a>&nbsp;&nbsp;&nbsp;assert_failed
</UL>

<P><STRONG><a name="[a4]"></a>GPIO_EventOutputCmd</STRONG> (Thumb, 28 bytes, Stack size 8 bytes, stm32f10x_gpio.o(.text), UNUSED)
<BR><BR>[Calls]<UL><LI><a href="#[90]">&gt;&gt;</a>&nbsp;&nbsp;&nbsp;assert_failed
</UL>

<P><STRONG><a name="[a5]"></a>GPIO_PinRemapConfig</STRONG> (Thumb, 486 bytes, Stack size 24 bytes, stm32f10x_gpio.o(.text), UNUSED)
<BR><BR>[Calls]<UL><LI><a href="#[90]">&gt;&gt;</a>&nbsp;&nbsp;&nbsp;assert_failed
</UL>

<P><STRONG><a name="[a6]"></a>GPIO_EXTILineConfig</STRONG> (Thumb, 150 bytes, Stack size 16 bytes, stm32f10x_gpio.o(.text), UNUSED)
<BR><BR>[Calls]<UL><LI><a href="#[90]">&gt;&gt;</a>&nbsp;&nbsp;&nbsp;assert_failed
</UL>

<P><STRONG><a name="[a7]"></a>GPIO_ETH_MediaInterfaceConfig</STRONG> (Thumb, 30 bytes, Stack size 8 bytes, stm32f10x_gpio.o(.text), UNUSED)
<BR><BR>[Calls]<UL><LI><a href="#[90]">&gt;&gt;</a>&nbsp;&nbsp;&nbsp;assert_failed
</UL>

<P><STRONG><a name="[152]"></a>RCC_DeInit</STRONG> (Thumb, 50 bytes, Stack size 0 bytes, stm32f10x_rcc.o(.text), UNUSED)

<P><STRONG><a name="[a8]"></a>RCC_HSEConfig</STRONG> (Thumb, 76 bytes, Stack size 16 bytes, stm32f10x_rcc.o(.text), UNUSED)
<BR><BR>[Calls]<UL><LI><a href="#[90]">&gt;&gt;</a>&nbsp;&nbsp;&nbsp;assert_failed
</UL>

<P><STRONG><a name="[a9]"></a>RCC_GetFlagStatus</STRONG> (Thumb, 100 bytes, Stack size 16 bytes, stm32f10x_rcc.o(.text), UNUSED)
<BR><BR>[Calls]<UL><LI><a href="#[90]">&gt;&gt;</a>&nbsp;&nbsp;&nbsp;assert_failed
</UL>
<BR>[Called By]<UL><LI><a href="#[aa]">&gt;&gt;</a>&nbsp;&nbsp;&nbsp;RCC_WaitForHSEStartUp
</UL>

<P><STRONG><a name="[aa]"></a>RCC_WaitForHSEStartUp</STRONG> (Thumb, 44 bytes, Stack size 16 bytes, stm32f10x_rcc.o(.text), UNUSED)
<BR><BR>[Calls]<UL><LI><a href="#[a9]">&gt;&gt;</a>&nbsp;&nbsp;&nbsp;RCC_GetFlagStatus
</UL>

<P><STRONG><a name="[ab]"></a>RCC_AdjustHSICalibrationValue</STRONG> (Thumb, 34 bytes, Stack size 8 bytes, stm32f10x_rcc.o(.text), UNUSED)
<BR><BR>[Calls]<UL><LI><a href="#[90]">&gt;&gt;</a>&nbsp;&nbsp;&nbsp;assert_failed
</UL>

<P><STRONG><a name="[ac]"></a>RCC_HSICmd</STRONG> (Thumb, 26 bytes, Stack size 8 bytes, stm32f10x_rcc.o(.text), UNUSED)
<BR><BR>[Calls]<UL><LI><a href="#[90]">&gt;&gt;</a>&nbsp;&nbsp;&nbsp;assert_failed
</UL>

<P><STRONG><a name="[ad]"></a>RCC_PLLConfig</STRONG> (Thumb, 142 bytes, Stack size 16 bytes, stm32f10x_rcc.o(.text), UNUSED)
<BR><BR>[Calls]<UL><LI><a href="#[90]">&gt;&gt;</a>&nbsp;&nbsp;&nbsp;assert_failed
</UL>

<P><STRONG><a name="[ae]"></a>RCC_PLLCmd</STRONG> (Thumb, 26 bytes, Stack size 8 bytes, stm32f10x_rcc.o(.text), UNUSED)
<BR><BR>[Calls]<UL><LI><a href="#[90]">&gt;&gt;</a>&nbsp;&nbsp;&nbsp;assert_failed
</UL>

<P><STRONG><a name="[af]"></a>RCC_SYSCLKConfig</STRONG> (Thumb, 38 bytes, Stack size 8 bytes, stm32f10x_rcc.o(.text), UNUSED)
<BR><BR>[Calls]<UL><LI><a href="#[90]">&gt;&gt;</a>&nbsp;&nbsp;&nbsp;assert_failed
</UL>

<P><STRONG><a name="[153]"></a>RCC_GetSYSCLKSource</STRONG> (Thumb, 10 bytes, Stack size 0 bytes, stm32f10x_rcc.o(.text), UNUSED)

<P><STRONG><a name="[b0]"></a>RCC_HCLKConfig</STRONG> (Thumb, 62 bytes, Stack size 8 bytes, stm32f10x_rcc.o(.text), UNUSED)
<BR><BR>[Calls]<UL><LI><a href="#[90]">&gt;&gt;</a>&nbsp;&nbsp;&nbsp;assert_failed
</UL>

<P><STRONG><a name="[b1]"></a>RCC_PCLK1Config</STRONG> (Thumb, 54 bytes, Stack size 8 bytes, stm32f10x_rcc.o(.text), UNUSED)
<BR><BR>[Calls]<UL><LI><a href="#[90]">&gt;&gt;</a>&nbsp;&nbsp;&nbsp;assert_failed
</UL>

<P><STRONG><a name="[b2]"></a>RCC_PCLK2Config</STRONG> (Thumb, 56 bytes, Stack size 8 bytes, stm32f10x_rcc.o(.text), UNUSED)
<BR><BR>[Calls]<UL><LI><a href="#[90]">&gt;&gt;</a>&nbsp;&nbsp;&nbsp;assert_failed
</UL>

<P><STRONG><a name="[b3]"></a>RCC_ITConfig</STRONG> (Thumb, 54 bytes, Stack size 16 bytes, stm32f10x_rcc.o(.text), UNUSED)
<BR><BR>[Calls]<UL><LI><a href="#[90]">&gt;&gt;</a>&nbsp;&nbsp;&nbsp;assert_failed
</UL>

<P><STRONG><a name="[b4]"></a>RCC_USBCLKConfig</STRONG> (Thumb, 28 bytes, Stack size 8 bytes, stm32f10x_rcc.o(.text), UNUSED)
<BR><BR>[Calls]<UL><LI><a href="#[90]">&gt;&gt;</a>&nbsp;&nbsp;&nbsp;assert_failed
</UL>

<P><STRONG><a name="[b5]"></a>RCC_ADCCLKConfig</STRONG> (Thumb, 48 bytes, Stack size 8 bytes, stm32f10x_rcc.o(.text), UNUSED)
<BR><BR>[Calls]<UL><LI><a href="#[90]">&gt;&gt;</a>&nbsp;&nbsp;&nbsp;assert_failed
</UL>

<P><STRONG><a name="[b6]"></a>RCC_LSEConfig</STRONG> (Thumb, 56 bytes, Stack size 8 bytes, stm32f10x_rcc.o(.text), UNUSED)
<BR><BR>[Calls]<UL><LI><a href="#[90]">&gt;&gt;</a>&nbsp;&nbsp;&nbsp;assert_failed
</UL>

<P><STRONG><a name="[b7]"></a>RCC_LSICmd</STRONG> (Thumb, 26 bytes, Stack size 8 bytes, stm32f10x_rcc.o(.text), UNUSED)
<BR><BR>[Calls]<UL><LI><a href="#[90]">&gt;&gt;</a>&nbsp;&nbsp;&nbsp;assert_failed
</UL>

<P><STRONG><a name="[b8]"></a>RCC_RTCCLKConfig</STRONG> (Thumb, 42 bytes, Stack size 8 bytes, stm32f10x_rcc.o(.text), UNUSED)
<BR><BR>[Calls]<UL><LI><a href="#[90]">&gt;&gt;</a>&nbsp;&nbsp;&nbsp;assert_failed
</UL>

<P><STRONG><a name="[b9]"></a>RCC_RTCCLKCmd</STRONG> (Thumb, 88 bytes, Stack size 8 bytes, stm32f10x_rcc.o(.text), UNUSED)
<BR><BR>[Calls]<UL><LI><a href="#[90]">&gt;&gt;</a>&nbsp;&nbsp;&nbsp;assert_failed
</UL>

<P><STRONG><a name="[c6]"></a>RCC_GetClocksFreq</STRONG> (Thumb, 132 bytes, Stack size 12 bytes, stm32f10x_rcc.o(.text))
<BR><BR>[Stack]<UL><LI>Max Depth = 12<LI>Call Chain = RCC_GetClocksFreq
</UL>
<BR>[Called By]<UL><LI><a href="#[46]">&gt;&gt;</a>&nbsp;&nbsp;&nbsp;main
<LI><a href="#[c5]">&gt;&gt;</a>&nbsp;&nbsp;&nbsp;I2S_Init
</UL>

<P><STRONG><a name="[ba]"></a>RCC_AHBPeriphClockCmd</STRONG> (Thumb, 64 bytes, Stack size 16 bytes, stm32f10x_rcc.o(.text), UNUSED)
<BR><BR>[Calls]<UL><LI><a href="#[90]">&gt;&gt;</a>&nbsp;&nbsp;&nbsp;assert_failed
</UL>

<P><STRONG><a name="[bb]"></a>RCC_APB2PeriphClockCmd</STRONG> (Thumb, 60 bytes, Stack size 16 bytes, stm32f10x_rcc.o(.text))
<BR><BR>[Stack]<UL><LI>Max Depth = 16<LI>Call Chain = RCC_APB2PeriphClockCmd
</UL>
<BR>[Calls]<UL><LI><a href="#[90]">&gt;&gt;</a>&nbsp;&nbsp;&nbsp;assert_failed
</UL>
<BR>[Called By]<UL><LI><a href="#[13f]">&gt;&gt;</a>&nbsp;&nbsp;&nbsp;w5500_spi_init
<LI><a href="#[46]">&gt;&gt;</a>&nbsp;&nbsp;&nbsp;main
</UL>

<P><STRONG><a name="[bc]"></a>RCC_APB1PeriphClockCmd</STRONG> (Thumb, 60 bytes, Stack size 16 bytes, stm32f10x_rcc.o(.text))
<BR><BR>[Stack]<UL><LI>Max Depth = 16<LI>Call Chain = RCC_APB1PeriphClockCmd
</UL>
<BR>[Calls]<UL><LI><a href="#[90]">&gt;&gt;</a>&nbsp;&nbsp;&nbsp;assert_failed
</UL>
<BR>[Called By]<UL><LI><a href="#[13f]">&gt;&gt;</a>&nbsp;&nbsp;&nbsp;w5500_spi_init
<LI><a href="#[144]">&gt;&gt;</a>&nbsp;&nbsp;&nbsp;sys_timer_init
</UL>

<P><STRONG><a name="[97]"></a>RCC_APB2PeriphResetCmd</STRONG> (Thumb, 60 bytes, Stack size 16 bytes, stm32f10x_rcc.o(.text), UNUSED)
<BR><BR>[Calls]<UL><LI><a href="#[90]">&gt;&gt;</a>&nbsp;&nbsp;&nbsp;assert_failed
</UL>
<BR>[Called By]<UL><LI><a href="#[d9]">&gt;&gt;</a>&nbsp;&nbsp;&nbsp;TIM_DeInit
<LI><a href="#[c3]">&gt;&gt;</a>&nbsp;&nbsp;&nbsp;SPI_I2S_DeInit
<LI><a href="#[98]">&gt;&gt;</a>&nbsp;&nbsp;&nbsp;GPIO_AFIODeInit
<LI><a href="#[96]">&gt;&gt;</a>&nbsp;&nbsp;&nbsp;GPIO_DeInit
</UL>

<P><STRONG><a name="[bd]"></a>RCC_APB1PeriphResetCmd</STRONG> (Thumb, 60 bytes, Stack size 16 bytes, stm32f10x_rcc.o(.text), UNUSED)
<BR><BR>[Calls]<UL><LI><a href="#[90]">&gt;&gt;</a>&nbsp;&nbsp;&nbsp;assert_failed
</UL>
<BR>[Called By]<UL><LI><a href="#[d9]">&gt;&gt;</a>&nbsp;&nbsp;&nbsp;TIM_DeInit
<LI><a href="#[c3]">&gt;&gt;</a>&nbsp;&nbsp;&nbsp;SPI_I2S_DeInit
</UL>

<P><STRONG><a name="[be]"></a>RCC_BackupResetCmd</STRONG> (Thumb, 28 bytes, Stack size 8 bytes, stm32f10x_rcc.o(.text), UNUSED)
<BR><BR>[Calls]<UL><LI><a href="#[90]">&gt;&gt;</a>&nbsp;&nbsp;&nbsp;assert_failed
</UL>

<P><STRONG><a name="[bf]"></a>RCC_ClockSecuritySystemCmd</STRONG> (Thumb, 28 bytes, Stack size 8 bytes, stm32f10x_rcc.o(.text), UNUSED)
<BR><BR>[Calls]<UL><LI><a href="#[90]">&gt;&gt;</a>&nbsp;&nbsp;&nbsp;assert_failed
</UL>

<P><STRONG><a name="[c0]"></a>RCC_MCOConfig</STRONG> (Thumb, 40 bytes, Stack size 8 bytes, stm32f10x_rcc.o(.text), UNUSED)
<BR><BR>[Calls]<UL><LI><a href="#[90]">&gt;&gt;</a>&nbsp;&nbsp;&nbsp;assert_failed
</UL>

<P><STRONG><a name="[154]"></a>RCC_ClearFlag</STRONG> (Thumb, 12 bytes, Stack size 0 bytes, stm32f10x_rcc.o(.text), UNUSED)

<P><STRONG><a name="[c1]"></a>RCC_GetITStatus</STRONG> (Thumb, 56 bytes, Stack size 16 bytes, stm32f10x_rcc.o(.text), UNUSED)
<BR><BR>[Calls]<UL><LI><a href="#[90]">&gt;&gt;</a>&nbsp;&nbsp;&nbsp;assert_failed
</UL>

<P><STRONG><a name="[c2]"></a>RCC_ClearITPendingBit</STRONG> (Thumb, 30 bytes, Stack size 8 bytes, stm32f10x_rcc.o(.text), UNUSED)
<BR><BR>[Calls]<UL><LI><a href="#[90]">&gt;&gt;</a>&nbsp;&nbsp;&nbsp;assert_failed
</UL>

<P><STRONG><a name="[c3]"></a>SPI_I2S_DeInit</STRONG> (Thumb, 98 bytes, Stack size 24 bytes, stm32f10x_spi.o(.text), UNUSED)
<BR><BR>[Calls]<UL><LI><a href="#[bd]">&gt;&gt;</a>&nbsp;&nbsp;&nbsp;RCC_APB1PeriphResetCmd
<LI><a href="#[97]">&gt;&gt;</a>&nbsp;&nbsp;&nbsp;RCC_APB2PeriphResetCmd
<LI><a href="#[90]">&gt;&gt;</a>&nbsp;&nbsp;&nbsp;assert_failed
</UL>

<P><STRONG><a name="[c4]"></a>SPI_Init</STRONG> (Thumb, 270 bytes, Stack size 16 bytes, stm32f10x_spi.o(.text))
<BR><BR>[Stack]<UL><LI>Max Depth = 16<LI>Call Chain = SPI_Init
</UL>
<BR>[Calls]<UL><LI><a href="#[90]">&gt;&gt;</a>&nbsp;&nbsp;&nbsp;assert_failed
</UL>
<BR>[Called By]<UL><LI><a href="#[13f]">&gt;&gt;</a>&nbsp;&nbsp;&nbsp;w5500_spi_init
</UL>

<P><STRONG><a name="[c5]"></a>I2S_Init</STRONG> (Thumb, 328 bytes, Stack size 56 bytes, stm32f10x_spi.o(.text), UNUSED)
<BR><BR>[Calls]<UL><LI><a href="#[c6]">&gt;&gt;</a>&nbsp;&nbsp;&nbsp;RCC_GetClocksFreq
<LI><a href="#[90]">&gt;&gt;</a>&nbsp;&nbsp;&nbsp;assert_failed
</UL>

<P><STRONG><a name="[155]"></a>SPI_StructInit</STRONG> (Thumb, 24 bytes, Stack size 0 bytes, stm32f10x_spi.o(.text), UNUSED)

<P><STRONG><a name="[156]"></a>I2S_StructInit</STRONG> (Thumb, 18 bytes, Stack size 0 bytes, stm32f10x_spi.o(.text), UNUSED)

<P><STRONG><a name="[c7]"></a>SPI_Cmd</STRONG> (Thumb, 68 bytes, Stack size 16 bytes, stm32f10x_spi.o(.text))
<BR><BR>[Stack]<UL><LI>Max Depth = 16<LI>Call Chain = SPI_Cmd
</UL>
<BR>[Calls]<UL><LI><a href="#[90]">&gt;&gt;</a>&nbsp;&nbsp;&nbsp;assert_failed
</UL>
<BR>[Called By]<UL><LI><a href="#[13f]">&gt;&gt;</a>&nbsp;&nbsp;&nbsp;w5500_spi_init
</UL>

<P><STRONG><a name="[c8]"></a>I2S_Cmd</STRONG> (Thumb, 62 bytes, Stack size 16 bytes, stm32f10x_spi.o(.text), UNUSED)
<BR><BR>[Calls]<UL><LI><a href="#[90]">&gt;&gt;</a>&nbsp;&nbsp;&nbsp;assert_failed
</UL>

<P><STRONG><a name="[c9]"></a>SPI_I2S_ITConfig</STRONG> (Thumb, 96 bytes, Stack size 16 bytes, stm32f10x_spi.o(.text), UNUSED)
<BR><BR>[Calls]<UL><LI><a href="#[90]">&gt;&gt;</a>&nbsp;&nbsp;&nbsp;assert_failed
</UL>

<P><STRONG><a name="[ca]"></a>SPI_I2S_DMACmd</STRONG> (Thumb, 142 bytes, Stack size 16 bytes, stm32f10x_spi.o(.text), UNUSED)
<BR><BR>[Calls]<UL><LI><a href="#[90]">&gt;&gt;</a>&nbsp;&nbsp;&nbsp;assert_failed
</UL>

<P><STRONG><a name="[cb]"></a>SPI_I2S_SendData</STRONG> (Thumb, 40 bytes, Stack size 16 bytes, stm32f10x_spi.o(.text))
<BR><BR>[Stack]<UL><LI>Max Depth = 16<LI>Call Chain = SPI_I2S_SendData
</UL>
<BR>[Calls]<UL><LI><a href="#[90]">&gt;&gt;</a>&nbsp;&nbsp;&nbsp;assert_failed
</UL>
<BR>[Called By]<UL><LI><a href="#[130]">&gt;&gt;</a>&nbsp;&nbsp;&nbsp;w5500_spi_mode_send_byte
</UL>

<P><STRONG><a name="[cc]"></a>SPI_I2S_ReceiveData</STRONG> (Thumb, 38 bytes, Stack size 8 bytes, stm32f10x_spi.o(.text))
<BR><BR>[Stack]<UL><LI>Max Depth = 8<LI>Call Chain = SPI_I2S_ReceiveData
</UL>
<BR>[Calls]<UL><LI><a href="#[90]">&gt;&gt;</a>&nbsp;&nbsp;&nbsp;assert_failed
</UL>
<BR>[Called By]<UL><LI><a href="#[130]">&gt;&gt;</a>&nbsp;&nbsp;&nbsp;w5500_spi_mode_send_byte
</UL>

<P><STRONG><a name="[cd]"></a>SPI_NSSInternalSoftwareConfig</STRONG> (Thumb, 84 bytes, Stack size 16 bytes, stm32f10x_spi.o(.text), UNUSED)
<BR><BR>[Calls]<UL><LI><a href="#[90]">&gt;&gt;</a>&nbsp;&nbsp;&nbsp;assert_failed
</UL>

<P><STRONG><a name="[ce]"></a>SPI_SSOutputCmd</STRONG> (Thumb, 72 bytes, Stack size 16 bytes, stm32f10x_spi.o(.text), UNUSED)
<BR><BR>[Calls]<UL><LI><a href="#[90]">&gt;&gt;</a>&nbsp;&nbsp;&nbsp;assert_failed
</UL>

<P><STRONG><a name="[cf]"></a>SPI_DataSizeConfig</STRONG> (Thumb, 72 bytes, Stack size 16 bytes, stm32f10x_spi.o(.text), UNUSED)
<BR><BR>[Calls]<UL><LI><a href="#[90]">&gt;&gt;</a>&nbsp;&nbsp;&nbsp;assert_failed
</UL>

<P><STRONG><a name="[d0]"></a>SPI_TransmitCRC</STRONG> (Thumb, 44 bytes, Stack size 8 bytes, stm32f10x_spi.o(.text), UNUSED)
<BR><BR>[Calls]<UL><LI><a href="#[90]">&gt;&gt;</a>&nbsp;&nbsp;&nbsp;assert_failed
</UL>

<P><STRONG><a name="[d1]"></a>SPI_CalculateCRC</STRONG> (Thumb, 72 bytes, Stack size 16 bytes, stm32f10x_spi.o(.text), UNUSED)
<BR><BR>[Calls]<UL><LI><a href="#[90]">&gt;&gt;</a>&nbsp;&nbsp;&nbsp;assert_failed
</UL>

<P><STRONG><a name="[d2]"></a>SPI_GetCRC</STRONG> (Thumb, 62 bytes, Stack size 16 bytes, stm32f10x_spi.o(.text), UNUSED)
<BR><BR>[Calls]<UL><LI><a href="#[90]">&gt;&gt;</a>&nbsp;&nbsp;&nbsp;assert_failed
</UL>

<P><STRONG><a name="[d3]"></a>SPI_GetCRCPolynomial</STRONG> (Thumb, 38 bytes, Stack size 8 bytes, stm32f10x_spi.o(.text), UNUSED)
<BR><BR>[Calls]<UL><LI><a href="#[90]">&gt;&gt;</a>&nbsp;&nbsp;&nbsp;assert_failed
</UL>

<P><STRONG><a name="[d4]"></a>SPI_BiDirectionalLineConfig</STRONG> (Thumb, 88 bytes, Stack size 16 bytes, stm32f10x_spi.o(.text), UNUSED)
<BR><BR>[Calls]<UL><LI><a href="#[90]">&gt;&gt;</a>&nbsp;&nbsp;&nbsp;assert_failed
</UL>

<P><STRONG><a name="[d5]"></a>SPI_I2S_GetFlagStatus</STRONG> (Thumb, 94 bytes, Stack size 16 bytes, stm32f10x_spi.o(.text))
<BR><BR>[Stack]<UL><LI>Max Depth = 16<LI>Call Chain = SPI_I2S_GetFlagStatus
</UL>
<BR>[Calls]<UL><LI><a href="#[90]">&gt;&gt;</a>&nbsp;&nbsp;&nbsp;assert_failed
</UL>
<BR>[Called By]<UL><LI><a href="#[130]">&gt;&gt;</a>&nbsp;&nbsp;&nbsp;w5500_spi_mode_send_byte
</UL>

<P><STRONG><a name="[d6]"></a>SPI_I2S_ClearFlag</STRONG> (Thumb, 58 bytes, Stack size 16 bytes, stm32f10x_spi.o(.text), UNUSED)
<BR><BR>[Calls]<UL><LI><a href="#[90]">&gt;&gt;</a>&nbsp;&nbsp;&nbsp;assert_failed
</UL>

<P><STRONG><a name="[d7]"></a>SPI_I2S_GetITStatus</STRONG> (Thumb, 112 bytes, Stack size 16 bytes, stm32f10x_spi.o(.text), UNUSED)
<BR><BR>[Calls]<UL><LI><a href="#[90]">&gt;&gt;</a>&nbsp;&nbsp;&nbsp;assert_failed
</UL>

<P><STRONG><a name="[d8]"></a>SPI_I2S_ClearITPendingBit</STRONG> (Thumb, 66 bytes, Stack size 16 bytes, stm32f10x_spi.o(.text), UNUSED)
<BR><BR>[Calls]<UL><LI><a href="#[90]">&gt;&gt;</a>&nbsp;&nbsp;&nbsp;assert_failed
</UL>

<P><STRONG><a name="[d9]"></a>TIM_DeInit</STRONG> (Thumb, 414 bytes, Stack size 40 bytes, stm32f10x_tim.o(.text), UNUSED)
<BR><BR>[Calls]<UL><LI><a href="#[bd]">&gt;&gt;</a>&nbsp;&nbsp;&nbsp;RCC_APB1PeriphResetCmd
<LI><a href="#[97]">&gt;&gt;</a>&nbsp;&nbsp;&nbsp;RCC_APB2PeriphResetCmd
<LI><a href="#[90]">&gt;&gt;</a>&nbsp;&nbsp;&nbsp;assert_failed
</UL>

<P><STRONG><a name="[da]"></a>TIM_TimeBaseInit</STRONG> (Thumb, 278 bytes, Stack size 40 bytes, stm32f10x_tim.o(.text), UNUSED)
<BR><BR>[Calls]<UL><LI><a href="#[90]">&gt;&gt;</a>&nbsp;&nbsp;&nbsp;assert_failed
</UL>
<BR>[Called By]<UL><LI><a href="#[144]">&gt;&gt;</a>&nbsp;&nbsp;&nbsp;sys_timer_init
</UL>

<P><STRONG><a name="[db]"></a>TIM_OC1Init</STRONG> (Thumb, 460 bytes, Stack size 40 bytes, stm32f10x_tim.o(.text), UNUSED)
<BR><BR>[Calls]<UL><LI><a href="#[90]">&gt;&gt;</a>&nbsp;&nbsp;&nbsp;assert_failed
</UL>

<P><STRONG><a name="[dc]"></a>TIM_OC2Init</STRONG> (Thumb, 356 bytes, Stack size 40 bytes, stm32f10x_tim.o(.text), UNUSED)
<BR><BR>[Calls]<UL><LI><a href="#[90]">&gt;&gt;</a>&nbsp;&nbsp;&nbsp;assert_failed
</UL>

<P><STRONG><a name="[dd]"></a>TIM_OC3Init</STRONG> (Thumb, 334 bytes, Stack size 40 bytes, stm32f10x_tim.o(.text), UNUSED)
<BR><BR>[Calls]<UL><LI><a href="#[90]">&gt;&gt;</a>&nbsp;&nbsp;&nbsp;assert_failed
</UL>

<P><STRONG><a name="[de]"></a>TIM_OC4Init</STRONG> (Thumb, 246 bytes, Stack size 40 bytes, stm32f10x_tim.o(.text), UNUSED)
<BR><BR>[Calls]<UL><LI><a href="#[90]">&gt;&gt;</a>&nbsp;&nbsp;&nbsp;assert_failed
</UL>

<P><STRONG><a name="[df]"></a>TIM_SetIC4Prescaler</STRONG> (Thumb, 138 bytes, Stack size 16 bytes, stm32f10x_tim.o(.text), UNUSED)
<BR><BR>[Calls]<UL><LI><a href="#[90]">&gt;&gt;</a>&nbsp;&nbsp;&nbsp;assert_failed
</UL>
<BR>[Called By]<UL><LI><a href="#[e3]">&gt;&gt;</a>&nbsp;&nbsp;&nbsp;TIM_ICInit
</UL>

<P><STRONG><a name="[e0]"></a>TIM_SetIC3Prescaler</STRONG> (Thumb, 96 bytes, Stack size 16 bytes, stm32f10x_tim.o(.text), UNUSED)
<BR><BR>[Calls]<UL><LI><a href="#[90]">&gt;&gt;</a>&nbsp;&nbsp;&nbsp;assert_failed
</UL>
<BR>[Called By]<UL><LI><a href="#[e3]">&gt;&gt;</a>&nbsp;&nbsp;&nbsp;TIM_ICInit
</UL>

<P><STRONG><a name="[e1]"></a>TIM_SetIC2Prescaler</STRONG> (Thumb, 122 bytes, Stack size 16 bytes, stm32f10x_tim.o(.text), UNUSED)
<BR><BR>[Calls]<UL><LI><a href="#[90]">&gt;&gt;</a>&nbsp;&nbsp;&nbsp;assert_failed
</UL>
<BR>[Called By]<UL><LI><a href="#[e6]">&gt;&gt;</a>&nbsp;&nbsp;&nbsp;TIM_PWMIConfig
<LI><a href="#[e3]">&gt;&gt;</a>&nbsp;&nbsp;&nbsp;TIM_ICInit
</UL>

<P><STRONG><a name="[e2]"></a>TIM_SetIC1Prescaler</STRONG> (Thumb, 150 bytes, Stack size 16 bytes, stm32f10x_tim.o(.text), UNUSED)
<BR><BR>[Calls]<UL><LI><a href="#[90]">&gt;&gt;</a>&nbsp;&nbsp;&nbsp;assert_failed
</UL>
<BR>[Called By]<UL><LI><a href="#[e6]">&gt;&gt;</a>&nbsp;&nbsp;&nbsp;TIM_PWMIConfig
<LI><a href="#[e3]">&gt;&gt;</a>&nbsp;&nbsp;&nbsp;TIM_ICInit
</UL>

<P><STRONG><a name="[e3]"></a>TIM_ICInit</STRONG> (Thumb, 744 bytes, Stack size 40 bytes, stm32f10x_tim.o(.text), UNUSED)
<BR><BR>[Calls]<UL><LI><a href="#[e2]">&gt;&gt;</a>&nbsp;&nbsp;&nbsp;TIM_SetIC1Prescaler
<LI><a href="#[e1]">&gt;&gt;</a>&nbsp;&nbsp;&nbsp;TIM_SetIC2Prescaler
<LI><a href="#[e0]">&gt;&gt;</a>&nbsp;&nbsp;&nbsp;TIM_SetIC3Prescaler
<LI><a href="#[df]">&gt;&gt;</a>&nbsp;&nbsp;&nbsp;TIM_SetIC4Prescaler
<LI><a href="#[e4]">&gt;&gt;</a>&nbsp;&nbsp;&nbsp;TI1_Config
<LI><a href="#[e5]">&gt;&gt;</a>&nbsp;&nbsp;&nbsp;TI2_Config
<LI><a href="#[90]">&gt;&gt;</a>&nbsp;&nbsp;&nbsp;assert_failed
</UL>

<P><STRONG><a name="[e6]"></a>TIM_PWMIConfig</STRONG> (Thumb, 170 bytes, Stack size 24 bytes, stm32f10x_tim.o(.text), UNUSED)
<BR><BR>[Calls]<UL><LI><a href="#[e2]">&gt;&gt;</a>&nbsp;&nbsp;&nbsp;TIM_SetIC1Prescaler
<LI><a href="#[e1]">&gt;&gt;</a>&nbsp;&nbsp;&nbsp;TIM_SetIC2Prescaler
<LI><a href="#[e4]">&gt;&gt;</a>&nbsp;&nbsp;&nbsp;TI1_Config
<LI><a href="#[e5]">&gt;&gt;</a>&nbsp;&nbsp;&nbsp;TI2_Config
<LI><a href="#[90]">&gt;&gt;</a>&nbsp;&nbsp;&nbsp;assert_failed
</UL>

<P><STRONG><a name="[e7]"></a>TIM_BDTRConfig</STRONG> (Thumb, 224 bytes, Stack size 16 bytes, stm32f10x_tim.o(.text), UNUSED)
<BR><BR>[Calls]<UL><LI><a href="#[90]">&gt;&gt;</a>&nbsp;&nbsp;&nbsp;assert_failed
</UL>

<P><STRONG><a name="[157]"></a>TIM_TimeBaseStructInit</STRONG> (Thumb, 18 bytes, Stack size 0 bytes, stm32f10x_tim.o(.text), UNUSED)

<P><STRONG><a name="[158]"></a>TIM_OCStructInit</STRONG> (Thumb, 20 bytes, Stack size 0 bytes, stm32f10x_tim.o(.text), UNUSED)

<P><STRONG><a name="[159]"></a>TIM_ICStructInit</STRONG> (Thumb, 16 bytes, Stack size 0 bytes, stm32f10x_tim.o(.text), UNUSED)

<P><STRONG><a name="[15a]"></a>TIM_BDTRStructInit</STRONG> (Thumb, 18 bytes, Stack size 0 bytes, stm32f10x_tim.o(.text), UNUSED)

<P><STRONG><a name="[e8]"></a>TIM_Cmd</STRONG> (Thumb, 156 bytes, Stack size 16 bytes, stm32f10x_tim.o(.text), UNUSED)
<BR><BR>[Calls]<UL><LI><a href="#[90]">&gt;&gt;</a>&nbsp;&nbsp;&nbsp;assert_failed
</UL>
<BR>[Called By]<UL><LI><a href="#[144]">&gt;&gt;</a>&nbsp;&nbsp;&nbsp;sys_timer_init
</UL>

<P><STRONG><a name="[e9]"></a>TIM_CtrlPWMOutputs</STRONG> (Thumb, 88 bytes, Stack size 16 bytes, stm32f10x_tim.o(.text), UNUSED)
<BR><BR>[Calls]<UL><LI><a href="#[90]">&gt;&gt;</a>&nbsp;&nbsp;&nbsp;assert_failed
</UL>

<P><STRONG><a name="[ea]"></a>TIM_ITConfig</STRONG> (Thumb, 172 bytes, Stack size 16 bytes, stm32f10x_tim.o(.text), UNUSED)
<BR><BR>[Calls]<UL><LI><a href="#[90]">&gt;&gt;</a>&nbsp;&nbsp;&nbsp;assert_failed
</UL>
<BR>[Called By]<UL><LI><a href="#[144]">&gt;&gt;</a>&nbsp;&nbsp;&nbsp;sys_timer_init
</UL>

<P><STRONG><a name="[eb]"></a>TIM_GenerateEvent</STRONG> (Thumb, 208 bytes, Stack size 16 bytes, stm32f10x_tim.o(.text), UNUSED)
<BR><BR>[Calls]<UL><LI><a href="#[90]">&gt;&gt;</a>&nbsp;&nbsp;&nbsp;assert_failed
</UL>

<P><STRONG><a name="[ec]"></a>TIM_DMAConfig</STRONG> (Thumb, 284 bytes, Stack size 16 bytes, stm32f10x_tim.o(.text), UNUSED)
<BR><BR>[Calls]<UL><LI><a href="#[90]">&gt;&gt;</a>&nbsp;&nbsp;&nbsp;assert_failed
</UL>

<P><STRONG><a name="[ed]"></a>TIM_DMACmd</STRONG> (Thumb, 138 bytes, Stack size 16 bytes, stm32f10x_tim.o(.text), UNUSED)
<BR><BR>[Calls]<UL><LI><a href="#[90]">&gt;&gt;</a>&nbsp;&nbsp;&nbsp;assert_failed
</UL>

<P><STRONG><a name="[ee]"></a>TIM_InternalClockConfig</STRONG> (Thumb, 80 bytes, Stack size 8 bytes, stm32f10x_tim.o(.text), UNUSED)
<BR><BR>[Calls]<UL><LI><a href="#[90]">&gt;&gt;</a>&nbsp;&nbsp;&nbsp;assert_failed
</UL>

<P><STRONG><a name="[ef]"></a>TIM_SelectInputTrigger</STRONG> (Thumb, 122 bytes, Stack size 16 bytes, stm32f10x_tim.o(.text), UNUSED)
<BR><BR>[Calls]<UL><LI><a href="#[90]">&gt;&gt;</a>&nbsp;&nbsp;&nbsp;assert_failed
</UL>
<BR>[Called By]<UL><LI><a href="#[f1]">&gt;&gt;</a>&nbsp;&nbsp;&nbsp;TIM_TIxExternalClockConfig
<LI><a href="#[f0]">&gt;&gt;</a>&nbsp;&nbsp;&nbsp;TIM_ITRxExternalClockConfig
</UL>

<P><STRONG><a name="[f0]"></a>TIM_ITRxExternalClockConfig</STRONG> (Thumb, 112 bytes, Stack size 16 bytes, stm32f10x_tim.o(.text), UNUSED)
<BR><BR>[Calls]<UL><LI><a href="#[ef]">&gt;&gt;</a>&nbsp;&nbsp;&nbsp;TIM_SelectInputTrigger
<LI><a href="#[90]">&gt;&gt;</a>&nbsp;&nbsp;&nbsp;assert_failed
</UL>

<P><STRONG><a name="[f1]"></a>TIM_TIxExternalClockConfig</STRONG> (Thumb, 240 bytes, Stack size 24 bytes, stm32f10x_tim.o(.text), UNUSED)
<BR><BR>[Calls]<UL><LI><a href="#[ef]">&gt;&gt;</a>&nbsp;&nbsp;&nbsp;TIM_SelectInputTrigger
<LI><a href="#[e4]">&gt;&gt;</a>&nbsp;&nbsp;&nbsp;TI1_Config
[...]
<LI><a href="#[e3]">&gt;&gt;</a>&nbsp;&nbsp;&nbsp;TIM_ICInit
<LI><a href="#[e2]">&gt;&gt;</a>&nbsp;&nbsp;&nbsp;TIM_SetIC1Prescaler
<LI><a href="#[e1]">&gt;&gt;</a>&nbsp;&nbsp;&nbsp;TIM_SetIC2Prescaler
<LI><a href="#[e0]">&gt;&gt;</a>&nbsp;&nbsp;&nbsp;TIM_SetIC3Prescaler
<LI><a href="#[df]">&gt;&gt;</a>&nbsp;&nbsp;&nbsp;TIM_SetIC4Prescaler
<LI><a href="#[de]">&gt;&gt;</a>&nbsp;&nbsp;&nbsp;TIM_OC4Init
<LI><a href="#[dd]">&gt;&gt;</a>&nbsp;&nbsp;&nbsp;TIM_OC3Init
<LI><a href="#[dc]">&gt;&gt;</a>&nbsp;&nbsp;&nbsp;TIM_OC2Init
<LI><a href="#[db]">&gt;&gt;</a>&nbsp;&nbsp;&nbsp;TIM_OC1Init
<LI><a href="#[da]">&gt;&gt;</a>&nbsp;&nbsp;&nbsp;TIM_TimeBaseInit
<LI><a href="#[d9]">&gt;&gt;</a>&nbsp;&nbsp;&nbsp;TIM_DeInit
<LI><a href="#[d8]">&gt;&gt;</a>&nbsp;&nbsp;&nbsp;SPI_I2S_ClearITPendingBit
<LI><a href="#[d7]">&gt;&gt;</a>&nbsp;&nbsp;&nbsp;SPI_I2S_GetITStatus
<LI><a href="#[d6]">&gt;&gt;</a>&nbsp;&nbsp;&nbsp;SPI_I2S_ClearFlag
<LI><a href="#[d5]">&gt;&gt;</a>&nbsp;&nbsp;&nbsp;SPI_I2S_GetFlagStatus
<LI><a href="#[d4]">&gt;&gt;</a>&nbsp;&nbsp;&nbsp;SPI_BiDirectionalLineConfig
<LI><a href="#[d3]">&gt;&gt;</a>&nbsp;&nbsp;&nbsp;SPI_GetCRCPolynomial
<LI><a href="#[d2]">&gt;&gt;</a>&nbsp;&nbsp;&nbsp;SPI_GetCRC
<LI><a href="#[d1]">&gt;&gt;</a>&nbsp;&nbsp;&nbsp;SPI_CalculateCRC
<LI><a href="#[d0]">&gt;&gt;</a>&nbsp;&nbsp;&nbsp;SPI_TransmitCRC
<LI><a href="#[cf]">&gt;&gt;</a>&nbsp;&nbsp;&nbsp;SPI_DataSizeConfig
<LI><a href="#[ce]">&gt;&gt;</a>&nbsp;&nbsp;&nbsp;SPI_SSOutputCmd
<LI><a href="#[cd]">&gt;&gt;</a>&nbsp;&nbsp;&nbsp;SPI_NSSInternalSoftwareConfig
<LI><a href="#[cc]">&gt;&gt;</a>&nbsp;&nbsp;&nbsp;SPI_I2S_ReceiveData
<LI><a href="#[cb]">&gt;&gt;</a>&nbsp;&nbsp;&nbsp;SPI_I2S_SendData
<LI><a href="#[ca]">&gt;&gt;</a>&nbsp;&nbsp;&nbsp;SPI_I2S_DMACmd
<LI><a href="#[c9]">&gt;&gt;</a>&nbsp;&nbsp;&nbsp;SPI_I2S_ITConfig
<LI><a href="#[c8]">&gt;&gt;</a>&nbsp;&nbsp;&nbsp;I2S_Cmd
<LI><a href="#[c7]">&gt;&gt;</a>&nbsp;&nbsp;&nbsp;SPI_Cmd
<LI><a href="#[c5]">&gt;&gt;</a>&nbsp;&nbsp;&nbsp;I2S_Init
<LI><a href="#[c4]">&gt;&gt;</a>&nbsp;&nbsp;&nbsp;SPI_Init
<LI><a href="#[c3]">&gt;&gt;</a>&nbsp;&nbsp;&nbsp;SPI_I2S_DeInit
<LI><a href="#[c2]">&gt;&gt;</a>&nbsp;&nbsp;&nbsp;RCC_ClearITPendingBit
<LI><a href="#[c1]">&gt;&gt;</a>&nbsp;&nbsp;&nbsp;RCC_GetITStatus
<LI><a href="#[c0]">&gt;&gt;</a>&nbsp;&nbsp;&nbsp;RCC_MCOConfig
<LI><a href="#[bf]">&gt;&gt;</a>&nbsp;&nbsp;&nbsp;RCC_ClockSecuritySystemCmd
<LI><a href="#[be]">&gt;&gt;</a>&nbsp;&nbsp;&nbsp;RCC_BackupResetCmd
<LI><a href="#[bc]">&gt;&gt;</a>&nbsp;&nbsp;&nbsp;RCC_APB1PeriphClockCmd
<LI><a href="#[bb]">&gt;&gt;</a>&nbsp;&nbsp;&nbsp;RCC_APB2PeriphClockCmd
<LI><a href="#[ba]">&gt;&gt;</a>&nbsp;&nbsp;&nbsp;RCC_AHBPeriphClockCmd
<LI><a href="#[b9]">&gt;&gt;</a>&nbsp;&nbsp;&nbsp;RCC_RTCCLKCmd
<LI><a href="#[b8]">&gt;&gt;</a>&nbsp;&nbsp;&nbsp;RCC_RTCCLKConfig
<LI><a href="#[b7]">&gt;&gt;</a>&nbsp;&nbsp;&nbsp;RCC_LSICmd
<LI><a href="#[b6]">&gt;&gt;</a>&nbsp;&nbsp;&nbsp;RCC_LSEConfig
<LI><a href="#[b5]">&gt;&gt;</a>&nbsp;&nbsp;&nbsp;RCC_ADCCLKConfig
<LI><a href="#[b4]">&gt;&gt;</a>&nbsp;&nbsp;&nbsp;RCC_USBCLKConfig
<LI><a href="#[b3]">&gt;&gt;</a>&nbsp;&nbsp;&nbsp;RCC_ITConfig
<LI><a href="#[b2]">&gt;&gt;</a>&nbsp;&nbsp;&nbsp;RCC_PCLK2Config
<LI><a href="#[b1]">&gt;&gt;</a>&nbsp;&nbsp;&nbsp;RCC_PCLK1Config
<LI><a href="#[b0]">&gt;&gt;</a>&nbsp;&nbsp;&nbsp;RCC_HCLKConfig
<LI><a href="#[af]">&gt;&gt;</a>&nbsp;&nbsp;&nbsp;RCC_SYSCLKConfig
<LI><a href="#[ae]">&gt;&gt;</a>&nbsp;&nbsp;&nbsp;RCC_PLLCmd
<LI><a href="#[ad]">&gt;&gt;</a>&nbsp;&nbsp;&nbsp;RCC_PLLConfig
<LI><a href="#[ac]">&gt;&gt;</a>&nbsp;&nbsp;&nbsp;RCC_HSICmd
<LI><a href="#[ab]">&gt;&gt;</a>&nbsp;&nbsp;&nbsp;RCC_AdjustHSICalibrationValue
<LI><a href="#[a9]">&gt;&gt;</a>&nbsp;&nbsp;&nbsp;RCC_GetFlagStatus
<LI><a href="#[a8]">&gt;&gt;</a>&nbsp;&nbsp;&nbsp;RCC_HSEConfig
<LI><a href="#[bd]">&gt;&gt;</a>&nbsp;&nbsp;&nbsp;RCC_APB1PeriphResetCmd
<LI><a href="#[97]">&gt;&gt;</a>&nbsp;&nbsp;&nbsp;RCC_APB2PeriphResetCmd
<LI><a href="#[a7]">&gt;&gt;</a>&nbsp;&nbsp;&nbsp;GPIO_ETH_MediaInterfaceConfig
<LI><a href="#[a6]">&gt;&gt;</a>&nbsp;&nbsp;&nbsp;GPIO_EXTILineConfig
<LI><a href="#[a5]">&gt;&gt;</a>&nbsp;&nbsp;&nbsp;GPIO_PinRemapConfig
<LI><a href="#[a4]">&gt;&gt;</a>&nbsp;&nbsp;&nbsp;GPIO_EventOutputCmd
<LI><a href="#[a3]">&gt;&gt;</a>&nbsp;&nbsp;&nbsp;GPIO_EventOutputConfig
<LI><a href="#[a2]">&gt;&gt;</a>&nbsp;&nbsp;&nbsp;GPIO_PinLockConfig
<LI><a href="#[a1]">&gt;&gt;</a>&nbsp;&nbsp;&nbsp;GPIO_Write
<LI><a href="#[a0]">&gt;&gt;</a>&nbsp;&nbsp;&nbsp;GPIO_WriteBit
<LI><a href="#[9d]">&gt;&gt;</a>&nbsp;&nbsp;&nbsp;GPIO_ReadOutputData
<LI><a href="#[9c]">&gt;&gt;</a>&nbsp;&nbsp;&nbsp;GPIO_ReadOutputDataBit
<LI><a href="#[9b]">&gt;&gt;</a>&nbsp;&nbsp;&nbsp;GPIO_ReadInputData
<LI><a href="#[96]">&gt;&gt;</a>&nbsp;&nbsp;&nbsp;GPIO_DeInit
<LI><a href="#[94]">&gt;&gt;</a>&nbsp;&nbsp;&nbsp;SysTick_CLKSourceConfig
<LI><a href="#[93]">&gt;&gt;</a>&nbsp;&nbsp;&nbsp;NVIC_SystemLPConfig
<LI><a href="#[92]">&gt;&gt;</a>&nbsp;&nbsp;&nbsp;NVIC_SetVectorTable
<LI><a href="#[91]">&gt;&gt;</a>&nbsp;&nbsp;&nbsp;NVIC_Init
<LI><a href="#[8f]">&gt;&gt;</a>&nbsp;&nbsp;&nbsp;NVIC_PriorityGroupConfig
<LI><a href="#[9e]">&gt;&gt;</a>&nbsp;&nbsp;&nbsp;GPIO_SetBits
<LI><a href="#[9f]">&gt;&gt;</a>&nbsp;&nbsp;&nbsp;GPIO_ResetBits
<LI><a href="#[9a]">&gt;&gt;</a>&nbsp;&nbsp;&nbsp;GPIO_ReadInputDataBit
<LI><a href="#[99]">&gt;&gt;</a>&nbsp;&nbsp;&nbsp;GPIO_Init
</UL>

<P><STRONG><a name="[46]"></a>main</STRONG> (Thumb, 36 bytes, Stack size 24 bytes, main.o(.text))
<BR><BR>[Stack]<UL><LI>Max Depth = 224<LI>Call Chain = main &rArr; w5500_socket_process &rArr; DHCP_run &rArr; parseDHCPMSG &rArr; recvfrom &rArr; wiz_recv_data &rArr; WIZCHIP_READ_BUF
</UL>
<BR>[Calls]<UL><LI><a href="#[12f]">&gt;&gt;</a>&nbsp;&nbsp;&nbsp;w5500_socket_process
<LI><a href="#[12e]">&gt;&gt;</a>&nbsp;&nbsp;&nbsp;led_init
<LI><a href="#[bb]">&gt;&gt;</a>&nbsp;&nbsp;&nbsp;RCC_APB2PeriphClockCmd
<LI><a href="#[c6]">&gt;&gt;</a>&nbsp;&nbsp;&nbsp;RCC_GetClocksFreq
<LI><a href="#[8f]">&gt;&gt;</a>&nbsp;&nbsp;&nbsp;NVIC_PriorityGroupConfig
</UL>
<BR>[Address Reference Count : 1]<UL><LI> entry9a.o(.ARM.Collect$$$$0000000B)
</UL>
<P><STRONG><a name="[1]"></a>NMI_Handler</STRONG> (Thumb, 2 bytes, Stack size 0 bytes, stm32f10x_it.o(.text))
<BR>[Address Reference Count : 1]<UL><LI> startup_stm32f10x_hd.o(RESET)
</UL>
<P><STRONG><a name="[2]"></a>HardFault_Handler</STRONG> (Thumb, 2 bytes, Stack size 0 bytes, stm32f10x_it.o(.text))
<BR><BR>[Calls]<UL><LI><a href="#[2]">&gt;&gt;</a>&nbsp;&nbsp;&nbsp;HardFault_Handler
</UL>
<BR>[Called By]<UL><LI><a href="#[2]">&gt;&gt;</a>&nbsp;&nbsp;&nbsp;HardFault_Handler
</UL>
<BR>[Address Reference Count : 1]<UL><LI> startup_stm32f10x_hd.o(RESET)
</UL>
<P><STRONG><a name="[3]"></a>MemManage_Handler</STRONG> (Thumb, 2 bytes, Stack size 0 bytes, stm32f10x_it.o(.text))
<BR><BR>[Calls]<UL><LI><a href="#[3]">&gt;&gt;</a>&nbsp;&nbsp;&nbsp;MemManage_Handler
</UL>
<BR>[Called By]<UL><LI><a href="#[3]">&gt;&gt;</a>&nbsp;&nbsp;&nbsp;MemManage_Handler
</UL>
<BR>[Address Reference Count : 1]<UL><LI> startup_stm32f10x_hd.o(RESET)
</UL>
<P><STRONG><a name="[4]"></a>BusFault_Handler</STRONG> (Thumb, 2 bytes, Stack size 0 bytes, stm32f10x_it.o(.text))
<BR><BR>[Calls]<UL><LI><a href="#[4]">&gt;&gt;</a>&nbsp;&nbsp;&nbsp;BusFault_Handler
</UL>
<BR>[Called By]<UL><LI><a href="#[4]">&gt;&gt;</a>&nbsp;&nbsp;&nbsp;BusFault_Handler
</UL>
<BR>[Address Reference Count : 1]<UL><LI> startup_stm32f10x_hd.o(RESET)
</UL>
<P><STRONG><a name="[5]"></a>UsageFault_Handler</STRONG> (Thumb, 2 bytes, Stack size 0 bytes, stm32f10x_it.o(.text))
<BR><BR>[Calls]<UL><LI><a href="#[5]">&gt;&gt;</a>&nbsp;&nbsp;&nbsp;UsageFault_Handler
</UL>
<BR>[Called By]<UL><LI><a href="#[5]">&gt;&gt;</a>&nbsp;&nbsp;&nbsp;UsageFault_Handler
</UL>
<BR>[Address Reference Count : 1]<UL><LI> startup_stm32f10x_hd.o(RESET)
</UL>
<P><STRONG><a name="[7]"></a>DebugMon_Handler</STRONG> (Thumb, 2 bytes, Stack size 0 bytes, stm32f10x_it.o(.text))
<BR>[Address Reference Count : 1]<UL><LI> startup_stm32f10x_hd.o(RESET)
</UL>
<P><STRONG><a name="[15b]"></a>delay_nus</STRONG> (Thumb, 18 bytes, Stack size 0 bytes, delay.o(.text), UNUSED)

<P><STRONG><a name="[15c]"></a>delay_20us</STRONG> (Thumb, 12 bytes, Stack size 0 bytes, delay.o(.text), UNUSED)

<P><STRONG><a name="[15d]"></a>delay_5us</STRONG> (Thumb, 12 bytes, Stack size 0 bytes, delay.o(.text), UNUSED)

<P><STRONG><a name="[142]"></a>delay_nms</STRONG> (Thumb, 22 bytes, Stack size 0 bytes, delay.o(.text))
<BR><BR>[Called By]<UL><LI><a href="#[13d]">&gt;&gt;</a>&nbsp;&nbsp;&nbsp;w5500_init
</UL>

<P><STRONG><a name="[130]"></a>w5500_spi_mode_send_byte</STRONG> (Thumb, 48 bytes, Stack size 16 bytes, w5500_port_1.o(.text))
<BR><BR>[Stack]<UL><LI>Max Depth = 32<LI>Call Chain = w5500_spi_mode_send_byte &rArr; SPI_I2S_GetFlagStatus
</UL>
<BR>[Calls]<UL><LI><a href="#[d5]">&gt;&gt;</a>&nbsp;&nbsp;&nbsp;SPI_I2S_GetFlagStatus
<LI><a href="#[cc]">&gt;&gt;</a>&nbsp;&nbsp;&nbsp;SPI_I2S_ReceiveData
<LI><a href="#[cb]">&gt;&gt;</a>&nbsp;&nbsp;&nbsp;SPI_I2S_SendData
</UL>
<BR>[Called By]<UL><LI><a href="#[132]">&gt;&gt;</a>&nbsp;&nbsp;&nbsp;w5500_spi_read_byte
<LI><a href="#[131]">&gt;&gt;</a>&nbsp;&nbsp;&nbsp;w5500_spi_send_byte
</UL>

<P><STRONG><a name="[131]"></a>w5500_spi_send_byte</STRONG> (Thumb, 2 bytes, Stack size 0 bytes, w5500_port_1.o(.text))
<BR><BR>[Stack]<UL><LI>Max Depth = 32<LI>Call Chain = w5500_spi_send_byte &rArr; w5500_spi_mode_send_byte &rArr; SPI_I2S_GetFlagStatus
</UL>
<BR>[Calls]<UL><LI><a href="#[130]">&gt;&gt;</a>&nbsp;&nbsp;&nbsp;w5500_spi_mode_send_byte
</UL>
<BR>[Address Reference Count : 1]<UL><LI> w5500_port_1.o(.text)
</UL>
<P><STRONG><a name="[132]"></a>w5500_spi_read_byte</STRONG> (Thumb, 4 bytes, Stack size 0 bytes, w5500_port_1.o(.text))
<BR><BR>[Stack]<UL><LI>Max Depth = 32<LI>Call Chain = w5500_spi_read_byte &rArr; w5500_spi_mode_send_byte &rArr; SPI_I2S_GetFlagStatus
</UL>
<BR>[Calls]<UL><LI><a href="#[130]">&gt;&gt;</a>&nbsp;&nbsp;&nbsp;w5500_spi_mode_send_byte
</UL>
<BR>[Address Reference Count : 1]<UL><LI> w5500_port_1.o(.text)
</UL>
<P><STRONG><a name="[133]"></a>w5500_timer_isr</STRONG> (Thumb, 82 bytes, Stack size 16 bytes, w5500_port_1.o(.text))
<BR><BR>[Stack]<UL><LI>Max Depth = 136<LI>Call Chain = w5500_timer_isr &rArr; ctlwizchip &rArr; wizchip_init &rArr; wizchip_sw_reset &rArr; WIZCHIP_READ_BUF
</UL>
<BR>[Calls]<UL><LI><a href="#[134]">&gt;&gt;</a>&nbsp;&nbsp;&nbsp;DHCP_time_handler
<LI><a href="#[7b]">&gt;&gt;</a>&nbsp;&nbsp;&nbsp;ctlwizchip
</UL>
<BR>[Called By]<UL><LI><a href="#[26]">&gt;&gt;</a>&nbsp;&nbsp;&nbsp;TIM2_IRQHandler
</UL>

<P><STRONG><a name="[135]"></a>w5500_ip_assign</STRONG> (Thumb, 66 bytes, Stack size 8 bytes, w5500_port_1.o(.text))
<BR><BR>[Stack]<UL><LI>Max Depth = 56<LI>Call Chain = w5500_ip_assign &rArr; DHCP_stop &rArr; close &rArr; WIZCHIP_WRITE
</UL>
<BR>[Calls]<UL><LI><a href="#[139]">&gt;&gt;</a>&nbsp;&nbsp;&nbsp;getDNSfromDHCP
<LI><a href="#[138]">&gt;&gt;</a>&nbsp;&nbsp;&nbsp;getSNfromDHCP
<LI><a href="#[137]">&gt;&gt;</a>&nbsp;&nbsp;&nbsp;getGWfromDHCP
<LI><a href="#[136]">&gt;&gt;</a>&nbsp;&nbsp;&nbsp;getIPfromDHCP
<LI><a href="#[8d]">&gt;&gt;</a>&nbsp;&nbsp;&nbsp;DHCP_stop
<LI><a href="#[82]">&gt;&gt;</a>&nbsp;&nbsp;&nbsp;ctlnetwork
</UL>
<BR>[Address Reference Count : 1]<UL><LI> w5500_port_1.o(.text)
</UL>
<P><STRONG><a name="[13a]"></a>w5500_ip_conflict</STRONG> (Thumb, 22 bytes, Stack size 8 bytes, w5500_port_1.o(.text))
<BR><BR>[Stack]<UL><LI>Max Depth = 64<LI>Call Chain = w5500_ip_conflict &rArr; DHCP_init &rArr; WIZCHIP_READ_BUF
</UL>
<BR>[Calls]<UL><LI><a href="#[13b]">&gt;&gt;</a>&nbsp;&nbsp;&nbsp;dhcp_timer_start
<LI><a href="#[8e]">&gt;&gt;</a>&nbsp;&nbsp;&nbsp;DHCP_init
</UL>
<BR>[Address Reference Count : 1]<UL><LI> w5500_port_1.o(.text)
</UL>
<P><STRONG><a name="[12f]"></a>w5500_socket_process</STRONG> (Thumb, 92 bytes, Stack size 16 bytes, w5500_port_1.o(.text))
<BR><BR>[Stack]<UL><LI>Max Depth = 200<LI>Call Chain = w5500_socket_process &rArr; DHCP_run &rArr; parseDHCPMSG &rArr; recvfrom &rArr; wiz_recv_data &rArr; WIZCHIP_READ_BUF
</UL>
<BR>[Calls]<UL><LI><a href="#[13c]">&gt;&gt;</a>&nbsp;&nbsp;&nbsp;w5500_tcp_client
<LI><a href="#[13e]">&gt;&gt;</a>&nbsp;&nbsp;&nbsp;start_dhcp
<LI><a href="#[13d]">&gt;&gt;</a>&nbsp;&nbsp;&nbsp;w5500_init
<LI><a href="#[13b]">&gt;&gt;</a>&nbsp;&nbsp;&nbsp;dhcp_timer_start
<LI><a href="#[8e]">&gt;&gt;</a>&nbsp;&nbsp;&nbsp;DHCP_init
<LI><a href="#[8c]">&gt;&gt;</a>&nbsp;&nbsp;&nbsp;DHCP_run
</UL>
<BR>[Called By]<UL><LI><a href="#[46]">&gt;&gt;</a>&nbsp;&nbsp;&nbsp;main
</UL>

<P><STRONG><a name="[12e]"></a>led_init</STRONG> (Thumb, 32 bytes, Stack size 8 bytes, bsp_led.o(.text))
<BR><BR>[Stack]<UL><LI>Max Depth = 32<LI>Call Chain = led_init &rArr; GPIO_Init
</UL>
<BR>[Calls]<UL><LI><a href="#[99]">&gt;&gt;</a>&nbsp;&nbsp;&nbsp;GPIO_Init
</UL>
<BR>[Called By]<UL><LI><a href="#[46]">&gt;&gt;</a>&nbsp;&nbsp;&nbsp;main
</UL>

<P><STRONG><a name="[144]"></a>sys_timer_init</STRONG> (Thumb, 100 bytes, Stack size 24 bytes, timer.o(.text), UNUSED)
<BR><BR>[Calls]<UL><LI><a href="#[12b]">&gt;&gt;</a>&nbsp;&nbsp;&nbsp;TIM_ClearFlag
<LI><a href="#[ea]">&gt;&gt;</a>&nbsp;&nbsp;&nbsp;TIM_ITConfig
<LI><a href="#[e8]">&gt;&gt;</a>&nbsp;&nbsp;&nbsp;TIM_Cmd
<LI><a href="#[da]">&gt;&gt;</a>&nbsp;&nbsp;&nbsp;TIM_TimeBaseInit
<LI><a href="#[bc]">&gt;&gt;</a>&nbsp;&nbsp;&nbsp;RCC_APB1PeriphClockCmd
<LI><a href="#[91]">&gt;&gt;</a>&nbsp;&nbsp;&nbsp;NVIC_Init
</UL>

<P><STRONG><a name="[26]"></a>TIM2_IRQHandler</STRONG> (Thumb, 34 bytes, Stack size 8 bytes, timer.o(.text))
<BR><BR>[Stack]<UL><LI>Max Depth = 144<LI>Call Chain = TIM2_IRQHandler &rArr; w5500_timer_isr &rArr; ctlwizchip &rArr; wizchip_init &rArr; wizchip_sw_reset &rArr; WIZCHIP_READ_BUF
</UL>
<BR>[Calls]<UL><LI><a href="#[133]">&gt;&gt;</a>&nbsp;&nbsp;&nbsp;w5500_timer_isr
<LI><a href="#[12d]">&gt;&gt;</a>&nbsp;&nbsp;&nbsp;TIM_ClearITPendingBit
<LI><a href="#[12c]">&gt;&gt;</a>&nbsp;&nbsp;&nbsp;TIM_GetITStatus
</UL>
<BR>[Address Reference Count : 1]<UL><LI> startup_stm32f10x_hd.o(RESET)
</UL>
<P><STRONG><a name="[55]"></a>__scatterload</STRONG> (Thumb, 28 bytes, Stack size 0 bytes, init.o(.text))
<BR><BR>[Calls]<UL><LI><a href="#[145]">&gt;&gt;</a>&nbsp;&nbsp;&nbsp;__main_after_scatterload
</UL>
<BR>[Called By]<UL><LI><a href="#[54]">&gt;&gt;</a>&nbsp;&nbsp;&nbsp;_main_scatterload
</UL>

<P><STRONG><a name="[15e]"></a>__scatterload_rt2</STRONG> (Thumb, 0 bytes, Stack size 0 bytes, init.o(.text), UNUSED)

<P><STRONG><a name="[15f]"></a>__scatterload_copy</STRONG> (Thumb, 14 bytes, Stack size unknown bytes, handlers.o(i.__scatterload_copy), UNUSED)

<P><STRONG><a name="[160]"></a>__scatterload_null</STRONG> (Thumb, 2 bytes, Stack size unknown bytes, handlers.o(i.__scatterload_null), UNUSED)

<P><STRONG><a name="[161]"></a>__scatterload_zeroinit</STRONG> (Thumb, 14 bytes, Stack size unknown bytes, handlers.o(i.__scatterload_zeroinit), UNUSED)
<P>
<H3>
Local Symbols
</H3>
<P><STRONG><a name="[95]"></a>SetSysClockTo72</STRONG> (Thumb, 160 bytes, Stack size 12 bytes, system_stm32f10x.o(.text))
<BR><BR>[Stack]<UL><LI>Max Depth = 12<LI>Call Chain = SetSysClockTo72
</UL>
<BR>[Called By]<UL><LI><a href="#[47]">&gt;&gt;</a>&nbsp;&nbsp;&nbsp;SystemInit
</UL>

<P><STRONG><a name="[e5]"></a>TI2_Config</STRONG> (Thumb, 102 bytes, Stack size 20 bytes, stm32f10x_tim.o(.text), UNUSED)
<BR><BR>[Called By]<UL><LI><a href="#[f1]">&gt;&gt;</a>&nbsp;&nbsp;&nbsp;TIM_TIxExternalClockConfig
<LI><a href="#[e6]">&gt;&gt;</a>&nbsp;&nbsp;&nbsp;TIM_PWMIConfig
<LI><a href="#[e3]">&gt;&gt;</a>&nbsp;&nbsp;&nbsp;TIM_ICInit
</UL>

<P><STRONG><a name="[e4]"></a>TI1_Config</STRONG> (Thumb, 88 bytes, Stack size 16 bytes, stm32f10x_tim.o(.text), UNUSED)
<BR><BR>[Called By]<UL><LI><a href="#[f1]">&gt;&gt;</a>&nbsp;&nbsp;&nbsp;TIM_TIxExternalClockConfig
<LI><a href="#[e6]">&gt;&gt;</a>&nbsp;&nbsp;&nbsp;TIM_PWMIConfig
<LI><a href="#[e3]">&gt;&gt;</a>&nbsp;&nbsp;&nbsp;TIM_ICInit
</UL>

<P><STRONG><a name="[4a]"></a>w5500_cs_select</STRONG> (Thumb, 10 bytes, Stack size 0 bytes, w5500_port_1.o(.text))
<BR><BR>[Stack]<UL><LI>Max Depth = 16<LI>Call Chain = w5500_cs_select &rArr; GPIO_ResetBits
</UL>
<BR>[Calls]<UL><LI><a href="#[9f]">&gt;&gt;</a>&nbsp;&nbsp;&nbsp;GPIO_ResetBits
</UL>
<BR>[Address Reference Count : 1]<UL><LI> w5500_port_1.o(.text)
</UL>
<P><STRONG><a name="[49]"></a>w5500_cs_deselect</STRONG> (Thumb, 10 bytes, Stack size 0 bytes, w5500_port_1.o(.text))
<BR><BR>[Stack]<UL><LI>Max Depth = 16<LI>Call Chain = w5500_cs_deselect &rArr; GPIO_SetBits
</UL>
<BR>[Calls]<UL><LI><a href="#[9e]">&gt;&gt;</a>&nbsp;&nbsp;&nbsp;GPIO_SetBits
</UL>
<BR>[Address Reference Count : 1]<UL><LI> w5500_port_1.o(.text)
</UL>
<P><STRONG><a name="[13b]"></a>dhcp_timer_start</STRONG> (Thumb, 12 bytes, Stack size 0 bytes, w5500_port_1.o(.text))
<BR><BR>[Called By]<UL><LI><a href="#[13a]">&gt;&gt;</a>&nbsp;&nbsp;&nbsp;w5500_ip_conflict
<LI><a href="#[13e]">&gt;&gt;</a>&nbsp;&nbsp;&nbsp;start_dhcp
<LI><a href="#[12f]">&gt;&gt;</a>&nbsp;&nbsp;&nbsp;w5500_socket_process
</UL>

<P><STRONG><a name="[13d]"></a>w5500_init</STRONG> (Thumb, 94 bytes, Stack size 32 bytes, w5500_port_1.o(.text))
<BR><BR>[Stack]<UL><LI>Max Depth = 152<LI>Call Chain = w5500_init &rArr; ctlwizchip &rArr; wizchip_init &rArr; wizchip_sw_reset &rArr; WIZCHIP_READ_BUF
</UL>
<BR>[Calls]<UL><LI><a href="#[13f]">&gt;&gt;</a>&nbsp;&nbsp;&nbsp;w5500_spi_init
<LI><a href="#[142]">&gt;&gt;</a>&nbsp;&nbsp;&nbsp;delay_nms
<LI><a href="#[7b]">&gt;&gt;</a>&nbsp;&nbsp;&nbsp;ctlwizchip
<LI><a href="#[141]">&gt;&gt;</a>&nbsp;&nbsp;&nbsp;reg_wizchip_spi_cbfunc
<LI><a href="#[140]">&gt;&gt;</a>&nbsp;&nbsp;&nbsp;reg_wizchip_cs_cbfunc
</UL>
<BR>[Called By]<UL><LI><a href="#[12f]">&gt;&gt;</a>&nbsp;&nbsp;&nbsp;w5500_socket_process
</UL>

<P><STRONG><a name="[13e]"></a>start_dhcp</STRONG> (Thumb, 92 bytes, Stack size 8 bytes, w5500_port_1.o(.text))
<BR><BR>[Stack]<UL><LI>Max Depth = 64<LI>Call Chain = start_dhcp &rArr; DHCP_init &rArr; WIZCHIP_READ_BUF
</UL>
<BR>[Calls]<UL><LI><a href="#[13b]">&gt;&gt;</a>&nbsp;&nbsp;&nbsp;dhcp_timer_start
<LI><a href="#[8e]">&gt;&gt;</a>&nbsp;&nbsp;&nbsp;DHCP_init
<LI><a href="#[143]">&gt;&gt;</a>&nbsp;&nbsp;&nbsp;reg_dhcp_cbfunc
<LI><a href="#[5d]">&gt;&gt;</a>&nbsp;&nbsp;&nbsp;WIZCHIP_WRITE_BUF
</UL>
<BR>[Called By]<UL><LI><a href="#[12f]">&gt;&gt;</a>&nbsp;&nbsp;&nbsp;w5500_socket_process
</UL>

<P><STRONG><a name="[13c]"></a>w5500_tcp_client</STRONG> (Thumb, 170 bytes, Stack size 24 bytes, w5500_port_1.o(.text))
<BR><BR>[Stack]<UL><LI>Max Depth = 136<LI>Call Chain = w5500_tcp_client &rArr; recv &rArr; wiz_recv_data &rArr; WIZCHIP_READ_BUF
</UL>
<BR>[Calls]<UL><LI><a href="#[63]">&gt;&gt;</a>&nbsp;&nbsp;&nbsp;getSn_RX_RSR
<LI><a href="#[57]">&gt;&gt;</a>&nbsp;&nbsp;&nbsp;WIZCHIP_WRITE
<LI><a href="#[58]">&gt;&gt;</a>&nbsp;&nbsp;&nbsp;WIZCHIP_READ
<LI><a href="#[62]">&gt;&gt;</a>&nbsp;&nbsp;&nbsp;recv
<LI><a href="#[5f]">&gt;&gt;</a>&nbsp;&nbsp;&nbsp;send
<LI><a href="#[5c]">&gt;&gt;</a>&nbsp;&nbsp;&nbsp;connect
<LI><a href="#[59]">&gt;&gt;</a>&nbsp;&nbsp;&nbsp;socket
<LI><a href="#[56]">&gt;&gt;</a>&nbsp;&nbsp;&nbsp;close
</UL>
<BR>[Called By]<UL><LI><a href="#[12f]">&gt;&gt;</a>&nbsp;&nbsp;&nbsp;w5500_socket_process
</UL>

<P><STRONG><a name="[13f]"></a>w5500_spi_init</STRONG> (Thumb, 182 bytes, Stack size 48 bytes, w5500_port_1.o(.text))
<BR><BR>[Stack]<UL><LI>Max Depth = 72<LI>Call Chain = w5500_spi_init &rArr; GPIO_Init
</UL>
<BR>[Calls]<UL><LI><a href="#[c7]">&gt;&gt;</a>&nbsp;&nbsp;&nbsp;SPI_Cmd
<LI><a href="#[c4]">&gt;&gt;</a>&nbsp;&nbsp;&nbsp;SPI_Init
<LI><a href="#[bc]">&gt;&gt;</a>&nbsp;&nbsp;&nbsp;RCC_APB1PeriphClockCmd
<LI><a href="#[bb]">&gt;&gt;</a>&nbsp;&nbsp;&nbsp;RCC_APB2PeriphClockCmd
<LI><a href="#[9e]">&gt;&gt;</a>&nbsp;&nbsp;&nbsp;GPIO_SetBits
<LI><a href="#[99]">&gt;&gt;</a>&nbsp;&nbsp;&nbsp;GPIO_Init
</UL>
<BR>[Called By]<UL><LI><a href="#[13d]">&gt;&gt;</a>&nbsp;&nbsp;&nbsp;w5500_init
</UL>
<P>
<H3>
Undefined Global Symbols
</H3><HR></body></html>
