<html>
<body>
<pre>
<h1>µVision Build Log</h1>
<h2>Tool Versions:</h2>
IDE-Version: ¶ÃVision V5.15
Copyright (C) 2015 ARM Ltd and ARM Germany GmbH. All rights reserved.
License Information: rfx Microsoft, Microsoft, LIC=2TTNN-Y26QS-23EM4-FI5X6-04QU1-DDSP5
 
Tool Versions:
Toolchain:       MDK-ARM Professional  Version: 5.15.0
Toolchain Path:  C:\Keil_v5\ARM\ARMCC\Bin
C Compiler:      Armcc.exe V5.05 update 2 (build 169)
Assembler:       Armasm.exe V5.05 update 2 (build 169)
Linker/Locator:  ArmLink.exe V5.05 update 2 (build 169)
Library Manager: ArmAr.exe V5.05 update 2 (build 169)
Hex Converter:   FromElf.exe V5.05 update 2 (build 169)
CPU DLL:         SARMCM3.DLL V5.15.0
Dialog DLL:      DCM.DLL V1.13.2.0
Target DLL:      UL2CM3.DLL V1.155.8.0
Dialog DLL:      TCM.DLL V1.14.5.0
 
<h2>Project:</h2>
E:\woosiyuan\smarthome\stm32f10x\bootloader\project\STM32F10x.uvprojx
Project File Date:  12/19/2017

<h2>Output:</h2>
*** Using Compiler 'V5.05 update 2 (build 169)', folder: 'C:\Keil_v5\ARM\ARMCC\Bin'
Build target 'smart_home'
compiling socket.c...
compiling wizchip_conf.c...
compiling w5500.c...
compiling dhcp.c...
compiling stm_flash.c...
compiling 24c08.c...
compiling misc.c...
compiling core_cm3.c...
compiling system_stm32f10x.c...
compiling stm32f10x_gpio.c...
compiling stm32f10x_i2c.c...
compiling stm32f10x_rcc.c...
compiling stm32f10x_spi.c...
compiling stm32f10x_tim.c...
compiling stm32f10x_usart.c...
compiling stm32f10x_flash.c...
assembling startup_stm32f10x_hd.s...
compiling main.c...
compiling stm32f10x_it.c...
compiling delay.c...
compiling w5500_port.c...
compiling bsp_led.c...
compiling timer.c...
compiling IAP.c...
..\src\IAP\IAP.c(31): warning:  #223-D: function "STMFLASH_Write" declared implicitly
                        STMFLASH_Write(fwaddr,iapbuf,1024);     
..\src\IAP\IAP.c(35): warning:  #223-D: function "STMFLASH_Write" declared implicitly
        if(i)STMFLASH_Write(fwaddr,iapbuf,i);//Â∞?ÊúÄÂê?Áö?‰∏Ä‰∫?ÂÜ?ÂÆ?Â≠?Ëä?ÂÜ?Ëø?Âé?.  
..\src\IAP\IAP.c(36): warning:  #1-D: last line of file ends without a newline
  }
..\src\IAP\IAP.c: 3 warnings, 0 errors
linking...
Program Size: Code=28896 RO-data=352 RW-data=212 ZI-data=3092  
After Build - User command #1: fromelf.exe --bin -o "E:\woosiyuan\smarthome\stm32f10x\bootloader\project\Objects\STM32F10x.bin" "E:\woosiyuan\smarthome\stm32f10x\bootloader\project\Objects\STM32F10x.axf"
".\Objects\STM32F10x.axf" - 0 Error(s), 3 Warning(s).

<h2>Collection of Component include folders:</h2>
  E:\woosiyuan\smarthome\stm32f10x\bootloader\project\RTE
  C:\Keil_v5\ARM\PACK\Keil\STM32F1xx_DFP\2.2.0\Device\Include

<h2>Collection of Component Files used:</h2>
</pre>
</body>
</html>
